 ConEmuBg

 Timestamp is 541612ca (Mon Sep 15 02:12:26 2014)

 Preferred load address is 10000000

 Start         Length     Name                   Class
 0001:00000000 00005e46H .text                   CODE
 0002:00000000 00000154H .idata$5                DATA
 0002:00000158 00001090H .rdata                  DATA
 0002:000011e8 00000078H .idata$2                DATA
 0002:00001260 00000014H .idata$3                DATA
 0002:00001274 00000154H .idata$4                DATA
 0002:000013c8 000005bcH .idata$6                DATA
 0002:00001990 0000018bH .edata                  DATA
 0003:00000000 000000a0H .data                   DATA
 0003:000000a0 000009a0H .bss                    DATA
 0004:00000000 00000058H .rsrc$01                DATA
 0004:00000060 000002a8H .rsrc$02                DATA

  Address         Publics by Value              Rva+Base       Lib:Object

 0000:00000000       ___safe_se_handler_count   00000000     <absolute>
 0000:00000000       ___safe_se_handler_table   00000000     <absolute>
 0001:00000000       __alloca_probe             10001000     chkstk.obj
 0001:00000000       __chkstk                   10001000 f   chkstk.obj
 0001:000000aa       ??1MStream@@UAE@XZ         100010aa f i ConEmuBg.obj
 0001:000000e0       ?SetData@MStream@@QAEXPBXK@Z 100010e0 f i ConEmuBg.obj
 0001:0000011d       ?QueryInterface@MStream@@UAGJABU_GUID@@PAPAX@Z 1000111d f i ConEmuBg.obj
 0001:00000172       ?AddRef@MStream@@UAGKXZ    10001172 f i ConEmuBg.obj
 0001:00000183       ?Release@MStream@@UAGKXZ   10001183 f i ConEmuBg.obj
 0001:000001a7       ?Read@MStream@@UAGJPAXKPAK@Z 100011a7 f i ConEmuBg.obj
 0001:00000209       ?Write@MStream@@UAGJPBXKPAK@Z 10001209 f i ConEmuBg.obj
 0001:0000029c       ?Seek@MStream@@UAGJT_LARGE_INTEGER@@KPAT_ULARGE_INTEGER@@@Z 1000129c f i ConEmuBg.obj
 0001:0000031f       ?SetSize@MStream@@UAGJT_ULARGE_INTEGER@@@Z 1000131f f i ConEmuBg.obj
 0001:0000039e       ?UnlockRegion@MStream@@UAGJT_ULARGE_INTEGER@@0K@Z 1000139e f i ConEmuBg.obj
 0001:0000039e       ?LockRegion@MStream@@UAGJT_ULARGE_INTEGER@@0K@Z 1000139e f i ConEmuBg.obj
 0001:0000039e       ?CopyTo@MStream@@UAGJPAUIStream@@T_ULARGE_INTEGER@@PAT3@2@Z 1000139e f i ConEmuBg.obj
 0001:000003a6       ?Commit@MStream@@UAGJK@Z   100013a6 f i ConEmuBg.obj
 0001:000003b5       ?Revert@MStream@@UAGJXZ    100013b5 f i ConEmuBg.obj
 0001:000003bd       ?Stat@MStream@@UAGJPAUtagSTATSTG@@K@Z 100013bd f i ConEmuBg.obj
 0001:00000421       ?Clone@MStream@@UAGJPAPAUIStream@@@Z 10001421 f i ConEmuBg.obj
 0001:00000429       ??_EMStream@@UAEPAXI@Z     10001429 f i ConEmuBg.obj
 0001:00000429       ??_GMStream@@UAEPAXI@Z     10001429 f i ConEmuBg.obj
 0001:000005e2       _GetMinFarVersionW@0       100015e2 f   ConEmuBg.obj
 0001:000005e8       ?GetPluginInfoWcmn@@YGXPAX@Z 100015e8 f   ConEmuBg.obj
 0001:00000742       ?LoadFarVersion@@YIHXZ     10001742 f   ConEmuBg.obj
 0001:0000078f       ?ReportFail@@YIXPB_W@Z     1000178f f   ConEmuBg.obj
 0001:000007cf       ?WasXmlLoaded@@YI_NXZ      100017cf f   ConEmuBg.obj
 0001:000007db       ?Close@CachedImage@@QAEXXZ 100017db f i ConEmuBg.obj
 0001:0000084d       ?Init@GDIPlusDecoder@@QAE_NXZ 1000184d f i ConEmuBg.obj
 0001:00000a9b       ?FreeThreadProc@GDIPlusDecoder@@SGKPAX@Z 10001a9b f i ConEmuBg.obj
 0001:00000ab6       ?Close@GDIPlusDecoder@@QAEXXZ 10001ab6 f i ConEmuBg.obj
 0001:00000b54       ?ParseColors@@YIXPB_WHAAY0CA@KAAH@Z 10001b54 f   ConEmuBg.obj
 0001:00000c05       ?RGB2HSV@@YIXABURGBColor@@AAUHSVColor@@@Z 10001c05 f   ConEmuBg.obj
 0001:00000cc8       ?ClrPart@@YIEH@Z           10001cc8 f i ConEmuBg.obj
 0001:00000ce9       ?HSV2RGB@@YIXABUHSVColor@@AAURGBColor@@@Z 10001ce9 f   ConEmuBg.obj
 0001:00000e35       ?GetStatusLineCount@@YIHPAUPaintBackgroundArg@@H@Z 10001e35 f   ConEmuBg.obj
 0001:00000fc1       ?FormatSize@@YIXT_ULARGE_INTEGER@@PA_W@Z 10001fc1 f   ConEmuBg.obj
 0001:0000108f       ?SettingsLoad@@YIXXZ       1000208f f   ConEmuBg.obj
 0001:000010f1       ?SettingsLoadReg@@YIXPB_W@Z 100020f1 f   ConEmuBg.obj
 0001:00001217       ?SettingsSave@@YIXXZ       10002217 f   ConEmuBg.obj
 0001:0000124f       ?SettingsSaveReg@@YIXPB_W@Z 1000224f f   ConEmuBg.obj
 0001:000012e8       ?GetMsgW@@YIPB_WH@Z        100022e8 f   ConEmuBg.obj
 0001:00001321       ?OpenW@@YGPAXPBX@Z         10002321 f   ConEmuBg.obj
 0001:00001346       _ConfigureW@4              10002346 f   ConEmuBg.obj
 0001:00001388       ?ConfigureW3@@YGHPAX@Z     10002388 f   ConEmuBg.obj
 0001:000013c8       ?OpenPluginWcmn@@YIPAXHH@Z 100023c8 f   ConEmuBg.obj
 0001:000013f4       ?FMatch@@YI_NPB_WPA_W@Z    100023f4 f   ConEmuBg.obj
 0001:00001503       ?StringCchCopyW@@YGJPA_WIPB_W@Z 10002503 f i ConEmuBg.obj
 0001:00001535       ?StringCchCatW@@YGJPA_WIPB_W@Z 10002535 f i ConEmuBg.obj
 0001:00001588       _DllMain@12                10002588 f   ConEmuBg.obj
 0001:000015d9       __DllMainCRTStartup@12     100025d9 f   ConEmuBg.obj
 0001:000015f0       ?CheckXmlFile@@YI_N_N@Z    100025f0 f   ConEmuBg.obj
 0001:000019ec       ?GdipInit@@YI_NXZ          100029ec f   ConEmuBg.obj
 0001:00001a8c       ?CompareNames@@YI_NPB_WPA_W@Z 10002a8c f   ConEmuBg.obj
 0001:00001b78       ??$SafeDelete@UMSectionSimple@@@@YIXAAPAUMSectionSimple@@@Z 10002b78 f i ConEmuBg.obj
 0001:00001b92       ?Init@CachedImage@@QAE_NPB_WPAUHDC__@@IIQAU2@@Z 10002b92 f i ConEmuBg.obj
 0001:00001c79       ?GetImage@GDIPlusDecoder@@QAEPAUCachedImage@@PB_W@Z 10002c79 f i ConEmuBg.obj
 0001:00002036       ?GdipDone@@YIXXZ           10003036 f   ConEmuBg.obj
 0001:00002125       ?ExitPlugin@@YIXXZ         10003125 f   ConEmuBg.obj
 0001:0000216b       _ExitFARW@0                1000316b f   ConEmuBg.obj
 0001:00002192       ?ExitFARW3@@YGXPAX@Z       10003192 f   ConEmuBg.obj
 0001:000021c0       ??0MStream@@QAE@XZ         100031c0 f i ConEmuBg.obj
 0001:000021e0       ?FillPanelParams@@YIHPAUPaintBackgroundArg@@PAUtag_BkPanelInfo@1@PAUDrawInfo@@@Z 100031e0 f   ConEmuBg.obj
 0001:00002c4e       ?PaintPanel@@YIHPAUPaintBackgroundArg@@HAAKAAH@Z 10003c4e f   ConEmuBg.obj
 0001:00003939       ?PaintConEmuBackground@@YGHPAUPaintBackgroundArg@@@Z 10004939 f   ConEmuBg.obj
 0001:00003a3c       ?StartPlugin@@YIXH@Z       10004a3c f   ConEmuBg.obj
 0001:00003b48       _SetStartupInfoW@4         10004b48 f   ConEmuBg.obj
 0001:00003b9e       ?OnConEmuLoaded@@YGXPAUConEmuLoadedArg@@@Z 10004b9e f   ConEmuBg.obj
 0001:00003bca       ?GetPluginInfoW995@@YIXPAX@Z 10004bca f   ConEmuBg995.obj
 0001:00003c12       ?SetStartupInfoW995@@YIXPAX@Z 10004c12 f   ConEmuBg995.obj
 0001:00003d57       _OpenPluginW@8             10004d57 f   ConEmuBg995.obj
 0001:00003d75       ?ExitFARW995@@YIXXZ        10004d75 f   ConEmuBg995.obj
 0001:00003dbb       ?GetMsgW995@@YIPB_WH@Z     10004dbb f   ConEmuBg995.obj
 0001:00004153       ?ConfigureW995@@YIHH@Z     10005153 f   ConEmuBg995.obj
 0001:00004164       ?SettingsLoadW995@@YIXXZ   10005164 f   ConEmuBg995.obj
 0001:0000416f       ?SettingsSaveW995@@YIXXZ   1000516f f   ConEmuBg995.obj
 0001:0000417a       ?FMatchW995@@YI_NPB_WPA_W@Z 1000517a f   ConEmuBg995.obj
 0001:00004192       ?GetPluginInfoW1900@@YIXPAX@Z 10005192 f   ConEmuBg1900.obj
 0001:000041e2       ?SetStartupInfoW1900@@YIXPAX@Z 100051e2 f   ConEmuBg1900.obj
 0001:000042d0       ?OpenW1900@@YGPAXPBX@Z     100052d0 f   ConEmuBg1900.obj
 0001:000042d0       ?OpenW2800@@YGPAXPBX@Z     100052d0 f   ConEmuBg2800.obj
 0001:000042ef       ?ExitFARW1900@@YIXXZ       100052ef f   ConEmuBg1900.obj
 0001:0000431e       ?GetMsgW1900@@YIPB_WH@Z    1000531e f   ConEmuBg1900.obj
 0001:0000470e       ?ConfigureW1900@@YIHH@Z    1000570e f   ConEmuBg1900.obj
 0001:0000471f       ?SettingsLoadW1900@@YIXXZ  1000571f f   ConEmuBg1900.obj
 0001:0000485c       ?SettingsSaveW1900@@YIXXZ  1000585c f   ConEmuBg1900.obj
 0001:00004940       ?FMatchW1900@@YI_NPB_WPA_W@Z 10005940 f   ConEmuBg1900.obj
 0001:00004959       _GetGlobalInfoW@4          10005959 f   ConEmuBg2800.obj
 0001:000049e7       ?GetPluginInfoW2800@@YIXPAX@Z 100059e7 f   ConEmuBg2800.obj
 0001:00004a37       ?SetStartupInfoW2800@@YIXPAX@Z 10005a37 f   ConEmuBg2800.obj
 0001:00004b25       ?ExitFARW2800@@YIXXZ       10005b25 f   ConEmuBg2800.obj
 0001:00004b54       ?GetMsgW2800@@YIPB_WH@Z    10005b54 f   ConEmuBg2800.obj
 0001:00004f56       ?ConfigureW2800@@YIHH@Z    10005f56 f   ConEmuBg2800.obj
 0001:00004f67       ?SettingsLoadW2800@@YIXXZ  10005f67 f   ConEmuBg2800.obj
 0001:00005090       ?SettingsSaveW2800@@YIXXZ  10006090 f   ConEmuBg2800.obj
 0001:0000516a       ?FMatchW2800@@YI_NPB_WPA_W@Z 1000616a f   ConEmuBg2800.obj
 0001:00005183       _GetMinFarVersion@0        10006183 f   ConEmuBgA.obj
 0001:000051b2       _SetStartupInfo@4          100061b2 f   ConEmuBgA.obj
 0001:00005324       _GetPluginInfo@4           10006324 f   ConEmuBgA.obj
 0001:00005384       _ExitFAR@0                 10006384 f   ConEmuBgA.obj
 0001:0000581e       _Configure@4               1000681e f   ConEmuBgA.obj
 0001:00005833       _OpenPlugin@8              10006833 f   ConEmuBgA.obj
 0001:00005849       ?SettingsLoadA@@YIXXZ      10006849 f   ConEmuBgA.obj
 0001:00005854       ?SettingsSaveA@@YIXXZ      10006854 f   ConEmuBgA.obj
 0001:0000585f       ?FMatchA@@YI_NPBDPAD@Z     1000685f f   ConEmuBgA.obj
 0001:00005875       ?HeapInitialize@@YI_NXZ    10006875 f   Memory.obj
 0001:0000589b       ?HeapDeinitialize@@YIXXZ   1000689b f   Memory.obj
 0001:000058b3       ?xf_malloc@@YAPAXI@Z       100068b3 f   Memory.obj
 0001:000058c6       ?xf_calloc@@YAPAXII@Z      100068c6 f   Memory.obj
 0001:000058df       ?xf_free@@YAXPAX@Z         100068df f   Memory.obj
 0001:000058fd       ??2@YAPAXI@Z               100068fd f   Memory.obj
 0001:00005902       ??3@YAXPAX@Z               10006902 f   Memory.obj
 0001:00005907       ?lstrdup@@YIPA_WPB_WI@Z    10006907 f   Memory.obj
 0001:0000594a       ?Init@MSectionSimple@@QAEXXZ 1000694a f   MSectionSimple.obj
 0001:00005960       ?Close@MSectionSimple@@QAEXXZ 10006960 f   MSectionSimple.obj
 0001:00005976       ?TryEnter@MSectionSimple@@QAE_NXZ 10006976 f   MSectionSimple.obj
 0001:00005995       ??0MSectionLockSimple@@QAE@XZ 10006995 f   MSectionSimple.obj
 0001:0000599f       ?Unlock@MSectionLockSimple@@QAEXXZ 1000699f f   MSectionSimple.obj
 0001:000059bb       ??0MSectionSimple@@QAE@_N@Z 100069bb f   MSectionSimple.obj
 0001:000059e4       ??1MSectionSimple@@QAE@XZ  100069e4 f   MSectionSimple.obj
 0001:000059e9       ??1MSectionLockSimple@@QAE@XZ 100069e9 f   MSectionSimple.obj
 0001:000059f5       ?Lock@MSectionLockSimple@@QAEHPAUMSectionSimple@@K@Z 100069f5 f   MSectionSimple.obj
 0001:00005a70       _wcschr                    10006a70 f   libCRT:strchr.obj
 0001:00005aa0       _wcsrchr                   10006aa0 f   libCRT:strrchr.obj
 0001:00005ad0       _wcsstr                    10006ad0 f   libCRT:strstr.obj
 0001:00005b30       _memmove                   10006b30 f   libCRT:memmove.obj
 0001:00005d30       _wcstoul                   10006d30 f   libCRT:strtol.obj
 0001:00005d50       __aulldiv                  10006d50 f   libCRT:vc_ulldiv.obj
 0001:00005dc0       _memset                    10006dc0 f   libCRT:memset.obj
 0001:00005e00       __allmul                   10006e00 f   libCRT:vc_llmul.obj
 0001:00005e34       _VerQueryValueW@16         10006e34 f   version:VERSION.dll
 0001:00005e3a       _GetFileVersionInfoW@16    10006e3a f   version:VERSION.dll
 0001:00005e40       _GetFileVersionInfoSizeW@8 10006e40 f   version:VERSION.dll
 0002:00000000       __imp__RegSetValueExW@24   10007000     advapi32:ADVAPI32.dll
 0002:00000004       __imp__RegOpenKeyExW@20    10007004     advapi32:ADVAPI32.dll
 0002:00000008       __imp__RegQueryValueExW@24 10007008     advapi32:ADVAPI32.dll
 0002:0000000c       __imp__RegCloseKey@4       1000700c     advapi32:ADVAPI32.dll
 0002:00000010       __imp__RegCreateKeyExW@36  10007010     advapi32:ADVAPI32.dll
 0002:00000014       \177ADVAPI32_NULL_THUNK_DATA 10007014     advapi32:ADVAPI32.dll
 0002:00000018       __imp__DeleteDC@4          10007018     gdi32:GDI32.dll
 0002:0000001c       __imp__DeleteObject@4      1000701c     gdi32:GDI32.dll
 0002:00000020       __imp__SelectObject@8      10007020     gdi32:GDI32.dll
 0002:00000024       __imp__CreateSolidBrush@4  10007024     gdi32:GDI32.dll
 0002:00000028       __imp__BitBlt@36           10007028     gdi32:GDI32.dll
 0002:0000002c       __imp__CreateCompatibleBitmap@12 1000702c     gdi32:GDI32.dll
 0002:00000030       __imp__CreateCompatibleDC@4 10007030     gdi32:GDI32.dll
 0002:00000034       __imp__SetTextColor@8      10007034     gdi32:GDI32.dll
 0002:00000038       __imp__CreateFontIndirectW@4 10007038     gdi32:GDI32.dll
 0002:0000003c       __imp__StretchBlt@44       1000703c     gdi32:GDI32.dll
 0002:00000040       __imp__SetBkMode@8         10007040     gdi32:GDI32.dll
 0002:00000044       \177GDI32_NULL_THUNK_DATA  10007044     gdi32:GDI32.dll
 0002:00000048       __imp__WaitForSingleObject@8 10007048     kernel32:KERNEL32.dll
 0002:0000004c       __imp__CreateThread@24     1000704c     kernel32:KERNEL32.dll
 0002:00000050       __imp__ReadConsoleOutputW@20 10007050     kernel32:KERNEL32.dll
 0002:00000054       __imp__GetConsoleScreenBufferInfo@8 10007054     kernel32:KERNEL32.dll
 0002:00000058       __imp__GetStdHandle@4      10007058     kernel32:KERNEL32.dll
 0002:0000005c       __imp__lstrcpynW@12        1000705c     kernel32:KERNEL32.dll
 0002:00000060       __imp__WideCharToMultiByte@32 10007060     kernel32:KERNEL32.dll
 0002:00000064       __imp__FindNextChangeNotification@4 10007064     kernel32:KERNEL32.dll
 0002:00000068       __imp__ReadFile@20         10007068     kernel32:KERNEL32.dll
 0002:0000006c       __imp__GetFileInformationByHandle@8 1000706c     kernel32:KERNEL32.dll
 0002:00000070       __imp__CreateFileW@28      10007070     kernel32:KERNEL32.dll
 0002:00000074       __imp__FindFirstChangeNotificationW@12 10007074     kernel32:KERNEL32.dll
 0002:00000078       __imp__FindCloseChangeNotification@4 10007078     kernel32:KERNEL32.dll
 0002:0000007c       __imp__ExpandEnvironmentStringsW@12 1000707c     kernel32:KERNEL32.dll
 0002:00000080       __imp__lstrcmpW@8          10007080     kernel32:KERNEL32.dll
 0002:00000084       __imp__lstrcmpiW@8         10007084     kernel32:KERNEL32.dll
 0002:00000088       __imp__GetTempPathW@8      10007088     kernel32:KERNEL32.dll
 0002:0000008c       __imp__TerminateThread@8   1000708c     kernel32:KERNEL32.dll
 0002:00000090       __imp__GetDriveTypeW@4     10007090     kernel32:KERNEL32.dll
 0002:00000094       __imp__GetDiskFreeSpaceExW@16 10007094     kernel32:KERNEL32.dll
 0002:00000098       __imp__MultiByteToWideChar@24 10007098     kernel32:KERNEL32.dll
 0002:0000009c       __imp__lstrlenA@4          1000709c     kernel32:KERNEL32.dll
 0002:000000a0       __imp__lstrcpynA@12        100070a0     kernel32:KERNEL32.dll
 0002:000000a4       __imp__lstrcpyA@8          100070a4     kernel32:KERNEL32.dll
 0002:000000a8       __imp__HeapCreate@12       100070a8     kernel32:KERNEL32.dll
 0002:000000ac       __imp__HeapDestroy@4       100070ac     kernel32:KERNEL32.dll
 0002:000000b0       __imp__InitializeCriticalSection@4 100070b0     kernel32:KERNEL32.dll
 0002:000000b4       __imp__DeleteCriticalSection@4 100070b4     kernel32:KERNEL32.dll
 0002:000000b8       __imp__LeaveCriticalSection@4 100070b8     kernel32:KERNEL32.dll
 0002:000000bc       __imp__TryEnterCriticalSection@4 100070bc     kernel32:KERNEL32.dll
 0002:000000c0       __imp__Sleep@4             100070c0     kernel32:KERNEL32.dll
 0002:000000c4       __imp__GetTickCount@0      100070c4     kernel32:KERNEL32.dll
 0002:000000c8       __imp__CloseHandle@4       100070c8     kernel32:KERNEL32.dll
 0002:000000cc       __imp__LoadLibraryW@4      100070cc     kernel32:KERNEL32.dll
 0002:000000d0       __imp__GetProcAddress@8    100070d0     kernel32:KERNEL32.dll
 0002:000000d4       __imp__FreeLibrary@4       100070d4     kernel32:KERNEL32.dll
 0002:000000d8       __imp__GetCurrentProcessId@0 100070d8     kernel32:KERNEL32.dll
 0002:000000dc       __imp__VirtualProtect@16   100070dc     kernel32:KERNEL32.dll
 0002:000000e0       __imp__GetModuleFileNameW@12 100070e0     kernel32:KERNEL32.dll
 0002:000000e4       __imp__lstrcpyW@8          100070e4     kernel32:KERNEL32.dll
 0002:000000e8       __imp__GetLastError@0      100070e8     kernel32:KERNEL32.dll
 0002:000000ec       __imp__lstrcatW@8          100070ec     kernel32:KERNEL32.dll
 0002:000000f0       __imp__lstrlenW@4          100070f0     kernel32:KERNEL32.dll
 0002:000000f4       __imp__GetLocalTime@4      100070f4     kernel32:KERNEL32.dll
 0002:000000f8       __imp__SystemTimeToFileTime@8 100070f8     kernel32:KERNEL32.dll
 0002:000000fc       __imp__HeapReAlloc@16      100070fc     kernel32:KERNEL32.dll
 0002:00000100       __imp__HeapAlloc@12        10007100     kernel32:KERNEL32.dll
 0002:00000104       __imp__GetProcessHeap@0    10007104     kernel32:KERNEL32.dll
 0002:00000108       __imp__OutputDebugStringW@4 10007108     kernel32:KERNEL32.dll
 0002:0000010c       __imp__HeapFree@12         1000710c     kernel32:KERNEL32.dll
 0002:00000110       \177KERNEL32_NULL_THUNK_DATA 10007110     kernel32:KERNEL32.dll
 0002:00000114       __imp__FillRect@12         10007114     user32:USER32.dll
 0002:00000118       __imp__DrawTextW@20        10007118     user32:USER32.dll
 0002:0000011c       __imp__CharUpperBuffW@8    1000711c     user32:USER32.dll
 0002:00000120       __imp__GetDC@4             10007120     user32:USER32.dll
 0002:00000124       __imp__CharLowerBuffW@8    10007124     user32:USER32.dll
 0002:00000128       __imp__ReleaseDC@8         10007128     user32:USER32.dll
 0002:0000012c       __imp__MessageBoxW@16      1000712c     user32:USER32.dll
 0002:00000130       __imp__wsprintfW           10007130     user32:USER32.dll
 0002:00000134       \177USER32_NULL_THUNK_DATA 10007134     user32:USER32.dll
 0002:00000138       __imp__GetFileVersionInfoSizeW@8 10007138     version:VERSION.dll
 0002:0000013c       __imp__GetFileVersionInfoW@16 1000713c     version:VERSION.dll
 0002:00000140       __imp__VerQueryValueW@16   10007140     version:VERSION.dll
 0002:00000144       \177VERSION_NULL_THUNK_DATA 10007144     version:VERSION.dll
 0002:00000148       __imp__CoUninitialize@0    10007148     ole32:ole32.dll
 0002:0000014c       __imp__CoInitialize@4      1000714c     ole32:ole32.dll
 0002:00000150       \177ole32_NULL_THUNK_DATA  10007150     ole32:ole32.dll
 0002:00000158       ??_C@_1BO@DPOJIDLN@?$AAB?$AAa?$AAc?$AAk?$AAg?$AAr?$AAo?$AAu?$AAn?$AAd?$AA?4?$AAx?$AAm?$AAl?$AA?$AA@ 10007158     ConEmuBg.obj
 0002:00000178       ??_C@_0L@DJCGGOCO@ConfigureW?$AA@ 10007178     ConEmuBg.obj
 0002:00000184       ??_C@_08BCACMCCB@ExitFARW?$AA@ 10007184     ConEmuBg.obj
 0002:00000190       ??_C@_1BM@NBLKFLKP@?$AAX?$AAm?$AAl?$AAC?$AAo?$AAn?$AAf?$AAi?$AAg?$AAF?$AAi?$AAl?$AAe?$AA?$AA@ 10007190     ConEmuBg.obj
 0002:000001ac       ??_C@_1BM@GCLEPEKO@?$AAP?$AAl?$AAu?$AAg?$AAi?$AAn?$AAE?$AAn?$AAa?$AAb?$AAl?$AAe?$AAd?$AA?$AA@ 100071ac     ConEmuBg.obj
 0002:000001c8       ??_7MStream@@6B@           100071c8     ConEmuBg.obj
 0002:00000204       ??_C@_1CA@GGFPMHLH@?$AA?6?$AAE?$AAr?$AAr?$AAC?$AAo?$AAd?$AAe?$AA?$DN?$AA0?$AAx?$AA?$CF?$AA0?$AA8?$AAX?$AA?$AA@ 10007204     ConEmuBg.obj
 0002:00000228       ??_C@_1FG@LNADFPCE@?$AAL?$AAo?$AAa?$AAd?$AAF?$AAa?$AAr?$AAV?$AAe?$AAr?$AAs?$AAi?$AAo?$AAn?$AA?4?$AAG?$AAe?$AAt?$AAM?$AAo?$AAd?$AAu?$AAl?$AAe?$AAF?$AAi?$AAl?$AAe?$AAN?$AAa?$AAm?$AAe@ 10007228     ConEmuBg.obj
 0002:00000280       ??_C@_1GC@COKOAMPP@?$AAL?$AAo?$AAa?$AAd?$AAF?$AAa?$AAr?$AAV?$AAe?$AAr?$AAs?$AAi?$AAo?$AAn?$AA?4?$AAG?$AAe?$AAt?$AAF?$AAi?$AAl?$AAe?$AAV?$AAe?$AAr?$AAs?$AAi?$AAo?$AAn?$AAI?$AAn?$AAf@ 10007280     ConEmuBg.obj
 0002:000002e8       ??_C@_1GC@BJIMIHFH@?$AAL?$AAo?$AAa?$AAd?$AAF?$AAa?$AAr?$AAV?$AAe?$AAr?$AAs?$AAi?$AAo?$AAn?$AA?5?$AAf?$AAa?$AAi?$AAl?$AAe?$AAd?$AA?$CB?$AA?5?$AAC?$AAa?$AAn?$AA?8?$AAt?$AA?5?$AAa?$AAl?$AAl@ 100072e8     ConEmuBg.obj
 0002:00000350       ??_C@_1FK@EOBKNMNM@?$AAL?$AAo?$AAa?$AAd?$AAF?$AAa?$AAr?$AAV?$AAe?$AAr?$AAs?$AAi?$AAo?$AAn?$AA?4?$AAG?$AAe?$AAt?$AAF?$AAi?$AAl?$AAe?$AAV?$AAe?$AAr?$AAs?$AAi?$AAo?$AAn?$AAI?$AAn?$AAf@ 10007350     ConEmuBg.obj
 0002:000003b0       ??_C@_1FG@LALGGOEO@?$AAL?$AAo?$AAa?$AAd?$AAF?$AAa?$AAr?$AAV?$AAe?$AAr?$AAs?$AAi?$AAo?$AAn?$AA?4?$AAV?$AAe?$AAr?$AAQ?$AAu?$AAe?$AAr?$AAy?$AAV?$AAa?$AAl?$AAu?$AAe?$AA?$CI?$AA?$CC?$AA?2?$AA?$CC@ 100073b0     ConEmuBg.obj
 0002:00000408       ??_C@_13FPGAJAPJ@?$AA?2?$AA?$AA@ 10007408     ConEmuBg.obj
 0002:0000040c       ??_C@_1CC@JLFNPNCD@?$AAC?$AAo?$AAn?$AAE?$AAm?$AAu?$AAB?$AAg?$AA?0?$AA?5?$AAP?$AAI?$AAD?$AA?$DN?$AA?$CF?$AAu?$AA?$AA@ 1000740c     ConEmuBg.obj
 0002:00000430       ??_C@_1EG@ENHOOKPB@?$AAF?$AAu?$AAn?$AAc?$AAt?$AAi?$AAo?$AAn?$AAs?$AA?5?$AAn?$AAo?$AAt?$AA?5?$AAf?$AAo?$AAu?$AAn?$AAd?$AA?5?$AAi?$AAn?$AA?5?$AAG?$AAd?$AAi?$AAP?$AAl?$AAu?$AAs?$AA?4?$AAd@ 10007430     ConEmuBg.obj
 0002:00000478       ??_C@_1CM@JMKADHIE@?$AAG?$AAd?$AAi?$AAp?$AAl?$AAu?$AAs?$AAS?$AAt?$AAa?$AAr?$AAt?$AAu?$AAp?$AA?5?$AAf?$AAa?$AAi?$AAl?$AAe?$AAd?$AA?$AA@ 10007478     ConEmuBg.obj
 0002:000004a4       ??_C@_0BI@GEKGFIAG@GdipBitmapConvertFormat?$AA@ 100074a4     ConEmuBg.obj
 0002:000004bc       ??_C@_0BM@MMIJHLFD@GdipGetImageGraphicsContext?$AA@ 100074bc     ConEmuBg.obj
 0002:000004d8       ??_C@_0O@KHJJFDII@GdipReleaseDC?$AA@ 100074d8     ConEmuBg.obj
 0002:000004e8       ??_C@_09EJEFPMLL@GdipGetDC?$AA@ 100074e8     ConEmuBg.obj
 0002:000004f4       ??_C@_0BD@MFGJCODH@GdipDeleteGraphics?$AA@ 100074f4     ConEmuBg.obj
 0002:00000508       ??_C@_0BC@PACDIGJN@GdipCreateFromHDC?$AA@ 10007508     ConEmuBg.obj
 0002:0000051c       ??_C@_0P@DANGKLEH@GdipDrawImageI?$AA@ 1000751c     ConEmuBg.obj
 0002:0000052c       ??_C@_0BB@MGCHKKMH@GdipDisposeImage?$AA@ 1000752c     ConEmuBg.obj
 0002:00000540       ??_C@_0BD@JIGBIPOH@GdipGetImageHeight?$AA@ 10007540     ConEmuBg.obj
 0002:00000554       ??_C@_0BC@DPLNHGNM@GdipGetImageWidth?$AA@ 10007554     ConEmuBg.obj
 0002:00000568       ??_C@_0BJ@IPKMAACN@GdipCreateBitmapFromFile?$AA@ 10007568     ConEmuBg.obj
 0002:00000584       ??_C@_0BA@OMKIAPCJ@GdiplusShutdown?$AA@ 10007584     ConEmuBg.obj
 0002:00000594       ??_C@_0P@NIGHOHPH@GdiplusStartup?$AA@ 10007594     ConEmuBg.obj
 0002:000005a4       ??_C@_1CO@CNEBCEFN@?$AAG?$AAd?$AAi?$AAP?$AAl?$AAu?$AAs?$AA?4?$AAd?$AAl?$AAl?$AA?5?$AAn?$AAo?$AAt?$AA?5?$AAf?$AAo?$AAu?$AAn?$AAd?$AA?$CB?$AA?$AA@ 100075a4     ConEmuBg.obj
 0002:000005d4       ??_C@_1BI@LOJECBFD@?$AAG?$AAd?$AAi?$AAP?$AAl?$AAu?$AAs?$AA?4?$AAd?$AAl?$AAl?$AA?$AA@ 100075d4     ConEmuBg.obj
 0002:000005f0       ??_C@_1GC@KCIBPHOM@?$AAG?$AAe?$AAt?$AAM?$AAo?$AAd?$AAu?$AAl?$AAe?$AAF?$AAi?$AAl?$AAe?$AAN?$AAa?$AAm?$AAe?$AA?5?$AAf?$AAa?$AAi?$AAl?$AAe?$AAd?$AA?5?$AAi?$AAn?$AA?5?$AAG?$AAD?$AAI?$AAP@ 100075f0     ConEmuBg.obj
 0002:00000654       ??_C@_1M@MDEFCCAF@?$AA?$CF?$AAu?$AA?5?$AA?$CF?$AAs?$AA?$AA@ 10007654     ConEmuBg.obj
 0002:00000660       ??_C@_1BC@MFPHLBKH@?$AA?$CF?$AAu?$AA?4?$AA?$CF?$AAu?$AA?5?$AA?$CF?$AAs?$AA?$AA@ 10007660     ConEmuBg.obj
 0002:00000674       ??_C@_15HDKOMGBN@?$AAP?$AAB?$AA?$AA@ 10007674     ConEmuBg.obj
 0002:0000067c       ??_C@_15OIDPIEAL@?$AAT?$AAB?$AA?$AA@ 1000767c     ConEmuBg.obj
 0002:00000684       ??_C@_15GNHNPEDO@?$AAG?$AAB?$AA?$AA@ 10007684     ConEmuBg.obj
 0002:0000068c       ??_C@_15MMOGNHFI@?$AAM?$AAB?$AA?$AA@ 1000768c     ConEmuBg.obj
 0002:00000694       ??_C@_15BKLPDEEF@?$AAK?$AAB?$AA?$AA@ 10007694     ConEmuBg.obj
 0002:0000069c       ??_C@_13OPKGLAFF@?$AAB?$AA?$AA@ 1000769c     ConEmuBg.obj
 0002:000006a0       ??_C@_11LOCGONAA@?$AA?$AA@ 100076a0     ConEmuBg.obj
 0002:000006a8       ??_C@_1EE@FAACFJFL@?$AA?$CF?$AAs?$AA?5?$AAn?$AAo?$AAt?$AA?5?$AAf?$AAo?$AAu?$AAn?$AAd?$AA?5?$AAi?$AAn?$AA?5?$AAt?$AAh?$AAe?$AA?5?$AAp?$AAl?$AAu?$AAg?$AAi?$AAn?$AA?5?$AAf?$AAo?$AAl?$AAd?$AAe@ 100076a8     ConEmuBg.obj
 0002:000006ec       ??_C@_1DI@GHPFDGCO@?$AAC?$AAa?$AAn?$AA?8?$AAt?$AA?5?$AAr?$AAe?$AAa?$AAd?$AA?5?$AA?$CF?$AAu?$AA?5?$AAb?$AAy?$AAt?$AAe?$AAs?$AA?5?$AAf?$AAr?$AAo?$AAm?$AA?5?$AA?$CF?$AAs?$AA?$AA@ 100076ec     ConEmuBg.obj
 0002:00000724       ??_C@_1DO@FEGEOJKO@?$AAC?$AAa?$AAn?$AA?8?$AAt?$AA?5?$AAa?$AAl?$AAl?$AAo?$AAc?$AAa?$AAt?$AAe?$AA?5?$AA?$CF?$AAu?$AA?5?$AAb?$AAy?$AAt?$AAe?$AAs?$AA?5?$AAf?$AAo?$AAr?$AA?5?$AA?$CF?$AAs?$AA?$AA@ 10007724     ConEmuBg.obj
 0002:00000768       ??_C@_1EM@KNLHNKFN@?$AA?$CF?$AAs?$AA?5?$AAf?$AAi?$AAl?$AAe?$AA?5?$AAi?$AAn?$AA?5?$AAt?$AAh?$AAe?$AA?5?$AAp?$AAl?$AAu?$AAg?$AAi?$AAn?$AA?5?$AAf?$AAo?$AAl?$AAd?$AAe?$AAr?$AA?5?$AAi?$AAs?$AA?5@ 10007768     ConEmuBg.obj
 0002:000007b8       ??_C@_1EE@OPEIBADO@?$AAC?$AAa?$AAn?$AA?8?$AAt?$AA?5?$AAi?$AAn?$AAi?$AAt?$AAi?$AAa?$AAl?$AAi?$AAz?$AAe?$AA?5?$AAn?$AAa?$AAm?$AAe?$AA?5?$AAo?$AAf?$AA?5?$AAx?$AAm?$AAl?$AA?5?$AAf?$AAi?$AAl@ 100077b8     ConEmuBg.obj
 0002:00000800       ??_C@_1GC@JKFCNIDB@?$AAT?$AAo?$AAo?$AA?5?$AAl?$AAo?$AAn?$AAg?$AA?5?$AAx?$AAm?$AAl?$AA?5?$AAp?$AAa?$AAt?$AAh?$AA?5?$AAa?$AAf?$AAt?$AAe?$AAr?$AA?5?$AAE?$AAx?$AAp?$AAa?$AAn?$AAd?$AAE?$AAn@ 10007800     ConEmuBg.obj
 0002:00000868       ??_C@_1GM@NPCBAKPP@?$AAf?$AAu?$AAn?$AAc?$AAt?$AAi?$AAo?$AAn?$AA?5?$AAC?$AAr?$AAe?$AAa?$AAt?$AAe?$AAX?$AAm?$AAl?$AAR?$AAe?$AAa?$AAd?$AAe?$AAr?$AA?5?$AAi?$AAn?$AA?5?$AAt?$AAh?$AAe?$AA?5@ 10007868     ConEmuBg.obj
 0002:000008d4       ??_C@_0BA@EICHKACL@CreateXmlReader?$AA@ 100078d4     ConEmuBg.obj
 0002:000008e4       ??_C@_1CM@BLKKKOJI@?$AAx?$AAm?$AAl?$AAl?$AAi?$AAt?$AAe?$AA?4?$AAd?$AAl?$AAl?$AA?5?$AAn?$AAo?$AAt?$AA?5?$AAf?$AAo?$AAu?$AAn?$AAd?$AA?$AA@ 100078e4     ConEmuBg.obj
 0002:00000910       ??_C@_1BI@DCLCNAFM@?$AAx?$AAm?$AAl?$AAl?$AAi?$AAt?$AAe?$AA?4?$AAd?$AAl?$AAl?$AA?$AA@ 10007910     ConEmuBg.obj
 0002:00000928       ??_C@_1HA@MHONNEJA@?$AAC?$AAr?$AAe?$AAa?$AAt?$AAe?$AAC?$AAo?$AAm?$AAp?$AAa?$AAt?$AAi?$AAb?$AAl?$AAe?$AA?$FL?$AAD?$AAC?$AA?$HM?$AAB?$AAi?$AAt?$AAm?$AAa?$AAp?$AA?$FN?$AA?5?$AAf?$AAa?$AAi?$AAl@ 10007928     ConEmuBg.obj
 0002:00000998       ??_C@_1EK@HIHBLDLC@?$AAC?$AAa?$AAn?$AA?8?$AAt?$AA?5?$AAa?$AAl?$AAl?$AAo?$AAc?$AAa?$AAt?$AAe?$AA?5?$AAm?$AAe?$AAm?$AAo?$AAr?$AAy?$AA?5?$AAf?$AAo?$AAr?$AA?5?$AAs?$AAz?$AAF?$AAu?$AAl?$AAl@ 10007998     ConEmuBg.obj
 0002:000009e4       ??_C@_1DO@BMBIALGO@?$AAG?$AAe?$AAt?$AAI?$AAm?$AAa?$AAg?$AAe?$AAS?$AAi?$AAz?$AAe?$AA?5?$AAf?$AAa?$AAi?$AAl?$AAe?$AAd?$AA?0?$AA?5?$AAE?$AAr?$AAr?$AA?$DN?$AA?$CF?$AAi?$AA?6?$AA?$CF?$AAs?$AA?$AA@ 100079e4     ConEmuBg.obj
 0002:00000a28       ??_C@_1EG@KBBKNBAB@?$AAC?$AAr?$AAe?$AAa?$AAt?$AAe?$AAC?$AAo?$AAm?$AAp?$AAa?$AAt?$AAi?$AAb?$AAl?$AAe?$AA?$FL?$AAD?$AAC?$AA?$HM?$AAB?$AAi?$AAt?$AAm?$AAa?$AAp?$AA?$FN?$AA?5?$AAf?$AAa?$AAi?$AAl@ 10007a28     ConEmuBg.obj
 0002:00000a70       ??_C@_1DI@COJKFCDM@?$AAG?$AAd?$AAi?$AAp?$AAG?$AAe?$AAt?$AAD?$AAC?$AA?5?$AAf?$AAa?$AAi?$AAl?$AAe?$AAd?$AA?0?$AA?5?$AAE?$AAr?$AAr?$AA?$DN?$AA?$CF?$AAi?$AA?6?$AA?$CF?$AAs?$AA?$AA@ 10007a70     ConEmuBg.obj
 0002:00000aa8       ??_C@_1EM@FGINKPEA@?$AAC?$AAa?$AAn?$AA?8?$AAt?$AA?5?$AAa?$AAl?$AAl?$AAo?$AAc?$AAa?$AAt?$AAe?$AA?5?$AAm?$AAe?$AAm?$AAo?$AAr?$AAy?$AA?5?$AAf?$AAo?$AAr?$AA?5?$AAC?$AAa?$AAc?$AAh?$AAe?$AAd@ 10007aa8     ConEmuBg.obj
 0002:00000af8       ??_C@_1EC@FCMECJAF@?$AAG?$AAd?$AAi?$AAp?$AAD?$AAr?$AAa?$AAw?$AAI?$AAm?$AAa?$AAg?$AAe?$AAI?$AA?5?$AAf?$AAa?$AAi?$AAl?$AAe?$AAd?$AA?0?$AA?5?$AAE?$AAr?$AAr?$AA?$DN?$AA?$CF?$AAi?$AA?6?$AA?$CF?$AAs@ 10007af8     ConEmuBg.obj
 0002:00000b40       ??_C@_1EI@MNPBDJFF@?$AAG?$AAd?$AAi?$AAp?$AAC?$AAr?$AAe?$AAa?$AAt?$AAe?$AAF?$AAr?$AAo?$AAm?$AAH?$AAD?$AAC?$AA?5?$AAf?$AAa?$AAi?$AAl?$AAe?$AAd?$AA?0?$AA?5?$AAE?$AAr?$AAr?$AA?$DN?$AA?$CF?$AAi@ 10007b40     ConEmuBg.obj
 0002:00000b88       ??_C@_1DI@MGMDCCIK@?$AAC?$AAa?$AAn?$AA?8?$AAt?$AA?5?$AAl?$AAo?$AAa?$AAd?$AA?5?$AAi?$AAm?$AAa?$AAg?$AAe?$AA?0?$AA?5?$AAE?$AAr?$AAr?$AA?$DN?$AA?$CF?$AAi?$AA?6?$AA?$CF?$AAs?$AA?$AA@ 10007b88     ConEmuBg.obj
 0002:00000bc0       ??_C@_17DCNMIAEN@?$AAr?$AAe?$AAf?$AA?$AA@ 10007bc0     ConEmuBg.obj
 0002:00000bc8       ??_C@_17EHOCEIDI@?$AAi?$AAm?$AAg?$AA?$AA@ 10007bc8     ConEmuBg.obj
 0002:00000bd0       ??_C@_1BI@FHFKHMCH@?$AAP?$AAA?$AAN?$AAE?$AAL?$AAF?$AAO?$AAR?$AAM?$AAA?$AAT?$AA?$AA@ 10007bd0     ConEmuBg.obj
 0002:00000be8       ??_C@_1BG@DCPGEGPA@?$AAV?$AAO?$AAL?$AAU?$AAM?$AAE?$AAF?$AAR?$AAE?$AAE?$AA?$AA@ 10007be8     ConEmuBg.obj
 0002:00000c00       ??_C@_1BG@CACAJBGP@?$AAV?$AAO?$AAL?$AAU?$AAM?$AAE?$AAS?$AAI?$AAZ?$AAE?$AA?$AA@ 10007c00     ConEmuBg.obj
 0002:00000c18       ??_C@_1O@DFDGIFKD@?$AAV?$AAO?$AAL?$AAU?$AAM?$AAE?$AA?$AA@ 10007c18     ConEmuBg.obj
 0002:00000c28       ??_C@_1M@CNKDNHCK@?$AA?5?$AA?7?$AA?$AN?$AA?6?$AA?$CL?$AA?$AA@ 10007c28     ConEmuBg.obj
 0002:00000c34       ??_C@_1M@NFEAPLNL@?$AAt?$AAi?$AAt?$AAl?$AAe?$AA?$AA@ 10007c34     ConEmuBg.obj
 0002:00000c40       ??_C@_17FDPGNGBJ@?$AAo?$AAf?$AAf?$AA?$AA@ 10007c40     ConEmuBg.obj
 0002:00000c48       ??_C@_1M@GACLNJGJ@?$AAl?$AAa?$AAr?$AAg?$AAe?$AA?$AA@ 10007c48     ConEmuBg.obj
 0002:00000c54       ??_C@_1M@LPGODFOM@?$AAs?$AAp?$AAa?$AAc?$AAe?$AA?$AA@ 10007c54     ConEmuBg.obj
 0002:00000c60       ??_C@_17IHBDLLG@?$AAy?$AAe?$AAs?$AA?$AA@ 10007c60     ConEmuBg.obj
 0002:00000c68       ??_C@_1M@OAJKEOAM@?$AAs?$AAh?$AAi?$AAf?$AAt?$AA?$AA@ 10007c68     ConEmuBg.obj
 0002:00000c74       ??_C@_1BE@OACCNEKL@?$AAb?$AAg?$AAr?$AA_?$AAl?$AAi?$AAg?$AAh?$AAt?$AA?$AA@ 10007c74     ConEmuBg.obj
 0002:00000c88       ??_C@_1BC@JFCNIMOB@?$AAb?$AAg?$AAr?$AA_?$AAd?$AAa?$AAr?$AAk?$AA?$AA@ 10007c88     ConEmuBg.obj
 0002:00000c9c       ??_C@_17NMNENAKF@?$AAb?$AAg?$AAr?$AA?$AA@ 10007c9c     ConEmuBg.obj
 0002:00000ca4       ??_C@_1BE@OGMDEBBA@?$AAr?$AAg?$AAb?$AA_?$AAl?$AAi?$AAg?$AAh?$AAt?$AA?$AA@ 10007ca4     ConEmuBg.obj
 0002:00000cb8       ??_C@_1BC@NNDMOMJF@?$AAr?$AAg?$AAb?$AA_?$AAd?$AAa?$AAr?$AAk?$AA?$AA@ 10007cb8     ConEmuBg.obj
 0002:00000ccc       ??_C@_17PAHGLGBB@?$AAr?$AAg?$AAb?$AA?$AA@ 10007ccc     ConEmuBg.obj
 0002:00000cd4       ??_C@_1M@EENKLIPJ@?$AAc?$AAo?$AAl?$AAo?$AAr?$AA?$AA@ 10007cd4     ConEmuBg.obj
 0002:00000ce0       ??_C@_1BC@LGPIFEA@?$AAd?$AAi?$AAs?$AAa?$AAb?$AAl?$AAe?$AAd?$AA?$AA@ 10007ce0     ConEmuBg.obj
 0002:00000cf4       ??_C@_1O@JODKLKCF@?$AAf?$AAo?$AAr?$AAm?$AAa?$AAt?$AA?$AA@ 10007cf4     ConEmuBg.obj
 0002:00000d04       ??_C@_1BE@FDJCBAKA@?$AAp?$AAa?$AAt?$AAh?$AAm?$AAa?$AAt?$AAc?$AAh?$AA?$AA@ 10007d04     ConEmuBg.obj
 0002:00000d18       ??_C@_19LFDMGLCC@?$AAT?$AAE?$AAM?$AAP?$AA?$AA@ 10007d18     ConEmuBg.obj
 0002:00000d24       ??_C@_1BC@FAFPDLON@?$AAp?$AAa?$AAt?$AAh?$AAt?$AAy?$AAp?$AAe?$AA?$AA@ 10007d24     ConEmuBg.obj
 0002:00000d38       ??_C@_1BA@EJELCCEN@?$AAR?$AAA?$AAM?$AAD?$AAI?$AAS?$AAK?$AA?$AA@ 10007d38     ConEmuBg.obj
 0002:00000d48       ??_C@_1M@NEPFDHKI@?$AAC?$AAD?$AAR?$AAO?$AAM?$AA?$AA@ 10007d48     ConEmuBg.obj
 0002:00000d54       ??_C@_1O@OAMNPHFH@?$AAR?$AAE?$AAM?$AAO?$AAT?$AAE?$AA?$AA@ 10007d54     ConEmuBg.obj
 0002:00000d64       ??_C@_1M@PEPLLLCM@?$AAF?$AAI?$AAX?$AAE?$AAD?$AA?$AA@ 10007d64     ConEmuBg.obj
 0002:00000d70       ??_C@_1BE@JMGCMLBE@?$AAR?$AAE?$AAM?$AAO?$AAV?$AAA?$AAB?$AAL?$AAE?$AA?$AA@ 10007d70     ConEmuBg.obj
 0002:00000d84       ??_C@_1BI@BCACJIAB@?$AAN?$AAO?$AA_?$AAR?$AAO?$AAO?$AAT?$AA_?$AAD?$AAI?$AAR?$AA?$AA@ 10007d84     ConEmuBg.obj
 0002:00000d9c       ??_C@_1BE@FAHOEFOG@?$AAd?$AAr?$AAi?$AAv?$AAe?$AAt?$AAy?$AAp?$AAe?$AA?$AA@ 10007d9c     ConEmuBg.obj
 0002:00000db0       ??_C@_19FILLMKCG@?$AAI?$AAN?$AAF?$AAO?$AA?$AA@ 10007db0     ConEmuBg.obj
 0002:00000dbc       ??_C@_1M@KIGDKMPO@?$AAQ?$AAV?$AAI?$AAE?$AAW?$AA?$AA@ 10007dbc     ConEmuBg.obj
 0002:00000dc8       ??_C@_19EINGHGNA@?$AAT?$AAR?$AAE?$AAE?$AA?$AA@ 10007dc8     ConEmuBg.obj
 0002:00000dd4       ??_C@_1O@BDNPEFIG@?$AAP?$AAL?$AAU?$AAG?$AAI?$AAN?$AA?$AA@ 10007dd4     ConEmuBg.obj
 0002:00000de4       ??_C@_1M@EKGBHJEJ@?$AAD?$AAR?$AAI?$AAV?$AAE?$AA?$AA@ 10007de4     ConEmuBg.obj
 0002:00000df0       ??_C@_1O@EFKGOBLP@?$AAV?$AAI?$AAE?$AAW?$AAE?$AAR?$AA?$AA@ 10007df0     ConEmuBg.obj
 0002:00000e00       ??_C@_1O@PEPCDNON@?$AAE?$AAD?$AAI?$AAT?$AAO?$AAR?$AA?$AA@ 10007e00     ConEmuBg.obj
 0002:00000e10       ??_C@_1M@HLGJKDIH@?$AAP?$AAA?$AAN?$AAE?$AAL?$AA?$AA@ 10007e10     ConEmuBg.obj
 0002:00000e1c       ??_C@_1O@OCKFCHPL@?$AAP?$AAA?$AAN?$AAE?$AAL?$AAS?$AA?$AA@ 10007e1c     ConEmuBg.obj
 0002:00000e2c       ??_C@_19FHBCDCCA@?$AAt?$AAy?$AAp?$AAe?$AA?$AA@ 10007e2c     ConEmuBg.obj
 0002:00000e38       ??_C@_1M@HCONLDPB@?$AAp?$AAa?$AAn?$AAe?$AAl?$AA?$AA@ 10007e38     ConEmuBg.obj
 0002:00000e44       ??_C@_1O@IANIHGAM@?$AAw?$AAi?$AAn?$AAd?$AAo?$AAw?$AA?$AA@ 10007e44     ConEmuBg.obj
 0002:00000e54       __GUID_7279fc81_709d_4095_b63d_69fe4b0d9030 10007e54     ConEmuBg.obj
 0002:00000e64       ??_C@_1O@FLJJBOMO@?$AA?2?$AAT?$AAE?$AAM?$AAP?$AA?2?$AA?$AA@ 10007e64     ConEmuBg.obj
 0002:00000e74       ??_C@_1M@KAKMLIHO@?$AAA?$AAr?$AAi?$AAa?$AAl?$AA?$AA@ 10007e74     ConEmuBg.obj
 0002:00000e80       ??_C@_1EI@KDEPAOIE@?$AAC?$AAo?$AAn?$AAE?$AAm?$AAu?$AAB?$AAk?$AA?3?$AA?5?$AA?$CF?$AAs?$AA?5?$AA?9?$AA?5?$AA?$HL?$AA?$CF?$AAi?$AA?0?$AA?$CF?$AAi?$AA?0?$AA?$CF?$AAi?$AA?0?$AA?$CF?$AAi?$AA?$CJ?$AA?5?$AA?$CD?$AA?$CF?$AA0@ 10007e80     ConEmuBg.obj
 0002:00000ec8       ??_C@_1DA@JALAODAO@?$AAi?$AAm?$AAg?$AA?1?$AAd?$AAr?$AAi?$AAv?$AAe?$AA_?$AAr?$AAe?$AAm?$AAo?$AAv?$AAa?$AAb?$AAl?$AAe?$AA?4?$AAp?$AAn?$AAg?$AA?$AA@ 10007ec8     ConEmuBg.obj
 0002:00000ef8       ??_C@_1CM@FDAGABBA@?$AAi?$AAm?$AAg?$AA?1?$AAd?$AAr?$AAi?$AAv?$AAe?$AA_?$AAn?$AAe?$AAt?$AAw?$AAo?$AAr?$AAk?$AA?4?$AAp?$AAn?$AAg?$AA?$AA@ 10007ef8     ConEmuBg.obj
 0002:00000f24       ??_C@_1CI@DLJJCGCI@?$AAi?$AAm?$AAg?$AA?1?$AAd?$AAr?$AAi?$AAv?$AAe?$AA_?$AAc?$AAd?$AAr?$AAo?$AAm?$AA?4?$AAp?$AAn?$AAg?$AA?$AA@ 10007f24     ConEmuBg.obj
 0002:00000f4c       ??_C@_1CM@NJAGAAPF@?$AAi?$AAm?$AAg?$AA?1?$AAd?$AAr?$AAi?$AAv?$AAe?$AA_?$AAr?$AAa?$AAm?$AAd?$AAi?$AAs?$AAk?$AA?4?$AAp?$AAn?$AAg?$AA?$AA@ 10007f4c     ConEmuBg.obj
 0002:00000f78       ??_C@_1CI@FIJFGDPK@?$AAi?$AAm?$AAg?$AA?1?$AAd?$AAr?$AAi?$AAv?$AAe?$AA_?$AAf?$AAi?$AAx?$AAe?$AAd?$AA?4?$AAp?$AAn?$AAg?$AA?$AA@ 10007f78     ConEmuBg.obj
 0002:00000fa0       ??_C@_1BO@KJOLJEJK@?$AAi?$AAm?$AAg?$AA?1?$AAp?$AAl?$AAu?$AAg?$AAi?$AAn?$AA?4?$AAp?$AAn?$AAg?$AA?$AA@ 10007fa0     ConEmuBg.obj
 0002:00000fc0       ??_C@_1FK@LJOGCJPM@?$AAC?$AAo?$AAn?$AAE?$AAm?$AAu?$AAB?$AAk?$AA?3?$AA?5?$AAD?$AAi?$AAs?$AAa?$AAb?$AAl?$AAe?$AAd?$AA?5?$AA?$CF?$AAs?$AA?5?$AA?9?$AA?5?$AA?$HL?$AA?$CF?$AAi?$AA?0?$AA?$CF?$AAi?$AA?0?$AA?$CF@ 10007fc0     ConEmuBg.obj
 0002:0000101c       ??_C@_1M@KDEMMBOH@?$AAR?$AAi?$AAg?$AAh?$AAt?$AA?$AA@ 1000801c     ConEmuBg.obj
 0002:00001028       ??_C@_19DKAIAFPE@?$AAL?$AAe?$AAf?$AAt?$AA?$AA@ 10008028     ConEmuBg.obj
 0002:00001038       ??_C@_1FG@IGPHDCHD@?$AAC?$AAo?$AAn?$AAE?$AAm?$AAu?$AAB?$AAk?$AA?3?$AA?5?$AAI?$AAn?$AAv?$AAi?$AAs?$AAi?$AAb?$AAl?$AAe?$AA?5?$AAR?$AAi?$AAg?$AAh?$AAt?$AA?5?$AA?9?$AA?5?$AA?$HL?$AA?$CF?$AAi?$AA?0@ 10008038     ConEmuBg.obj
 0002:00001090       ??_C@_1FE@OJCEMPCK@?$AAC?$AAo?$AAn?$AAE?$AAm?$AAu?$AAB?$AAk?$AA?3?$AA?5?$AAI?$AAn?$AAv?$AAi?$AAs?$AAi?$AAb?$AAl?$AAe?$AA?5?$AAL?$AAe?$AAf?$AAt?$AA?5?$AA?9?$AA?5?$AA?$HL?$AA?$CF?$AAi?$AA?0?$AA?$CF@ 10008090     ConEmuBg.obj
 0002:000010e4       ??_C@_1BE@POBJGOHE@?$AAC?$AAo?$AAn?$AAE?$AAm?$AAu?$AAB?$AAg?$AA?2?$AA?$AA@ 100080e4     ConEmuBg995.obj
 0002:000010f8       ??_C@_1DE@DJEAMLPH@?$AAC?$AAo?$AAn?$AAE?$AAm?$AAu?$AA?4?$AAM?$AAa?$AAx?$AAi?$AAm?$AAu?$AAs?$AA5?$AA?$EA?$AAg?$AAm?$AAa?$AAi?$AAl?$AA?4?$AAc?$AAo?$AAm?$AA?$AA@ 100080f8     ConEmuBg2800.obj
 0002:00001130       ??_C@_1GC@GCGDBDMO@?$AAP?$AAa?$AAi?$AAn?$AAt?$AA?5?$AAF?$AAa?$AAr?$AA?5?$AAp?$AAa?$AAn?$AAe?$AAl?$AAs?$AA?5?$AAb?$AAa?$AAc?$AAk?$AAg?$AAr?$AAo?$AAu?$AAn?$AAd?$AA?5?$AAi?$AAn?$AA?5?$AAt@ 10008130     ConEmuBg2800.obj
 0002:00001194       ??_C@_1CE@PJKCDLK@?$AAC?$AAo?$AAn?$AAE?$AAm?$AAu?$AA?5?$AAB?$AAa?$AAc?$AAk?$AAg?$AAr?$AAo?$AAu?$AAn?$AAd?$AA?$AA@ 10008194     ConEmuBg2800.obj
 0002:000011b8       _IID_IUnknown              100081b8     uuid:unknwn_i.obj
 0002:000011c8       _IID_ISequentialStream     100081c8     uuid:objidl_i.obj
 0002:000011d8       _IID_IStream               100081d8     uuid:objidl_i.obj
 0002:000011e8       __IMPORT_DESCRIPTOR_KERNEL32 100081e8     kernel32:KERNEL32.dll
 0002:000011fc       __IMPORT_DESCRIPTOR_USER32 100081fc     user32:USER32.dll
 0002:00001210       __IMPORT_DESCRIPTOR_GDI32  10008210     gdi32:GDI32.dll
 0002:00001224       __IMPORT_DESCRIPTOR_ADVAPI32 10008224     advapi32:ADVAPI32.dll
 0002:00001238       __IMPORT_DESCRIPTOR_ole32  10008238     ole32:ole32.dll
 0002:0000124c       __IMPORT_DESCRIPTOR_VERSION 1000824c     version:VERSION.dll
 0002:00001260       __NULL_IMPORT_DESCRIPTOR   10008260     kernel32:KERNEL32.dll
 0003:00000000       ?gSettings@@3PAUConEmuBgSettings@@A 10009000     ConEmuBg.obj
 0003:00000030       ?Far3Func@@3PAUExportFunc@@A 10009030     ConEmuBg.obj
 0003:00000054       ?szDefaultXmlName@@3PB_WB  10009054     ConEmuBg.obj
 0003:00000058       ?guid_ConEmuBg@@3U_GUID@@A 10009058     ConEmuBg2800.obj
 0003:00000068       ?guid_ConEmuBgCfgDlg@@3U_GUID@@A 10009068     ConEmuBg2800.obj
 0003:00000078       ?guid_ConEmuBgPluginMenu@@3U_GUID@@A 10009078     ConEmuBg2800.obj
 0003:00000088       ?guid_ConEmuBgPluginConfig@@3U_GUID@@A 10009088     ConEmuBg2800.obj
 0003:000000a0       ?ghPluginModule@@3PAUHINSTANCE__@@A 100090a0     ConEmuBg.obj
 0003:000000a4       ?gFarVersion@@3UFarVersion@@A 100090a4     ConEmuBg.obj
 0003:000000b0       ?gbInStartPlugin@@3_NA     100090b0     ConEmuBg.obj
 0003:000000b1       ?gbSetStartupInfoOk@@3_NA  100090b1     ConEmuBg.obj
 0003:000000b2       ?gbGdiPlusInitialized@@3_NA 100090b2     ConEmuBg.obj
 0003:000000b4       ?gbBackgroundEnabled@@3HA  100090b4     ConEmuBg.obj
 0003:000000b8       ?gsXmlConfigFile@@3PA_WA   100090b8     ConEmuBg.obj
 0003:000002c0       ?gbMonitorFileChange@@3HA  100092c0     ConEmuBg.obj
 0003:000002c4       ?gbInfoW_OK@@3HA           100092c4     ConEmuBg.obj
 0003:000002c8       ?gfCreateXmlReader@@3P6GJABU_GUID@@PAPAXPAX@ZA 100092c8     ConEmuBg.obj
 0003:000002cc       ?ghXmlLite@@3PAUHINSTANCE__@@A 100092cc     ConEmuBg.obj
 0003:000002d0       ?XmlFile@@3UXmlConfigFile@@A 100092d0     ConEmuBg.obj
 0003:000002e4       ?gpszXmlFile@@3PA_WA       100092e4     ConEmuBg.obj
 0003:000002e8       ?gpszXmlFolder@@3PA_WA     100092e8     ConEmuBg.obj
 0003:000002ec       ?ghXmlNotification@@3PAXA  100092ec     ConEmuBg.obj
 0003:000002f0       ?gpDecoder@@3PAUGDIPlusDecoder@@A 100092f0     ConEmuBg.obj
 0003:000002f8       ?InfoW995@@3PAUPluginStartupInfo@@A 100092f8     ConEmuBg995.obj
 0003:000002fc       ?FSFW995@@3PAUFarStandardFunctions@@A 100092fc     ConEmuBg995.obj
 0003:00000508       ?InfoW1900@@3PAUPluginStartupInfo@@A 10009508     ConEmuBg1900.obj
 0003:0000050c       ?FSFW1900@@3PAUFarStandardFunctions@@A 1000950c     ConEmuBg1900.obj
 0003:00000718       ?InfoW2800@@3PAUPluginStartupInfo@@A 10009718     ConEmuBg2800.obj
 0003:0000071c       ?FSFW2800@@3PAUFarStandardFunctions@@A 1000971c     ConEmuBg2800.obj
 0003:00000928       ?InfoA@@3PAUPluginStartupInfo@@A 10009928     ConEmuBgA.obj
 0003:0000092c       ?FSFA@@3PAUFarStandardFunctions@@A 1000992c     ConEmuBgA.obj
 0003:00000a38       ?AssertMsgBox@@3P6IHPB_WI0PAUHWND__@@_N@ZA 10009a38     MAssert.obj
 0003:00000a3c       ?ghHeap@@3PAXA             10009a3c     Memory.obj

 entry point at        0001:000015d9

 Static symbols

 0001:0000002b       ?StringLengthWorkerW@@YGJPB_WIPAI@Z 1000102b f   ConEmuBg.obj
 0001:0000005b       ?StringCopyWorkerW@@YGJPA_WIPAIPB_WI@Z 1000105b f   ConEmuBg.obj
 0001:00000445       ?LoadFarVersion@@YI_NAAUFarVersion@@AAY0CAA@_W@Z 10001445 f   ConEmuBg.obj
 0001:00000615       ?ChangeExports@@YI_NPBUExportFunc@@PAUHINSTANCE__@@@Z 10001615 f   ConEmuBg.obj
 0001:00003dd8       ?ConfigDlgProc@@YGJPAXHHJ@Z 10004dd8 f   ConEmuBg995.obj
 0001:00003e6c       ?ConfigureProc@@YIHH@Z     10004e6c f   ConEmuBg995.obj
 0001:0000433d       ?ConfigDlgProc@@YGHPAXHH0@Z 1000533d f   ConEmuBg1900.obj
 0001:000043d1       ?ConfigureProc@@YIHH@Z     100053d1 f   ConEmuBg1900.obj
 0001:00004b73       ?ConfigDlgProc@@YGHPAXHH0@Z 10005b73 f   ConEmuBg2800.obj
 0001:00004c07       ?ConfigureProc@@YIHH@Z     10005c07 f   ConEmuBg2800.obj
 0001:000053cf       ?GetMsg@@YIPADH@Z          100063cf f   ConEmuBgA.obj
 0001:000053e7       ?ConfigDlgProc@@YGJPAXHHJ@Z 100063e7 f   ConEmuBgA.obj
 0001:00005485       ?ConfigureProc@@YIHH@Z     10006485 f   ConEmuBgA.obj
 0001:00005b90       ?strtoxl@@YAKPB_WPAPA_WHH@Z 10006b90 f   libCRT:strtol.obj
