 ConEmuBg.x64

 Timestamp is 54161387 (Mon Sep 15 02:15:35 2014)

 Preferred load address is 0000000180000000

 Start         Length     Name                   Class
 0001:00000000 00007ea8H .text                   CODE
 0001:00007eb0 0000005eH .text$00                CODE
 0002:00000000 000002a8H .idata$5                DATA
 0002:000002b0 00001200H .rdata                  DATA
 0002:000014b0 00000368H .xdata                  DATA
 0002:00001818 00000078H .idata$2                DATA
 0002:00001890 00000014H .idata$3                DATA
 0002:000018a8 000002a8H .idata$4                DATA
 0002:00001b50 000005bcH .idata$6                DATA
 0002:00002110 0000018fH .edata                  DATA
 0003:00000000 000000d8H .data                   DATA
 0003:000000e0 00000a20H .bss                    DATA
 0004:00000000 00000504H .pdata                  DATA
 0005:00000000 00000058H .rsrc$01                DATA
 0005:00000060 000002a8H .rsrc$02                DATA

  Address         Publics by Value              Rva+Base               Lib:Object

 0000:00000000       ___safe_se_handler_count   0000000000000000     <absolute>
 0000:00000000       ___safe_se_handler_table   0000000000000000     <absolute>
 0000:00000000       __ImageBase                0000000180000000     <linker-defined>
 0001:00000000       ?QueryInterface@MStream@@UEAAJAEBU_GUID@@PEAPEAX@Z 0000000180001000 f i ConEmuBg.obj
 0001:000000a0       ?AddRef@MStream@@UEAAKXZ   00000001800010a0 f i ConEmuBg.obj
 0001:000000b0       ?Release@MStream@@UEAAKXZ  00000001800010b0 f i ConEmuBg.obj
 0001:000000e0       ?Read@MStream@@UEAAJPEAXKPEAK@Z 00000001800010e0 f i ConEmuBg.obj
 0001:00000168       ?Write@MStream@@UEAAJPEBXKPEAK@Z 0000000180001168 f i ConEmuBg.obj
 0001:00000230       ?Seek@MStream@@UEAAJT_LARGE_INTEGER@@KPEAT_ULARGE_INTEGER@@@Z 0000000180001230 f i ConEmuBg.obj
 0001:000002a0       ?SetSize@MStream@@UEAAJT_ULARGE_INTEGER@@@Z 00000001800012a0 f i ConEmuBg.obj
 0001:00000354       ?Commit@MStream@@UEAAJK@Z  0000000180001354 f i ConEmuBg.obj
 0001:00000360       ?Revert@MStream@@UEAAJXZ   0000000180001360 f i ConEmuBg.obj
 0001:00000360       ?UnlockRegion@MStream@@UEAAJT_ULARGE_INTEGER@@0K@Z 0000000180001360 f i ConEmuBg.obj
 0001:00000360       ?CopyTo@MStream@@UEAAJPEAUIStream@@T_ULARGE_INTEGER@@PEAT3@2@Z 0000000180001360 f i ConEmuBg.obj
 0001:00000360       ?LockRegion@MStream@@UEAAJT_ULARGE_INTEGER@@0K@Z 0000000180001360 f i ConEmuBg.obj
 0001:00000360       ?Clone@MStream@@UEAAJPEAPEAUIStream@@@Z 0000000180001360 f i ConEmuBg.obj
 0001:00000368       ?Stat@MStream@@UEAAJPEAUtagSTATSTG@@K@Z 0000000180001368 f i ConEmuBg.obj
 0001:000003c8       ??_GMStream@@UEAAPEAXI@Z   00000001800013c8 f i ConEmuBg.obj
 0001:000003c8       ??_EMStream@@UEAAPEAXI@Z   00000001800013c8 f i ConEmuBg.obj
 0001:00000624       GetMinFarVersionW          0000000180001624 f   ConEmuBg.obj
 0001:0000062c       ?GetPluginInfoWcmn@@YAXPEAX@Z 000000018000162c f   ConEmuBg.obj
 0001:000007c0       ?LoadFarVersion@@YAHXZ     00000001800017c0 f   ConEmuBg.obj
 0001:00000810       ?ReportFail@@YAXPEB_W@Z    0000000180001810 f   ConEmuBg.obj
 0001:00000858       ?WasXmlLoaded@@YA_NXZ      0000000180001858 f   ConEmuBg.obj
 0001:00000868       ?Close@CachedImage@@QEAAXXZ 0000000180001868 f i ConEmuBg.obj
 0001:000008f8       ?Init@GDIPlusDecoder@@QEAA_NXZ 00000001800018f8 f i ConEmuBg.obj
 0001:00000bf0       ?FreeThreadProc@GDIPlusDecoder@@SAKPEAX@Z 0000000180001bf0 f i ConEmuBg.obj
 0001:00000c10       ?Close@GDIPlusDecoder@@QEAAXXZ 0000000180001c10 f i ConEmuBg.obj
 0001:00000ce4       ?ParseColors@@YAXPEB_WHAEAY0CA@KAEAH@Z 0000000180001ce4 f   ConEmuBg.obj
 0001:00000dc4       ?RGB2HSV@@YAXAEBURGBColor@@AEAUHSVColor@@@Z 0000000180001dc4 f   ConEmuBg.obj
 0001:00000ebc       ?HSV2RGB@@YAXAEBUHSVColor@@AEAURGBColor@@@Z 0000000180001ebc f   ConEmuBg.obj
 0001:000012cc       ?GetStatusLineCount@@YAHPEAUPaintBackgroundArg@@H@Z 00000001800022cc f   ConEmuBg.obj
 0001:000014f4       ?FormatSize@@YAXT_ULARGE_INTEGER@@PEA_W@Z 00000001800024f4 f   ConEmuBg.obj
 0001:000015dc       ?SettingsLoad@@YAXXZ       00000001800025dc f   ConEmuBg.obj
 0001:00001654       ?SettingsLoadReg@@YAXPEB_W@Z 0000000180002654 f   ConEmuBg.obj
 0001:0000180c       ?SettingsSave@@YAXXZ       000000018000280c f   ConEmuBg.obj
 0001:00001858       ?SettingsSaveReg@@YAXPEB_W@Z 0000000180002858 f   ConEmuBg.obj
 0001:0000193c       ?GetMsgW@@YAPEB_WH@Z       000000018000293c f   ConEmuBg.obj
 0001:00001988       ?OpenW@@YAPEAXPEBX@Z       0000000180002988 f   ConEmuBg.obj
 0001:000019b8       ConfigureW                 00000001800029b8 f   ConEmuBg.obj
 0001:00001a00       ?ConfigureW3@@YAHPEAX@Z    0000000180002a00 f   ConEmuBg.obj
 0001:00001a48       ?OpenPluginWcmn@@YAPEAXH_J@Z 0000000180002a48 f   ConEmuBg.obj
 0001:00001a80       ?FMatch@@YA_NPEB_WPEA_W@Z  0000000180002a80 f   ConEmuBg.obj
 0001:00001be0       ?StringCchCopyW@@YAJPEA_W_KPEB_W@Z 0000000180002be0 f i ConEmuBg.obj
 0001:00001c4c       ?StringCchCatW@@YAJPEA_W_KPEB_W@Z 0000000180002c4c f i ConEmuBg.obj
 0001:00001d14       DllMain                    0000000180002d14 f   ConEmuBg.obj
 0001:00001d6c       _DllMainCRTStartup         0000000180002d6c f   ConEmuBg.obj
 0001:00001d80       ?CheckXmlFile@@YA_N_N@Z    0000000180002d80 f   ConEmuBg.obj
 0001:00002260       ?GdipInit@@YA_NXZ          0000000180003260 f   ConEmuBg.obj
 0001:00002320       ?CompareNames@@YA_NPEB_WPEA_W@Z 0000000180003320 f   ConEmuBg.obj
 0001:00002434       ??$wcscpy_c@$0BAE@@@YAHAEAY0BAE@_WPEB_W@Z 0000000180003434 f i ConEmuBg.obj
 0001:00002480       ??$SafeDelete@UMSectionSimple@@@@YAXAEAPEAUMSectionSimple@@@Z 0000000180003480 f i ConEmuBg.obj
 0001:000024a8       ?Init@CachedImage@@QEAA_NPEB_WPEAUHDC__@@IIQEAU2@@Z 00000001800034a8 f i ConEmuBg.obj
 0001:000025d0       ?GetImage@GDIPlusDecoder@@QEAAPEAUCachedImage@@PEB_W@Z 00000001800035d0 f i ConEmuBg.obj
 0001:00002a7c       ?GdipDone@@YAXXZ           0000000180003a7c f   ConEmuBg.obj
 0001:00002b94       ?ExitPlugin@@YAXXZ         0000000180003b94 f   ConEmuBg.obj
 0001:00002bec       ExitFARW                   0000000180003bec f   ConEmuBg.obj
 0001:00002bec       ?ExitFARW3@@YAXPEAX@Z      0000000180003bec f   ConEmuBg.obj
 0001:00002c28       ?FillPanelParams@@YAHPEAUPaintBackgroundArg@@PEAUtag_BkPanelInfo@1@PEAUDrawInfo@@@Z 0000000180003c28 f   ConEmuBg.obj
 0001:00003b50       ?PaintPanel@@YAHPEAUPaintBackgroundArg@@HAEAKAEAH@Z 0000000180004b50 f   ConEmuBg.obj
 0001:00004d70       ?PaintConEmuBackground@@YAHPEAUPaintBackgroundArg@@@Z 0000000180005d70 f   ConEmuBg.obj
 0001:00004eb4       ?StartPlugin@@YAXH@Z       0000000180005eb4 f   ConEmuBg.obj
 0001:00005008       SetStartupInfoW            0000000180006008 f   ConEmuBg.obj
 0001:0000506c       ?OnConEmuLoaded@@YAXPEAUConEmuLoadedArg@@@Z 000000018000606c f   ConEmuBg.obj
 0001:000050a0       ?GetPluginInfoW995@@YAXPEAX@Z 00000001800060a0 f   ConEmuBg995.obj
 0001:0000510c       ?SetStartupInfoW995@@YAXPEAX@Z 000000018000610c f   ConEmuBg995.obj
 0001:000052ac       OpenPluginW                00000001800062ac f   ConEmuBg995.obj
 0001:000052cc       ?ExitFARW995@@YAXXZ        00000001800062cc f   ConEmuBg995.obj
 0001:00005320       ?GetMsgW995@@YAPEB_WH@Z    0000000180006320 f   ConEmuBg995.obj
 0001:00005870       ?ConfigureW995@@YAHH@Z     0000000180006870 f   ConEmuBg995.obj
 0001:0000588c       ?SettingsLoadW995@@YAXXZ   000000018000688c f   ConEmuBg995.obj
 0001:00005898       ?SettingsSaveW995@@YAXXZ   0000000180006898 f   ConEmuBg995.obj
 0001:000058a4       ?FMatchW995@@YA_NPEB_WPEA_W@Z 00000001800068a4 f   ConEmuBg995.obj
 0001:000058c8       ?GetPluginInfoW1900@@YAXPEAX@Z 00000001800068c8 f   ConEmuBg1900.obj
 0001:00005938       ?SetStartupInfoW1900@@YAXPEAX@Z 0000000180006938 f   ConEmuBg1900.obj
 0001:00005a74       ?ExitFARW1900@@YAXXZ       0000000180006a74 f   ConEmuBg1900.obj
 0001:00005ab0       ?GetMsgW1900@@YAPEB_WH@Z   0000000180006ab0 f   ConEmuBg1900.obj
 0001:00006098       ?ConfigureW1900@@YAHH@Z    0000000180007098 f   ConEmuBg1900.obj
 0001:000060b4       ?SettingsLoadW1900@@YAXXZ  00000001800070b4 f   ConEmuBg1900.obj
 0001:0000625c       ?SettingsSaveW1900@@YAXXZ  000000018000725c f   ConEmuBg1900.obj
 0001:00006398       ?FMatchW1900@@YA_NPEB_WPEA_W@Z 0000000180007398 f   ConEmuBg1900.obj
 0001:000063bc       GetGlobalInfoW             00000001800073bc f   ConEmuBg2800.obj
 0001:00006470       ?GetPluginInfoW2800@@YAXPEAX@Z 0000000180007470 f   ConEmuBg2800.obj
 0001:000064e0       ?SetStartupInfoW2800@@YAXPEAX@Z 00000001800074e0 f   ConEmuBg2800.obj
 0001:0000661c       ?OpenW1900@@YAPEAXPEBX@Z   000000018000761c f   ConEmuBg1900.obj
 0001:0000661c       ?OpenW2800@@YAPEAXPEBX@Z   000000018000761c f   ConEmuBg2800.obj
 0001:00006640       ?ExitFARW2800@@YAXXZ       0000000180007640 f   ConEmuBg2800.obj
 0001:0000667c       ?GetMsgW2800@@YAPEB_WH@Z   000000018000767c f   ConEmuBg2800.obj
 0001:00006c40       ?ConfigureW2800@@YAHH@Z    0000000180007c40 f   ConEmuBg2800.obj
 0001:00006c5c       ?SettingsLoadW2800@@YAXXZ  0000000180007c5c f   ConEmuBg2800.obj
 0001:00006e08       ?SettingsSaveW2800@@YAXXZ  0000000180007e08 f   ConEmuBg2800.obj
 0001:00006f4c       ?FMatchW2800@@YA_NPEB_WPEA_W@Z 0000000180007f4c f   ConEmuBg2800.obj
 0001:00006f70       GetMinFarVersion           0000000180007f70 f   ConEmuBgA.obj
 0001:00006fa8       SetStartupInfo             0000000180007fa8 f   ConEmuBgA.obj
 0001:00007174       GetPluginInfo              0000000180008174 f   ConEmuBgA.obj
 0001:000071f8       ExitFAR                    00000001800081f8 f   ConEmuBgA.obj
 0001:00007830       Configure                  0000000180008830 f   ConEmuBgA.obj
 0001:0000784c       OpenPlugin                 000000018000884c f   ConEmuBgA.obj
 0001:0000786c       ?SettingsLoadA@@YAXXZ      000000018000886c f   ConEmuBgA.obj
 0001:00007878       ?SettingsSaveA@@YAXXZ      0000000180008878 f   ConEmuBgA.obj
 0001:00007884       ?FMatchA@@YA_NPEBDPEAD@Z   0000000180008884 f   ConEmuBgA.obj
 0001:000078a4       ?HeapInitialize@@YA_NXZ    00000001800088a4 f   Memory.obj
 0001:000078dc       ?HeapDeinitialize@@YAXXZ   00000001800088dc f   Memory.obj
 0001:00007900       ??2@YAPEAX_K@Z             0000000180008900 f   Memory.obj
 0001:00007900       ?xf_malloc@@YAPEAX_K@Z     0000000180008900 f   Memory.obj
 0001:00007914       ?xf_calloc@@YAPEAX_K0@Z    0000000180008914 f   Memory.obj
 0001:00007930       ?xf_free@@YAXPEAX@Z        0000000180008930 f   Memory.obj
 0001:00007958       ??3@YAXPEAX@Z              0000000180008958 f   Memory.obj
 0001:00007960       ?lstrdup@@YAPEA_WPEB_W_K@Z 0000000180008960 f   Memory.obj
 0001:000079dc       ?TryEnter@MSectionSimple@@QEAA_NXZ 00000001800089dc f   MSectionSimple.obj
 0001:00007a04       ??0MSectionLockSimple@@QEAA@XZ 0000000180008a04 f   MSectionSimple.obj
 0001:00007a10       ?Unlock@MSectionLockSimple@@QEAAXXZ 0000000180008a10 f   MSectionSimple.obj
 0001:00007a38       ??0MSectionSimple@@QEAA@_N@Z 0000000180008a38 f   MSectionSimple.obj
 0001:00007a70       ??1MSectionSimple@@QEAA@XZ 0000000180008a70 f   MSectionSimple.obj
 0001:00007a90       ??1MSectionLockSimple@@QEAA@XZ 0000000180008a90 f   MSectionSimple.obj
 0001:00007aa4       ?Lock@MSectionLockSimple@@QEAAHPEAUMSectionSimple@@K@Z 0000000180008aa4 f   MSectionSimple.obj
 0001:00007b40       wcschr                     0000000180008b40 f   libCRT64:strchr.obj
 0001:00007b60       wcsrchr                    0000000180008b60 f   libCRT64:strrchr.obj
 0001:00007b90       wcsstr                     0000000180008b90 f   libCRT64:strstr.obj
 0001:00007c00       memmove                    0000000180008c00 f   libCRT64:memmove.obj
 0001:00007e30       wcstoul                    0000000180008e30 f   libCRT64:strtol.obj
 0001:00007e40       memset                     0000000180008e40 f   libCRT64:memset.obj
 0001:00007e70       memcpy                     0000000180008e70 f   libCRT64:memcpy.obj
 0001:00007e96       VerQueryValueW             0000000180008e96 f   version:VERSION.dll
 0001:00007e9c       GetFileVersionInfoW        0000000180008e9c f   version:VERSION.dll
 0001:00007ea2       GetFileVersionInfoSizeW    0000000180008ea2 f   version:VERSION.dll
 0001:00007ec0       __chkstk                   0000000180008ec0 f   chkstk.obj
 0001:00007ec0       _alloca_probe              0000000180008ec0     chkstk.obj
 0002:00000000       __imp_RegSetValueExW       0000000180009000     advapi32:ADVAPI32.dll
 0002:00000008       __imp_RegOpenKeyExW        0000000180009008     advapi32:ADVAPI32.dll
 0002:00000010       __imp_RegQueryValueExW     0000000180009010     advapi32:ADVAPI32.dll
 0002:00000018       __imp_RegCloseKey          0000000180009018     advapi32:ADVAPI32.dll
 0002:00000020       __imp_RegCreateKeyExW      0000000180009020     advapi32:ADVAPI32.dll
 0002:00000028       \177ADVAPI32_NULL_THUNK_DATA 0000000180009028     advapi32:ADVAPI32.dll
 0002:00000030       __imp_DeleteDC             0000000180009030     gdi32:GDI32.dll
 0002:00000038       __imp_DeleteObject         0000000180009038     gdi32:GDI32.dll
 0002:00000040       __imp_SelectObject         0000000180009040     gdi32:GDI32.dll
 0002:00000048       __imp_CreateSolidBrush     0000000180009048     gdi32:GDI32.dll
 0002:00000050       __imp_BitBlt               0000000180009050     gdi32:GDI32.dll
 0002:00000058       __imp_CreateCompatibleBitmap 0000000180009058     gdi32:GDI32.dll
 0002:00000060       __imp_CreateCompatibleDC   0000000180009060     gdi32:GDI32.dll
 0002:00000068       __imp_SetTextColor         0000000180009068     gdi32:GDI32.dll
 0002:00000070       __imp_CreateFontIndirectW  0000000180009070     gdi32:GDI32.dll
 0002:00000078       __imp_StretchBlt           0000000180009078     gdi32:GDI32.dll
 0002:00000080       __imp_SetBkMode            0000000180009080     gdi32:GDI32.dll
 0002:00000088       \177GDI32_NULL_THUNK_DATA  0000000180009088     gdi32:GDI32.dll
 0002:00000090       __imp_WaitForSingleObject  0000000180009090     kernel32:KERNEL32.dll
 0002:00000098       __imp_CreateThread         0000000180009098     kernel32:KERNEL32.dll
 0002:000000a0       __imp_ReadConsoleOutputW   00000001800090a0     kernel32:KERNEL32.dll
 0002:000000a8       __imp_GetConsoleScreenBufferInfo 00000001800090a8     kernel32:KERNEL32.dll
 0002:000000b0       __imp_GetStdHandle         00000001800090b0     kernel32:KERNEL32.dll
 0002:000000b8       __imp_lstrcpynW            00000001800090b8     kernel32:KERNEL32.dll
 0002:000000c0       __imp_WideCharToMultiByte  00000001800090c0     kernel32:KERNEL32.dll
 0002:000000c8       __imp_FindNextChangeNotification 00000001800090c8     kernel32:KERNEL32.dll
 0002:000000d0       __imp_ReadFile             00000001800090d0     kernel32:KERNEL32.dll
 0002:000000d8       __imp_GetFileInformationByHandle 00000001800090d8     kernel32:KERNEL32.dll
 0002:000000e0       __imp_CreateFileW          00000001800090e0     kernel32:KERNEL32.dll
 0002:000000e8       __imp_FindFirstChangeNotificationW 00000001800090e8     kernel32:KERNEL32.dll
 0002:000000f0       __imp_FindCloseChangeNotification 00000001800090f0     kernel32:KERNEL32.dll
 0002:000000f8       __imp_ExpandEnvironmentStringsW 00000001800090f8     kernel32:KERNEL32.dll
 0002:00000100       __imp_lstrcmpW             0000000180009100     kernel32:KERNEL32.dll
 0002:00000108       __imp_lstrcmpiW            0000000180009108     kernel32:KERNEL32.dll
 0002:00000110       __imp_GetTempPathW         0000000180009110     kernel32:KERNEL32.dll
 0002:00000118       __imp_TerminateThread      0000000180009118     kernel32:KERNEL32.dll
 0002:00000120       __imp_GetDriveTypeW        0000000180009120     kernel32:KERNEL32.dll
 0002:00000128       __imp_GetDiskFreeSpaceExW  0000000180009128     kernel32:KERNEL32.dll
 0002:00000130       __imp_MultiByteToWideChar  0000000180009130     kernel32:KERNEL32.dll
 0002:00000138       __imp_lstrlenA             0000000180009138     kernel32:KERNEL32.dll
 0002:00000140       __imp_lstrcpynA            0000000180009140     kernel32:KERNEL32.dll
 0002:00000148       __imp_lstrcpyA             0000000180009148     kernel32:KERNEL32.dll
 0002:00000150       __imp_HeapCreate           0000000180009150     kernel32:KERNEL32.dll
 0002:00000158       __imp_HeapDestroy          0000000180009158     kernel32:KERNEL32.dll
 0002:00000160       __imp_InitializeCriticalSection 0000000180009160     kernel32:KERNEL32.dll
 0002:00000168       __imp_DeleteCriticalSection 0000000180009168     kernel32:KERNEL32.dll
 0002:00000170       __imp_LeaveCriticalSection 0000000180009170     kernel32:KERNEL32.dll
 0002:00000178       __imp_TryEnterCriticalSection 0000000180009178     kernel32:KERNEL32.dll
 0002:00000180       __imp_Sleep                0000000180009180     kernel32:KERNEL32.dll
 0002:00000188       __imp_GetTickCount         0000000180009188     kernel32:KERNEL32.dll
 0002:00000190       __imp_CloseHandle          0000000180009190     kernel32:KERNEL32.dll
 0002:00000198       __imp_LoadLibraryW         0000000180009198     kernel32:KERNEL32.dll
 0002:000001a0       __imp_GetProcAddress       00000001800091a0     kernel32:KERNEL32.dll
 0002:000001a8       __imp_FreeLibrary          00000001800091a8     kernel32:KERNEL32.dll
 0002:000001b0       __imp_GetCurrentProcessId  00000001800091b0     kernel32:KERNEL32.dll
 0002:000001b8       __imp_VirtualProtect       00000001800091b8     kernel32:KERNEL32.dll
 0002:000001c0       __imp_GetModuleFileNameW   00000001800091c0     kernel32:KERNEL32.dll
 0002:000001c8       __imp_lstrcpyW             00000001800091c8     kernel32:KERNEL32.dll
 0002:000001d0       __imp_GetLastError         00000001800091d0     kernel32:KERNEL32.dll
 0002:000001d8       __imp_lstrcatW             00000001800091d8     kernel32:KERNEL32.dll
 0002:000001e0       __imp_lstrlenW             00000001800091e0     kernel32:KERNEL32.dll
 0002:000001e8       __imp_GetLocalTime         00000001800091e8     kernel32:KERNEL32.dll
 0002:000001f0       __imp_SystemTimeToFileTime 00000001800091f0     kernel32:KERNEL32.dll
 0002:000001f8       __imp_HeapReAlloc          00000001800091f8     kernel32:KERNEL32.dll
 0002:00000200       __imp_HeapAlloc            0000000180009200     kernel32:KERNEL32.dll
 0002:00000208       __imp_GetProcessHeap       0000000180009208     kernel32:KERNEL32.dll
 0002:00000210       __imp_OutputDebugStringW   0000000180009210     kernel32:KERNEL32.dll
 0002:00000218       __imp_HeapFree             0000000180009218     kernel32:KERNEL32.dll
 0002:00000220       \177KERNEL32_NULL_THUNK_DATA 0000000180009220     kernel32:KERNEL32.dll
 0002:00000228       __imp_FillRect             0000000180009228     user32:USER32.dll
 0002:00000230       __imp_DrawTextW            0000000180009230     user32:USER32.dll
 0002:00000238       __imp_CharUpperBuffW       0000000180009238     user32:USER32.dll
 0002:00000240       __imp_GetDC                0000000180009240     user32:USER32.dll
 0002:00000248       __imp_CharLowerBuffW       0000000180009248     user32:USER32.dll
 0002:00000250       __imp_ReleaseDC            0000000180009250     user32:USER32.dll
 0002:00000258       __imp_MessageBoxW          0000000180009258     user32:USER32.dll
 0002:00000260       __imp_wsprintfW            0000000180009260     user32:USER32.dll
 0002:00000268       \177USER32_NULL_THUNK_DATA 0000000180009268     user32:USER32.dll
 0002:00000270       __imp_GetFileVersionInfoSizeW 0000000180009270     version:VERSION.dll
 0002:00000278       __imp_GetFileVersionInfoW  0000000180009278     version:VERSION.dll
 0002:00000280       __imp_VerQueryValueW       0000000180009280     version:VERSION.dll
 0002:00000288       \177VERSION_NULL_THUNK_DATA 0000000180009288     version:VERSION.dll
 0002:00000290       __imp_CoUninitialize       0000000180009290     ole32:ole32.dll
 0002:00000298       __imp_CoInitialize         0000000180009298     ole32:ole32.dll
 0002:000002a0       \177ole32_NULL_THUNK_DATA  00000001800092a0     ole32:ole32.dll
 0002:000002b0       ??_C@_1BO@DPOJIDLN@?$AAB?$AAa?$AAc?$AAk?$AAg?$AAr?$AAo?$AAu?$AAn?$AAd?$AA?4?$AAx?$AAm?$AAl?$AA?$AA@ 00000001800092b0     ConEmuBg.obj
 0002:000002d0       ??_C@_0L@DJCGGOCO@ConfigureW?$AA@ 00000001800092d0     ConEmuBg.obj
 0002:000002e0       ??_C@_08BCACMCCB@ExitFARW?$AA@ 00000001800092e0     ConEmuBg.obj
 0002:000002f0       ??_C@_1BM@NBLKFLKP@?$AAX?$AAm?$AAl?$AAC?$AAo?$AAn?$AAf?$AAi?$AAg?$AAF?$AAi?$AAl?$AAe?$AA?$AA@ 00000001800092f0     ConEmuBg.obj
 0002:00000310       ??_C@_1BM@GCLEPEKO@?$AAP?$AAl?$AAu?$AAg?$AAi?$AAn?$AAE?$AAn?$AAa?$AAb?$AAl?$AAe?$AAd?$AA?$AA@ 0000000180009310     ConEmuBg.obj
 0002:00000330       ??_7MStream@@6B@           0000000180009330     ConEmuBg.obj
 0002:000003a8       ??_C@_1CA@GGFPMHLH@?$AA?6?$AAE?$AAr?$AAr?$AAC?$AAo?$AAd?$AAe?$AA?$DN?$AA0?$AAx?$AA?$CF?$AA0?$AA8?$AAX?$AA?$AA@ 00000001800093a8     ConEmuBg.obj
 0002:000003d0       ??_C@_1FG@LNADFPCE@?$AAL?$AAo?$AAa?$AAd?$AAF?$AAa?$AAr?$AAV?$AAe?$AAr?$AAs?$AAi?$AAo?$AAn?$AA?4?$AAG?$AAe?$AAt?$AAM?$AAo?$AAd?$AAu?$AAl?$AAe?$AAF?$AAi?$AAl?$AAe?$AAN?$AAa?$AAm?$AAe@ 00000001800093d0     ConEmuBg.obj
 0002:00000430       ??_C@_1GC@COKOAMPP@?$AAL?$AAo?$AAa?$AAd?$AAF?$AAa?$AAr?$AAV?$AAe?$AAr?$AAs?$AAi?$AAo?$AAn?$AA?4?$AAG?$AAe?$AAt?$AAF?$AAi?$AAl?$AAe?$AAV?$AAe?$AAr?$AAs?$AAi?$AAo?$AAn?$AAI?$AAn?$AAf@ 0000000180009430     ConEmuBg.obj
 0002:000004a0       ??_C@_1GC@BJIMIHFH@?$AAL?$AAo?$AAa?$AAd?$AAF?$AAa?$AAr?$AAV?$AAe?$AAr?$AAs?$AAi?$AAo?$AAn?$AA?5?$AAf?$AAa?$AAi?$AAl?$AAe?$AAd?$AA?$CB?$AA?5?$AAC?$AAa?$AAn?$AA?8?$AAt?$AA?5?$AAa?$AAl?$AAl@ 00000001800094a0     ConEmuBg.obj
 0002:00000510       ??_C@_1FK@EOBKNMNM@?$AAL?$AAo?$AAa?$AAd?$AAF?$AAa?$AAr?$AAV?$AAe?$AAr?$AAs?$AAi?$AAo?$AAn?$AA?4?$AAG?$AAe?$AAt?$AAF?$AAi?$AAl?$AAe?$AAV?$AAe?$AAr?$AAs?$AAi?$AAo?$AAn?$AAI?$AAn?$AAf@ 0000000180009510     ConEmuBg.obj
 0002:00000570       ??_C@_1FG@LALGGOEO@?$AAL?$AAo?$AAa?$AAd?$AAF?$AAa?$AAr?$AAV?$AAe?$AAr?$AAs?$AAi?$AAo?$AAn?$AA?4?$AAV?$AAe?$AAr?$AAQ?$AAu?$AAe?$AAr?$AAy?$AAV?$AAa?$AAl?$AAu?$AAe?$AA?$CI?$AA?$CC?$AA?2?$AA?$CC@ 0000000180009570     ConEmuBg.obj
 0002:000005c8       ??_C@_13FPGAJAPJ@?$AA?2?$AA?$AA@ 00000001800095c8     ConEmuBg.obj
 0002:000005d0       ??_C@_1CC@JLFNPNCD@?$AAC?$AAo?$AAn?$AAE?$AAm?$AAu?$AAB?$AAg?$AA?0?$AA?5?$AAP?$AAI?$AAD?$AA?$DN?$AA?$CF?$AAu?$AA?$AA@ 00000001800095d0     ConEmuBg.obj
 0002:00000600       ??_C@_1EG@ENHOOKPB@?$AAF?$AAu?$AAn?$AAc?$AAt?$AAi?$AAo?$AAn?$AAs?$AA?5?$AAn?$AAo?$AAt?$AA?5?$AAf?$AAo?$AAu?$AAn?$AAd?$AA?5?$AAi?$AAn?$AA?5?$AAG?$AAd?$AAi?$AAP?$AAl?$AAu?$AAs?$AA?4?$AAd@ 0000000180009600     ConEmuBg.obj
 0002:00000648       ??_C@_1CM@JMKADHIE@?$AAG?$AAd?$AAi?$AAp?$AAl?$AAu?$AAs?$AAS?$AAt?$AAa?$AAr?$AAt?$AAu?$AAp?$AA?5?$AAf?$AAa?$AAi?$AAl?$AAe?$AAd?$AA?$AA@ 0000000180009648     ConEmuBg.obj
 0002:00000678       ??_C@_0BI@GEKGFIAG@GdipBitmapConvertFormat?$AA@ 0000000180009678     ConEmuBg.obj
 0002:00000690       ??_C@_0BM@MMIJHLFD@GdipGetImageGraphicsContext?$AA@ 0000000180009690     ConEmuBg.obj
 0002:000006b0       ??_C@_0O@KHJJFDII@GdipReleaseDC?$AA@ 00000001800096b0     ConEmuBg.obj
 0002:000006c0       ??_C@_09EJEFPMLL@GdipGetDC?$AA@ 00000001800096c0     ConEmuBg.obj
 0002:000006d0       ??_C@_0BD@MFGJCODH@GdipDeleteGraphics?$AA@ 00000001800096d0     ConEmuBg.obj
 0002:000006e8       ??_C@_0BC@PACDIGJN@GdipCreateFromHDC?$AA@ 00000001800096e8     ConEmuBg.obj
 0002:00000700       ??_C@_0P@DANGKLEH@GdipDrawImageI?$AA@ 0000000180009700     ConEmuBg.obj
 0002:00000710       ??_C@_0BB@MGCHKKMH@GdipDisposeImage?$AA@ 0000000180009710     ConEmuBg.obj
 0002:00000728       ??_C@_0BD@JIGBIPOH@GdipGetImageHeight?$AA@ 0000000180009728     ConEmuBg.obj
 0002:00000740       ??_C@_0BC@DPLNHGNM@GdipGetImageWidth?$AA@ 0000000180009740     ConEmuBg.obj
 0002:00000758       ??_C@_0BJ@IPKMAACN@GdipCreateBitmapFromFile?$AA@ 0000000180009758     ConEmuBg.obj
 0002:00000778       ??_C@_0BA@OMKIAPCJ@GdiplusShutdown?$AA@ 0000000180009778     ConEmuBg.obj
 0002:00000788       ??_C@_0P@NIGHOHPH@GdiplusStartup?$AA@ 0000000180009788     ConEmuBg.obj
 0002:00000798       ??_C@_1CO@CNEBCEFN@?$AAG?$AAd?$AAi?$AAP?$AAl?$AAu?$AAs?$AA?4?$AAd?$AAl?$AAl?$AA?5?$AAn?$AAo?$AAt?$AA?5?$AAf?$AAo?$AAu?$AAn?$AAd?$AA?$CB?$AA?$AA@ 0000000180009798     ConEmuBg.obj
 0002:000007c8       ??_C@_1BI@LOJECBFD@?$AAG?$AAd?$AAi?$AAP?$AAl?$AAu?$AAs?$AA?4?$AAd?$AAl?$AAl?$AA?$AA@ 00000001800097c8     ConEmuBg.obj
 0002:000007e0       ??_C@_1GC@KCIBPHOM@?$AAG?$AAe?$AAt?$AAM?$AAo?$AAd?$AAu?$AAl?$AAe?$AAF?$AAi?$AAl?$AAe?$AAN?$AAa?$AAm?$AAe?$AA?5?$AAf?$AAa?$AAi?$AAl?$AAe?$AAd?$AA?5?$AAi?$AAn?$AA?5?$AAG?$AAD?$AAI?$AAP@ 00000001800097e0     ConEmuBg.obj
 0002:00000848       ??_C@_1M@MDEFCCAF@?$AA?$CF?$AAu?$AA?5?$AA?$CF?$AAs?$AA?$AA@ 0000000180009848     ConEmuBg.obj
 0002:00000858       ??_C@_1BC@MFPHLBKH@?$AA?$CF?$AAu?$AA?4?$AA?$CF?$AAu?$AA?5?$AA?$CF?$AAs?$AA?$AA@ 0000000180009858     ConEmuBg.obj
 0002:0000086c       ??_C@_15HDKOMGBN@?$AAP?$AAB?$AA?$AA@ 000000018000986c     ConEmuBg.obj
 0002:00000874       ??_C@_15OIDPIEAL@?$AAT?$AAB?$AA?$AA@ 0000000180009874     ConEmuBg.obj
 0002:0000087c       ??_C@_15GNHNPEDO@?$AAG?$AAB?$AA?$AA@ 000000018000987c     ConEmuBg.obj
 0002:00000884       ??_C@_15MMOGNHFI@?$AAM?$AAB?$AA?$AA@ 0000000180009884     ConEmuBg.obj
 0002:0000088c       ??_C@_15BKLPDEEF@?$AAK?$AAB?$AA?$AA@ 000000018000988c     ConEmuBg.obj
 0002:00000894       ??_C@_13OPKGLAFF@?$AAB?$AA?$AA@ 0000000180009894     ConEmuBg.obj
 0002:00000898       ??_C@_11LOCGONAA@?$AA?$AA@ 0000000180009898     ConEmuBg.obj
 0002:000008a0       ??_C@_1EE@FAACFJFL@?$AA?$CF?$AAs?$AA?5?$AAn?$AAo?$AAt?$AA?5?$AAf?$AAo?$AAu?$AAn?$AAd?$AA?5?$AAi?$AAn?$AA?5?$AAt?$AAh?$AAe?$AA?5?$AAp?$AAl?$AAu?$AAg?$AAi?$AAn?$AA?5?$AAf?$AAo?$AAl?$AAd?$AAe@ 00000001800098a0     ConEmuBg.obj
 0002:000008e8       ??_C@_1DI@GHPFDGCO@?$AAC?$AAa?$AAn?$AA?8?$AAt?$AA?5?$AAr?$AAe?$AAa?$AAd?$AA?5?$AA?$CF?$AAu?$AA?5?$AAb?$AAy?$AAt?$AAe?$AAs?$AA?5?$AAf?$AAr?$AAo?$AAm?$AA?5?$AA?$CF?$AAs?$AA?$AA@ 00000001800098e8     ConEmuBg.obj
 0002:00000920       ??_C@_1DO@FEGEOJKO@?$AAC?$AAa?$AAn?$AA?8?$AAt?$AA?5?$AAa?$AAl?$AAl?$AAo?$AAc?$AAa?$AAt?$AAe?$AA?5?$AA?$CF?$AAu?$AA?5?$AAb?$AAy?$AAt?$AAe?$AAs?$AA?5?$AAf?$AAo?$AAr?$AA?5?$AA?$CF?$AAs?$AA?$AA@ 0000000180009920     ConEmuBg.obj
 0002:00000960       ??_C@_1EM@KNLHNKFN@?$AA?$CF?$AAs?$AA?5?$AAf?$AAi?$AAl?$AAe?$AA?5?$AAi?$AAn?$AA?5?$AAt?$AAh?$AAe?$AA?5?$AAp?$AAl?$AAu?$AAg?$AAi?$AAn?$AA?5?$AAf?$AAo?$AAl?$AAd?$AAe?$AAr?$AA?5?$AAi?$AAs?$AA?5@ 0000000180009960     ConEmuBg.obj
 0002:000009b0       ??_C@_1EE@OPEIBADO@?$AAC?$AAa?$AAn?$AA?8?$AAt?$AA?5?$AAi?$AAn?$AAi?$AAt?$AAi?$AAa?$AAl?$AAi?$AAz?$AAe?$AA?5?$AAn?$AAa?$AAm?$AAe?$AA?5?$AAo?$AAf?$AA?5?$AAx?$AAm?$AAl?$AA?5?$AAf?$AAi?$AAl@ 00000001800099b0     ConEmuBg.obj
 0002:00000a00       ??_C@_1GC@JKFCNIDB@?$AAT?$AAo?$AAo?$AA?5?$AAl?$AAo?$AAn?$AAg?$AA?5?$AAx?$AAm?$AAl?$AA?5?$AAp?$AAa?$AAt?$AAh?$AA?5?$AAa?$AAf?$AAt?$AAe?$AAr?$AA?5?$AAE?$AAx?$AAp?$AAa?$AAn?$AAd?$AAE?$AAn@ 0000000180009a00     ConEmuBg.obj
 0002:00000a70       ??_C@_1GM@NPCBAKPP@?$AAf?$AAu?$AAn?$AAc?$AAt?$AAi?$AAo?$AAn?$AA?5?$AAC?$AAr?$AAe?$AAa?$AAt?$AAe?$AAX?$AAm?$AAl?$AAR?$AAe?$AAa?$AAd?$AAe?$AAr?$AA?5?$AAi?$AAn?$AA?5?$AAt?$AAh?$AAe?$AA?5@ 0000000180009a70     ConEmuBg.obj
 0002:00000ae0       ??_C@_0BA@EICHKACL@CreateXmlReader?$AA@ 0000000180009ae0     ConEmuBg.obj
 0002:00000af0       ??_C@_1CM@BLKKKOJI@?$AAx?$AAm?$AAl?$AAl?$AAi?$AAt?$AAe?$AA?4?$AAd?$AAl?$AAl?$AA?5?$AAn?$AAo?$AAt?$AA?5?$AAf?$AAo?$AAu?$AAn?$AAd?$AA?$AA@ 0000000180009af0     ConEmuBg.obj
 0002:00000b20       ??_C@_1BI@DCLCNAFM@?$AAx?$AAm?$AAl?$AAl?$AAi?$AAt?$AAe?$AA?4?$AAd?$AAl?$AAl?$AA?$AA@ 0000000180009b20     ConEmuBg.obj
 0002:00000b40       ??_C@_1HA@MHONNEJA@?$AAC?$AAr?$AAe?$AAa?$AAt?$AAe?$AAC?$AAo?$AAm?$AAp?$AAa?$AAt?$AAi?$AAb?$AAl?$AAe?$AA?$FL?$AAD?$AAC?$AA?$HM?$AAB?$AAi?$AAt?$AAm?$AAa?$AAp?$AA?$FN?$AA?5?$AAf?$AAa?$AAi?$AAl@ 0000000180009b40     ConEmuBg.obj
 0002:00000bb0       ??_C@_1EK@HIHBLDLC@?$AAC?$AAa?$AAn?$AA?8?$AAt?$AA?5?$AAa?$AAl?$AAl?$AAo?$AAc?$AAa?$AAt?$AAe?$AA?5?$AAm?$AAe?$AAm?$AAo?$AAr?$AAy?$AA?5?$AAf?$AAo?$AAr?$AA?5?$AAs?$AAz?$AAF?$AAu?$AAl?$AAl@ 0000000180009bb0     ConEmuBg.obj
 0002:00000c00       ??_C@_1DO@BMBIALGO@?$AAG?$AAe?$AAt?$AAI?$AAm?$AAa?$AAg?$AAe?$AAS?$AAi?$AAz?$AAe?$AA?5?$AAf?$AAa?$AAi?$AAl?$AAe?$AAd?$AA?0?$AA?5?$AAE?$AAr?$AAr?$AA?$DN?$AA?$CF?$AAi?$AA?6?$AA?$CF?$AAs?$AA?$AA@ 0000000180009c00     ConEmuBg.obj
 0002:00000c40       ??_C@_1EG@KBBKNBAB@?$AAC?$AAr?$AAe?$AAa?$AAt?$AAe?$AAC?$AAo?$AAm?$AAp?$AAa?$AAt?$AAi?$AAb?$AAl?$AAe?$AA?$FL?$AAD?$AAC?$AA?$HM?$AAB?$AAi?$AAt?$AAm?$AAa?$AAp?$AA?$FN?$AA?5?$AAf?$AAa?$AAi?$AAl@ 0000000180009c40     ConEmuBg.obj
 0002:00000c88       ??_C@_1DI@COJKFCDM@?$AAG?$AAd?$AAi?$AAp?$AAG?$AAe?$AAt?$AAD?$AAC?$AA?5?$AAf?$AAa?$AAi?$AAl?$AAe?$AAd?$AA?0?$AA?5?$AAE?$AAr?$AAr?$AA?$DN?$AA?$CF?$AAi?$AA?6?$AA?$CF?$AAs?$AA?$AA@ 0000000180009c88     ConEmuBg.obj
 0002:00000cc0       ??_C@_1EM@FGINKPEA@?$AAC?$AAa?$AAn?$AA?8?$AAt?$AA?5?$AAa?$AAl?$AAl?$AAo?$AAc?$AAa?$AAt?$AAe?$AA?5?$AAm?$AAe?$AAm?$AAo?$AAr?$AAy?$AA?5?$AAf?$AAo?$AAr?$AA?5?$AAC?$AAa?$AAc?$AAh?$AAe?$AAd@ 0000000180009cc0     ConEmuBg.obj
 0002:00000d10       ??_C@_1EC@FCMECJAF@?$AAG?$AAd?$AAi?$AAp?$AAD?$AAr?$AAa?$AAw?$AAI?$AAm?$AAa?$AAg?$AAe?$AAI?$AA?5?$AAf?$AAa?$AAi?$AAl?$AAe?$AAd?$AA?0?$AA?5?$AAE?$AAr?$AAr?$AA?$DN?$AA?$CF?$AAi?$AA?6?$AA?$CF?$AAs@ 0000000180009d10     ConEmuBg.obj
 0002:00000d60       ??_C@_1EI@MNPBDJFF@?$AAG?$AAd?$AAi?$AAp?$AAC?$AAr?$AAe?$AAa?$AAt?$AAe?$AAF?$AAr?$AAo?$AAm?$AAH?$AAD?$AAC?$AA?5?$AAf?$AAa?$AAi?$AAl?$AAe?$AAd?$AA?0?$AA?5?$AAE?$AAr?$AAr?$AA?$DN?$AA?$CF?$AAi@ 0000000180009d60     ConEmuBg.obj
 0002:00000da8       ??_C@_1DI@MGMDCCIK@?$AAC?$AAa?$AAn?$AA?8?$AAt?$AA?5?$AAl?$AAo?$AAa?$AAd?$AA?5?$AAi?$AAm?$AAa?$AAg?$AAe?$AA?0?$AA?5?$AAE?$AAr?$AAr?$AA?$DN?$AA?$CF?$AAi?$AA?6?$AA?$CF?$AAs?$AA?$AA@ 0000000180009da8     ConEmuBg.obj
 0002:00000de0       ??_C@_17DCNMIAEN@?$AAr?$AAe?$AAf?$AA?$AA@ 0000000180009de0     ConEmuBg.obj
 0002:00000de8       ??_C@_17EHOCEIDI@?$AAi?$AAm?$AAg?$AA?$AA@ 0000000180009de8     ConEmuBg.obj
 0002:00000df0       ??_C@_1BI@FHFKHMCH@?$AAP?$AAA?$AAN?$AAE?$AAL?$AAF?$AAO?$AAR?$AAM?$AAA?$AAT?$AA?$AA@ 0000000180009df0     ConEmuBg.obj
 0002:00000e08       ??_C@_1BG@DCPGEGPA@?$AAV?$AAO?$AAL?$AAU?$AAM?$AAE?$AAF?$AAR?$AAE?$AAE?$AA?$AA@ 0000000180009e08     ConEmuBg.obj
 0002:00000e20       ??_C@_1BG@CACAJBGP@?$AAV?$AAO?$AAL?$AAU?$AAM?$AAE?$AAS?$AAI?$AAZ?$AAE?$AA?$AA@ 0000000180009e20     ConEmuBg.obj
 0002:00000e38       ??_C@_1O@DFDGIFKD@?$AAV?$AAO?$AAL?$AAU?$AAM?$AAE?$AA?$AA@ 0000000180009e38     ConEmuBg.obj
 0002:00000e48       ??_C@_1M@CNKDNHCK@?$AA?5?$AA?7?$AA?$AN?$AA?6?$AA?$CL?$AA?$AA@ 0000000180009e48     ConEmuBg.obj
 0002:00000e58       ??_C@_1M@NFEAPLNL@?$AAt?$AAi?$AAt?$AAl?$AAe?$AA?$AA@ 0000000180009e58     ConEmuBg.obj
 0002:00000e68       ??_C@_17FDPGNGBJ@?$AAo?$AAf?$AAf?$AA?$AA@ 0000000180009e68     ConEmuBg.obj
 0002:00000e70       ??_C@_1M@GACLNJGJ@?$AAl?$AAa?$AAr?$AAg?$AAe?$AA?$AA@ 0000000180009e70     ConEmuBg.obj
 0002:00000e80       ??_C@_1M@LPGODFOM@?$AAs?$AAp?$AAa?$AAc?$AAe?$AA?$AA@ 0000000180009e80     ConEmuBg.obj
 0002:00000e90       ??_C@_17IHBDLLG@?$AAy?$AAe?$AAs?$AA?$AA@ 0000000180009e90     ConEmuBg.obj
 0002:00000e98       ??_C@_1M@OAJKEOAM@?$AAs?$AAh?$AAi?$AAf?$AAt?$AA?$AA@ 0000000180009e98     ConEmuBg.obj
 0002:00000ea8       ??_C@_1BE@OACCNEKL@?$AAb?$AAg?$AAr?$AA_?$AAl?$AAi?$AAg?$AAh?$AAt?$AA?$AA@ 0000000180009ea8     ConEmuBg.obj
 0002:00000ec0       ??_C@_1BC@JFCNIMOB@?$AAb?$AAg?$AAr?$AA_?$AAd?$AAa?$AAr?$AAk?$AA?$AA@ 0000000180009ec0     ConEmuBg.obj
 0002:00000ed8       ??_C@_17NMNENAKF@?$AAb?$AAg?$AAr?$AA?$AA@ 0000000180009ed8     ConEmuBg.obj
 0002:00000ee0       ??_C@_1BE@OGMDEBBA@?$AAr?$AAg?$AAb?$AA_?$AAl?$AAi?$AAg?$AAh?$AAt?$AA?$AA@ 0000000180009ee0     ConEmuBg.obj
 0002:00000ef8       ??_C@_1BC@NNDMOMJF@?$AAr?$AAg?$AAb?$AA_?$AAd?$AAa?$AAr?$AAk?$AA?$AA@ 0000000180009ef8     ConEmuBg.obj
 0002:00000f10       ??_C@_17PAHGLGBB@?$AAr?$AAg?$AAb?$AA?$AA@ 0000000180009f10     ConEmuBg.obj
 0002:00000f18       ??_C@_1M@EENKLIPJ@?$AAc?$AAo?$AAl?$AAo?$AAr?$AA?$AA@ 0000000180009f18     ConEmuBg.obj
 0002:00000f28       ??_C@_1BC@LGPIFEA@?$AAd?$AAi?$AAs?$AAa?$AAb?$AAl?$AAe?$AAd?$AA?$AA@ 0000000180009f28     ConEmuBg.obj
 0002:00000f40       ??_C@_1O@JODKLKCF@?$AAf?$AAo?$AAr?$AAm?$AAa?$AAt?$AA?$AA@ 0000000180009f40     ConEmuBg.obj
 0002:00000f50       ??_C@_1BE@FDJCBAKA@?$AAp?$AAa?$AAt?$AAh?$AAm?$AAa?$AAt?$AAc?$AAh?$AA?$AA@ 0000000180009f50     ConEmuBg.obj
 0002:00000f68       ??_C@_19LFDMGLCC@?$AAT?$AAE?$AAM?$AAP?$AA?$AA@ 0000000180009f68     ConEmuBg.obj
 0002:00000f78       ??_C@_1BC@FAFPDLON@?$AAp?$AAa?$AAt?$AAh?$AAt?$AAy?$AAp?$AAe?$AA?$AA@ 0000000180009f78     ConEmuBg.obj
 0002:00000f90       ??_C@_1BA@EJELCCEN@?$AAR?$AAA?$AAM?$AAD?$AAI?$AAS?$AAK?$AA?$AA@ 0000000180009f90     ConEmuBg.obj
 0002:00000fa0       ??_C@_1M@NEPFDHKI@?$AAC?$AAD?$AAR?$AAO?$AAM?$AA?$AA@ 0000000180009fa0     ConEmuBg.obj
 0002:00000fb0       ??_C@_1O@OAMNPHFH@?$AAR?$AAE?$AAM?$AAO?$AAT?$AAE?$AA?$AA@ 0000000180009fb0     ConEmuBg.obj
 0002:00000fc0       ??_C@_1M@PEPLLLCM@?$AAF?$AAI?$AAX?$AAE?$AAD?$AA?$AA@ 0000000180009fc0     ConEmuBg.obj
 0002:00000fd0       ??_C@_1BE@JMGCMLBE@?$AAR?$AAE?$AAM?$AAO?$AAV?$AAA?$AAB?$AAL?$AAE?$AA?$AA@ 0000000180009fd0     ConEmuBg.obj
 0002:00000fe8       ??_C@_1BI@BCACJIAB@?$AAN?$AAO?$AA_?$AAR?$AAO?$AAO?$AAT?$AA_?$AAD?$AAI?$AAR?$AA?$AA@ 0000000180009fe8     ConEmuBg.obj
 0002:00001000       ??_C@_1BE@FAHOEFOG@?$AAd?$AAr?$AAi?$AAv?$AAe?$AAt?$AAy?$AAp?$AAe?$AA?$AA@ 000000018000a000     ConEmuBg.obj
 0002:00001018       ??_C@_19FILLMKCG@?$AAI?$AAN?$AAF?$AAO?$AA?$AA@ 000000018000a018     ConEmuBg.obj
 0002:00001028       ??_C@_1M@KIGDKMPO@?$AAQ?$AAV?$AAI?$AAE?$AAW?$AA?$AA@ 000000018000a028     ConEmuBg.obj
 0002:00001038       ??_C@_19EINGHGNA@?$AAT?$AAR?$AAE?$AAE?$AA?$AA@ 000000018000a038     ConEmuBg.obj
 0002:00001048       ??_C@_1O@BDNPEFIG@?$AAP?$AAL?$AAU?$AAG?$AAI?$AAN?$AA?$AA@ 000000018000a048     ConEmuBg.obj
 0002:00001058       ??_C@_1M@EKGBHJEJ@?$AAD?$AAR?$AAI?$AAV?$AAE?$AA?$AA@ 000000018000a058     ConEmuBg.obj
 0002:00001068       ??_C@_1O@EFKGOBLP@?$AAV?$AAI?$AAE?$AAW?$AAE?$AAR?$AA?$AA@ 000000018000a068     ConEmuBg.obj
 0002:00001078       ??_C@_1O@PEPCDNON@?$AAE?$AAD?$AAI?$AAT?$AAO?$AAR?$AA?$AA@ 000000018000a078     ConEmuBg.obj
 0002:00001088       ??_C@_1M@HLGJKDIH@?$AAP?$AAA?$AAN?$AAE?$AAL?$AA?$AA@ 000000018000a088     ConEmuBg.obj
 0002:00001098       ??_C@_1O@OCKFCHPL@?$AAP?$AAA?$AAN?$AAE?$AAL?$AAS?$AA?$AA@ 000000018000a098     ConEmuBg.obj
 0002:000010a8       ??_C@_19FHBCDCCA@?$AAt?$AAy?$AAp?$AAe?$AA?$AA@ 000000018000a0a8     ConEmuBg.obj
 0002:000010b8       ??_C@_1M@HCONLDPB@?$AAp?$AAa?$AAn?$AAe?$AAl?$AA?$AA@ 000000018000a0b8     ConEmuBg.obj
 0002:000010c8       ??_C@_1O@IANIHGAM@?$AAw?$AAi?$AAn?$AAd?$AAo?$AAw?$AA?$AA@ 000000018000a0c8     ConEmuBg.obj
 0002:000010d8       _GUID_7279fc81_709d_4095_b63d_69fe4b0d9030 000000018000a0d8     ConEmuBg.obj
 0002:000010e8       ??_C@_1O@FLJJBOMO@?$AA?2?$AAT?$AAE?$AAM?$AAP?$AA?2?$AA?$AA@ 000000018000a0e8     ConEmuBg.obj
 0002:000010f8       ??_C@_1M@KAKMLIHO@?$AAA?$AAr?$AAi?$AAa?$AAl?$AA?$AA@ 000000018000a0f8     ConEmuBg.obj
 0002:00001110       ??_C@_1EI@KDEPAOIE@?$AAC?$AAo?$AAn?$AAE?$AAm?$AAu?$AAB?$AAk?$AA?3?$AA?5?$AA?$CF?$AAs?$AA?5?$AA?9?$AA?5?$AA?$HL?$AA?$CF?$AAi?$AA?0?$AA?$CF?$AAi?$AA?0?$AA?$CF?$AAi?$AA?0?$AA?$CF?$AAi?$AA?$CJ?$AA?5?$AA?$CD?$AA?$CF?$AA0@ 000000018000a110     ConEmuBg.obj
 0002:00001158       ??_C@_1DA@JALAODAO@?$AAi?$AAm?$AAg?$AA?1?$AAd?$AAr?$AAi?$AAv?$AAe?$AA_?$AAr?$AAe?$AAm?$AAo?$AAv?$AAa?$AAb?$AAl?$AAe?$AA?4?$AAp?$AAn?$AAg?$AA?$AA@ 000000018000a158     ConEmuBg.obj
 0002:00001188       ??_C@_1CM@FDAGABBA@?$AAi?$AAm?$AAg?$AA?1?$AAd?$AAr?$AAi?$AAv?$AAe?$AA_?$AAn?$AAe?$AAt?$AAw?$AAo?$AAr?$AAk?$AA?4?$AAp?$AAn?$AAg?$AA?$AA@ 000000018000a188     ConEmuBg.obj
 0002:000011b8       ??_C@_1CI@DLJJCGCI@?$AAi?$AAm?$AAg?$AA?1?$AAd?$AAr?$AAi?$AAv?$AAe?$AA_?$AAc?$AAd?$AAr?$AAo?$AAm?$AA?4?$AAp?$AAn?$AAg?$AA?$AA@ 000000018000a1b8     ConEmuBg.obj
 0002:000011e0       ??_C@_1CM@NJAGAAPF@?$AAi?$AAm?$AAg?$AA?1?$AAd?$AAr?$AAi?$AAv?$AAe?$AA_?$AAr?$AAa?$AAm?$AAd?$AAi?$AAs?$AAk?$AA?4?$AAp?$AAn?$AAg?$AA?$AA@ 000000018000a1e0     ConEmuBg.obj
 0002:00001210       ??_C@_1CI@FIJFGDPK@?$AAi?$AAm?$AAg?$AA?1?$AAd?$AAr?$AAi?$AAv?$AAe?$AA_?$AAf?$AAi?$AAx?$AAe?$AAd?$AA?4?$AAp?$AAn?$AAg?$AA?$AA@ 000000018000a210     ConEmuBg.obj
 0002:00001238       ??_C@_1BO@KJOLJEJK@?$AAi?$AAm?$AAg?$AA?1?$AAp?$AAl?$AAu?$AAg?$AAi?$AAn?$AA?4?$AAp?$AAn?$AAg?$AA?$AA@ 000000018000a238     ConEmuBg.obj
 0002:00001258       ??_C@_19DKAIAFPE@?$AAL?$AAe?$AAf?$AAt?$AA?$AA@ 000000018000a258     ConEmuBg.obj
 0002:00001270       ??_C@_1FK@LJOGCJPM@?$AAC?$AAo?$AAn?$AAE?$AAm?$AAu?$AAB?$AAk?$AA?3?$AA?5?$AAD?$AAi?$AAs?$AAa?$AAb?$AAl?$AAe?$AAd?$AA?5?$AA?$CF?$AAs?$AA?5?$AA?9?$AA?5?$AA?$HL?$AA?$CF?$AAi?$AA?0?$AA?$CF?$AAi?$AA?0?$AA?$CF@ 000000018000a270     ConEmuBg.obj
 0002:000012d0       ??_C@_1M@KDEMMBOH@?$AAR?$AAi?$AAg?$AAh?$AAt?$AA?$AA@ 000000018000a2d0     ConEmuBg.obj
 0002:000012e0       ??_C@_1FG@IGPHDCHD@?$AAC?$AAo?$AAn?$AAE?$AAm?$AAu?$AAB?$AAk?$AA?3?$AA?5?$AAI?$AAn?$AAv?$AAi?$AAs?$AAi?$AAb?$AAl?$AAe?$AA?5?$AAR?$AAi?$AAg?$AAh?$AAt?$AA?5?$AA?9?$AA?5?$AA?$HL?$AA?$CF?$AAi?$AA?0@ 000000018000a2e0     ConEmuBg.obj
 0002:00001340       ??_C@_1FE@OJCEMPCK@?$AAC?$AAo?$AAn?$AAE?$AAm?$AAu?$AAB?$AAk?$AA?3?$AA?5?$AAI?$AAn?$AAv?$AAi?$AAs?$AAi?$AAb?$AAl?$AAe?$AA?5?$AAL?$AAe?$AAf?$AAt?$AA?5?$AA?9?$AA?5?$AA?$HL?$AA?$CF?$AAi?$AA?0?$AA?$CF@ 000000018000a340     ConEmuBg.obj
 0002:00001398       ??_C@_1BE@POBJGOHE@?$AAC?$AAo?$AAn?$AAE?$AAm?$AAu?$AAB?$AAg?$AA?2?$AA?$AA@ 000000018000a398     ConEmuBg995.obj
 0002:000013b0       ??_C@_1DE@DJEAMLPH@?$AAC?$AAo?$AAn?$AAE?$AAm?$AAu?$AA?4?$AAM?$AAa?$AAx?$AAi?$AAm?$AAu?$AAs?$AA5?$AA?$EA?$AAg?$AAm?$AAa?$AAi?$AAl?$AA?4?$AAc?$AAo?$AAm?$AA?$AA@ 000000018000a3b0     ConEmuBg2800.obj
 0002:000013f0       ??_C@_1GC@GCGDBDMO@?$AAP?$AAa?$AAi?$AAn?$AAt?$AA?5?$AAF?$AAa?$AAr?$AA?5?$AAp?$AAa?$AAn?$AAe?$AAl?$AAs?$AA?5?$AAb?$AAa?$AAc?$AAk?$AAg?$AAr?$AAo?$AAu?$AAn?$AAd?$AA?5?$AAi?$AAn?$AA?5?$AAt@ 000000018000a3f0     ConEmuBg2800.obj
 0002:00001458       ??_C@_1CE@PJKCDLK@?$AAC?$AAo?$AAn?$AAE?$AAm?$AAu?$AA?5?$AAB?$AAa?$AAc?$AAk?$AAg?$AAr?$AAo?$AAu?$AAn?$AAd?$AA?$AA@ 000000018000a458     ConEmuBg2800.obj
 0002:00001480       IID_IUnknown               000000018000a480     uuid:unknwn_i.obj
 0002:00001490       IID_ISequentialStream      000000018000a490     uuid:objidl_i.obj
 0002:000014a0       IID_IStream                000000018000a4a0     uuid:objidl_i.obj
 0002:00001818       __IMPORT_DESCRIPTOR_KERNEL32 000000018000a818     kernel32:KERNEL32.dll
 0002:0000182c       __IMPORT_DESCRIPTOR_USER32 000000018000a82c     user32:USER32.dll
 0002:00001840       __IMPORT_DESCRIPTOR_GDI32  000000018000a840     gdi32:GDI32.dll
 0002:00001854       __IMPORT_DESCRIPTOR_ADVAPI32 000000018000a854     advapi32:ADVAPI32.dll
 0002:00001868       __IMPORT_DESCRIPTOR_ole32  000000018000a868     ole32:ole32.dll
 0002:0000187c       __IMPORT_DESCRIPTOR_VERSION 000000018000a87c     version:VERSION.dll
 0002:00001890       __NULL_IMPORT_DESCRIPTOR   000000018000a890     kernel32:KERNEL32.dll
 0003:00000000       ?gSettings@@3PAUConEmuBgSettings@@A 000000018000c000     ConEmuBg.obj
 0003:00000048       ?szDefaultXmlName@@3PEB_WEB 000000018000c048     ConEmuBg.obj
 0003:00000050       ?Far3Func@@3PAUExportFunc@@A 000000018000c050     ConEmuBg.obj
 0003:00000098       ?guid_ConEmuBg@@3U_GUID@@A 000000018000c098     ConEmuBg2800.obj
 0003:000000a8       ?guid_ConEmuBgCfgDlg@@3U_GUID@@A 000000018000c0a8     ConEmuBg2800.obj
 0003:000000b8       ?guid_ConEmuBgPluginMenu@@3U_GUID@@A 000000018000c0b8     ConEmuBg2800.obj
 0003:000000c8       ?guid_ConEmuBgPluginConfig@@3U_GUID@@A 000000018000c0c8     ConEmuBg2800.obj
 0003:000000e0       ?ghPluginModule@@3PEAUHINSTANCE__@@EA 000000018000c0e0     ConEmuBg.obj
 0003:000000e8       ?gFarVersion@@3UFarVersion@@A 000000018000c0e8     ConEmuBg.obj
 0003:000000f8       ?gbInStartPlugin@@3_NA     000000018000c0f8     ConEmuBg.obj
 0003:000000f9       ?gbSetStartupInfoOk@@3_NA  000000018000c0f9     ConEmuBg.obj
 0003:000000fa       ?gbGdiPlusInitialized@@3_NA 000000018000c0fa     ConEmuBg.obj
 0003:000000fc       ?gbBackgroundEnabled@@3HA  000000018000c0fc     ConEmuBg.obj
 0003:00000100       ?gsXmlConfigFile@@3PA_WA   000000018000c100     ConEmuBg.obj
 0003:00000308       ?gbMonitorFileChange@@3HA  000000018000c308     ConEmuBg.obj
 0003:0000030c       ?gbInfoW_OK@@3HA           000000018000c30c     ConEmuBg.obj
 0003:00000310       ?gfCreateXmlReader@@3P6AJAEBU_GUID@@PEAPEAXPEAX@ZEA 000000018000c310     ConEmuBg.obj
 0003:00000318       ?ghXmlLite@@3PEAUHINSTANCE__@@EA 000000018000c318     ConEmuBg.obj
 0003:00000320       ?XmlFile@@3UXmlConfigFile@@A 000000018000c320     ConEmuBg.obj
 0003:00000340       ?gpszXmlFile@@3PEA_WEA     000000018000c340     ConEmuBg.obj
 0003:00000348       ?gpszXmlFolder@@3PEA_WEA   000000018000c348     ConEmuBg.obj
 0003:00000350       ?ghXmlNotification@@3PEAXEA 000000018000c350     ConEmuBg.obj
 0003:00000358       ?gpDecoder@@3PEAUGDIPlusDecoder@@EA 000000018000c358     ConEmuBg.obj
 0003:00000368       ?InfoW995@@3PEAUPluginStartupInfo@@EA 000000018000c368     ConEmuBg995.obj
 0003:00000370       ?FSFW995@@3PEAUFarStandardFunctions@@EA 000000018000c370     ConEmuBg995.obj
 0003:00000590       ?InfoW1900@@3PEAUPluginStartupInfo@@EA 000000018000c590     ConEmuBg1900.obj
 0003:00000598       ?FSFW1900@@3PEAUFarStandardFunctions@@EA 000000018000c598     ConEmuBg1900.obj
 0003:000007b0       ?InfoW2800@@3PEAUPluginStartupInfo@@EA 000000018000c7b0     ConEmuBg2800.obj
 0003:000007b8       ?FSFW2800@@3PEAUFarStandardFunctions@@EA 000000018000c7b8     ConEmuBg2800.obj
 0003:000009d0       ?InfoA@@3PEAUPluginStartupInfo@@EA 000000018000c9d0     ConEmuBgA.obj
 0003:000009d8       ?FSFA@@3PEAUFarStandardFunctions@@EA 000000018000c9d8     ConEmuBgA.obj
 0003:00000af0       ?AssertMsgBox@@3P6AHPEB_WI0PEAUHWND__@@_N@ZEA 000000018000caf0     MAssert.obj
 0003:00000af8       ?ghHeap@@3PEAXEA           000000018000caf8     Memory.obj

 entry point at        0001:00001d6c

 Static symbols

 0001:0000043c       ?LoadFarVersion@@YA_NAEAUFarVersion@@AEAY0CAA@_W@Z 000000018000143c f   ConEmuBg.obj
 0001:0000065c       ?ChangeExports@@YA_NPEBUExportFunc@@PEAUHINSTANCE__@@@Z 000000018000165c f   ConEmuBg.obj
 0001:00005350       ?ConfigDlgProc@@YA_JPEAXHH_J@Z 0000000180006350 f   ConEmuBg995.obj
 0001:00005428       ?ConfigureProc@@YAHH@Z     0000000180006428 f   ConEmuBg995.obj
 0001:00005ae4       ?ConfigDlgProc@@YA_JPEAXHH0@Z 0000000180006ae4 f   ConEmuBg1900.obj
 0001:00005bbc       ?ConfigureProc@@YAHH@Z     0000000180006bbc f   ConEmuBg1900.obj
 0001:000066b0       ?ConfigDlgProc@@YA_JPEAX_J10@Z 00000001800076b0 f   ConEmuBg2800.obj
 0001:0000678c       ?ConfigureProc@@YAHH@Z     000000018000778c f   ConEmuBg2800.obj
 0001:00007254       ?ConfigDlgProc@@YA_JPEAXHH_J@Z 0000000180008254 f   ConEmuBgA.obj
 0001:0000733c       ?ConfigureProc@@YAHH@Z     000000018000833c f   ConEmuBgA.obj
 0001:00007c60       ?strtoxl@@YAKPEB_WPEAPEA_WHH@Z 0000000180008c60 f   libCRT64:strtol.obj
