 ConEmuTh.x64

 Timestamp is 5416136f (Mon Sep 15 02:15:11 2014)

 Preferred load address is 0000000180000000

 Start         Length     Name                   Class
 0001:00000000 00016be4H .text                   CODE
 0001:00016bf0 0000005eH .text$00                CODE
 0001:00016c50 0000013cH .text$x                 CODE
 0002:00000000 000005e0H .idata$5                DATA
 0002:000005e0 00000008H .CRT$XCA                DATA
 0002:000005e8 00000008H .CRT$XCZ                DATA
 0002:000005f0 00000008H .CRT$XIA                DATA
 0002:000005f8 00000010H .CRT$XIC                DATA
 0002:00000608 00000008H .CRT$XIZ                DATA
 0002:00000610 00000008H .CRT$XPA                DATA
 0002:00000618 00000008H .CRT$XPZ                DATA
 0002:00000620 00000008H .CRT$XTA                DATA
 0002:00000628 00000008H .CRT$XTZ                DATA
 0002:00000630 00001dd8H .rdata                  DATA
 0002:00002408 00000008H .rtc$IAA                DATA
 0002:00002410 00000008H .rtc$IZZ                DATA
 0002:00002418 00000008H .rtc$TAA                DATA
 0002:00002420 00000008H .rtc$TZZ                DATA
 0002:00002428 00000cb8H .xdata                  DATA
 0002:000030e0 0000008cH .idata$2                DATA
 0002:0000316c 00000014H .idata$3                DATA
 0002:00003180 000005e0H .idata$4                DATA
 0002:00003760 00000cbaH .idata$6                DATA
 0002:00004420 0000016cH .edata                  DATA
 0003:00000000 0000109cH .data                   DATA
 0003:000010a0 000028c0H .bss                    DATA
 0004:00000000 00001008H .pdata                  DATA
 0005:00000000 000000e8H .rsrc$01                DATA
 0005:000000f0 00001368H .rsrc$02                DATA

  Address         Publics by Value              Rva+Base               Lib:Object

 0000:00000000       ___safe_se_handler_count   0000000000000000     <absolute>
 0000:00000000       ___safe_se_handler_table   0000000000000000     <absolute>
 0000:00000000       __ImageBase                0000000180000000     <linker-defined>
 0001:00000000       ?CommonShutdown@@YAXXZ     0000000180001000 f   Common.obj
 0001:00000210       GetMinFarVersionW          0000000180001210 f   ConEmuTh.obj
 0001:00000218       ?GetPluginInfoWcmn@@YAXPEAX@Z 0000000180001218 f   ConEmuTh.obj
 0001:00000248       ?GetMainThreadId@@YAKXZ    0000000180001248 f   ConEmuTh.obj
 0001:00000444       ?LoadFarVersion@@YAHXZ     0000000180001444 f   ConEmuTh.obj
 0001:00000494       ?OpenW@@YAPEAXPEBUOpenInfo@@@Z 0000000180001494 f   ConEmuTh.obj
 0001:000004c4       ?ShowMessage@@YAHHH@Z      00000001800014c4 f   ConEmuTh.obj
 0001:00000510       ?GetMsgW@@YAPEB_WH@Z       0000000180001510 f   ConEmuTh.obj
 0001:0000055c       ?PostMacro@@YAXPEA_W@Z     000000018000155c f   ConEmuTh.obj
 0001:000006ec       ?ShowPluginMenu@@YAHXZ     00000001800016ec f   ConEmuTh.obj
 0001:00000738       ?CheckPanelSettings@@YAHH@Z 0000000180001738 f   ConEmuTh.obj
 0001:00000784       ?LoadPanelItemInfo@@YAXPEAUCeFullPanelInfo@@_J@Z 0000000180001784 f   ConEmuTh.obj
 0001:000007d0       ?GetActivePanel@@YAPEAUCeFullPanelInfo@@XZ 00000001800017d0 f   ConEmuTh.obj
 0001:00000814       ?ResetUngetBuffer@@YAXXZ   0000000180001814 f   ConEmuTh.obj
 0001:00000824       ?OnPreReadConsole@@YAHPEAXPEAU_INPUT_RECORD@@KPEAKPEAH@Z 0000000180001824 f   ConEmuTh.obj
 0001:00000840       ?ShowLastError@@YAHXZ      0000000180001840 f   ConEmuTh.obj
 0001:000008bc       ?CheckWindows@@YA_NXZ      00000001800018bc f   ConEmuTh.obj
 0001:0000095c       ?CheckVarsInitialized@@YAXXZ 000000018000195c f   ConEmuTh.obj
 0001:00000a94       ?ExecuteInMainThread@@YAXPEAUConEmuThSynchroArg@@@Z 0000000180001a94 f   ConEmuTh.obj
 0001:00000b18       ?GetFarRect@@YAHPEAU_SMALL_RECT@@@Z 0000000180001b18 f   ConEmuTh.obj
 0001:00000b94       ?SettingsLoad@@YAHPEB_WPEAK@Z 0000000180001b94 f   ConEmuTh.obj
 0001:00000be0       ?SettingsLoadReg@@YAHPEB_W0PEAK@Z 0000000180001be0 f   ConEmuTh.obj
 0001:00000c80       ?SettingsSave@@YAXPEB_WPEAK@Z 0000000180001c80 f   ConEmuTh.obj
 0001:00000ccc       ?SettingsSaveReg@@YAXPEB_W0PEAK@Z 0000000180001ccc f   ConEmuTh.obj
 0001:00000d54       ?SavePanelViewState@@YAXHK@Z 0000000180001d54 f   ConEmuTh.obj
 0001:00000d94       ?isPreloadByDefault@@YA_NXZ 0000000180001d94 f   ConEmuTh.obj
 0001:00000dbc       ?FreeUserData@CePluginPanelItem@@QEAAXXZ 0000000180001dbc f   ConEmuTh.obj
 0001:00000e10       ?FreeItem@CePluginPanelItem@@QEAAXXZ 0000000180001e10 f   ConEmuTh.obj
 0001:00000e30       ?StringCchCopyW@@YAJPEA_W_KPEB_W@Z 0000000180001e30 f i ConEmuTh.obj
 0001:00000e9c       DllMain                    0000000180001e9c f   ConEmuTh.obj
 0001:00000f34       ?ReloadResourcesW@@YAXXZ   0000000180001f34 f   ConEmuTh.obj
 0001:00000fd0       ?ReloadPanelsInfo@@YAXXZ   0000000180001fd0 f   ConEmuTh.obj
 0001:00001194       ?OnPreWriteConsoleOutput@@YAHPEAXPEBU_CHAR_INFO@@U_COORD@@2PEAU_SMALL_RECT@@@Z 0000000180002194 f   ConEmuTh.obj
 0001:00001310       ?IsThumbnailsActive@@YAPEAUCeFullPanelInfo@@H@Z 0000000180002310 f   ConEmuTh.obj
 0001:00001540       ?SettingsLoadOther@@YAXPEB_W@Z 0000000180002540 f   ConEmuTh.obj
 0001:000016a0       ??$wcscpy_c@$0CAI@@@YAHAEAY0CAI@_WPEB_W@Z 00000001800026a0 f i ConEmuTh.obj
 0001:000016ec       ?ProcessConsoleInput@@YAHHPEAU_INPUT_RECORD@@KPEAK@Z 00000001800026ec f   ConEmuTh.obj
 0001:00001a14       ?UpdateEnvVar@@YAXH@Z      0000000180002a14 f   ConEmuTh.obj
 0001:00001a44       ?InitName@?$MFileMapping@Utag_DetectedDialog@@@@QEAAPEB_WPEB_WKK@Z 0000000180002a44 f i ConEmuTh.obj
 0001:00001a44       ?InitName@?$MFileMapping@UPanelViewSetMapping@@@@QEAAPEB_WPEB_WKK@Z 0000000180002a44 f i ConEmuTh.obj
 0001:00001adc       ?InternalOpenCreate@?$MFileMapping@Utag_DetectedDialog@@@@IEAAPEAUtag_DetectedDialog@@HHH@Z 0000000180002adc f i ConEmuTh.obj
 0001:00001c90       ?InternalOpenCreate@?$MFileMapping@UPanelViewSetMapping@@@@IEAAPEAUPanelViewSetMapping@@HHH@Z 0000000180002c90 f i ConEmuTh.obj
 0001:00001e44       ?OnPostPeekConsole@@YAHPEAXPEAU_INPUT_RECORD@@KPEAKPEAH@Z 0000000180002e44 f   ConEmuTh.obj
 0001:00001e84       ?OnPostReadConsole@@YAHPEAXPEAU_INPUT_RECORD@@KPEAKPEAH@Z 0000000180002e84 f   ConEmuTh.obj
 0001:00001ec8       ?ExitPlugin@@YAXXZ         0000000180002ec8 f   ConEmuTh.obj
 0001:00002028       ExitFARW                   0000000180003028 f   ConEmuTh.obj
 0001:00002028       ?ExitFARW3@@YAXPEAX@Z      0000000180003028 f   ConEmuTh.obj
 0001:00002064       ?OnReadyForPanelsReload@@YAXXZ 0000000180003064 f   ConEmuTh.obj
 0001:000021d4       ProcessSynchroEventW       00000001800031d4 f   ConEmuTh.obj
 0001:00002340       ?LoadThSet@@YAHK@Z         0000000180003340 f   ConEmuTh.obj
 0001:000024a0       ?CheckConEmu@@YAHH@Z       00000001800034a0 f   ConEmuTh.obj
 0001:000025a8       ?StartPlugin@@YAXH@Z       00000001800035a8 f   ConEmuTh.obj
 0001:0000270c       ?OnPrePeekConsole@@YAHPEAXPEAU_INPUT_RECORD@@KPEAKPEAH@Z 000000018000370c f   ConEmuTh.obj
 0001:000027d0       ?EntryPoint@@YAXH_J_N@Z    00000001800037d0 f   ConEmuTh.obj
 0001:00002974       SetStartupInfoW            0000000180003974 f   ConEmuTh.obj
 0001:000029d4       ?OpenPluginWcmn@@YAPEAXH_J_N@Z 00000001800039d4 f   ConEmuTh.obj
 0001:00002a40       ?GetStdIndex@Far3Color@@SAHK@Z 0000000180003a40 f i ConEmuTh1900.obj
 0001:00002ad8       ?Color2FgIndex@Far3Color@@SAXKAEAG@Z 0000000180003ad8 f i ConEmuTh1900.obj
 0001:00002bbc       ?Color2BgIndex@Far3Color@@SAXKHAEAG@Z 0000000180003bbc f i ConEmuTh1900.obj
 0001:00002cc0       ?FarColor_3_2@@YAEAEBUFarColor@@@Z 0000000180003cc0 f i ConEmuTh1900.obj
 0001:00002d64       ?GetPluginInfoW1900@@YAXPEAX@Z 0000000180003d64 f   ConEmuTh1900.obj
 0001:00002dd4       ?SetStartupInfoW1900@@YAXPEAX@Z 0000000180003dd4 f   ConEmuTh1900.obj
 0001:00002f10       ?OpenW1900@@YAPEAXPEBX@Z   0000000180003f10 f   ConEmuTh1900.obj
 0001:00002f10       ?OpenW2800@@YAPEAXPEBX@Z   0000000180003f10 f   ConEmuTh2800.obj
 0001:00002f7c       ?ExitFARW1900@@YAXXZ       0000000180003f7c f   ConEmuTh1900.obj
 0001:00002fb8       ?ShowMessageW1900@@YAHPEB_WH@Z 0000000180003fb8 f   ConEmuTh1900.obj
 0001:00003048       ?ShowMessageW1900@@YAHHH@Z 0000000180004048 f   ConEmuTh1900.obj
 0001:0000308c       ?GetMsgW1900@@YAPEB_WH@Z   000000018000408c f   ConEmuTh1900.obj
 0001:000030c0       ?PostMacroW1900@@YAXPEA_W@Z 00000001800040c0 f   ConEmuTh1900.obj
 0001:0000314c       ?ShowPluginMenuW1900@@YAHXZ 000000018000414c f   ConEmuTh1900.obj
 0001:00003380       ?LoadPanelItemInfoW1900@@YAXPEAUCeFullPanelInfo@@_J@Z 0000000180004380 f   ConEmuTh1900.obj
 0001:00003744       ?LoadPanelInfoW1900@@YAHH@Z 0000000180004744 f   ConEmuTh1900.obj
 0001:00003ba8       ?ReloadPanelsInfoW1900@@YAXXZ 0000000180004ba8 f   ConEmuTh1900.obj
 0001:00003bcc       ?SetCurrentPanelItemW1900@@YAXH_J0@Z 0000000180004bcc f   ConEmuTh1900.obj
 0001:00003d00       ?CheckPanelSettingsW1900@@YAHH@Z 0000000180004d00 f   ConEmuTh1900.obj
 0001:00003dd0       ?ExecuteInMainThreadW1900@@YAXPEAUConEmuThSynchroArg@@@Z 0000000180004dd0 f   ConEmuTh1900.obj
 0001:00003dfc       ?GetFarRectW1900@@YAXPEAU_SMALL_RECT@@@Z 0000000180004dfc f   ConEmuTh1900.obj
 0001:00003e4c       ?CheckFarPanelsW1900@@YA_NXZ 0000000180004e4c f   ConEmuTh1900.obj
 0001:00003ea8       ?SettingsLoadW1900@@YAHPEB_WPEAK@Z 0000000180004ea8 f   ConEmuTh1900.obj
 0001:00003f74       ?SettingsSaveW1900@@YAXPEB_WPEAK@Z 0000000180004f74 f   ConEmuTh1900.obj
 0001:00004054       GetGlobalInfoW             0000000180005054 f   ConEmuTh2800.obj
 0001:00004108       ?GetPluginInfoW2800@@YAXPEAX@Z 0000000180005108 f   ConEmuTh2800.obj
 0001:00004178       ?SetStartupInfoW2800@@YAXPEAX@Z 0000000180005178 f   ConEmuTh2800.obj
 0001:000042b4       ?ProcessSynchroEventW3@@YA_JPEAX@Z 00000001800052b4 f   ConEmuTh2800.obj
 0001:000042cc       ?ExitFARW2800@@YAXXZ       00000001800052cc f   ConEmuTh2800.obj
 0001:00004308       ?ShowMessageW2800@@YAHPEB_WH@Z 0000000180005308 f   ConEmuTh2800.obj
 0001:00004398       ?ShowMessageW2800@@YAHHH@Z 0000000180005398 f   ConEmuTh2800.obj
 0001:000043dc       ?GetMsgW2800@@YAPEB_WH@Z   00000001800053dc f   ConEmuTh2800.obj
 0001:00004410       ?PostMacroW2800@@YAXPEA_W@Z 0000000180005410 f   ConEmuTh2800.obj
 0001:0000449c       ?ShowPluginMenuW2800@@YAHXZ 000000018000549c f   ConEmuTh2800.obj
 0001:000046d0       ?FreePanelItemUserData2800@@YAXPEAX_KP6A_JXZ@Z 00000001800056d0 f   ConEmuTh2800.obj
 0001:00004704       ?LoadPanelItemInfoW2800@@YAXPEAUCeFullPanelInfo@@_J@Z 0000000180005704 f   ConEmuTh2800.obj
 0001:00004b28       ?LoadPanelInfoW2800@@YAHH@Z 0000000180005b28 f   ConEmuTh2800.obj
 0001:00004f90       ?ReloadPanelsInfoW2800@@YAXXZ 0000000180005f90 f   ConEmuTh2800.obj
 0001:00004fb4       ?SetCurrentPanelItemW2800@@YAXH_J0@Z 0000000180005fb4 f   ConEmuTh2800.obj
 0001:000050f0       ?CheckPanelSettingsW2800@@YAHH@Z 00000001800060f0 f   ConEmuTh2800.obj
 0001:000051c0       ?ExecuteInMainThreadW2800@@YAXPEAUConEmuThSynchroArg@@@Z 00000001800061c0 f   ConEmuTh2800.obj
 0001:000051ec       ?GetFarRectW2800@@YAXPEAU_SMALL_RECT@@@Z 00000001800061ec f   ConEmuTh2800.obj
 0001:0000523c       ?CheckFarPanelsW2800@@YA_NXZ 000000018000623c f   ConEmuTh2800.obj
 0001:00005298       ?SettingsLoadW2800@@YAHPEB_WPEAK@Z 0000000180006298 f   ConEmuTh2800.obj
 0001:00005368       ?SettingsSaveW2800@@YAXPEB_WPEAK@Z 0000000180006368 f   ConEmuTh2800.obj
 0001:00005450       ?GetPluginInfoW995@@YAXPEAX@Z 0000000180006450 f   ConEmuTh995.obj
 0001:000054c8       ?SetStartupInfoW995@@YAXPEAX@Z 00000001800064c8 f   ConEmuTh995.obj
 0001:00005668       OpenPluginW                0000000180006668 f   ConEmuTh995.obj
 0001:00005690       ?ExitFARW995@@YAXXZ        0000000180006690 f   ConEmuTh995.obj
 0001:000056e4       ?ShowMessageW995@@YAHPEB_WH@Z 00000001800066e4 f   ConEmuTh995.obj
 0001:00005720       ?ShowMessageW995@@YAHHH@Z  0000000180006720 f   ConEmuTh995.obj
 0001:00005760       ?GetMsgW995@@YAPEB_WH@Z    0000000180006760 f   ConEmuTh995.obj
 0001:00005790       ?PostMacroW995@@YAXPEA_W@Z 0000000180006790 f   ConEmuTh995.obj
 0001:000057f8       ?ShowPluginMenuW995@@YAHXZ 00000001800067f8 f   ConEmuTh995.obj
 0001:0000597c       ?LoadPanelItemInfoW995@@YAXPEAUCeFullPanelInfo@@_J@Z 000000018000697c f   ConEmuTh995.obj
 0001:00005b6c       ?LoadPanelInfo995@@YAHH@Z  0000000180006b6c f   ConEmuTh995.obj
 0001:00005e8c       ?ReloadPanelsInfoW995@@YAXXZ 0000000180006e8c f   ConEmuTh995.obj
 0001:00005eb0       ?SetCurrentPanelItemW995@@YAXH_J0@Z 0000000180006eb0 f   ConEmuTh995.obj
 0001:00005fbc       ?CheckPanelSettingsW995@@YAHH@Z 0000000180006fbc f   ConEmuTh995.obj
 0001:00006038       ?ExecuteInMainThreadW995@@YAXPEAUConEmuThSynchroArg@@@Z 0000000180007038 f   ConEmuTh995.obj
 0001:00006060       ?GetFarRectW995@@YAXPEAU_SMALL_RECT@@@Z 0000000180007060 f   ConEmuTh995.obj
 0001:000060ac       ?CheckFarPanelsW995@@YA_NXZ 00000001800070ac f   ConEmuTh995.obj
 0001:0000610c       ?SettingsLoadW995@@YAHPEB_WPEAK@Z 000000018000710c f   ConEmuTh995.obj
 0001:00006120       ?SettingsSaveW995@@YAXPEB_WPEAK@Z 0000000180007120 f   ConEmuTh995.obj
 0001:00006134       ?SettingsLoadOtherW995@@YAXXZ 0000000180007134 f   ConEmuTh995.obj
 0001:00006140       GetMinFarVersion           0000000180007140 f   ConEmuThA.obj
 0001:00006178       GetPluginInfo              0000000180007178 f   ConEmuThA.obj
 0001:000061f8       ExitFAR                    00000001800071f8 f   ConEmuThA.obj
 0001:00006254       ?ShowMessageA@@YAHPEBDH@Z  0000000180007254 f   ConEmuThA.obj
 0001:0000629c       ?ShowMessageA@@YAHHH@Z     000000018000729c f   ConEmuThA.obj
 0001:000062e8       ?PostMacroA@@YAXPEAD@Z     00000001800072e8 f   ConEmuThA.obj
 0001:00006350       ?ShowPluginMenuA@@YAHXZ    0000000180007350 f   ConEmuThA.obj
 0001:000064f8       ?GetMsgA@@YAPEB_WHPEA_W@Z  00000001800074f8 f   ConEmuThA.obj
 0001:000065f4       ?LoadPanelInfoA@@YAHH@Z    00000001800075f4 f   ConEmuThA.obj
 0001:00006a08       ?ReloadPanelsInfoA@@YAXXZ  0000000180007a08 f   ConEmuThA.obj
 0001:00006a2c       ?SetCurrentPanelItemA@@YAXH_J0@Z 0000000180007a2c f   ConEmuThA.obj
 0001:00006b4c       ?CheckPanelSettingsA@@YAHH@Z 0000000180007b4c f   ConEmuThA.obj
 0001:00006bd4       ?CheckFarPanelsA@@YA_NXZ   0000000180007bd4 f   ConEmuThA.obj
 0001:00006c3c       ?SettingsLoadA@@YAHPEB_WPEAK@Z 0000000180007c3c f   ConEmuThA.obj
 0001:00006c50       ?SettingsSaveA@@YAXPEB_WPEAK@Z 0000000180007c50 f   ConEmuThA.obj
 0001:00006c64       ?SettingsLoadOtherA@@YAXXZ 0000000180007c64 f   ConEmuThA.obj
 0001:00006c70       ?ReloadResourcesA@@YAXXZ   0000000180007c70 f   ConEmuThA.obj
 0001:00006d2c       SetStartupInfo             0000000180007d2c f   ConEmuThA.obj
 0001:00006ef4       OpenPlugin                 0000000180007ef4 f   ConEmuThA.obj
 0001:00006f30       ?GetIndexFromWndCoord@CeFullPanelInfo@@QEAAHHHAEA_J@Z 0000000180007f30 f   Display.obj
 0001:00006fc8       ?GetConCoordFromIndex@CeFullPanelInfo@@QEAAH_JAEAU_COORD@@@Z 0000000180007fc8 f   Display.obj
 0001:00007088       ?LoadItemColors@CeFullPanelInfo@@QEAAX_JPEAUCePluginPanelItem@@PEAUCePluginPanelItemColor@@HH@Z 0000000180008088 f   Display.obj
 0001:00007300       ?GetItemColors@CeFullPanelInfo@@QEAAPEAUHBRUSH__@@_JPEAUCePluginPanelItem@@PEAUCePluginPanelItemColor@@HAEAK3@Z 0000000180008300 f   Display.obj
 0001:00007370       ?CalcTopPanelItem@CeFullPanelInfo@@QEAA_J_J0@Z 0000000180008370 f   Display.obj
 0001:00007444       ?DisplayReloadPanel@CeFullPanelInfo@@QEAAXXZ 0000000180008444 f   Display.obj
 0001:00007480       ?UnregisterPanelView@CeFullPanelInfo@@QEAAH_N@Z 0000000180008480 f   Display.obj
 0001:0000759c       ?RequestSetPos@CeFullPanelInfo@@QEAAX_J0H@Z 000000018000859c f   Display.obj
 0001:00007684       ?ReallocItems@CeFullPanelInfo@@QEAAH_J@Z 0000000180008684 f   Display.obj
 0001:000077ec       ?FarItem2CeItem@CeFullPanelInfo@@QEAAH_JPEB_W1KU_FILETIME@@_KHPEAX3P6A_JXZ3K@Z 00000001800087ec f   Display.obj
 0001:00007b4c       ?BisItem2CeItem@CeFullPanelInfo@@QEAAH_JH_KKKHH@Z 0000000180008b4c f   Display.obj
 0001:00007bf0       ?DrawItemText@CeFullPanelInfo@@QEAAHPEAUHDC__@@PEAUtagRECT@@1PEAUCePluginPanelItem@@PEB_WPEAUHBRUSH__@@H@Z 0000000180008bf0 f   Display.obj
 0001:00008220       ?Close@CeFullPanelInfo@@QEAAXXZ 0000000180009220 f   Display.obj
 0001:00008268       ?FinalRelease@CeFullPanelInfo@@QEAAXXZ 0000000180009268 f   Display.obj
 0001:0000837c       ?PaintItem@CeFullPanelInfo@@QEAAHPEAUHDC__@@_JHHPEAUCePluginPanelItem@@PEAUCePluginPanelItemColor@@HHPEAUHBRUSH__@@4K@Z 000000018000937c f   Display.obj
 0001:000088ec       ?Invalidate@CeFullPanelInfo@@QEAAXXZ 00000001800098ec f   Display.obj
 0001:00008940       ?Paint@CeFullPanelInfo@@QEAAXPEAUHWND__@@AEAUtagPAINTSTRUCT@@AEAUtagRECT@@@Z 0000000180009940 f   Display.obj
 0001:00009388       ?OnSettingsChanged@CeFullPanelInfo@@QEAAHH@Z 000000018000a388 f   Display.obj
 0001:0000944c       ?DisplayWndProc@CeFullPanelInfo@@SA_JPEAUHWND__@@I_K_J@Z 000000018000a44c f   Display.obj
 0001:000099f8       ?InvalidateAll@CeFullPanelInfo@@SAXXZ 000000018000a9f8 f   Display.obj
 0001:00009a48       ?RegisterPanelView@CeFullPanelInfo@@QEAAHXZ 000000018000aa48 f   Display.obj
 0001:00009d18       ?CreateView@CeFullPanelInfo@@QEAAPEAUHWND__@@XZ 000000018000ad18 f   Display.obj
 0001:0000a0c0       ?DisplayThread@CeFullPanelInfo@@SAKPEAX@Z 000000018000b0c0 f   Display.obj
 0001:0000a1e0       ?LoadModules@CImgCache@@IEAAXXZ 000000018000b1e0 f   ImgCache.obj
 0001:0000a4a4       ?FreeModules@CImgCache@@IEAAXXZ 000000018000b4a4 f   ImgCache.obj
 0001:0000a578       ?SetCacheLocation@CImgCache@@QEAAXPEB_W@Z 000000018000b578 f   ImgCache.obj
 0001:0000a5f0       ?CheckLoadDibCreated@CImgCache@@IEAAHXZ 000000018000b5f0 f   ImgCache.obj
 0001:0000a750       ?CheckDrawDibCreated@CImgCache@@IEAAHXZ 000000018000b750 f   ImgCache.obj
 0001:0000a8b0       ?FindInCache@CImgCache@@IEAAHPEAUCePluginPanelItem@@PEAHI@Z 000000018000b8b0 f   ImgCache.obj
 0001:0000aab8       ?CopyBits@CImgCache@@IEAAXU_COORD@@PEAEK01@Z 000000018000bab8 f   ImgCache.obj
 0001:0000ab40       ?LoadShellIcon@CImgCache@@QEAAHPEAUIMAGE_CACHE_INFO@@H@Z 000000018000bb40 f   ImgCache.obj
 0001:0000ae8c       ?LoadThumbnail@CImgCache@@QEAAHPEAUIMAGE_CACHE_INFO@@@Z 000000018000be8c f   ImgCache.obj
 0001:0000b5a4       ??0?$CQueueProcessor@PEAUIMAGE_CACHE_INFO@@@@QEAA@XZ 000000018000c5a4 f i ImgCache.obj
 0001:0000b614       ?IsStopRequested@?$CQueueProcessor@PEAUIMAGE_CACHE_INFO@@@@UEAA_NAEBQEAUIMAGE_CACHE_INFO@@@Z 000000018000c614 f i ImgCache.obj
 0001:0000b624       ?ProcessItem@?$CQueueProcessor@PEAUIMAGE_CACHE_INFO@@@@MEAAJAEAPEAUIMAGE_CACHE_INFO@@_J@Z 000000018000c624 f i ImgCache.obj
 0001:0000b62c       ?IsTerminationRequested@CImgLoader@@UEAA_NXZ 000000018000c62c f i ImgCache.obj
 0001:0000b62c       ?IsTerminationRequested@?$CQueueProcessor@PEAUIMAGE_CACHE_INFO@@@@MEAA_NXZ 000000018000c62c f i ImgCache.obj
 0001:0000b630       ?CopyItem@?$CQueueProcessor@PEAUIMAGE_CACHE_INFO@@@@MEAAXPEBQEAUIMAGE_CACHE_INFO@@PEAPEAU2@@Z 000000018000c630 f i ImgCache.obj
 0001:0000b650       ?OnItemFailed@?$CQueueProcessor@PEAUIMAGE_CACHE_INFO@@@@MEAAXAEAPEAUIMAGE_CACHE_INFO@@_J@Z 000000018000c650 f i ImgCache.obj
 0001:0000b650       ?OnItemReady@?$CQueueProcessor@PEAUIMAGE_CACHE_INFO@@@@MEAAXAEAPEAUIMAGE_CACHE_INFO@@_J@Z 000000018000c650 f i ImgCache.obj
 0001:0000b650       _initp_misc_winxfltr       000000018000c650 f i libcmt:winxfltr.obj
 0001:0000b650       ?LoadPanelItemInfoA@@YAXPEAUCeFullPanelInfo@@_J@Z 000000018000c650 f i ConEmuThA.obj
 0001:0000b650       ?ApplyChanges@?$CQueueProcessor@PEAUIMAGE_CACHE_INFO@@@@MEAAXAEAPEAUIMAGE_CACHE_INFO@@AEBQEAU2@@Z 000000018000c650 f i ImgCache.obj
 0001:0000b650       ?SettingsLoadOtherW2800@@YAXXZ 000000018000c650 f i ConEmuTh2800.obj
 0001:0000b650       ?FreeItem@?$CQueueProcessor@PEAUIMAGE_CACHE_INFO@@@@MEAAXAEBQEAUIMAGE_CACHE_INFO@@@Z 000000018000c650 f i ImgCache.obj
 0001:0000b650       ?SettingsLoadOtherW1900@@YAXXZ 000000018000c650 f i ConEmuTh1900.obj
 0001:0000b650       ?OnThreadStopped@?$CQueueProcessor@PEAUIMAGE_CACHE_INFO@@@@MEAAXXZ 000000018000c650 f i ImgCache.obj
 0001:0000b654       ?IsEqual@?$CQueueProcessor@PEAUIMAGE_CACHE_INFO@@@@MEAA_NAEBQEAUIMAGE_CACHE_INFO@@_J01@Z 000000018000c654 f i ImgCache.obj
 0001:0000b674       ?ClearQueue@?$CQueueProcessor@PEAUIMAGE_CACHE_INFO@@@@AEAAXXZ 000000018000c674 f i ImgCache.obj
 0001:0000b6fc       ?InitializeQueue@?$CQueueProcessor@PEAUIMAGE_CACHE_INFO@@@@AEAAXH@Z 000000018000c6fc f i ImgCache.obj
 0001:0000b7a0       ?ProcessItem@?$CQueueProcessor@PEAUIMAGE_CACHE_INFO@@@@IEAAJPEAUProcessingItem@1@@Z 000000018000c7a0 f i ImgCache.obj
 0001:0000b7cc       ??0CImgCache@@QEAA@PEAUHINSTANCE__@@@Z 000000018000c7cc f   ImgCache.obj
 0001:0000b908       ?PaintItem@CImgCache@@QEAAHPEAUHDC__@@HHHPEAUCePluginPanelItem@@PEAPEB_WPEAH@Z 000000018000c908 f   ImgCache.obj
 0001:0000be6c       ?FindOrCreate@?$CQueueProcessor@PEAUIMAGE_CACHE_INFO@@@@AEAAPEAUProcessingItem@1@AEBQEAUIMAGE_CACHE_INFO@@_J_NW4ProcessingPriority@@@Z 000000018000ce6c f i ImgCache.obj
 0001:0000c0bc       ?ProcessingStep@?$CQueueProcessor@PEAUIMAGE_CACHE_INFO@@@@IEAA_NXZ 000000018000d0bc f i ImgCache.obj
 0001:0000c2cc       ??$SafeDelete@UMSectionSimple@@@@YAXAEAPEAUMSectionSimple@@@Z 000000018000d2cc f i ImgCache.obj
 0001:0000c2f4       ?Reset@CImgCache@@QEAAXXZ  000000018000d2f4 f   ImgCache.obj
 0001:0000c4bc       ?Init@CImgCache@@QEAAXK@Z  000000018000d4bc f   ImgCache.obj
 0001:0000c51c       ??1?$CQueueProcessor@PEAUIMAGE_CACHE_INFO@@@@QEAA@XZ 000000018000d51c f i ImgCache.obj
 0001:0000c5c4       ?ProcessingThread@?$CQueueProcessor@PEAUIMAGE_CACHE_INFO@@@@KAKPEAX@Z 000000018000d5c4 f i ImgCache.obj
 0001:0000c5f4       ?OnThreadStarted@CImgLoader@@UEAAJXZ 000000018000d5f4 f i ImgCache.obj
 0001:0000c608       ?OnThreadStopped@CImgLoader@@UEAAXXZ 000000018000d608 f i ImgCache.obj
 0001:0000c610       ?IsEqual@CImgLoader@@UEAA_NAEAPEBUIMAGE_CACHE_INFO@@_JAEAPEAU2@1@Z 000000018000d610 f i ImgCache.obj
 0001:0000c628       ?CheckHighPriority@CImgLoader@@UEAA_NAEAPEBUIMAGE_CACHE_INFO@@@Z 000000018000d628 f i ImgCache.obj
 0001:0000c628       ?CheckHighPriority@?$CQueueProcessor@PEAUIMAGE_CACHE_INFO@@@@MEAA_NAEBQEAUIMAGE_CACHE_INFO@@@Z 000000018000d628 f i ImgCache.obj
 0001:0000c62c       ?ProcessItem@CImgLoader@@UEAAJAEAPEAUIMAGE_CACHE_INFO@@_J@Z 000000018000d62c f i ImgCache.obj
 0001:0000c684       ?CheckThread@?$CQueueProcessor@PEAUIMAGE_CACHE_INFO@@@@IEAAJXZ 000000018000d684 f i ImgCache.obj
 0001:0000c744       ??1CImgCache@@QEAA@XZ      000000018000d744 f   ImgCache.obj
 0001:0000c80c       ?RequestItem@CImgCache@@QEAAHPEAUCePluginPanelItem@@I@Z 000000018000d80c f   ImgCache.obj
 0001:0000c908       ?HeapInitialize@@YA_NXZ    000000018000d908 f   Memory.obj
 0001:0000c940       ?HeapDeinitialize@@YAXXZ   000000018000d940 f   Memory.obj
 0001:0000c964       ?xf_malloc@@YAPEAX_K@Z     000000018000d964 f   Memory.obj
 0001:0000c964       ??2@YAPEAX_K@Z             000000018000d964 f   Memory.obj
 0001:0000c978       ?xf_calloc@@YAPEAX_K0@Z    000000018000d978 f   Memory.obj
 0001:0000c994       ?xf_free@@YAXPEAX@Z        000000018000d994 f   Memory.obj
 0001:0000c9bc       ??3@YAXPEAX@Z              000000018000d9bc f   Memory.obj
 0001:0000c9c4       ?lstrdup@@YAPEA_WPEB_W_K@Z 000000018000d9c4 f   Memory.obj
 0001:0000ca40       ??0MSection@@QEAA@XZ       000000018000da40 f   MSection.obj
 0001:0000cad8       ??1MSection@@QEAA@XZ       000000018000dad8 f   MSection.obj
 0001:0000cb50       ?AddRef@MSection@@IEAAXK@Z 000000018000db50 f   MSection.obj
 0001:0000cbf0       ?ReleaseRef@MSection@@IEAAHK@Z 000000018000dbf0 f   MSection.obj
 0001:0000cc94       ?WaitUnlocked@MSection@@IEAAXKK@Z 000000018000dc94 f   MSection.obj
 0001:0000cd28       ?MyEnterCriticalSection@MSection@@IEAA_NK@Z 000000018000dd28 f   MSection.obj
 0001:0000ce5c       ?Lock@MSection@@IEAAHHK@Z  000000018000de5c f   MSection.obj
 0001:0000cf60       ?Unlock@MSection@@IEAAXH@Z 000000018000df60 f   MSection.obj
 0001:0000cfb8       ??0MSectionLock@@QEAA@XZ   000000018000dfb8 f   MSection.obj
 0001:0000cfc8       ?Lock@MSectionLock@@QEAAHPEAVMSection@@HK@Z 000000018000dfc8 f   MSection.obj
 0001:0000d01c       ?Unlock@MSectionLock@@QEAAXXZ 000000018000e01c f   MSection.obj
 0001:0000d048       ??1MSectionLock@@QEAA@XZ   000000018000e048 f   MSection.obj
 0001:0000d06c       ?Init@MSectionSimple@@QEAAXXZ 000000018000e06c f   MSectionSimple.obj
 0001:0000d08c       ??1MSectionSimple@@QEAA@XZ 000000018000e08c f   MSectionSimple.obj
 0001:0000d08c       ?Close@MSectionSimple@@QEAAXXZ 000000018000e08c f   MSectionSimple.obj
 0001:0000d0ac       ?Enter@MSectionSimple@@QEAAXXZ 000000018000e0ac f   MSectionSimple.obj
 0001:0000d0b4       ?Leave@MSectionSimple@@QEAAXXZ 000000018000e0b4 f   MSectionSimple.obj
 0001:0000d0bc       ?TryEnter@MSectionSimple@@QEAA_NXZ 000000018000e0bc f   MSectionSimple.obj
 0001:0000d0e4       ?RecreateAndLock@MSectionSimple@@QEAA_NXZ 000000018000e0e4 f   MSectionSimple.obj
 0001:0000d154       ??0MSectionLockSimple@@QEAA@XZ 000000018000e154 f   MSectionSimple.obj
 0001:0000d160       ?Unlock@MSectionLockSimple@@QEAAXXZ 000000018000e160 f   MSectionSimple.obj
 0001:0000d188       ??0MSectionSimple@@QEAA@_N@Z 000000018000e188 f   MSectionSimple.obj
 0001:0000d1c0       ??1MSectionLockSimple@@QEAA@XZ 000000018000e1c0 f   MSectionSimple.obj
 0001:0000d1d4       ?Lock@MSectionLockSimple@@QEAAHPEAUMSectionSimple@@K@Z 000000018000e1d4 f   MSectionSimple.obj
 0001:0000d26c       ?LoadAdvApi@MNullDesc@@IEAAHXZ 000000018000e26c f i MSecurity.obj
 0001:0000d404       ?LocalSecurity@MNullDesc@@QEAAPEAU_SECURITY_ATTRIBUTES@@XZ 000000018000e404 f i MSecurity.obj
 0001:0000d5b8       ?LocalSecurity@@YAPEAU_SECURITY_ATTRIBUTES@@XZ 000000018000e5b8 f   MSecurity.obj
 0001:0000d618       ?ShutdownSecurity@@YAXXZ   000000018000e618 f   MSecurity.obj
 0001:0000d67c       ?msprintf@@YAPEB_WPEA_W_KPEB_WZZ 000000018000e67c f   MStrSafe.obj
 0001:0000da68       ??0CRgnDetect@@QEAA@XZ     000000018000ea68 f   RgnDetect.obj
 0001:0000db3c       ??1CRgnDetect@@QEAA@XZ     000000018000eb3c f   RgnDetect.obj
 0001:0000db98       ?GetDetectedDialogsPtr@CRgnDetect@@QEBAPEBUtag_DetectedDialog@@XZ 000000018000eb98 f   RgnDetect.obj
 0001:0000dba0       ?GetFlags@CRgnDetect@@QEBAKXZ 000000018000eba0 f   RgnDetect.obj
 0001:0000dba8       ?FindFrameRight_ByBottom@CRgnDetect@@IEAA_NPEA_WPEAUtag_CharAttr@@HHAEAH22@Z 000000018000eba8 f   RgnDetect.obj
 0001:0000dc80       ?FindFrameLeft_ByBottom@CRgnDetect@@IEAA_NPEA_WPEAUtag_CharAttr@@HHAEAH22@Z 000000018000ec80 f   RgnDetect.obj
 0001:0000dd4c       ?FindFrameTop_ByLeft@CRgnDetect@@IEAA_NPEA_WPEAUtag_CharAttr@@HHAEAH22@Z 000000018000ed4c f   RgnDetect.obj
 0001:0000ddfc       ?FindFrameTop_ByRight@CRgnDetect@@IEAA_NPEA_WPEAUtag_CharAttr@@HHAEAH22@Z 000000018000edfc f   RgnDetect.obj
 0001:0000dee4       ?FindFrameBottom_ByRight@CRgnDetect@@IEAA_NPEA_WPEAUtag_CharAttr@@HHAEAH22@Z 000000018000eee4 f   RgnDetect.obj
 0001:0000dfc0       ?FindFrameBottom_ByLeft@CRgnDetect@@IEAA_NPEA_WPEAUtag_CharAttr@@HHAEAH22@Z 000000018000efc0 f   RgnDetect.obj
 0001:0000e074       ?FindDialog_Inner@CRgnDetect@@IEAA_NPEA_WPEAUtag_CharAttr@@HHAEAH2@Z 000000018000f074 f   RgnDetect.obj
 0001:0000e1e0       ?FindFrame_TopLeft@CRgnDetect@@IEAA_NPEA_WPEAUtag_CharAttr@@HHAEAH222@Z 000000018000f1e0 f   RgnDetect.obj
 0001:0000e2e0       ?ExpandDialogFrame@CRgnDetect@@IEAA_NPEA_WPEAUtag_CharAttr@@HHAEAH2HH22@Z 000000018000f2e0 f   RgnDetect.obj
 0001:0000e57c       ?FindByBackground@CRgnDetect@@IEAA_NPEA_WPEAUtag_CharAttr@@HHAEAH222AEA_N@Z 000000018000f57c f   RgnDetect.obj
 0001:0000e67c       ?MarkDialog@CRgnDetect@@IEAAHPEA_WPEAUtag_CharAttr@@HHHHHH_N2K@Z 000000018000f67c f   RgnDetect.obj
 0001:0000f050       ?OnWindowSizeChanged@CRgnDetect@@QEAAXXZ 0000000180010050 f   RgnDetect.obj
 0001:0000f058       ?OnWriteConsoleOutput@CRgnDetect@@QEAAXPEBU_CHAR_INFO@@U_COORD@@1PEAU_SMALL_RECT@@PEBK@Z 0000000180010058 f   RgnDetect.obj
 0001:0000f2a4       ?SetFarRect@CRgnDetect@@QEAAXPEAU_SMALL_RECT@@@Z 00000001800102a4 f   RgnDetect.obj
 0001:0000f328       ?TextWidth@CRgnDetect@@QEAAHXZ 0000000180010328 f   RgnDetect.obj
 0001:0000f354       ?TextHeight@CRgnDetect@@QEAAHXZ 0000000180010354 f   RgnDetect.obj
 0001:0000f380       ?GetCharAttr@CRgnDetect@@QEAAHHHAEA_WAEAUtag_CharAttr@@@Z 0000000180010380 f   RgnDetect.obj
 0001:0000f410       ?FindFrameRight_ByTop@CRgnDetect@@IEAA_NPEA_WPEAUtag_CharAttr@@HHAEAH22@Z 0000000180010410 f   RgnDetect.obj
 0001:0000f54c       ?FindFrameLeft_ByTop@CRgnDetect@@IEAA_NPEA_WPEAUtag_CharAttr@@HHAEAH22@Z 000000018001054c f   RgnDetect.obj
 0001:0000f6b4       ?FindDialog_TopLeft@CRgnDetect@@IEAA_NPEA_WPEAUtag_CharAttr@@HHAEAH222AEA_N@Z 00000001800106b4 f   RgnDetect.obj
 0001:0000f7c4       ?FindDialog_TopRight@CRgnDetect@@IEAA_NPEA_WPEAUtag_CharAttr@@HHAEAH222AEA_N@Z 00000001800107c4 f   RgnDetect.obj
 0001:0000f8dc       ?FindDialog_Left@CRgnDetect@@IEAA_NPEA_WPEAUtag_CharAttr@@HHAEAH222AEA_N@Z 00000001800108dc f   RgnDetect.obj
 0001:0000faec       ?FindDialog_Right@CRgnDetect@@IEAA_NPEA_WPEAUtag_CharAttr@@HHAEAH222AEA_N@Z 0000000180010aec f   RgnDetect.obj
 0001:0000fc54       ?FindDialog_Any@CRgnDetect@@IEAA_NPEA_WPEAUtag_CharAttr@@HHAEAH222AEA_N@Z 0000000180010c54 f   RgnDetect.obj
 0001:0000fee8       ?DetectDialog@CRgnDetect@@IEAA_NPEA_WPEAUtag_CharAttr@@HHHHPEAH2@Z 0000000180010ee8 f   RgnDetect.obj
 0001:00010350       ?InitializeSBI@CRgnDetect@@QEAAHPEBK@Z 0000000180011350 f   RgnDetect.obj
 0001:00010794       ?PrepareTransparent@CRgnDetect@@QEAAXPEBUCEFAR_INFO_MAPPING@@PEBKPEBU_CONSOLE_SCREEN_BUFFER_INFO@@PEA_WPEAUtag_CharAttr@@HH@Z 0000000180011794 f   RgnDetect.obj
 0001:00011010       ?PrepareTransparent@CRgnDetect@@QEAAXPEBUCEFAR_INFO_MAPPING@@PEBK@Z 0000000180012010 f   RgnDetect.obj
 0001:000110e4       ?apiShowWindow@@YAHPEAUHWND__@@H@Z 00000001800120e4 f   WinObjects.obj
 0001:000110ec       ?isTerminalMode@@YA_NXZ    00000001800120ec f   WinObjects.obj
 0001:00011324       ?PointToName@@YAPEB_WPEB_W@Z 0000000180012324 f   WinObjects.obj
 0001:0001137e       VerQueryValueW             000000018001237e f   version:VERSION.dll
 0001:00011384       GetFileVersionInfoW        0000000180012384 f   version:VERSION.dll
 0001:0001138a       GetFileVersionInfoSizeW    000000018001238a f   version:VERSION.dll
 0001:000113a0       memset                     00000001800123a0 f   libcmt:memset.obj
 0001:000114a0       memmove                    00000001800124a0     libcmt:memcpy.obj
 0001:000114a0       memcpy                     00000001800124a0 f   libcmt:memcpy.obj
 0001:000117d4       wcsrchr                    00000001800127d4 f   libcmt:wcsrchr.obj
 0001:00011810       memcmp                     0000000180012810 f   libcmt:memcmp.obj
 0001:000118d8       wcschr                     00000001800128d8 f   libcmt:wcschr.obj
 0001:000118f8       __C_specific_handler       00000001800128f8 f   libcmt:chandler.obj
 0001:00011a9c       wcspbrk                    0000000180012a9c f   libcmt:wcspbrk.obj
 0001:00011ad4       _CRT_INIT                  0000000180012ad4 f   libcmt:dllcrt0.obj
 0001:00011d28       _DllMainCRTStartup         0000000180012d28 f   libcmt:dllcrt0.obj
 0001:00011d80       _local_unwind              0000000180012d80 f   libcmt:jmpuwind.obj
 0001:00011db0       _NLG_Notify                0000000180012db0 f   libcmt:jmpuwind.obj
 0001:00011dd0       __NLG_Dispatch2            0000000180012dd0 f   libcmt:jmpuwind.obj
 0001:00011de0       __NLG_Return2              0000000180012de0 f   libcmt:jmpuwind.obj
 0001:00011df0       _ValidateImageBase         0000000180012df0 f   libcmt:pesect.obj
 0001:00011e20       _FindPESection             0000000180012e20 f   libcmt:pesect.obj
 0001:00011e70       _IsNonwritableInCurrentImage 0000000180012e70 f   libcmt:pesect.obj
 0001:00011eb4       _encode_pointer            0000000180012eb4 f   libcmt:tidtable.obj
 0001:00011ebc       _encoded_null              0000000180012ebc f   libcmt:tidtable.obj
 0001:00011ec8       _decode_pointer            0000000180012ec8 f   libcmt:tidtable.obj
 0001:00011ed0       ?OnThreadStarted@?$CQueueProcessor@PEAUIMAGE_CACHE_INFO@@@@MEAAJXZ 0000000180012ed0 f   ImgCache.obj
 0001:00011ed0       __set_flsgetvalue          0000000180012ed0 f   libcmt:tidtable.obj
 0001:00011ed4       _mtterm                    0000000180012ed4 f   libcmt:tidtable.obj
 0001:00011efc       _initptd                   0000000180012efc f   libcmt:tidtable.obj
 0001:00011fb0       _getptd_noexit             0000000180012fb0 f   libcmt:tidtable.obj
 0001:00012034       _getptd                    0000000180013034 f   libcmt:tidtable.obj
 0001:00012058       _freefls                   0000000180013058 f   libcmt:tidtable.obj
 0001:00012190       _freeptd                   0000000180013190 f   libcmt:tidtable.obj
 0001:000121d0       _mtinit                    00000001800131d0 f   libcmt:tidtable.obj
 0001:00012254       free                       0000000180013254 f   libcmt:free.obj
 0001:00012294       _malloc_crt                0000000180013294 f   libcmt:crtheap.obj
 0001:00012300       _calloc_crt                0000000180013300 f   libcmt:crtheap.obj
 0001:00012384       _realloc_crt               0000000180013384 f   libcmt:crtheap.obj
 0001:0001240c       _amsg_exit                 000000018001340c f   libcmt:crt0dat.obj
 0001:0001243c       __crtCorExitProcess        000000018001343c f   libcmt:crt0dat.obj
 0001:00012478       __crtExitProcess           0000000180013478 f   libcmt:crt0dat.obj
 0001:00012490       _lockexit                  0000000180013490 f   libcmt:crt0dat.obj
 0001:0001249c       _unlockexit                000000018001349c f   libcmt:crt0dat.obj
 0001:000124dc       _initterm_e                00000001800134dc f   libcmt:crt0dat.obj
 0001:00012518       _cinit                     0000000180013518 f   libcmt:crt0dat.obj
 0001:00012754       _exit                      0000000180013754 f   libcmt:crt0dat.obj
 0001:00012760       _cexit                     0000000180013760 f   libcmt:crt0dat.obj
 0001:00012770       _init_pointers             0000000180013770 f   libcmt:crt0dat.obj
 0001:000127d8       _ioinit                    00000001800137d8 f   libcmt:ioinit.obj
 0001:00012ac8       _ioterm                    0000000180013ac8 f   libcmt:ioinit.obj
 0001:00012b34       _setenvp                   0000000180013b34 f   libcmt:stdenvp.obj
 0001:00012e34       _setargv                   0000000180013e34 f   libcmt:stdargv.obj
 0001:00012f2c       __crtGetEnvironmentStringsA 0000000180013f2c f   libcmt:a_env.obj
 0001:000130e0       _RTC_Initialize            00000001800140e0 f   libcmt:_initsect_.obj
 0001:00013118       _RTC_Terminate             0000000180014118 f   libcmt:_initsect_.obj
 0001:00013150       _heap_init                 0000000180014150 f   libcmt:heapinit.obj
 0001:0001319c       _heap_term                 000000018001419c f   libcmt:heapinit.obj
 0001:000131bc       _XcptFilter                00000001800141bc f   libcmt:winxfltr.obj
 0001:0001338c       __CppXcptFilter            000000018001438c f   libcmt:winxfltr.obj
 0001:000133ac       __security_init_cookie     00000001800143ac f   libcmt:gs_support.obj
 0001:00013460       _mtinitlocks               0000000180014460 f   libcmt:mlock.obj
 0001:000134ec       _mtdeletelocks             00000001800144ec f   libcmt:mlock.obj
 0001:00013570       _unlock                    0000000180014570 f   libcmt:mlock.obj
 0001:00013588       _mtinitlocknum             0000000180014588 f   libcmt:mlock.obj
 0001:00013670       _lock                      0000000180014670 f   libcmt:mlock.obj
 0001:000136b4       __freetlocinfo             00000001800146b4 f   libcmt:setlocal.obj
 0001:00013830       __addlocaleref             0000000180014830 f   libcmt:setlocal.obj
 0001:000138c8       __removelocaleref          00000001800148c8 f   libcmt:setlocal.obj
 0001:000139c8       __updatetlocinfo           00000001800149c8 f   libcmt:setlocal.obj
 0001:00013cb8       __updatetmbcinfo           0000000180014cb8 f   libcmt:mbctype.obj
 0001:00013d74       ??0_LocaleUpdate@@QEAA@PEAUlocaleinfo_struct@@@Z 0000000180014d74 f i libcmt:mbctype.obj
 0001:00013eb0       _setmbcp_nolock            0000000180014eb0 f   libcmt:mbctype.obj
 0001:00014128       _setmbcp                   0000000180015128 f   libcmt:mbctype.obj
 0001:00014320       __initmbctable             0000000180015320 f   libcmt:mbctype.obj
 0001:00014348       _get_errno_from_oserr      0000000180015348 f   libcmt:dosmap.obj
 0001:00014390       _errno                     0000000180015390 f   libcmt:dosmap.obj
 0001:000143b0       malloc                     00000001800153b0 f   libcmt:malloc.obj
 0001:00014468       _calloc_impl               0000000180015468 f   libcmt:calloc_impl.obj
 0001:00014518       realloc                    0000000180015518 f   libcmt:realloc.obj
 0001:000145ec       _NMSG_WRITE                00000001800155ec f   libcmt:crt0msg.obj
 0001:00014814       _FF_MSGBANNER              0000000180015814 f   libcmt:crt0msg.obj
 0001:00014858       _initp_misc_invarg         0000000180015858 f   libcmt:invarg.obj
 0001:00014860       _invoke_watson             0000000180015860 f   libcmt:invarg.obj
 0001:00014988       _invalid_parameter         0000000180015988 f   libcmt:invarg.obj
 0001:00014a10       __onexitinit               0000000180015a10 f   libcmt:onexit.obj
 0001:00014a54       _onexit                    0000000180015a54 f   libcmt:onexit.obj
 0001:00014b5c       atexit                     0000000180015b5c f   libcmt:onexit.obj
 0001:00014b74       _initp_misc_cfltcvt_tab    0000000180015b74 f   libcmt:cmiscdat.obj
 0001:00014bac       ?terminate@@YAXXZ          0000000180015bac f   libcmt:hooks.obj
 0001:00014bd0       _initp_eh_hooks            0000000180015bd0 f   libcmt:hooks.obj
 0001:00014bec       _initp_misc_winsig         0000000180015bec f   libcmt:winsig.obj
 0001:00014c0c       __get_sigabrt              0000000180015c0c f   libcmt:winsig.obj
 0001:00014c18       raise                      0000000180015c18 f   libcmt:winsig.obj
 0001:00014e8c       _initp_misc_rand_s         0000000180015e8c f   libcmt:rand_s.obj
 0001:00014e94       _initp_misc_purevirt       0000000180015e94 f   libcmt:inithelp.obj
 0001:00014e9c       _initp_misc_initcrit       0000000180015e9c f   libcmt:initcrit.obj
 0001:00014ea4       __crtInitCritSecAndSpinCount 0000000180015ea4 f   libcmt:initcrit.obj
 0001:00014edc       _initp_heap_handler        0000000180015edc f   libcmt:handler.obj
 0001:00014ee4       _callnewh                  0000000180015ee4 f   libcmt:handler.obj
 0001:00014f18       strcpy_s                   0000000180015f18 f   libcmt:strcpy_s.obj
 0001:00014fa0       strlen                     0000000180015fa0 f   libcmt:strlen.obj
 0001:000150c4       _ismbblead                 00000001800160c4 f   libcmt:ismbbyte.obj
 0001:000150d8       __free_lc_time             00000001800160d8 f   libcmt:inittime.obj
 0001:000152c4       __free_lconv_num           00000001800162c4 f   libcmt:initnum.obj
 0001:0001530c       __free_lconv_mon           000000018001630c f   libcmt:initmon.obj
 0001:000153a4       strcat_s                   00000001800163a4 f   libcmt:strcat_s.obj
 0001:00015430       strncpy_s                  0000000180016430 f   libcmt:strncpy_s.obj
 0001:00015520       strcmp                     0000000180016520 f   libcmt:strcmp.obj
 0001:000155d0       __GSHandlerCheckCommon     00000001800165d0 f   libcmt:gshandler.obj
 0001:00015634       __GSHandlerCheck           0000000180016634 f   libcmt:gshandler.obj
 0001:00015670       __security_check_cookie    0000000180016670 f   libcmt:amdsecgs.obj
 0001:000158fc       __crtGetStringTypeA        00000001800168fc f   libcmt:a_str.obj
 0001:000159a0       strncmp                    00000001800169a0 f   libcmt:strncmp.obj
 0001:00015f98       __crtLCMapStringA          0000000180016f98 f   libcmt:a_map.obj
 0001:00016030       _msize                     0000000180017030 f   libcmt:msize.obj
 0001:00016078       __crtMessageBoxA           0000000180017078 f   libcmt:crtmbox.obj
 0001:0001626c       _set_error_mode            000000018001726c f   libcmt:errmode.obj
 0001:000162bc       __crt_debugger_hook        00000001800172bc f   libcmt:dbghook.obj
 0001:000162c4       _fptrap                    00000001800172c4 f   libcmt:crt0fp.obj
 0001:000162d0       abort                      00000001800172d0 f   libcmt:abort.obj
 0001:00016374       _isleadbyte_l              0000000180017374 f i libcmt:_wctype.obj
 0001:000163c0       atol                       00000001800173c0 f   libcmt:atox.obj
 0001:000163cc       __report_gsfailure         00000001800173cc f   libcmt:gs_report.obj
 0001:00016518       __ansicp                   0000000180017518 f   libcmt:convrtcp.obj
 0001:0001656c       __convertcp                000000018001756c f   libcmt:convrtcp.obj
 0001:000167f4       _isctype_l                 00000001800177f4 f   libcmt:isctype.obj
 0001:00016b84       strtol                     0000000180017b84 f   libcmt:strtol.obj
 0001:00016bb4       Thread32Next               0000000180017bb4 f   kernel32:KERNEL32.dll
 0001:00016bba       Thread32First              0000000180017bba f   kernel32:KERNEL32.dll
 0001:00016bc0       CreateToolhelp32Snapshot   0000000180017bc0 f   kernel32:KERNEL32.dll
 0001:00016bc6       Process32NextW             0000000180017bc6 f   kernel32:KERNEL32.dll
 0001:00016bcc       Process32FirstW            0000000180017bcc f   kernel32:KERNEL32.dll
 0001:00016bd2       RtlUnwindEx                0000000180017bd2 f   kernel32:KERNEL32.dll
 0001:00016bd8       RtlVirtualUnwind           0000000180017bd8 f   kernel32:KERNEL32.dll
 0001:00016bde       RtlLookupFunctionEntry     0000000180017bde f   kernel32:KERNEL32.dll
 0001:00016c00       _alloca_probe              0000000180017c00     libcmt:chkstk.obj
 0001:00016c00       __chkstk                   0000000180017c00 f   libcmt:chkstk.obj
 0002:00000000       __imp_RegCreateKeyExW      0000000180018000     advapi32:ADVAPI32.dll
 0002:00000008       __imp_RegSetValueExW       0000000180018008     advapi32:ADVAPI32.dll
 0002:00000010       __imp_RegOpenKeyExW        0000000180018010     advapi32:ADVAPI32.dll
 0002:00000018       __imp_RegQueryValueExW     0000000180018018     advapi32:ADVAPI32.dll
 0002:00000020       __imp_RegCloseKey          0000000180018020     advapi32:ADVAPI32.dll
 0002:00000028       \177ADVAPI32_NULL_THUNK_DATA 0000000180018028     advapi32:ADVAPI32.dll
 0002:00000030       __imp_CreateCompatibleBitmap 0000000180018030     gdi32:GDI32.dll
 0002:00000038       __imp_CreateCompatibleDC   0000000180018038     gdi32:GDI32.dll
 0002:00000040       __imp_CreateFontW          0000000180018040     gdi32:GDI32.dll
 0002:00000048       __imp_BitBlt               0000000180018048     gdi32:GDI32.dll
 0002:00000050       __imp_CreateDIBSection     0000000180018050     gdi32:GDI32.dll
 0002:00000058       __imp_GdiFlush             0000000180018058     gdi32:GDI32.dll
 0002:00000060       __imp_GetObjectW           0000000180018060     gdi32:GDI32.dll
 0002:00000068       __imp_StretchBlt           0000000180018068     gdi32:GDI32.dll
 0002:00000070       __imp_GdiAlphaBlend        0000000180018070     gdi32:GDI32.dll
 0002:00000078       __imp_SetStretchBltMode    0000000180018078     gdi32:GDI32.dll
 0002:00000080       __imp_DeleteDC             0000000180018080     gdi32:GDI32.dll
 0002:00000088       __imp_SelectObject         0000000180018088     gdi32:GDI32.dll
 0002:00000090       __imp_Rectangle            0000000180018090     gdi32:GDI32.dll
 0002:00000098       __imp_SetTextColor         0000000180018098     gdi32:GDI32.dll
 0002:000000a0       __imp_SetBkColor           00000001800180a0     gdi32:GDI32.dll
 0002:000000a8       __imp_CreatePen            00000001800180a8     gdi32:GDI32.dll
 0002:000000b0       __imp_MoveToEx             00000001800180b0     gdi32:GDI32.dll
 0002:000000b8       __imp_LineTo               00000001800180b8     gdi32:GDI32.dll
 0002:000000c0       __imp_GetStockObject       00000001800180c0     gdi32:GDI32.dll
 0002:000000c8       __imp_CreateSolidBrush     00000001800180c8     gdi32:GDI32.dll
 0002:000000d0       __imp_DeleteObject         00000001800180d0     gdi32:GDI32.dll
 0002:000000d8       \177GDI32_NULL_THUNK_DATA  00000001800180d8     gdi32:GDI32.dll
 0002:000000e0       __imp_LocalAlloc           00000001800180e0     kernel32:KERNEL32.dll
 0002:000000e8       __imp_lstrcmpW             00000001800180e8     kernel32:KERNEL32.dll
 0002:000000f0       __imp_FileTimeToSystemTime 00000001800180f0     kernel32:KERNEL32.dll
 0002:000000f8       __imp_GetExitCodeThread    00000001800180f8     kernel32:KERNEL32.dll
 0002:00000100       __imp_Sleep                0000000180018100     kernel32:KERNEL32.dll
 0002:00000108       __imp_WaitForMultipleObjects 0000000180018108     kernel32:KERNEL32.dll
 0002:00000110       __imp_CreateThread         0000000180018110     kernel32:KERNEL32.dll
 0002:00000118       __imp_CreateEventW         0000000180018118     kernel32:KERNEL32.dll
 0002:00000120       __imp_SetEvent             0000000180018120     kernel32:KERNEL32.dll
 0002:00000128       __imp_FindClose            0000000180018128     kernel32:KERNEL32.dll
 0002:00000130       __imp_FindNextFileW        0000000180018130     kernel32:KERNEL32.dll
 0002:00000138       __imp_FreeLibrary          0000000180018138     kernel32:KERNEL32.dll
 0002:00000140       __imp_LoadLibraryW         0000000180018140     kernel32:KERNEL32.dll
 0002:00000148       __imp_FindFirstFileW       0000000180018148     kernel32:KERNEL32.dll
 0002:00000150       __imp_GetTempPathW         0000000180018150     kernel32:KERNEL32.dll
 0002:00000158       __imp_GetTickCount         0000000180018158     kernel32:KERNEL32.dll
 0002:00000160       __imp_IsBadReadPtr         0000000180018160     kernel32:KERNEL32.dll
 0002:00000168       __imp_CreateFileW          0000000180018168     kernel32:KERNEL32.dll
 0002:00000170       __imp_ResetEvent           0000000180018170     kernel32:KERNEL32.dll
 0002:00000178       __imp_HeapCreate           0000000180018178     kernel32:KERNEL32.dll
 0002:00000180       __imp_HeapDestroy          0000000180018180     kernel32:KERNEL32.dll
 0002:00000188       __imp_HeapAlloc            0000000180018188     kernel32:KERNEL32.dll
 0002:00000190       __imp_HeapReAlloc          0000000180018190     kernel32:KERNEL32.dll
 0002:00000198       __imp_HeapFree             0000000180018198     kernel32:KERNEL32.dll
 0002:000001a0       __imp_OpenThread           00000001800181a0     kernel32:KERNEL32.dll
 0002:000001a8       __imp_InitializeCriticalSection 00000001800181a8     kernel32:KERNEL32.dll
 0002:000001b0       __imp_DeleteCriticalSection 00000001800181b0     kernel32:KERNEL32.dll
 0002:000001b8       __imp_EnterCriticalSection 00000001800181b8     kernel32:KERNEL32.dll
 0002:000001c0       __imp_LeaveCriticalSection 00000001800181c0     kernel32:KERNEL32.dll
 0002:000001c8       __imp_TryEnterCriticalSection 00000001800181c8     kernel32:KERNEL32.dll
 0002:000001d0       __imp_VerifyVersionInfoW   00000001800181d0     kernel32:KERNEL32.dll
 0002:000001d8       __imp_VerSetConditionMask  00000001800181d8     kernel32:KERNEL32.dll
 0002:000001e0       __imp_ReadConsoleOutputW   00000001800181e0     kernel32:KERNEL32.dll
 0002:000001e8       __imp_GetConsoleScreenBufferInfo 00000001800181e8     kernel32:KERNEL32.dll
 0002:000001f0       __imp_GetCurrentProcess    00000001800181f0     kernel32:KERNEL32.dll
 0002:000001f8       __imp_Process32NextW       00000001800181f8     kernel32:KERNEL32.dll
 0002:00000200       __imp_Process32FirstW      0000000180018200     kernel32:KERNEL32.dll
 0002:00000208       __imp_WriteFile            0000000180018208     kernel32:KERNEL32.dll
 0002:00000210       __imp_lstrlenA             0000000180018210     kernel32:KERNEL32.dll
 0002:00000218       __imp_RtlUnwindEx          0000000180018218     kernel32:KERNEL32.dll
 0002:00000220       __imp_FlsSetValue          0000000180018220     kernel32:KERNEL32.dll
 0002:00000228       __imp_GetCommandLineA      0000000180018228     kernel32:KERNEL32.dll
 0002:00000230       __imp_EncodePointer        0000000180018230     kernel32:KERNEL32.dll
 0002:00000238       __imp_DecodePointer        0000000180018238     kernel32:KERNEL32.dll
 0002:00000240       __imp_FlsGetValue          0000000180018240     kernel32:KERNEL32.dll
 0002:00000248       __imp_FlsFree              0000000180018248     kernel32:KERNEL32.dll
 0002:00000250       __imp_SetLastError         0000000180018250     kernel32:KERNEL32.dll
 0002:00000258       __imp_FlsAlloc             0000000180018258     kernel32:KERNEL32.dll
 0002:00000260       __imp_ExitProcess          0000000180018260     kernel32:KERNEL32.dll
 0002:00000268       __imp_SetHandleCount       0000000180018268     kernel32:KERNEL32.dll
 0002:00000270       __imp_GetFileType          0000000180018270     kernel32:KERNEL32.dll
 0002:00000278       __imp_GetStartupInfoA      0000000180018278     kernel32:KERNEL32.dll
 0002:00000280       __imp_GetModuleFileNameA   0000000180018280     kernel32:KERNEL32.dll
 0002:00000288       __imp_FreeEnvironmentStringsA 0000000180018288     kernel32:KERNEL32.dll
 0002:00000290       __imp_GetEnvironmentStrings 0000000180018290     kernel32:KERNEL32.dll
 0002:00000298       __imp_FreeEnvironmentStringsW 0000000180018298     kernel32:KERNEL32.dll
 0002:000002a0       __imp_GetEnvironmentStringsW 00000001800182a0     kernel32:KERNEL32.dll
 0002:000002a8       __imp_HeapSetInformation   00000001800182a8     kernel32:KERNEL32.dll
 0002:000002b0       __imp_QueryPerformanceCounter 00000001800182b0     kernel32:KERNEL32.dll
 0002:000002b8       __imp_GetSystemTimeAsFileTime 00000001800182b8     kernel32:KERNEL32.dll
 0002:000002c0       __imp_GetCPInfo            00000001800182c0     kernel32:KERNEL32.dll
 0002:000002c8       __imp_MultiByteToWideChar  00000001800182c8     kernel32:KERNEL32.dll
 0002:000002d0       __imp_GetOEMCP             00000001800182d0     kernel32:KERNEL32.dll
 0002:000002d8       __imp_IsValidCodePage      00000001800182d8     kernel32:KERNEL32.dll
 0002:000002e0       __imp_TerminateProcess     00000001800182e0     kernel32:KERNEL32.dll
 0002:000002e8       __imp_UnhandledExceptionFilter 00000001800182e8     kernel32:KERNEL32.dll
 0002:000002f0       __imp_SetUnhandledExceptionFilter 00000001800182f0     kernel32:KERNEL32.dll
 0002:000002f8       __imp_IsDebuggerPresent    00000001800182f8     kernel32:KERNEL32.dll
 0002:00000300       __imp_RtlVirtualUnwind     0000000180018300     kernel32:KERNEL32.dll
 0002:00000308       __imp_RtlLookupFunctionEntry 0000000180018308     kernel32:KERNEL32.dll
 0002:00000310       __imp_RtlCaptureContext    0000000180018310     kernel32:KERNEL32.dll
 0002:00000318       __imp_LoadLibraryA         0000000180018318     kernel32:KERNEL32.dll
 0002:00000320       __imp_InitializeCriticalSectionAndSpinCount 0000000180018320     kernel32:KERNEL32.dll
 0002:00000328       __imp_GetLocaleInfoA       0000000180018328     kernel32:KERNEL32.dll
 0002:00000330       __imp_GetStringTypeA       0000000180018330     kernel32:KERNEL32.dll
 0002:00000338       __imp_GetStringTypeW       0000000180018338     kernel32:KERNEL32.dll
 0002:00000340       __imp_LCMapStringA         0000000180018340     kernel32:KERNEL32.dll
 0002:00000348       __imp_LCMapStringW         0000000180018348     kernel32:KERNEL32.dll
 0002:00000350       __imp_HeapSize             0000000180018350     kernel32:KERNEL32.dll
 0002:00000358       __imp_lstrcpynA            0000000180018358     kernel32:KERNEL32.dll
 0002:00000360       __imp_GetModuleHandleW     0000000180018360     kernel32:KERNEL32.dll
 0002:00000368       __imp_GetProcAddress       0000000180018368     kernel32:KERNEL32.dll
 0002:00000370       __imp_WaitForSingleObject  0000000180018370     kernel32:KERNEL32.dll
 0002:00000378       __imp_TerminateThread      0000000180018378     kernel32:KERNEL32.dll
 0002:00000380       __imp_CreateFileMappingW   0000000180018380     kernel32:KERNEL32.dll
 0002:00000388       __imp_OpenFileMappingW     0000000180018388     kernel32:KERNEL32.dll
 0002:00000390       __imp_MapViewOfFile        0000000180018390     kernel32:KERNEL32.dll
 0002:00000398       __imp_SetEnvironmentVariableW 0000000180018398     kernel32:KERNEL32.dll
 0002:000003a0       __imp_ReadConsoleInputW    00000001800183a0     kernel32:KERNEL32.dll
 0002:000003a8       __imp_lstrcmpiW            00000001800183a8     kernel32:KERNEL32.dll
 0002:000003b0       __imp_lstrcpynW            00000001800183b0     kernel32:KERNEL32.dll
 0002:000003b8       __imp_UnmapViewOfFile      00000001800183b8     kernel32:KERNEL32.dll
 0002:000003c0       __imp_LocalFree            00000001800183c0     kernel32:KERNEL32.dll
 0002:000003c8       __imp_WideCharToMultiByte  00000001800183c8     kernel32:KERNEL32.dll
 0002:000003d0       __imp_GetStdHandle         00000001800183d0     kernel32:KERNEL32.dll
 0002:000003d8       __imp_WriteConsoleInputW   00000001800183d8     kernel32:KERNEL32.dll
 0002:000003e0       __imp_VirtualProtect       00000001800183e0     kernel32:KERNEL32.dll
 0002:000003e8       __imp_GetCurrentProcessId  00000001800183e8     kernel32:KERNEL32.dll
 0002:000003f0       __imp_CreateToolhelp32Snapshot 00000001800183f0     kernel32:KERNEL32.dll
 0002:000003f8       __imp_Thread32First        00000001800183f8     kernel32:KERNEL32.dll
 0002:00000400       __imp_Thread32Next         0000000180018400     kernel32:KERNEL32.dll
 0002:00000408       __imp_CloseHandle          0000000180018408     kernel32:KERNEL32.dll
 0002:00000410       __imp_GetCurrentThreadId   0000000180018410     kernel32:KERNEL32.dll
 0002:00000418       __imp_GetModuleFileNameW   0000000180018418     kernel32:KERNEL32.dll
 0002:00000420       __imp_lstrcpyW             0000000180018420     kernel32:KERNEL32.dll
 0002:00000428       __imp_GetLastError         0000000180018428     kernel32:KERNEL32.dll
 0002:00000430       __imp_lstrcatW             0000000180018430     kernel32:KERNEL32.dll
 0002:00000438       __imp_lstrlenW             0000000180018438     kernel32:KERNEL32.dll
 0002:00000440       __imp_GetACP               0000000180018440     kernel32:KERNEL32.dll
 0002:00000448       \177KERNEL32_NULL_THUNK_DATA 0000000180018448     kernel32:KERNEL32.dll
 0002:00000450       __imp_SHGetFileInfoW       0000000180018450     shell32:SHELL32.dll
 0002:00000458       \177SHELL32_NULL_THUNK_DATA 0000000180018458     shell32:SHELL32.dll
 0002:00000460       __imp_RegisterWindowMessageW 0000000180018460     user32:USER32.dll
 0002:00000468       __imp_ReleaseDC            0000000180018468     user32:USER32.dll
 0002:00000470       __imp_GetDC                0000000180018470     user32:USER32.dll
 0002:00000478       __imp_DestroyIcon          0000000180018478     user32:USER32.dll
 0002:00000480       __imp_DrawIconEx           0000000180018480     user32:USER32.dll
 0002:00000488       __imp_GetIconInfo          0000000180018488     user32:USER32.dll
 0002:00000490       __imp_LoadIconW            0000000180018490     user32:USER32.dll
 0002:00000498       __imp_ShowWindow           0000000180018498     user32:USER32.dll
 0002:000004a0       __imp_UnregisterClassW     00000001800184a0     user32:USER32.dll
 0002:000004a8       __imp_LoadCursorW          00000001800184a8     user32:USER32.dll
 0002:000004b0       __imp_RegisterClassW       00000001800184b0     user32:USER32.dll
 0002:000004b8       __imp_CreateWindowExW      00000001800184b8     user32:USER32.dll
 0002:000004c0       __imp_GetWindowLongPtrW    00000001800184c0     user32:USER32.dll
 0002:000004c8       __imp_SetWindowLongW       00000001800184c8     user32:USER32.dll
 0002:000004d0       __imp_DefWindowProcW       00000001800184d0     user32:USER32.dll
 0002:000004d8       __imp_DestroyWindow        00000001800184d8     user32:USER32.dll
 0002:000004e0       __imp_DispatchMessageW     00000001800184e0     user32:USER32.dll
 0002:000004e8       __imp_BeginPaint           00000001800184e8     user32:USER32.dll
 0002:000004f0       __imp_EndPaint             00000001800184f0     user32:USER32.dll
 0002:000004f8       __imp_SetWindowLongPtrW    00000001800184f8     user32:USER32.dll
 0002:00000500       __imp_InvalidateRect       0000000180018500     user32:USER32.dll
 0002:00000508       __imp_IsWindow             0000000180018508     user32:USER32.dll
 0002:00000510       __imp_DrawTextW            0000000180018510     user32:USER32.dll
 0002:00000518       __imp_FillRect             0000000180018518     user32:USER32.dll
 0002:00000520       __imp_ShowWindowAsync      0000000180018520     user32:USER32.dll
 0002:00000528       __imp_PostMessageW         0000000180018528     user32:USER32.dll
 0002:00000530       __imp_GetWindowThreadProcessId 0000000180018530     user32:USER32.dll
 0002:00000538       __imp_MessageBoxW          0000000180018538     user32:USER32.dll
 0002:00000540       __imp_IsWindowVisible      0000000180018540     user32:USER32.dll
 0002:00000548       __imp_GetClientRect        0000000180018548     user32:USER32.dll
 0002:00000550       __imp_MapWindowPoints      0000000180018550     user32:USER32.dll
 0002:00000558       __imp_ChildWindowFromPointEx 0000000180018558     user32:USER32.dll
 0002:00000560       __imp_WindowFromPoint      0000000180018560     user32:USER32.dll
 0002:00000568       __imp_GetClassNameW        0000000180018568     user32:USER32.dll
 0002:00000570       __imp_IntersectRect        0000000180018570     user32:USER32.dll
 0002:00000578       __imp_GetKeyState          0000000180018578     user32:USER32.dll
 0002:00000580       __imp_wsprintfW            0000000180018580     user32:USER32.dll
 0002:00000588       __imp_MapVirtualKeyW       0000000180018588     user32:USER32.dll
 0002:00000590       __imp_PostThreadMessageW   0000000180018590     user32:USER32.dll
 0002:00000598       __imp_GetMessageW          0000000180018598     user32:USER32.dll
 0002:000005a0       \177USER32_NULL_THUNK_DATA 00000001800185a0     user32:USER32.dll
 0002:000005a8       __imp_GetFileVersionInfoW  00000001800185a8     version:VERSION.dll
 0002:000005b0       __imp_VerQueryValueW       00000001800185b0     version:VERSION.dll
 0002:000005b8       __imp_GetFileVersionInfoSizeW 00000001800185b8     version:VERSION.dll
 0002:000005c0       \177VERSION_NULL_THUNK_DATA 00000001800185c0     version:VERSION.dll
 0002:000005c8       __imp_CoInitialize         00000001800185c8     ole32:ole32.dll
 0002:000005d0       __imp_CoUninitialize       00000001800185d0     ole32:ole32.dll
 0002:000005d8       \177ole32_NULL_THUNK_DATA  00000001800185d8     ole32:ole32.dll
 0002:000005e0       __xc_a                     00000001800185e0     libcmt:crt0init.obj
 0002:000005e8       __xc_z                     00000001800185e8     libcmt:crt0init.obj
 0002:000005f0       __xi_a                     00000001800185f0     libcmt:crt0init.obj
 0002:00000608       __xi_z                     0000000180018608     libcmt:crt0init.obj
 0002:00000610       __xp_a                     0000000180018610     libcmt:crt0init.obj
 0002:00000618       __xp_z                     0000000180018618     libcmt:crt0init.obj
 0002:00000620       __xt_a                     0000000180018620     libcmt:crt0init.obj
 0002:00000628       __xt_z                     0000000180018628     libcmt:crt0init.obj
 0002:00000630       ??_C@_0BF@NLPJFAHE@ProcessSynchroEventW?$AA@ 0000000180018630     ConEmuTh.obj
 0002:00000648       ??_C@_08BCACMCCB@ExitFARW?$AA@ 0000000180018648     ConEmuTh.obj
 0002:00000658       ??_C@_1CA@GGFPMHLH@?$AA?6?$AAE?$AAr?$AAr?$AAC?$AAo?$AAd?$AAe?$AA?$DN?$AA0?$AAx?$AA?$CF?$AA0?$AA8?$AAX?$AA?$AA@ 0000000180018658     ConEmuTh.obj
 0002:00000680       ??_C@_1FG@LNADFPCE@?$AAL?$AAo?$AAa?$AAd?$AAF?$AAa?$AAr?$AAV?$AAe?$AAr?$AAs?$AAi?$AAo?$AAn?$AA?4?$AAG?$AAe?$AAt?$AAM?$AAo?$AAd?$AAu?$AAl?$AAe?$AAF?$AAi?$AAl?$AAe?$AAN?$AAa?$AAm?$AAe@ 0000000180018680     ConEmuTh.obj
 0002:000006e0       ??_C@_1GC@COKOAMPP@?$AAL?$AAo?$AAa?$AAd?$AAF?$AAa?$AAr?$AAV?$AAe?$AAr?$AAs?$AAi?$AAo?$AAn?$AA?4?$AAG?$AAe?$AAt?$AAF?$AAi?$AAl?$AAe?$AAV?$AAe?$AAr?$AAs?$AAi?$AAo?$AAn?$AAI?$AAn?$AAf@ 00000001800186e0     ConEmuTh.obj
 0002:00000750       ??_C@_1GC@BJIMIHFH@?$AAL?$AAo?$AAa?$AAd?$AAF?$AAa?$AAr?$AAV?$AAe?$AAr?$AAs?$AAi?$AAo?$AAn?$AA?5?$AAf?$AAa?$AAi?$AAl?$AAe?$AAd?$AA?$CB?$AA?5?$AAC?$AAa?$AAn?$AA?8?$AAt?$AA?5?$AAa?$AAl?$AAl@ 0000000180018750     ConEmuTh.obj
 0002:000007c0       ??_C@_1FK@EOBKNMNM@?$AAL?$AAo?$AAa?$AAd?$AAF?$AAa?$AAr?$AAV?$AAe?$AAr?$AAs?$AAi?$AAo?$AAn?$AA?4?$AAG?$AAe?$AAt?$AAF?$AAi?$AAl?$AAe?$AAV?$AAe?$AAr?$AAs?$AAi?$AAo?$AAn?$AAI?$AAn?$AAf@ 00000001800187c0     ConEmuTh.obj
 0002:00000820       ??_C@_1FG@LALGGOEO@?$AAL?$AAo?$AAa?$AAd?$AAF?$AAa?$AAr?$AAV?$AAe?$AAr?$AAs?$AAi?$AAo?$AAn?$AA?4?$AAV?$AAe?$AAr?$AAQ?$AAu?$AAe?$AAr?$AAy?$AAV?$AAa?$AAl?$AAu?$AAe?$AA?$CI?$AA?$CC?$AA?2?$AA?$CC@ 0000000180018820     ConEmuTh.obj
 0002:00000878       ??_C@_13FPGAJAPJ@?$AA?2?$AA?$AA@ 0000000180018878     ConEmuTh.obj
 0002:0000087c       ??_C@_11LOCGONAA@?$AA?$AA@ 000000018001887c     ConEmuTh.obj
 0002:00000880       ??_C@_1BO@KCLMEFLE@?$AAR?$AAi?$AAg?$AAh?$AAt?$AAP?$AAa?$AAn?$AAe?$AAl?$AAV?$AAi?$AAe?$AAw?$AA?$AA@ 0000000180018880     ConEmuTh.obj
 0002:000008a0       ??_C@_1BM@HEIDIPPL@?$AAL?$AAe?$AAf?$AAt?$AAP?$AAa?$AAn?$AAe?$AAl?$AAV?$AAi?$AAe?$AAw?$AA?$AA@ 00000001800188a0     ConEmuTh.obj
 0002:000008c0       ??_C@_1DC@FOGHAECG@?$AAF?$AAa?$AAr?$AAM?$AAu?$AAl?$AAt?$AAi?$AAV?$AAi?$AAe?$AAw?$AAC?$AAo?$AAn?$AAt?$AAr?$AAo?$AAl?$AAC?$AAl?$AAa?$AAs?$AAs?$AA?$AA@ 00000001800188c0     ConEmuTh.obj
 0002:000008f8       ??_C@_1DG@DBEAEOKG@?$AAF?$AAa?$AAr?$AAP?$AAi?$AAc?$AAt?$AAu?$AAr?$AAe?$AAV?$AAi?$AAe?$AAw?$AAC?$AAo?$AAn?$AAt?$AAr?$AAo?$AAl?$AAC?$AAl?$AAa?$AAs?$AAs?$AA?$AA@ 00000001800188f8     ConEmuTh.obj
 0002:00000930       ??_C@_1BI@GILFJGEK@?$AAB?$AAu?$AAt?$AAt?$AAo?$AAn?$AAC?$AAo?$AAl?$AAo?$AAr?$AA?$AA@ 0000000180018930     ConEmuTh.obj
 0002:00000948       ??_C@_1BK@NFAPLMGI@?$AAS?$AAe?$AAp?$AAa?$AAr?$AAa?$AAt?$AAe?$AAT?$AAa?$AAb?$AAs?$AA?$AA@ 0000000180018948     ConEmuTh.obj
 0002:00000968       ??_C@_1CG@HOMCPCN@?$AA?2?$AAP?$AAl?$AAu?$AAg?$AAi?$AAn?$AAs?$AA?2?$AAP?$AAa?$AAn?$AAe?$AAl?$AAT?$AAa?$AAb?$AAs?$AA?$AA@ 0000000180018968     ConEmuTh.obj
 0002:00000990       ??_C@_1O@EMLLFJNI@?$AAA?$AAc?$AAt?$AAi?$AAv?$AAe?$AA?$AA@ 0000000180018990     ConEmuTh.obj
 0002:000009a0       ??_C@_1BM@OLHABKH@?$AAF?$AAa?$AAr?$AAT?$AAh?$AAu?$AAm?$AAb?$AAn?$AAa?$AAi?$AAl?$AAs?$AA?$AA@ 00000001800189a0     ConEmuTh.obj
 0002:000009c0       ??_C@_1FO@BGAPBIGG@?$AAC?$AAa?$AAn?$AA?8?$AAt?$AA?5?$AAm?$AAa?$AAp?$AA?5?$AAc?$AAo?$AAn?$AAs?$AAo?$AAl?$AAe?$AA?5?$AAi?$AAn?$AAf?$AAo?$AA?5?$AA?$CI?$AA?$CF?$AAs?$AA?$CJ?$AA?4?$AA?5?$AAE?$AAr?$AAr@ 00000001800189c0     ConEmuTh.obj
 0002:00000a20       ??_C@_19EOHDNDII@?$AAR?$AAe?$AAa?$AAd?$AA?$AA@ 0000000180018a20     ConEmuTh.obj
 0002:00000a30       ??_C@_1BE@HADLJAO@?$AAR?$AAe?$AAa?$AAd?$AAW?$AAr?$AAi?$AAt?$AAe?$AA?$AA@ 0000000180018a30     ConEmuTh.obj
 0002:00000a50       ??_C@_1GM@LGOLGABE@?$AAC?$AAa?$AAn?$AA?8?$AAt?$AA?5?$AA?$CF?$AAs?$AA?5?$AAc?$AAo?$AAn?$AAs?$AAo?$AAl?$AAe?$AA?5?$AAd?$AAa?$AAt?$AAa?$AA?5?$AAf?$AAi?$AAl?$AAe?$AA?5?$AAm?$AAa?$AAp?$AAp?$AAi@ 0000000180018a50     ConEmuTh.obj
 0002:00000ac0       ??_C@_19BDAJEHDN@?$AAo?$AAp?$AAe?$AAn?$AA?$AA@ 0000000180018ac0     ConEmuTh.obj
 0002:00000ad0       ??_C@_1O@KBENBEFG@?$AAc?$AAr?$AAe?$AAa?$AAt?$AAe?$AA?$AA@ 0000000180018ad0     ConEmuTh.obj
 0002:00000ae0       ??_C@_1GK@OGACKIKJ@?$AAI?$AAn?$AAt?$AAe?$AAr?$AAn?$AAa?$AAl?$AA?5?$AAe?$AAr?$AAr?$AAo?$AAr?$AA?4?$AA?5?$AAM?$AAa?$AAp?$AAp?$AAi?$AAn?$AAg?$AA?5?$AAf?$AAi?$AAl?$AAe?$AA?5?$AAn?$AAa?$AAm@ 0000000180018ae0     ConEmuTh.obj
 0002:00000b50       ??_C@_1DM@JLCDNDHD@?$AAC?$AAo?$AAn?$AAE?$AAm?$AAu?$AAP?$AAa?$AAn?$AAe?$AAl?$AAV?$AAi?$AAe?$AAw?$AAD?$AAl?$AAg?$AAs?$AAM?$AAa?$AAp?$AAp?$AAi?$AAn?$AAg?$AA?4?$AA?$CF?$AAu?$AA?$AA@ 0000000180018b50     ConEmuTh.obj
 0002:00000b90       ??_C@_1BC@DJOGOIHN@?$AAC?$AAo?$AAn?$AAE?$AAm?$AAu?$AAT?$AAh?$AA?$AA@ 0000000180018b90     ConEmuTh.obj
 0002:00000ba8       ??_C@_1DA@BMIFHIMF@?$AAC?$AAo?$AAn?$AAE?$AAm?$AAu?$AAV?$AAi?$AAe?$AAw?$AAS?$AAe?$AAt?$AAM?$AAa?$AAp?$AAp?$AAi?$AAn?$AAg?$AA?4?$AA?$CF?$AAu?$AA?$AA@ 0000000180018ba8     ConEmuTh.obj
 0002:00000bd8       ??_C@_0M@FMNOKGGE@GetFarHWND2?$AA@ 0000000180018bd8     ConEmuTh.obj
 0002:00000be8       ??_C@_0BC@MKJHPCEO@RegisterPanelView?$AA@ 0000000180018be8     ConEmuTh.obj
 0002:00000c00       ??_C@_1BO@ONHPLONP@?$AAC?$AAo?$AAn?$AAE?$AAm?$AAu?$AA?4?$AAx?$AA6?$AA4?$AA?4?$AAd?$AAl?$AAl?$AA?$AA@ 0000000180018c00     ConEmuTh.obj
 0002:00000c20       ??_C@_17JLFEDMMI@?$AA?$DP?$AA?$DP?$AA?$DP?$AA?$AA@ 0000000180018c20     ConEmuTh1900.obj
 0002:00000c28       ??_C@_1BC@IALIJCAM@?$AAS?$AAo?$AAr?$AAt?$AAM?$AAo?$AAd?$AAe?$AA?$AA@ 0000000180018c28     ConEmuTh1900.obj
 0002:00000c40       ??_C@_1BG@MHMKAABO@?$AAS?$AAt?$AAa?$AAt?$AAu?$AAs?$AAL?$AAi?$AAn?$AAe?$AA?$AA@ 0000000180018c40     ConEmuTh1900.obj
 0002:00000c58       ??_C@_1BK@MBFACEDG@?$AAC?$AAo?$AAl?$AAu?$AAm?$AAn?$AAT?$AAi?$AAt?$AAl?$AAe?$AAs?$AA?$AA@ 0000000180018c58     ConEmuTh1900.obj
 0002:00000c78       ??_C@_1O@PDEOIOBG@?$AAK?$AAe?$AAy?$AAB?$AAa?$AAr?$AA?$AA@ 0000000180018c78     ConEmuTh1900.obj
 0002:00000c88       ??_C@_1BI@EKLHEFDO@?$AAS?$AAh?$AAo?$AAw?$AAM?$AAe?$AAn?$AAu?$AAB?$AAa?$AAr?$AA?$AA@ 0000000180018c88     ConEmuTh1900.obj
 0002:00000ca0       ??_C@_1DE@DJEAMLPH@?$AAC?$AAo?$AAn?$AAE?$AAm?$AAu?$AA?4?$AAM?$AAa?$AAx?$AAi?$AAm?$AAu?$AAs?$AA5?$AA?$EA?$AAg?$AAm?$AAa?$AAi?$AAl?$AA?4?$AAc?$AAo?$AAm?$AA?$AA@ 0000000180018ca0     ConEmuTh2800.obj
 0002:00000ce0       ??_C@_1EM@OOFEGLCO@?$AAT?$AAh?$AAu?$AAm?$AAb?$AAn?$AAa?$AAi?$AAl?$AAs?$AA?5?$AAa?$AAn?$AAd?$AA?5?$AAT?$AAi?$AAl?$AAe?$AAs?$AA?5?$AAi?$AAn?$AA?5?$AAC?$AAo?$AAn?$AAE?$AAm?$AAu?$AA?5?$AAw@ 0000000180018ce0     ConEmuTh2800.obj
 0002:00000d30       ??_C@_1CG@DMGPLFKD@?$AAC?$AAo?$AAn?$AAE?$AAm?$AAu?$AA?5?$AAP?$AAa?$AAn?$AAe?$AAl?$AA?5?$AAV?$AAi?$AAe?$AAw?$AAs?$AA?$AA@ 0000000180018d30     ConEmuTh2800.obj
 0002:00000d58       ??_C@_1BE@LFJLOEAN@?$AAC?$AAo?$AAn?$AAE?$AAm?$AAu?$AAT?$AAh?$AA?2?$AA?$AA@ 0000000180018d58     ConEmuTh995.obj
 0002:00000d90       ??_C@_1EK@NOCLDABL@?$AAi?$AAf?$AA?5?$AA?$CF?$AAc?$AAP?$AAa?$AAn?$AAe?$AAl?$AA?4?$AAL?$AAe?$AAf?$AAt?$AA?5?$AAt?$AAh?$AAe?$AAn?$AA?5?$AAK?$AAe?$AAy?$AAs?$AA?$CI?$AA?$CC?$AAT?$AAa?$AAb?$AA?$CC?$AA?$CJ@ 0000000180018d90     Display.obj
 0002:00000de0       ??_C@_1DI@DLGGKEIH@?$AA$?$AAI?$AAf?$AA?5?$AA?$CI?$AA?$CF?$AAc?$AAP?$AAa?$AAn?$AAe?$AAl?$AA?4?$AAL?$AAe?$AAf?$AAt?$AA?$CJ?$AA?5?$AAT?$AAa?$AAb?$AA?5?$AA$?$AAE?$AAn?$AAd?$AA?$AA@ 0000000180018de0     Display.obj
 0002:00000e18       ??_C@_1M@KOMOBEPM@?$AA?$CF?$AAi?$AA?5?$AA?$CF?$AAc?$AA?$AA@ 0000000180018e18     Display.obj
 0002:00000e28       ??_C@_1BC@IBHKOKF@?$AA?$CF?$AAi?$AA?0?$AA?$CF?$AAi?$AA?5?$AA?$CF?$AAc?$AA?$AA@ 0000000180018e28     Display.obj
 0002:00000e40       ??_C@_1O@NLGMKEDN@?$AAB?$AAK?$AAM?$AAG?$AAT?$AAP?$AA?$AA@ 0000000180018e40     Display.obj
 0002:00000e50       ??_C@_1CO@LEOKLKOD@?$AA?$CF?$AA0?$AA2?$AAi?$AA?4?$AA?$CF?$AA0?$AA2?$AAi?$AA?4?$AA?$CF?$AA0?$AA2?$AAi?$AA?5?$AA?$CF?$AAi?$AA?3?$AA?$CF?$AA0?$AA2?$AAi?$AA?$AA@ 0000000180018e50     Display.obj
 0002:00000e80       ??_C@_1CM@MJKKOLFD@?$AAC?$AAo?$AAn?$AAE?$AAm?$AAu?$AA?4?$AA?$CF?$AAs?$AAP?$AAa?$AAn?$AAe?$AAl?$AAV?$AAi?$AAe?$AAw?$AA?4?$AA?$CF?$AAi?$AA?$AA@ 0000000180018e80     Display.obj
 0002:00000eb0       ??_C@_1M@KDEMMBOH@?$AAR?$AAi?$AAg?$AAh?$AAt?$AA?$AA@ 0000000180018eb0     Display.obj
 0002:00000ec0       ??_C@_19DKAIAFPE@?$AAL?$AAe?$AAf?$AAt?$AA?$AA@ 0000000180018ec0     Display.obj
 0002:00000ed0       ??_C@_1CI@GNBJKMME@?$AAC?$AAo?$AAn?$AAE?$AAm?$AAu?$AAT?$AAh?$AA?3?$AA?3?$AAM?$AAa?$AAp?$AAC?$AAo?$AAo?$AAr?$AAd?$AAs?$AA?$AA@ 0000000180018ed0     Display.obj
 0002:00000ef8       ??_C@_1CG@OILEFJJN@?$AAC?$AAo?$AAn?$AAE?$AAm?$AAu?$AAT?$AAh?$AA?3?$AA?3?$AAS?$AAe?$AAt?$AAt?$AAi?$AAn?$AAg?$AAs?$AA?$AA@ 0000000180018ef8     Display.obj
 0002:00000f20       ??_C@_1BO@IPKBELC@?$AAC?$AAo?$AAn?$AAE?$AAm?$AAu?$AAT?$AAh?$AA?3?$AA?3?$AAF?$AAa?$AAd?$AAe?$AA?$AA@ 0000000180018f20     Display.obj
 0002:00000f40       ??_C@_0L@DOHHADLD@CET_Cancel?$AA@ 0000000180018f40     ImgCache.obj
 0002:00000f50       ??_C@_08PFMFDMEL@CET_Free?$AA@ 0000000180018f50     ImgCache.obj
 0002:00000f60       ??_C@_08DBEDCDF@CET_Load?$AA@ 0000000180018f60     ImgCache.obj
 0002:00000f70       ??_C@_08CBCDAPII@CET_Done?$AA@ 0000000180018f70     ImgCache.obj
 0002:00000f80       ??_C@_08DHJJJJMJ@CET_Init?$AA@ 0000000180018f80     ImgCache.obj
 0002:00000f90       ??_C@_1M@KCMICNEG@?$AA?$CK?$AA?4?$AAt?$AA6?$AA4?$AA?$AA@ 0000000180018f90     ImgCache.obj
 0002:00000fa0       ??_C@_1BO@EOFABIPH@?$AAC?$AAo?$AAn?$AAE?$AAm?$AAu?$AAT?$AAh?$AA?4?$AAc?$AAa?$AAc?$AAh?$AAe?$AA?$AA@ 0000000180018fa0     ImgCache.obj
 0002:00000fc0       ??_C@_15DDHGOCBH@?$AA?4?$AA?4?$AA?$AA@ 0000000180018fc0     ImgCache.obj
 0002:00000fc8       ??_C@_19DDLLJDOO@?$AAF?$AAi?$AAl?$AAe?$AA?$AA@ 0000000180018fc8     ImgCache.obj
 0002:00000fd8       ??_C@_0N@DDFPJHDO@_GetFileData?$AA@ 0000000180018fd8     ImgCache.obj
 0002:00000fe8       ??_C@_1BE@DFPCIADA@?$AAP?$AAB?$AAF?$AAa?$AAr?$AA?4?$AAd?$AAl?$AAl?$AA?$AA@ 0000000180018fe8     ImgCache.obj
 0002:00001000       ??_C@_19EBFDIIDI@?$AA?4?$AAw?$AAm?$AAf?$AA?$AA@ 0000000180019000     ImgCache.obj
 0002:00001010       ??_C@_19HFLOJEOK@?$AA?4?$AAp?$AAn?$AAg?$AA?$AA@ 0000000180019010     ImgCache.obj
 0002:00001020       ??_C@_19GPGAIFNL@?$AA?4?$AAi?$AAc?$AAo?$AA?$AA@ 0000000180019020     ImgCache.obj
 0002:00001030       ??_C@_19KGHJPLAF@?$AA?4?$AAg?$AAi?$AAf?$AA?$AA@ 0000000180019030     ImgCache.obj
 0002:00001040       ??_C@_19HKLPDE@?$AA?4?$AAb?$AAm?$AAp?$AA?$AA@ 0000000180019040     ImgCache.obj
 0002:00001050       ??_7?$CQueueProcessor@PEAUIMAGE_CACHE_INFO@@@@6B@ 0000000180019050     ImgCache.obj
 0002:000010b0       ??_7CImgLoader@@6B@        00000001800190b0     ImgCache.obj
 0002:00001120       ??_C@_0BK@DNNLOFO@SetSecurityDescriptorDacl?$AA@ 0000000180019120     MSecurity.obj
 0002:00001140       ??_C@_0BN@FNLANPJJ@InitializeSecurityDescriptor?$AA@ 0000000180019140     MSecurity.obj
 0002:00001160       ??_C@_0O@GKCEJBAA@InitializeAcl?$AA@ 0000000180019160     MSecurity.obj
 0002:00001170       ??_C@_0N@HBKDHKNL@GetLengthSid?$AA@ 0000000180019170     MSecurity.obj
 0002:00001180       ??_C@_0BJ@ECIKFEOL@AllocateAndInitializeSid?$AA@ 0000000180019180     MSecurity.obj
 0002:000011a0       ??_C@_0BD@EIGAJLOG@AddAccessDeniedAce?$AA@ 00000001800191a0     MSecurity.obj
 0002:000011b8       ??_C@_0BE@IPKPLIM@AddAccessAllowedAce?$AA@ 00000001800191b8     MSecurity.obj
 0002:000011d0       ??_C@_1BK@BIGILECK@?$AAA?$AAd?$AAv?$AAa?$AAp?$AAi?$AA3?$AA2?$AA?4?$AAd?$AAl?$AAl?$AA?$AA@ 00000001800191d0     MSecurity.obj
 0002:000011f0       ??_C@_1BO@HJHEFHMO@?$AAK?$AAe?$AAr?$AAn?$AAe?$AAl?$AAB?$AAa?$AAs?$AAe?$AA?4?$AAd?$AAl?$AAl?$AA?$AA@ 00000001800191f0     MSecurity.obj
 0002:00001210       ??_C@_15LKGMKBFA@?$AA0?$AA0?$AA?$AA@ 0000000180019210     MStrSafe.obj
 0002:00001218       ??_C@_1BC@LMIJMNIA@?$AA0?$AA0?$AA0?$AA0?$AA0?$AA0?$AA0?$AA0?$AA?$AA@ 0000000180019218     MStrSafe.obj
 0002:00001230       ??_C@_1CA@DHOHMJCG@?$AAU?$AAn?$AAi?$AAc?$AAo?$AAd?$AAe?$AA?5?$AAC?$AAh?$AAa?$AAr?$AAM?$AAa?$AAp?$AA?$AA@ 0000000180019230     RgnDetect.obj
 0002:00001250       ??_C@_1BI@MPDCNJBA@?$AAt?$AAl?$AAn?$AAt?$AAs?$AAv?$AAr?$AA?4?$AAe?$AAx?$AAe?$AA?$AA@ 0000000180019250     WinObjects.obj
 0002:00001268       ??_C@_1BK@HHKNEJDC@?$AAt?$AAl?$AAn?$AAt?$AAs?$AAe?$AAs?$AAs?$AA?4?$AAe?$AAx?$AAe?$AA?$AA@ 0000000180019268     WinObjects.obj
 0002:00001288       _pRawDllMain               0000000180019288     libcmt:dllcrt0.obj
 0002:00001288       _pDefaultRawDllMain        0000000180019288     libcmt:dllcrt0.obj
 0002:00001290       ??_C@_0P@MIGLKIOC@CorExitProcess?$AA@ 0000000180019290     libcmt:crt0dat.obj
 0002:000012a0       ??_C@_1BI@BGOHAHKC@?$AAm?$AAs?$AAc?$AAo?$AAr?$AAe?$AAe?$AA?4?$AAd?$AAl?$AAl?$AA?$AA@ 00000001800192a0     libcmt:crt0dat.obj
 0002:000012c0       _XcptActTab                00000001800192c0     libcmt:winxfltr.obj
 0002:000013e0       ??_C@_0P@GGKDKEEG@runtime?5error?5?$AA@ 00000001800193e0     libcmt:crt0msg.obj
 0002:000013f0       ??_C@_02PCIJFNDE@?$AN?6?$AA@ 00000001800193f0     libcmt:crt0msg.obj
 0002:000013f8       ??_C@_0O@MJNIPGOH@TLOSS?5error?$AN?6?$AA@ 00000001800193f8     libcmt:crt0msg.obj
 0002:00001408       ??_C@_0N@BONNPDHF@SING?5error?$AN?6?$AA@ 0000000180019408     libcmt:crt0msg.obj
 0002:00001418       ??_C@_0P@MBDAJNE@DOMAIN?5error?$AN?6?$AA@ 0000000180019418     libcmt:crt0msg.obj
 0002:00001430       ??_C@_0JL@DFDOOABL@R6034?$AN?6An?5application?5has?5made?5a@ 0000000180019430     libcmt:crt0msg.obj
 0002:000014d0       ??_C@_0PH@EPAFIJ@R6033?$AN?6?9?5Attempt?5to?5use?5MSIL?5cod@ 00000001800194d0     libcmt:crt0msg.obj
 0002:000015c8       ??_C@_0DD@BKEEABMM@R6032?$AN?6?9?5not?5enough?5space?5for?5lo@ 00000001800195c8     libcmt:crt0msg.obj
 0002:00001600       ??_C@_0GD@OFKILIED@R6031?$AN?6?9?5Attempt?5to?5initialize?5t@ 0000000180019600     libcmt:crt0msg.obj
 0002:00001668       ??_C@_0BP@LPMHJOKI@R6030?$AN?6?9?5CRT?5not?5initialized?$AN?6?$AA@ 0000000180019668     libcmt:crt0msg.obj
 0002:00001688       ??_C@_0CF@KJDAIALP@R6028?$AN?6?9?5unable?5to?5initialize?5he@ 0000000180019688     libcmt:crt0msg.obj
 0002:000016b0       ??_C@_0DF@GAKBPDFP@R6027?$AN?6?9?5not?5enough?5space?5for?5lo@ 00000001800196b0     libcmt:crt0msg.obj
 0002:000016e8       ??_C@_0DF@IBLNNAIG@R6026?$AN?6?9?5not?5enough?5space?5for?5st@ 00000001800196e8     libcmt:crt0msg.obj
 0002:00001720       ??_C@_0CG@IOHKGFNJ@R6025?$AN?6?9?5pure?5virtual?5function?5c@ 0000000180019720     libcmt:crt0msg.obj
 0002:00001748       ??_C@_0DF@JIJJFJDC@R6024?$AN?6?9?5not?5enough?5space?5for?5_o@ 0000000180019748     libcmt:crt0msg.obj
 0002:00001780       ??_C@_0CJ@EGEJHFME@R6019?$AN?6?9?5unable?5to?5open?5console?5@ 0000000180019780     libcmt:crt0msg.obj
 0002:000017b0       ??_C@_0CB@GNHNIELH@R6018?$AN?6?9?5unexpected?5heap?5error?$AN?6@ 00000001800197b0     libcmt:crt0msg.obj
 0002:000017d8       ??_C@_0CN@FOLDKNG@R6017?$AN?6?9?5unexpected?5multithread?5@ 00000001800197d8     libcmt:crt0msg.obj
 0002:00001808       ??_C@_0CM@FAHFJNHO@R6016?$AN?6?9?5not?5enough?5space?5for?5th@ 0000000180019808     libcmt:crt0msg.obj
 0002:00001840       ??_C@_0JG@LBKMGKLD@?$AN?6This?5application?5has?5requested@ 0000000180019840     libcmt:crt0msg.obj
 0002:000018d8       ??_C@_0CM@FLCNIPKK@R6009?$AN?6?9?5not?5enough?5space?5for?5en@ 00000001800198d8     libcmt:crt0msg.obj
 0002:00001908       ??_C@_0CK@KMMJOAPP@R6008?$AN?6?9?5not?5enough?5space?5for?5ar@ 0000000180019908     libcmt:crt0msg.obj
 0002:00001938       ??_C@_0CN@LEKKICBM@R6002?$AN?6?9?5floating?5point?5support?5@ 0000000180019938     libcmt:crt0msg.obj
 0002:00001968       ??_C@_0CF@GOGNBNAK@Microsoft?5Visual?5C?$CL?$CL?5Runtime?5Lib@ 0000000180019968     libcmt:crt0msg.obj
 0002:00001990       ??_C@_02PHMGELLB@?6?6?$AA@ 0000000180019990     libcmt:crt0msg.obj
 0002:00001994       ??_C@_03KHICJKCI@?4?4?4?$AA@ 0000000180019994     libcmt:crt0msg.obj
 0002:00001998       ??_C@_0BH@DNAGHKFM@?$DMprogram?5name?5unknown?$DO?$AA@ 0000000180019998     libcmt:crt0msg.obj
 0002:000019b0       ??_C@_0BK@OFGJDLJJ@Runtime?5Error?$CB?6?6Program?3?5?$AA@ 00000001800199b0     libcmt:crt0msg.obj
 0002:000019d0       __newctype                 00000001800199d0     libcmt:ctype.obj
 0002:00001cd0       _wctype                    0000000180019cd0     libcmt:ctype.obj
 0002:00001ee0       __newclmap                 0000000180019ee0     libcmt:ctype.obj
 0002:00002060       __newcumap                 000000018001a060     libcmt:ctype.obj
 0002:000021e0       ??_C@_08JCCMCCIL@HH?3mm?3ss?$AA@ 000000018001a1e0     libcmt:strftime.obj
 0002:000021f0       ??_C@_0BE@CKGJFCPC@dddd?0?5MMMM?5dd?0?5yyyy?$AA@ 000000018001a1f0     libcmt:strftime.obj
 0002:00002208       ??_C@_08BPBNCDIB@MM?1dd?1yy?$AA@ 000000018001a208     libcmt:strftime.obj
 0002:00002214       ??_C@_02CJNFDJBF@PM?$AA@   000000018001a214     libcmt:strftime.obj
 0002:00002218       ??_C@_02DEDBPAFC@AM?$AA@   000000018001a218     libcmt:strftime.obj
 0002:00002220       ??_C@_08EDHMEBNP@December?$AA@ 000000018001a220     libcmt:strftime.obj
 0002:00002230       ??_C@_08HCHEGEOA@November?$AA@ 000000018001a230     libcmt:strftime.obj
 0002:00002240       ??_C@_07JJNFCEND@October?$AA@ 000000018001a240     libcmt:strftime.obj
 0002:00002248       ??_C@_09BHHEALKD@September?$AA@ 000000018001a248     libcmt:strftime.obj
 0002:00002254       ??_C@_06LBBHFDDG@August?$AA@ 000000018001a254     libcmt:strftime.obj
 0002:0000225c       ??_C@_04MIEPOIFP@July?$AA@ 000000018001a25c     libcmt:strftime.obj
 0002:00002264       ??_C@_04CNLMGBGM@June?$AA@ 000000018001a264     libcmt:strftime.obj
 0002:0000226c       ??_C@_05DMJDNLEJ@April?$AA@ 000000018001a26c     libcmt:strftime.obj
 0002:00002274       ??_C@_05HPCKOFNC@March?$AA@ 000000018001a274     libcmt:strftime.obj
 0002:00002280       ??_C@_08GNJGEPFN@February?$AA@ 000000018001a280     libcmt:strftime.obj
 0002:00002290       ??_C@_07CGJPFGJA@January?$AA@ 000000018001a290     libcmt:strftime.obj
 0002:00002298       ??_C@_03MKABNOCG@Dec?$AA@  000000018001a298     libcmt:strftime.obj
 0002:0000229c       ??_C@_03JPJOFNIA@Nov?$AA@  000000018001a29c     libcmt:strftime.obj
 0002:000022a0       ??_C@_03BMAOKBAD@Oct?$AA@  000000018001a2a0     libcmt:strftime.obj
 0002:000022a4       ??_C@_03GGCAPAJC@Sep?$AA@  000000018001a2a4     libcmt:strftime.obj
 0002:000022a8       ??_C@_03IFJFEIGA@Aug?$AA@  000000018001a2a8     libcmt:strftime.obj
 0002:000022ac       ??_C@_03LBGABGKK@Jul?$AA@  000000018001a2ac     libcmt:strftime.obj
 0002:000022b0       ??_C@_03IDFGHECI@Jun?$AA@  000000018001a2b0     libcmt:strftime.obj
 0002:000022b4       ??_C@_03CNMDKL@May?$AA@    000000018001a2b4     libcmt:strftime.obj
 0002:000022b8       ??_C@_03LEOLGMJP@Apr?$AA@  000000018001a2b8     libcmt:strftime.obj
 0002:000022bc       ??_C@_03ODNJBKGA@Mar?$AA@  000000018001a2bc     libcmt:strftime.obj
 0002:000022c0       ??_C@_03HJBDCHOM@Feb?$AA@  000000018001a2c0     libcmt:strftime.obj
 0002:000022c4       ??_C@_03JIHJHPIE@Jan?$AA@  000000018001a2c4     libcmt:strftime.obj
 0002:000022c8       ??_C@_08INBOOONO@Saturday?$AA@ 000000018001a2c8     libcmt:strftime.obj
 0002:000022d4       ??_C@_06JECMNKMI@Friday?$AA@ 000000018001a2d4     libcmt:strftime.obj
 0002:000022e0       ??_C@_08HACCIKIA@Thursday?$AA@ 000000018001a2e0     libcmt:strftime.obj
 0002:000022f0       ??_C@_09DLIGFAKA@Wednesday?$AA@ 000000018001a2f0     libcmt:strftime.obj
 0002:00002300       ??_C@_07BAAGCFCM@Tuesday?$AA@ 000000018001a300     libcmt:strftime.obj
 0002:00002308       ??_C@_06JLEDEDGH@Monday?$AA@ 000000018001a308     libcmt:strftime.obj
 0002:00002310       ??_C@_06OOPIFAJ@Sunday?$AA@ 000000018001a310     libcmt:strftime.obj
 0002:00002318       ??_C@_03FEFJNEK@Sat?$AA@   000000018001a318     libcmt:strftime.obj
 0002:0000231c       ??_C@_03IDIOELNC@Fri?$AA@  000000018001a31c     libcmt:strftime.obj
 0002:00002320       ??_C@_03IOFIKPDN@Thu?$AA@  000000018001a320     libcmt:strftime.obj
 0002:00002324       ??_C@_03MHOMLAJA@Wed?$AA@  000000018001a324     libcmt:strftime.obj
 0002:00002328       ??_C@_03NAGEINEP@Tue?$AA@  000000018001a328     libcmt:strftime.obj
 0002:0000232c       ??_C@_03PDAGKDH@Mon?$AA@   000000018001a32c     libcmt:strftime.obj
 0002:00002330       ??_C@_03KOEHGMDN@Sun?$AA@  000000018001a330     libcmt:strftime.obj
 0002:00002334       ??_C@_13NOLLCAOD@?$AA?$AA?$AA?$AA@ 000000018001a334     libcmt:a_str.obj
 0002:00002338       ??_C@_0BI@DFKBFLJE@GetProcessWindowStation?$AA@ 000000018001a338     libcmt:crtmbox.obj
 0002:00002350       ??_C@_0BK@CIDNPOGP@GetUserObjectInformationA?$AA@ 000000018001a350     libcmt:crtmbox.obj
 0002:00002370       ??_C@_0BD@HHGDFDBJ@GetLastActivePopup?$AA@ 000000018001a370     libcmt:crtmbox.obj
 0002:00002388       ??_C@_0BA@HNOPNCHB@GetActiveWindow?$AA@ 000000018001a388     libcmt:crtmbox.obj
 0002:00002398       ??_C@_0M@CHKKJDAI@MessageBoxA?$AA@ 000000018001a398     libcmt:crtmbox.obj
 0002:000023a8       ??_C@_0L@NDEGIDAG@USER32?4DLL?$AA@ 000000018001a3a8     libcmt:crtmbox.obj
 0002:000023b8       __dnames                   000000018001a3b8     libcmt:timeset.obj
 0002:000023d0       __mnames                   000000018001a3d0     libcmt:timeset.obj
 0002:00002408       __rtc_iaa                  000000018001a408     libcmt:_initsect_.obj
 0002:00002410       __rtc_izz                  000000018001a410     libcmt:_initsect_.obj
 0002:00002418       __rtc_taa                  000000018001a418     libcmt:_initsect_.obj
 0002:00002420       __rtc_tzz                  000000018001a420     libcmt:_initsect_.obj
 0002:000030e0       __IMPORT_DESCRIPTOR_VERSION 000000018001b0e0     version:VERSION.dll
 0002:000030f4       __IMPORT_DESCRIPTOR_KERNEL32 000000018001b0f4     kernel32:KERNEL32.dll
 0002:00003108       __IMPORT_DESCRIPTOR_USER32 000000018001b108     user32:USER32.dll
 0002:0000311c       __IMPORT_DESCRIPTOR_GDI32  000000018001b11c     gdi32:GDI32.dll
 0002:00003130       __IMPORT_DESCRIPTOR_ADVAPI32 000000018001b130     advapi32:ADVAPI32.dll
 0002:00003144       __IMPORT_DESCRIPTOR_SHELL32 000000018001b144     shell32:SHELL32.dll
 0002:00003158       __IMPORT_DESCRIPTOR_ole32  000000018001b158     ole32:ole32.dll
 0002:0000316c       __NULL_IMPORT_DESCRIPTOR   000000018001b16c     version:VERSION.dll
 0003:00000000       ?gbPreloadByDefault@@3HA   000000018001d000     ConEmuTh.obj
 0003:00000008       ?gcrCurColors@@3PEAKEA     000000018001d008     ConEmuTh.obj
 0003:00000010       ?Far3Func@@3PAUExportFunc@@A 000000018001d010     ConEmuTh.obj
 0003:00000058       ?guid_ConEmuTh@@3U_GUID@@A 000000018001d058     ConEmuTh2800.obj
 0003:00000068       ?guid_ConEmuThPluginMenu@@3U_GUID@@A 000000018001d068     ConEmuTh2800.obj
 0003:00000080       __flsindex                 000000018001d080     libcmt:tidtable.obj
 0003:00000088       _aexit_rtn                 000000018001d088     libcmt:crt0dat.obj
 0003:00000090       __badioinfo                000000018001d090     libcmt:ioinit.obj
 0003:000000e8       _amblksiz                  000000018001d0e8     libcmt:heapinit.obj
 0003:000000ec       _First_FPE_Indx            000000018001d0ec     libcmt:winxfltr.obj
 0003:000000f0       _Num_FPE                   000000018001d0f0     libcmt:winxfltr.obj
 0003:000000f4       _XcptActTabSize            000000018001d0f4     libcmt:winxfltr.obj
 0003:000000f8       _XcptActTabCount           000000018001d0f8     libcmt:winxfltr.obj
 0003:00000350       __clocalestr               000000018001d350     libcmt:nlsdata2.obj
 0003:00000360       __initiallocinfo           000000018001d360     libcmt:nlsdata2.obj
 0003:000004c0       __ptlocinfo                000000018001d4c0     libcmt:nlsdata2.obj
 0003:000004c8       __lc_clike                 000000018001d4c8     libcmt:nlsdata2.obj
 0003:000004d0       __initiallocalestructinfo  000000018001d4d0     libcmt:nlsdata2.obj
 0003:000004e0       __initialmbcinfo           000000018001d4e0     libcmt:mbctype.obj
 0003:00000700       _mbctype                   000000018001d700     libcmt:mbctype.obj
 0003:00000810       _mbcasemap                 000000018001d810     libcmt:mbctype.obj
 0003:00000910       __ptmbcinfo                000000018001d910     libcmt:mbctype.obj
 0003:00000cf0       _cfltcvt_tab               000000018001dcf0     libcmt:cmiscdat.obj
 0003:00000d40       __security_cookie          000000018001dd40     libcmt:gs_cookie.obj
 0003:00000d48       __security_cookie_complement 000000018001dd48     libcmt:gs_cookie.obj
 0003:00000d50       _pctype                    000000018001dd50     libcmt:ctype.obj
 0003:00000d58       _pwctype                   000000018001dd58     libcmt:ctype.obj
 0003:00000d60       __lc_time_c                000000018001dd60     libcmt:strftime.obj
 0003:00000ec8       __lc_time_curr             000000018001dec8     libcmt:strftime.obj
 0003:00000ed0       __lconv_static_decimal     000000018001ded0     libcmt:lconv.obj
 0003:00000ee0       __lconv_c                  000000018001dee0     libcmt:lconv.obj
 0003:00000f38       __lconv                    000000018001df38     libcmt:lconv.obj
 0003:00000f40       __globallocalestatus       000000018001df40     libcmt:glstatus.obj
 0003:00000f48       __mb_cur_max               000000018001df48     libcmt:nlsdata1.obj
 0003:00000f4c       __decimal_point            000000018001df4c     libcmt:nlsdata1.obj
 0003:00000f50       __decimal_point_length     000000018001df50     libcmt:nlsdata1.obj
 0003:00000f60       __abort_behavior           000000018001df60     libcmt:abort.obj
 0003:00000f70       _timezone                  000000018001df70     libcmt:timeset.obj
 0003:00000f74       _daylight                  000000018001df74     libcmt:timeset.obj
 0003:00000f78       _dstbias                   000000018001df78     libcmt:timeset.obj
 0003:00001000       _tzname                    000000018001e000     libcmt:timeset.obj
 0003:00001030       _lpdays                    000000018001e030     libcmt:days.obj
 0003:00001068       _days                      000000018001e068     libcmt:days.obj
 0003:000010a0       ?gbInCommonShutdown@@3HA   000000018001e0a0     Common.obj
 0003:000010a8       ?OnShutdownConsole@@3P6AXXZEA 000000018001e0a8     Common.obj
 0003:000010b0       ?gsHardLink@@3PA_WA        000000018001e0b0     ConEmuTh.obj
 0003:00001130       ?gsJunction@@3PA_WA        000000018001e130     ConEmuTh.obj
 0003:000011b0       ?gsSymLink@@3PA_WA         000000018001e1b0     ConEmuTh.obj
 0003:00001230       ?gsTitleThumbs@@3PA_WA     000000018001e230     ConEmuTh.obj
 0003:000012b0       ?gsTitleTiles@@3PA_WA      000000018001e2b0     ConEmuTh.obj
 0003:00001330       ?gsFolder@@3PA_WA          000000018001e330     ConEmuTh.obj
 0003:000013b0       ?gdwModes@@3PAKA           000000018001e3b0     ConEmuTh.obj
 0003:000013b8       ?ghConEmuRoot@@3PEAUHWND__@@EA 000000018001e3b8     ConEmuTh.obj
 0003:000013c0       ?gThSet@@3UPanelViewSetMapping@@A 000000018001e3c0     ConEmuTh.obj
 0003:000015d8       ?ghConEmuWnd@@3PEAUHWND__@@EA 000000018001e5d8     ConEmuTh.obj
 0003:000015e0       ?ghPluginModule@@3PEAUHINSTANCE__@@EA 000000018001e5e0     ConEmuTh.obj
 0003:000015e8       ?TerminalMode@@3HA         000000018001e5e8     ConEmuTh.obj
 0003:000015ec       ?gnSelfPID@@3KA            000000018001e5ec     ConEmuTh.obj
 0003:000015f0       ?gnMainThreadId@@3KA       000000018001e5f0     ConEmuTh.obj
 0003:000015f4       ?gnMainThreadIdInitial@@3KA 000000018001e5f4     ConEmuTh.obj
 0003:000015f8       ?ghDisplayThread@@3PEAXEA  000000018001e5f8     ConEmuTh.obj
 0003:00001600       ?gnDisplayThreadId@@3KA    000000018001e600     ConEmuTh.obj
 0003:00001604       ?gbFadeColors@@3_NA        000000018001e604     ConEmuTh.obj
 0003:00001605       ?gbFarPanelsReady@@3_NA    000000018001e605     ConEmuTh.obj
 0003:00001606       ?gbConsoleChangesSyncho@@3_NA 000000018001e606     ConEmuTh.obj
 0003:00001607       ?gbSynchoRedrawPanelRequested@@3_NA 000000018001e607     ConEmuTh.obj
 0003:00001608       ?gFarVersion@@3UFarVersion@@A 000000018001e608     ConEmuTh.obj
 0003:00001610       ?gfRegisterPanelView@@3P6AHPEAUPanelViewInit@@@ZEA 000000018001e610     ConEmuTh.obj
 0003:00001618       ?gfGetFarHWND2@@3P6APEAUHWND__@@H@ZEA 000000018001e618     ConEmuTh.obj
 0003:00001620       ?pviLeft@@3UCeFullPanelInfo@@A 000000018001e620     ConEmuTh.obj
 0003:000018e0       ?pviRight@@3UCeFullPanelInfo@@A 000000018001e8e0     ConEmuTh.obj
 0003:00001ba0       ?gpRgnDetect@@3PEAVCRgnDetect@@EA 000000018001eba0     ConEmuTh.obj
 0003:00001ba8       ?gpImgCache@@3PEAVCImgCache@@EA 000000018001eba8     ConEmuTh.obj
 0003:00001bb0       ?gFarInfo@@3UCEFAR_INFO_MAPPING@@A 000000018001ebb0     ConEmuTh.obj
 0003:000020e8       ?gnRgnDetectFlags@@3KA     000000018001f0e8     ConEmuTh.obj
 0003:000020ec       ?gFarPanelSettings@@3UCEFarPanelSettings@@A 000000018001f0ec     ConEmuTh.obj
 0003:000020f0       ?gpLocalSecurity@@3PEAU_SECURITY_ATTRIBUTES@@EA 000000018001f0f0     ConEmuTh.obj
 0003:000020f8       ?gFarInterfaceSettings@@3UCEFarInterfaceSettings@@A 000000018001f0f8     ConEmuTh.obj
 0003:000020fc       ?gnWaitForKeySeqTick@@3KA  000000018001f0fc     ConEmuTh.obj
 0003:00002100       ?wScanCodeUp@@3GA          000000018001f100     ConEmuTh.obj
 0003:00002104       ?wScanCodeDown@@3GA        000000018001f104     ConEmuTh.obj
 0003:00002108       ?gnConsoleChanges@@3KA     000000018001f108     ConEmuTh.obj
 0003:0000210c       ?gbInfoW_OK@@3HA           000000018001f10c     ConEmuTh.obj
 0003:00002110       ?gpLastSynchroArg@@3PEAUConEmuThSynchroArg@@EA 000000018001f110     ConEmuTh.obj
 0003:00002118       ?gpDbgDlg@@3PEAV?$MFileMapping@Utag_DetectedDialog@@@@EA 000000018001f118     ConEmuTh.obj
 0003:00002128       ?InfoW1900@@3PEAUPluginStartupInfo@@EA 000000018001f128     ConEmuTh1900.obj
 0003:00002130       ?FSFW1900@@3PEAUFarStandardFunctions@@EA 000000018001f130     ConEmuTh1900.obj
 0003:00002138       ?LastIndex@?1??Color2FgIndex@Far3Color@@SAXKAEAG@Z@4HA 000000018001f138     ConEmuTh1900.obj
 0003:0000213c       ?LastColor@?1??Color2FgIndex@Far3Color@@SAXKAEAG@Z@4KA 000000018001f13c     ConEmuTh1900.obj
 0003:00002140       ?LastIndex@?1??Color2BgIndex@Far3Color@@SAXKHAEAG@Z@4HA 000000018001f140     ConEmuTh1900.obj
 0003:00002144       ?LastColor@?1??Color2BgIndex@Far3Color@@SAXKHAEAG@Z@4KA 000000018001f144     ConEmuTh1900.obj
 0003:00002350       ?InfoW2800@@3PEAUPluginStartupInfo@@EA 000000018001f350     ConEmuTh2800.obj
 0003:00002358       ?FSFW2800@@3PEAUFarStandardFunctions@@EA 000000018001f358     ConEmuTh2800.obj
 0003:00002570       ?InfoW995@@3PEAUPluginStartupInfo@@EA 000000018001f570     ConEmuTh995.obj
 0003:00002578       ?FSFW995@@3PEAUFarStandardFunctions@@EA 000000018001f578     ConEmuTh995.obj
 0003:00002790       ?InfoA@@3PEAUPluginStartupInfo@@EA 000000018001f790     ConEmuThA.obj
 0003:00002798       ?FSFA@@3PEAUFarStandardFunctions@@EA 000000018001f798     ConEmuThA.obj
 0003:000028b8       ?ghCreateEvent@@3PEAXEA    000000018001f8b8     Display.obj
 0003:000028c0       ?gnCreateViewError@@3HA    000000018001f8c0     Display.obj
 0003:000028c4       ?gnWin32Error@@3KA         000000018001f8c4     Display.obj
 0003:000028c8       ?gbCancelAll@@3HA          000000018001f8c8     Display.obj
 0003:000028cc       ?gnConEmuFadeMsg@@3IA      000000018001f8cc     Display.obj
 0003:000028d0       ?gnConEmuSettingsMsg@@3IA  000000018001f8d0     Display.obj
 0003:000028d4       ?gnMapCoordMsg@@3IA        000000018001f8d4     Display.obj
 0003:000028d8       ?ghUpIcon@@3PEAUHICON__@@EA 000000018001f8d8     ImgCache.obj
 0003:000028e0       ?AssertMsgBox@@3P6AHPEB_WI0PEAUHWND__@@_N@ZEA 000000018001f8e0     MAssert.obj
 0003:000028e8       ?ghHeap@@3PEAXEA           000000018001f8e8     Memory.obj
 0003:000028f0       ?gNullDesc@@3PEAVMNullDesc@@EA 000000018001f8f0     MSecurity.obj
 0003:00002900       ?Is_Window@@3P6AHPEAUHWND__@@@ZEA 000000018001f900     WinObjects.obj
 0003:00002914       __error_mode               000000018001f914     libcmt:dllcrt0.obj
 0003:00002918       _aenvptr                   000000018001f918     libcmt:dllcrt0.obj
 0003:00002920       _wenvptr                   000000018001f920     libcmt:dllcrt0.obj
 0003:00002928       __app_type                 000000018001f928     libcmt:dllcrt0.obj
 0003:0000292c       _maxwait                   000000018001f92c     libcmt:crtheap.obj
 0003:00002930       _umaskval                  000000018001f930     libcmt:crt0dat.obj
 0003:00002934       __argc                     000000018001f934     libcmt:crt0dat.obj
 0003:00002938       __argv                     000000018001f938     libcmt:crt0dat.obj
 0003:00002940       __wargv                    000000018001f940     libcmt:crt0dat.obj
 0003:00002948       _environ                   000000018001f948     libcmt:crt0dat.obj
 0003:00002950       __initenv                  000000018001f950     libcmt:crt0dat.obj
 0003:00002958       _wenviron                  000000018001f958     libcmt:crt0dat.obj
 0003:00002960       __winitenv                 000000018001f960     libcmt:crt0dat.obj
 0003:00002968       _pgmptr                    000000018001f968     libcmt:crt0dat.obj
 0003:00002970       _wpgmptr                   000000018001f970     libcmt:crt0dat.obj
 0003:00002978       _exitflag                  000000018001f978     libcmt:crt0dat.obj
 0003:0000297c       _C_Termination_Done        000000018001f97c     libcmt:crt0dat.obj
 0003:00002980       _C_Exit_Done               000000018001f980     libcmt:crt0dat.obj
 0003:00002aa0       _crtheap                   000000018001faa0     libcmt:heapinit.obj
 0003:00002ce0       __locale_changed           000000018001fce0     libcmt:setlocal.obj
 0003:00002ce8       __lc_handle                000000018001fce8     libcmt:nlsdata2.obj
 0003:00002d00       __lc_codepage              000000018001fd00     libcmt:nlsdata2.obj
 0003:00002d04       __lc_collate_cp            000000018001fd04     libcmt:nlsdata2.obj
 0003:00002d10       __mbulinfo                 000000018001fd10     libcmt:mbctype.obj
 0003:00002d1c       __mbcodepage               000000018001fd1c     libcmt:mbctype.obj
 0003:00002d20       __ismbcodepage             000000018001fd20     libcmt:mbctype.obj
 0003:00002d24       __mblcid                   000000018001fd24     libcmt:mbctype.obj
 0003:00003048       __pInvalidArgHandler       0000000180020048     libcmt:invarg.obj
 0003:00003050       ?__pInconsistency@@3P6AXXZEA 0000000180020050     libcmt:hooks.obj
 0003:00003090       __pPurecall                0000000180020090     libcmt:inithelp.obj
 0003:000030a0       ?_pnhHeap@@3P6AH_K@ZEA     00000001800200a0     libcmt:handler.obj
 0003:000030a8       __lconv_static_null        00000001800200a8     libcmt:lconv.obj
 0003:000030b4       _newmode                   00000001800200b4     libcmt:_newmode.obj
 0003:00003710       _debugger_hook_dummy       0000000180020710     <common>
 0003:00003714       _nhandle                   0000000180020714     <common>
 0003:00003720       __pioinfo                  0000000180020720     <common>
 0003:00003920       __env_initialized          0000000180020920     <common>
 0003:00003928       __onexitend                0000000180020928     <common>
 0003:00003930       __onexitbegin              0000000180020930     <common>
 0003:00003938       __mbctype_initialized      0000000180020938     <common>
 0003:00003940       _FPinit                    0000000180020940     <common>
 0003:00003948       __dyn_tls_init_callback    0000000180020948     <common>
 0003:00003950       _acmdln                    0000000180020950     <common>
 0003:00003958       _pDestructExceptionObject  0000000180020958     <common>

 entry point at        0001:00011d28

 Static symbols

 0001:00000028       ?LoadFarVersion@@YA_NAEAUFarVersion@@AEAY0CAA@_W@Z 0000000180001028 f   ConEmuTh.obj
 0001:000002e0       ?ChangeExports@@YA_NPEBUExportFunc@@PEAUHINSTANCE__@@@Z 00000001800012e0 f   ConEmuTh.obj
 0001:000035bc       ?GetFarSetting@@YAHPEAX_KPEB_W@Z 00000001800045bc f   ConEmuTh1900.obj
 0001:0000360c       ?LoadFarSettingsW1900@@YAXPEAUCEFarInterfaceSettings@@PEAUCEFarPanelSettings@@@Z 000000018000460c f   ConEmuTh1900.obj
 0001:00004998       ?GetFarSetting@@YAHPEAX_KPEB_W@Z 0000000180005998 f   ConEmuTh2800.obj
 0001:000049f0       ?LoadFarSettingsW2800@@YAXPEAUCEFarInterfaceSettings@@PEAUCEFarPanelSettings@@@Z 00000001800059f0 f   ConEmuTh2800.obj
 0001:00005b10       ?LoadFarSettingsW995@@YAXPEAUCEFarInterfaceSettings@@PEAUCEFarPanelSettings@@@Z 0000000180006b10 f   ConEmuTh995.obj
 0001:00006594       ?LoadFarSettingsA@@YAXPEAUCEFarInterfaceSettings@@PEAUCEFarPanelSettings@@@Z 0000000180007594 f   ConEmuThA.obj
 0001:00011c10       __DllMainCRTStartup        0000000180012c10 f   libcmt:dllcrt0.obj
 0001:000124a8       _initterm                  00000001800134a8 f   libcmt:crt0dat.obj
 0001:000125c8       doexit                     00000001800135c8 f   libcmt:crt0dat.obj
 0001:00012c64       parse_cmdline              0000000180013c64 f   libcmt:stdargv.obj
 0001:00013970       _updatetlocinfoEx_nolock   0000000180014970 f   libcmt:setlocal.obj
 0001:00013a40       ?setSBCS@@YAXPEAUthreadmbcinfostruct@@@Z 0000000180014a40 f   libcmt:mbctype.obj
 0001:00013ad4       ?setSBUpLow@@YAXPEAUthreadmbcinfostruct@@@Z 0000000180014ad4 f   libcmt:mbctype.obj
 0001:00013e20       ?getSystemCP@@YAHH@Z       0000000180014e20 f   libcmt:mbctype.obj
 0001:00015048       ?x_ismbbtype_l@@YAHPEAUlocaleinfo_struct@@IHH@Z 0000000180016048 f   libcmt:ismbbyte.obj
 0001:00015690       ?__crtGetStringTypeA_stat@@YAHPEAUlocaleinfo_struct@@KPEBDHPEAGHHH@Z 0000000180016690 f   libcmt:a_str.obj
 0001:00015a58       ?__crtLCMapStringA_stat@@YAHPEAUlocaleinfo_struct@@KKPEBDHPEADHHH@Z 0000000180016a58 f   libcmt:a_map.obj
 0001:00016900       ?strtoxl@@YAKPEAUlocaleinfo_struct@@PEBDPEAPEBDHH@Z 0000000180017900 f   libcmt:strtol.obj
 0001:00016c50       __DllMainCRTStartup$filt$0 0000000180017c50 f   libcmt:dllcrt0.obj
 0001:00016c70       _IsNonwritableInCurrentImage$filt$0 0000000180017c70 f   libcmt:pesect.obj
 0001:00016c91       _freefls$fin$1             0000000180017c91 f   libcmt:tidtable.obj
 0001:00016c91       _initptd$fin$1             0000000180017c91 f   libcmt:tidtable.obj
 0001:00016cb1       _freefls$fin$0             0000000180017cb1 f   libcmt:tidtable.obj
 0001:00016cb1       _initptd$fin$0             0000000180017cb1 f   libcmt:tidtable.obj
 0001:00016cca       doexit$fin$0               0000000180017cca f   libcmt:crt0dat.obj
 0001:00016cec       _mtinitlocknum$fin$0       0000000180017cec f   libcmt:mlock.obj
 0001:00016d08       __updatetlocinfo$fin$0     0000000180017d08 f   libcmt:setlocal.obj
 0001:00016d21       __updatetmbcinfo$fin$0     0000000180017d21 f   libcmt:mbctype.obj
 0001:00016d21       _setmbcp$fin$0             0000000180017d21 f   libcmt:mbctype.obj
 0001:00016d3a       _onexit$fin$0              0000000180017d3a f   libcmt:onexit.obj
 0001:00016d4e       raise$fin$0                0000000180017d4e f   libcmt:winsig.obj
 0001:00016d6a       __crtInitCritSecAndSpinCount$filt$0 0000000180017d6a f   libcmt:initcrit.obj
