 ConEmu.x64

 Timestamp is 54161365 (Mon Sep 15 02:15:01 2014)

 Preferred load address is 0000000180000000

 Start         Length     Name                   Class
 0001:00000000 00045540H .text                   CODE
 0001:00045540 0000005eH .text$00                CODE
 0001:000455a0 0000033aH .text$x                 CODE
 0002:00000000 00000788H .idata$5                DATA
 0002:00000788 00000008H .CRT$XCA                DATA
 0002:00000790 00000008H .CRT$XCZ                DATA
 0002:00000798 00000008H .CRT$XIA                DATA
 0002:000007a0 00000010H .CRT$XIC                DATA
 0002:000007b0 00000008H .CRT$XIZ                DATA
 0002:000007b8 00000008H .CRT$XPA                DATA
 0002:000007c0 00000008H .CRT$XPZ                DATA
 0002:000007c8 00000008H .CRT$XTA                DATA
 0002:000007d0 00000008H .CRT$XTZ                DATA
 0002:000007e0 00005bbbH .rdata                  DATA
 0002:0000639c 00000073H .rdata$debug            DATA
 0002:00006410 00000008H .rtc$IAA                DATA
 0002:00006418 00000008H .rtc$IZZ                DATA
 0002:00006420 00000008H .rtc$TAA                DATA
 0002:00006428 00000008H .rtc$TZZ                DATA
 0002:00006430 000025f8H .xdata                  DATA
 0002:00008a28 00000064H .idata$2                DATA
 0002:00008a8c 00000014H .idata$3                DATA
 0002:00008aa0 00000788H .idata$4                DATA
 0002:00009228 00001152H .idata$6                DATA
 0002:0000a380 0000033bH .edata                  DATA
 0003:00000000 000011fcH .data                   DATA
 0003:00001200 000032c0H .bss                    DATA
 0004:00000000 00002904H .pdata                  DATA
 0005:00000000 00000058H .rsrc$01                DATA
 0005:00000060 00000298H .rsrc$02                DATA

  Address         Publics by Value              Rva+Base               Lib:Object

 0000:00000000       ___safe_se_handler_count   0000000000000000     <absolute>
 0000:00000000       ___safe_se_handler_table   0000000000000000     <absolute>
 0000:00000000       __ImageBase                0000000180000000     <linker-defined>
 0001:00000000       ??0CmdArg@@QEAA@XZ         0000000180001000 f   CmdLine.obj
 0001:00000040       ??1CmdArg@@QEAA@XZ         0000000180001040 f   CmdLine.obj
 0001:000000b0       ?GetBuffer@CmdArg@@QEAAPEA_W_J@Z 00000001800010b0 f   CmdLine.obj
 0001:000001b0       ?Detach@CmdArg@@QEAAPEA_WXZ 00000001800011b0 f   CmdLine.obj
 0001:000001f0       ?Attach@CmdArg@@QEAAPEB_WPEA_W@Z 00000001800011f0 f   CmdLine.obj
 0001:00000270       ?Empty@CmdArg@@QEAAXXZ     0000000180001270 f   CmdLine.obj
 0001:000002c0       ?IsEmpty@CmdArg@@QEAA_NXZ  00000001800012c0 f   CmdLine.obj
 0001:00000300       ?Set@CmdArg@@QEAAPEB_WPEB_W_J@Z 0000000180001300 f   CmdLine.obj
 0001:000003d0       ?StringCchCopyNW@@YAJPEA_W_KPEB_W1@Z 00000001800013d0 f i CmdLine.obj
 0001:00000590       ?SavePathVar@CmdArg@@QEAAXPEB_W@Z 0000000180001590 f   CmdLine.obj
 0001:000005d0       ?SetAt@CmdArg@@QEAAX_J_W@Z 00000001800015d0 f   CmdLine.obj
 0001:00000620       ?GetPosFrom@CmdArg@@QEAAXAEBU1@@Z 0000000180001620 f   CmdLine.obj
 0001:00000660       ?IsNeedDequote@@YA_NPEB_W_NPEAPEB_W@Z 0000000180001660 f   CmdLine.obj
 0001:000008f0       ??BCmdArg@@QEBAPEB_WXZ     00000001800018f0 f i CmdLine.obj
 0001:00000900       ?NextArg@@YAHPEAPEB_WAEAUCmdArg@@0@Z 0000000180001900 f   CmdLine.obj
 0001:00000e70       ?AddEndSlash@@YAHPEA_WH@Z  0000000180001e70 f   CmdLine.obj
 0001:00000f00       ?SkipNonPrintable@@YAPEB_WPEB_W@Z 0000000180001f00 f   CmdLine.obj
 0001:00000f70       ?CompareFileMask@@YA_NPEB_W0@Z 0000000180001f70 f   CmdLine.obj
 0001:00001190       ?wcschr@@YAPEA_WPEA_W_W@Z  0000000180002190 f i CmdLine.obj
 0001:000011c0       ?GetDrive@@YAPEB_WPEB_WPEA_WH@Z 00000001800021c0 f   CmdLine.obj
 0001:00001480       ?GetDirectory@@YAHAEAUCmdArg@@@Z 0000000180002480 f   CmdLine.obj
 0001:00001520       ?IsNeedCmd@@YA_NHPEB_WAEAUCmdArg@@PEAPEB_WPEAH333@Z 0000000180002520 f   CmdLine.obj
 0001:00001f90       ?Disable@MWow64Disable@@QEAAXXZ 0000000180002f90 f i CmdLine.obj
 0001:00001fd0       ??0MWow64Disable@@QEAA@XZ  0000000180002fd0 f i CmdLine.obj
 0001:00002070       ??1MWow64Disable@@QEAA@XZ  0000000180003070 f i CmdLine.obj
 0001:00002090       ?Restore@MWow64Disable@@QEAAXXZ 0000000180003090 f i CmdLine.obj
 0001:000020e0       ?IsExecutable@@YA_NPEB_WPEAPEA_W@Z 00000001800030e0 f   CmdLine.obj
 0001:00002200       ?IsFarExe@@YA_NPEB_W@Z     0000000180003200 f   CmdLine.obj
 0001:00002290       ?IsQuotationNeeded@@YA_NPEB_W@Z 0000000180003290 f   CmdLine.obj
 0001:000022e0       ?ProcessSetEnvCmd@@YA_NAEAPEB_W_NPEAUCmdArg@@@Z 00000001800032e0 f   CmdLine.obj
 0001:00002920       ?FileSearchInDir@@YA_NPEB_WAEAUCmdArg@@@Z 0000000180003920 f   CmdLine.obj
 0001:00002b40       ?FileExistsSearch@@YA_NPEB_WAEAUCmdArg@@_N2@Z 0000000180003b40 f   CmdLine.obj
 0001:00002c80       ?SearchAppPaths@@YA_NPEB_WAEAUCmdArg@@_NPEAU1@@Z 0000000180003c80 f   CmdLine.obj
 0001:00003310       ?MergeCmdLine@@YAPEA_WPEB_W0@Z 0000000180004310 f   CmdLine.obj
 0001:000033f0       ?PackInputRecord@@YAHPEBU_INPUT_RECORD@@PEAUMsgStr@MSG64@@@Z 00000001800043f0 f   Common.obj
 0001:000036a0       ?UnpackInputRecord@@YAHPEBUMsgStr@MSG64@@PEAU_INPUT_RECORD@@@Z 00000001800046a0 f   Common.obj
 0001:00003990       ?TranslateKeyPress@@YAXGK_WHPEAU_INPUT_RECORD@@1@Z 0000000180004990 f   Common.obj
 0001:00003b20       ?CommonShutdown@@YAXXZ     0000000180004b20 f   Common.obj
 0001:00003b50       ?ModuleName@@YAPEB_WPEB_W@Z 0000000180004b50 f   ConEmuCheck.obj
 0001:00003c40       ?wcsrchr@@YAPEA_WPEA_W_W@Z 0000000180004c40 f i ConEmuCheck.obj
 0001:00003c70       ?ExecuteOpenPipe@@YAPEAXPEB_WAEAY0CAI@_W0KKHPEAX@Z 0000000180004c70 f   ConEmuCheck.obj
 0001:00003f60       ?ExecutePrepareCmd@@YAXPEAUCESERVER_REQ@@K_K@Z 0000000180004f60 f   ConEmuCheck.obj
 0001:00003fc0       ?ExecutePrepareCmd@@YAXPEAUCESERVER_REQ_HDR@@K_K@Z 0000000180004fc0 f   ConEmuCheck.obj
 0001:00004090       ?ExecuteNewCmd@@YAPEAUCESERVER_REQ@@K_K@Z 0000000180005090 f   ConEmuCheck.obj
 0001:00004100       ?ExecuteNewCmd@@YA_NAEAPEAUCESERVER_REQ@@AEAKK_K@Z 0000000180005100 f   ConEmuCheck.obj
 0001:000041d0       ?LoadSrvMapping@@YAHPEAUHWND__@@AEAUCESERVER_CONSOLE_MAPPING_HDR@@@Z 00000001800051d0 f   ConEmuCheck.obj
 0001:00004330       ?LoadGuiMapping@@YAHKAEAUConEmuGuiMapping@@@Z 0000000180005330 f   ConEmuCheck.obj
 0001:00004490       ?ExecuteNewCmdOnCreate@@YAPEAUCESERVER_REQ@@PEAUCESERVER_CONSOLE_MAPPING_HDR@@PEAUHWND__@@W4CmdOnCreateType@@PEB_W33PEAK444HHPEAX55@Z 0000000180005490 f   ConEmuCheck.obj
 0001:00004980       ?StringCchCopyW@@YAJPEA_W_KPEB_W@Z 0000000180005980 f i ConEmuCheck.obj
 0001:00004b10       ?ExecuteGuiCmd@@YAPEAUCESERVER_REQ@@PEAUHWND__@@PEAU1@0H@Z 0000000180005b10 f   ConEmuCheck.obj
 0001:00004bc0       ?ExecuteSrvCmd@@YAPEAUCESERVER_REQ@@KPEAU1@PEAUHWND__@@HK@Z 0000000180005bc0 f   ConEmuCheck.obj
 0001:00004c80       ?ExecuteHkCmd@@YAPEAUCESERVER_REQ@@KPEAU1@PEAUHWND__@@H@Z 0000000180005c80 f   ConEmuCheck.obj
 0001:00004d40       ?ExecuteCmd@@YAPEAUCESERVER_REQ@@PEB_WPEAU1@KPEAUHWND__@@HK@Z 0000000180005d40 f   ConEmuCheck.obj
 0001:00005130       ?ExecuteFreeResult@@YAXAEAPEAUCESERVER_REQ@@@Z 0000000180006130 f   ConEmuCheck.obj
 0001:00005170       ?AllocateSendCurrentDirectory@@YA_NAEAPEAUCESERVER_REQ@@AEAKPEB_W2@Z 0000000180006170 f   ConEmuCheck.obj
 0001:000052c0       ?SendCurrentDirectory@@YAXPEAUHWND__@@PEB_W1@Z 00000001800062c0 f   ConEmuCheck.obj
 0001:00005340       ?myGetConsoleWindow@@YAPEAUHWND__@@XZ 0000000180006340 f   ConEmuCheck.obj
 0001:000053e0       ?GetConEmuHWND@@YAPEAUHWND__@@H@Z 00000001800063e0 f   ConEmuCheck.obj
 0001:000055f0       ??BHWND2@@QEBAPEAUHWND__@@XZ 00000001800065f0 f i ConEmuCheck.obj
 0001:00005600       ??BHWND2@@QEBAKXZ          0000000180006600 f i ConEmuCheck.obj
 0001:00005610       ?ConEmuCheck@@YAHPEAPEAUHWND__@@@Z 0000000180006610 f   ConEmuCheck.obj
 0001:00005660       ?GuiMessageBox@@YAHPEAUHWND__@@PEB_W1H@Z 0000000180006660 f   ConEmuCheck.obj
 0001:00005880       ?InitName@?$MFileMapping@UCESERVER_CONSOLE_MAPPING_HDR@@@@QEAAPEB_WPEB_WKK@Z 0000000180006880 f i ConEmuCheck.obj
 0001:000058e0       ?CloseMap@?$MFileMapping@UCESERVER_CONSOLE_MAPPING_HDR@@@@QEAAXXZ 00000001800068e0 f i ConEmuCheck.obj
 0001:00005970       ?Open@?$MFileMapping@UCESERVER_CONSOLE_MAPPING_HDR@@@@QEAAPEAUCESERVER_CONSOLE_MAPPING_HDR@@HH@Z 0000000180006970 f i ConEmuCheck.obj
 0001:000059a0       ??0?$MFileMapping@UCESERVER_CONSOLE_MAPPING_HDR@@@@QEAA@XZ 00000001800069a0 f i ConEmuCheck.obj
 0001:00005a10       ??1?$MFileMapping@UCESERVER_CONSOLE_MAPPING_HDR@@@@QEAA@XZ 0000000180006a10 f i ConEmuCheck.obj
 0001:00005a40       ?InitName@?$MFileMapping@UConEmuGuiMapping@@@@QEAAPEB_WPEB_WKK@Z 0000000180006a40 f i ConEmuCheck.obj
 0001:00005aa0       ?CloseMap@?$MFileMapping@UConEmuGuiMapping@@@@QEAAXXZ 0000000180006aa0 f i ConEmuCheck.obj
 0001:00005b30       ?Open@?$MFileMapping@UConEmuGuiMapping@@@@QEAAPEAUConEmuGuiMapping@@HH@Z 0000000180006b30 f i ConEmuCheck.obj
 0001:00005b60       ??0?$MFileMapping@UConEmuGuiMapping@@@@QEAA@XZ 0000000180006b60 f i ConEmuCheck.obj
 0001:00005bd0       ??1?$MFileMapping@UConEmuGuiMapping@@@@QEAA@XZ 0000000180006bd0 f i ConEmuCheck.obj
 0001:00005c00       ?ClosePtr@?$MFileMapping@UCESERVER_CONSOLE_MAPPING_HDR@@@@QEAAXXZ 0000000180006c00 f i ConEmuCheck.obj
 0001:00005c40       ?InternalOpenCreate@?$MFileMapping@UCESERVER_CONSOLE_MAPPING_HDR@@@@IEAAPEAUCESERVER_CONSOLE_MAPPING_HDR@@HHH@Z 0000000180006c40 f i ConEmuCheck.obj
 0001:00005ef0       ?ClosePtr@?$MFileMapping@UConEmuGuiMapping@@@@QEAAXXZ 0000000180006ef0 f i ConEmuCheck.obj
 0001:00005f30       ?InternalOpenCreate@?$MFileMapping@UConEmuGuiMapping@@@@IEAAPEAUConEmuGuiMapping@@HHH@Z 0000000180006f30 f i ConEmuCheck.obj
 0001:000061e0       ??$wcscpy_c@$0CA@@@YAHAEAY0CA@_WPEB_W@Z 00000001800071e0 f i ConEmuCheck.obj
 0001:00006210       ??$wcscpy_c@$0CAI@@@YAHAEAY0CAI@_WPEB_W@Z 0000000180007210 f i ConEmuCheck.obj
 0001:00006240       ?LoadGuiMapping@@YAHPEAUHWND__@@AEAUConEmuGuiMapping@@@Z 0000000180007240 f   ConEmuCheckEx.obj
 0001:00006290       ?IsConEmuExeExist@@YAHPEB_WAEAY0BAF@_W@Z 0000000180007290 f   ConEmuCheckEx.obj
 0001:00006370       ?FindConEmuBaseDir@@YAHAEAY0BAF@_W0PEAUHINSTANCE__@@@Z 0000000180007370 f   ConEmuCheckEx.obj
 0001:000069e0       ??$wcscpy_c@$0BAF@@@YAHAEAY0BAF@_WPEB_W@Z 00000001800079e0 f i ConEmuCheckEx.obj
 0001:00006b40       ??$wcscpy_add@$0BAF@@@YAHPEA_WAEAY0BAF@_WPEB_W@Z 0000000180007b40 f i ConEmuCheckEx.obj
 0001:00006bb0       ??$wcscat_c@$0BAF@@@YAHAEAY0BAF@_WPEB_W@Z 0000000180007bb0 f i ConEmuCheckEx.obj
 0001:00006be0       ?StringCchCatW@@YAJPEA_W_KPEB_W@Z 0000000180007be0 f i ConEmuCheckEx.obj
 0001:00006d70       ?StartupHooks@@YAHPEAUHINSTANCE__@@@Z 0000000180007d70 f   ConEmuInjects.obj
 0001:00007270       ?ShutdownHooks@@YAXXZ      0000000180008270 f   ConEmuInjects.obj
 0001:00007500       ??$wcscpy_c@$0EA@@@YAHAEAY0EA@_WPEB_W@Z 0000000180008500 f i ConEmuInjects.obj
 0001:00007660       ?pcc_Selected@@YA_NW4PluginMenuCommands@@@Z 0000000180008660 f   ConEmuPlugin.obj
 0001:000076e0       ?pcc_Disabled@@YA_NW4PluginMenuCommands@@@Z 00000001800086e0 f   ConEmuPlugin.obj
 0001:000077c0       ?GetPluginInfoWcmn@@YAXPEAX@Z 00000001800087c0 f   ConEmuPlugin.obj
 0001:00007810       ?CheckConEmuDetached@@YAXXZ 0000000180008810 f   ConEmuPlugin.obj
 0001:000078c0       ?OpenPluginWcmn@@YAPEAXH_J_N@Z 00000001800088c0 f   ConEmuPlugin.obj
 0001:00007c20       OpenPluginW                0000000180008c20 f   ConEmuPlugin.obj
 0001:00007c80       ?TouchReadPeekConsoleInputs@@YAXH@Z 0000000180008c80 f   ConEmuPlugin.obj
 0001:00007cd0       ?OnMainThreadActivated@@YAXXZ 0000000180008cd0 f   ConEmuPlugin.obj
 0001:00007fc0       ?IsFarLua@FarVersion@@QEBA_NXZ 0000000180008fc0 f i ConEmuPlugin.obj
 0001:00008020       ?OnConsolePeekReadInput@@YAXH@Z 0000000180009020 f   ConEmuPlugin.obj
 0001:00008270       ?ActiveServerPID@CESERVER_CONSOLE_MAPPING_HDR@@QEBAKXZ 0000000180009270 f i ConEmuPlugin.obj
 0001:000082b0       ?OnPanelViewCallbacks@@YAHPEAUHookCallbackArg@@P6AHPEAXPEAU_INPUT_RECORD@@KPEAKPEAH@Z5@Z 00000001800092b0 f   ConEmuPlugin.obj
 0001:000083f0       ?OnShellExecuteExW_Except@@YAXPEAUHookCallbackArg@@@Z 00000001800093f0 f   ConEmuPlugin.obj
 0001:00008430       ?OnGetNumberOfConsoleInputEventsPost@@YAXPEAUHookCallbackArg@@@Z 0000000180009430 f   ConEmuPlugin.obj
 0001:00008470       ?UngetDummyMouseEvent@@YAHHPEAUHookCallbackArg@@@Z 0000000180009470 f   ConEmuPlugin.obj
 0001:000086e0       ??4HANDLE2@@QEAAAEAU0@PEAX@Z 00000001800096e0 f i ConEmuPlugin.obj
 0001:00008700       ?OnConsolePeekInput@@YAHPEAUHookCallbackArg@@@Z 0000000180009700 f   ConEmuPlugin.obj
 0001:00008790       ?OnConsolePeekInputPost@@YAXPEAUHookCallbackArg@@@Z 0000000180009790 f   ConEmuPlugin.obj
 0001:000087e0       ?OnConsoleReadInputWork@@YAHPEAUHookCallbackArg@@@Z 00000001800097e0 f   ConEmuPlugin.obj
 0001:00008890       ?OnConsoleReadInput@@YAHPEAUHookCallbackArg@@@Z 0000000180009890 f   ConEmuPlugin.obj
 0001:000088b0       ?OnConsoleReadInputPost@@YAXPEAUHookCallbackArg@@@Z 00000001800098b0 f   ConEmuPlugin.obj
 0001:00008b60       ?OnWriteConsoleOutput@@YAHPEAUHookCallbackArg@@@Z 0000000180009b60 f   ConEmuPlugin.obj
 0001:00008c80       ProcessSynchroEventW       0000000180009c80 f   ConEmuPlugin.obj
 0001:00008d40       ?ShutdownPluginStep@@YAXPEB_WHHHH@Z 0000000180009d40 f   ConEmuPlugin.obj
 0001:00008d60       DllMain                    0000000180009d60 f   ConEmuPlugin.obj
 0001:00009120       ??_GMSection@@QEAAPEAXI@Z  000000018000a120 f i ConEmuPlugin.obj
 0001:00009160       ??_GCPluginBackground@@QEAAPEAXI@Z 000000018000a160 f i ConEmuPlugin.obj
 0001:000091a0       ?IsConsoleActive@@YAHXZ    000000018000a1a0 f   ConEmuPlugin.obj
 0001:00009220       ?GetFarHWND2@@YAPEAUHWND__@@H@Z 000000018000a220 f   ConEmuPlugin.obj
 0001:000092b0       ?GetFarHWND@@YAPEAUHWND__@@XZ 000000018000a2b0 f   ConEmuPlugin.obj
 0001:000092c0       ?IsTerminalMode@@YAHXZ     000000018000a2c0 f   ConEmuPlugin.obj
 0001:000092d0       ?GetFarVersion@@YAXPEAUFarVersion@@@Z 000000018000a2d0 f   ConEmuPlugin.obj
 0001:000092f0       ?LoadFarVersion@@YAHXZ     000000018000a2f0 f   ConEmuPlugin.obj
 0001:000096d0       ?RegisterPanelView@@YAHPEAUPanelViewInit@@@Z 000000018000a6d0 f   ConEmuPlugin.obj
 0001:000099a0       ?RegisterBackground@@YAHPEAURegisterBackgroundArg@@@Z 000000018000a9a0 f   ConEmuPlugin.obj
 0001:00009a40       ?SyncExecute@@YAHPEAUHINSTANCE__@@P6AX_J@Z1@Z 000000018000aa40 f   ConEmuPlugin.obj
 0001:00009ab0       ?ActivateConsole@@YAHXZ    000000018000aab0 f   ConEmuPlugin.obj
 0001:00009b70       ??4HWND2@@QEAAAEAU0@PEAUHWND__@@@Z 000000018000ab70 f i ConEmuPlugin.obj
 0001:00009b90       ?ExecuteSynchro@@YAXXZ     000000018000ab90 f   ConEmuPlugin.obj
 0001:00009c50       ?ProcessCommand@@YAHKHPEAXPEAPEAUCESERVER_REQ@@_N@Z 000000018000ac50 f   ConEmuPlugin.obj
 0001:0000b420       ?FarSetConsoleSize@@YAHFF@Z 000000018000c420 f   ConEmuPlugin.obj
 0001:0000b560       ?OnConsoleDetaching@@YAHPEAUHookCallbackArg@@@Z 000000018000c560 f   ConEmuPlugin.obj
 0001:0000b6c0       ?OnConsoleWasAttached@@YAXPEAUHookCallbackArg@@@Z 000000018000c6c0 f   ConEmuPlugin.obj
 0001:0000b730       ?MonitorThreadProcW@@YAKPEAX@Z 000000018000c730 f   ConEmuPlugin.obj
 0001:0000bbc0       ?CommonPluginStartup@@YAXXZ 000000018000cbc0 f   ConEmuPlugin.obj
 0001:0000bcd0       SetStartupInfoW            000000018000ccd0 f   ConEmuPlugin.obj
 0001:0000bd40       ?CloseMapHeader@@YAXXZ     000000018000cd40 f   ConEmuPlugin.obj
 0001:0000bd70       ?OpenMapHeader@@YAHXZ      000000018000cd70 f   ConEmuPlugin.obj
 0001:0000bec0       ?InitRootKey@@YAXXZ        000000018000cec0 f   ConEmuPlugin.obj
 0001:0000bfb0       ?InitHWND@@YAXXZ           000000018000cfb0 f   ConEmuPlugin.obj
 0001:0000c650       ?ReloadFarInfo@@YAHH@Z     000000018000d650 f   ConEmuPlugin.obj
 0001:0000cb80       ?UpdateConEmuTabsW@@YA_NH_N0PEAX@Z 000000018000db80 f   ConEmuPlugin.obj
 0001:0000cca0       ?OnCurDirChanged@@YAXXZ    000000018000dca0 f   ConEmuPlugin.obj
 0001:0000cd10       ?UpdatePanelDirs@@YAXXZ    000000018000dd10 f   ConEmuPlugin.obj
 0001:0000cda0       ?UpdateConEmuTabs@@YA_N_N@Z 000000018000dda0 f   ConEmuPlugin.obj
 0001:0000d020       ?CreateTabs@@YAHH@Z        000000018000e020 f   ConEmuPlugin.obj
 0001:0000d130       ?AddTab@@YAHAEAHH_N1HPEB_W2HHHH@Z 000000018000e130 f   ConEmuPlugin.obj
 0001:0000d760       wmemcmp                    000000018000e760 f i ConEmuPlugin.obj
 0001:0000d7f0       ?SendTabs@@YAXHH@Z         000000018000e7f0 f   ConEmuPlugin.obj
 0001:0000da20       ProcessEditorInputW        000000018000ea20 f   ConEmuPlugin.obj
 0001:0000da70       ProcessEditorEventW        000000018000ea70 f   ConEmuPlugin.obj
 0001:0000db20       ProcessViewerEventW        000000018000eb20 f   ConEmuPlugin.obj
 0001:0000dbc0       ?FillLoadedParm@@YAXPEAUConEmuLoadedArg@@PEAUHINSTANCE__@@H@Z 000000018000ebc0 f   ConEmuPlugin.obj
 0001:0000dd00       ?NotifyConEmuUnloaded@@YAXXZ 000000018000ed00 f   ConEmuPlugin.obj
 0001:0000de50       ?StopThread@@YAXXZ         000000018000ee50 f   ConEmuPlugin.obj
 0001:0000e260       ??_G?$MFileMapping@UCESERVER_CONSOLE_MAPPING_HDR@@@@QEAAPEAXI@Z 000000018000f260 f i ConEmuPlugin.obj
 0001:0000e2a0       ProcessDialogEventW        000000018000f2a0 f   ConEmuPlugin.obj
 0001:0000e2b0       ?OpenW@@YAPEAXPEBX@Z       000000018000f2b0 f   ConEmuPlugin.obj
 0001:0000e310       ?ProcessConsoleInputW@@YA_JPEAX@Z 000000018000f310 f   ConEmuPlugin.obj
 0001:0000e350       ?ProcessEditorEventW3@@YA_JPEAX@Z 000000018000f350 f   ConEmuPlugin.obj
 0001:0000e390       ?ProcessViewerEventW3@@YA_JPEAX@Z 000000018000f390 f   ConEmuPlugin.obj
 0001:0000e3d0       ?ProcessDialogEventW3@@YA_JPEAX@Z 000000018000f3d0 f   ConEmuPlugin.obj
 0001:0000e410       ?ProcessSynchroEventW3@@YA_JPEAX@Z 000000018000f410 f   ConEmuPlugin.obj
 0001:0000e450       ?ExitFarCmn@@YAXXZ         000000018000f450 f   ConEmuPlugin.obj
 0001:0000e4b0       ExitFARW                   000000018000f4b0 f   ConEmuPlugin.obj
 0001:0000e540       ?ExitFARW3@@YAXPEAX@Z      000000018000f540 f   ConEmuPlugin.obj
 0001:0000e5a0       ?CheckResources@@YAXH@Z    000000018000f5a0 f   ConEmuPlugin.obj
 0001:0000e710       ?InitResources@@YAXXZ      000000018000f710 f   ConEmuPlugin.obj
 0001:0000eab0       ?DataSize@CESERVER_REQ@@QEAAKXZ 000000018000fab0 f i ConEmuPlugin.obj
 0001:0000eaf0       ?CloseTabs@@YAXXZ          000000018000faf0 f   ConEmuPlugin.obj
 0001:0000eb80       ?OutDataAlloc@@YAHK@Z      000000018000fb80 f   ConEmuPlugin.obj
 0001:0000ec00       ?OutDataRealloc@@YAHK@Z    000000018000fc00 f   ConEmuPlugin.obj
 0001:0000ed00       ?OutDataWrite@@YAHPEAXK@Z  000000018000fd00 f   ConEmuPlugin.obj
 0001:0000edf0       ?ShowMessage@@YAHHH@Z      000000018000fdf0 f   ConEmuPlugin.obj
 0001:0000ee70       ?ShowMessage@@YAHPEB_WH_N@Z 000000018000fe70 f   ConEmuPlugin.obj
 0001:0000efa0       ?ShowMessageGui@@YAHHH@Z   000000018000ffa0 f   ConEmuPlugin.obj
 0001:0000f080       ?GetMsgW@@YAPEB_WH@Z       0000000180010080 f   ConEmuPlugin.obj
 0001:0000f0f0       ?PostMacro@@YAXPEB_WPEAU_INPUT_RECORD@@@Z 00000001800100f0 f   ConEmuPlugin.obj
 0001:0000f2b0       ?ShowPluginMenu@@YAXW4PluginCallCommands@@@Z 00000001800102b0 f   ConEmuPlugin.obj
 0001:0000ff10       ?FindServerCmd@@YAHKAEAK_N@Z 0000000180010f10 f   ConEmuPlugin.obj
 0001:00010030       ?Attach2Gui@@YAHXZ         0000000180011030 f   ConEmuPlugin.obj
 0001:000105a0       ?StartDebugger@@YAHXZ      00000001800115a0 f   ConEmuPlugin.obj
 0001:00010930       ?isMacroActive@@YA_NAEAH@Z 0000000180011930 f   ConEmuPlugin.obj
 0001:00010990       ?IsMacroActive@@YAHXZ      0000000180011990 f   ConEmuPlugin.obj
 0001:00010a10       ?GetMacroArea@@YAHXZ       0000000180011a10 f   ConEmuPlugin.obj
 0001:00010a80       ?RedrawAll@@YAXXZ          0000000180011a80 f   ConEmuPlugin.obj
 0001:00010ae0       ?GetEditorModifiedState@@YAKXZ 0000000180011ae0 f   ConEmuPlugin.obj
 0001:00010b40       ?GetActiveWindowType@@YAHXZ 0000000180011b40 f   ConEmuPlugin.obj
 0001:00010ba0       ?RunExternalProgramW@@YA_NPEA_W0_N@Z 0000000180011ba0 f   ConEmuPlugin.obj
 0001:00010e80       ?ShowConsoleInfo@@YAXXZ    0000000180011e80 f   ConEmuPlugin.obj
 0001:00011110       ?GetMainThreadId@@YAKXZ    0000000180012110 f   ConEmuPlugin.obj
 0001:000111c0       ?OnLibraryLoaded@@YAXPEAUHINSTANCE__@@@Z 00000001800121c0 f   ConEmuPlugin.obj
 0001:00011270       ?_calloc@@YAPEAX_K0@Z      0000000180012270 f   ConEmuPlugin.obj
 0001:000112a0       ?_malloc@@YAPEAX_K@Z       00000001800122a0 f   ConEmuPlugin.obj
 0001:000112c0       ?_free@@YAXPEAX@Z          00000001800122c0 f   ConEmuPlugin.obj
 0001:000112e0       ?Ptr@?$MFileMapping@UCESERVER_CONSOLE_MAPPING_HDR@@@@QEAAPEAUCESERVER_CONSOLE_MAPPING_HDR@@XZ 00000001800122e0 f i ConEmuPlugin.obj
 0001:000112f0       ??$wcscpy_c@$0BBE@@@YAHAEAY0BBE@_WPEB_W@Z 00000001800122f0 f i ConEmuPlugin.obj
 0001:00011320       ??$wcscat_c@$0BBE@@@YAHAEAY0BBE@_WPEB_W@Z 0000000180012320 f i ConEmuPlugin.obj
 0001:00011350       ??$wcscat_c@$0CAE@@@YAHAEAY0CAE@_WPEB_W@Z 0000000180012350 f i ConEmuPlugin.obj
 0001:00011380       ?GetPluginInfoW1900@@YAXPEAX@Z 0000000180012380 f   ConEmuPlugin1900.obj
 0001:00011410       ?ProcessDragFromW1900@@YAXXZ 0000000180012410 f   ConEmuPlugin1900.obj
 0001:00011f40       ?ProcessDragToW1900@@YAXXZ 0000000180012f40 f   ConEmuPlugin1900.obj
 0001:00012540       ?SetStartupInfoW1900@@YAXPEAX@Z 0000000180013540 f   ConEmuPlugin1900.obj
 0001:00012700       ?GetEditorModifiedStateW1900@@YAKXZ 0000000180013700 f   ConEmuPlugin1900.obj
 0001:00012760       ?ProcessEditorEventW1900@@YAHPEAX@Z 0000000180013760 f   ConEmuPlugin1900.obj
 0001:00012790       ?ProcessViewerEventW1900@@YAHPEAX@Z 0000000180013790 f   ConEmuPlugin1900.obj
 0001:000127c0       ?ProcessDialogEventW1900@@YAHPEAX@Z 00000001800137c0 f   ConEmuPlugin1900.obj
 0001:000127f0       ?ProcessSynchroEventW1900@@YAHPEAX@Z 00000001800137f0 f   ConEmuPlugin1900.obj
 0001:00012820       ?ProcessEditorInputW1900@@YAHPEBX@Z 0000000180013820 f   ConEmuPlugin1900.obj
 0001:000128a0       ?UpdatePanelDirsW1900@@YA_NXZ 00000001800138a0 f   ConEmuPlugin1900.obj
 0001:00012a30       ?UpdateConEmuTabsW1900@@YA_NH_N0PEAX@Z 0000000180013a30 f   ConEmuPlugin1900.obj
 0001:00013360       ?ExitFARW1900@@YAXXZ       0000000180014360 f   ConEmuPlugin1900.obj
 0001:000133f0       ?ShowMessageW1900@@YAHPEB_WH_N@Z 00000001800143f0 f   ConEmuPlugin1900.obj
 0001:000134f0       ?ShowMessageW1900@@YAHHH@Z 00000001800144f0 f   ConEmuPlugin1900.obj
 0001:00013560       ?GetMsgW1900@@YAPEB_WH@Z   0000000180014560 f   ConEmuPlugin1900.obj
 0001:000135b0       ?SetWindowW1900@@YAXH@Z    00000001800145b0 f   ConEmuPlugin1900.obj
 0001:00013620       ?PostMacroW1900@@YAXPEB_WPEAU_INPUT_RECORD@@@Z 0000000180014620 f   ConEmuPlugin1900.obj
 0001:00014250       ?wcsstr@@YAPEA_WPEA_WPEB_W@Z 0000000180015250 f i ConEmuPlugin1900.obj
 0001:00014280       ?ShowPluginMenuW1900@@YAHPEAUConEmuPluginMenuItem@@H@Z 0000000180015280 f   ConEmuPlugin1900.obj
 0001:000145b0       ?EditOutputW1900@@YAHPEB_WH@Z 00000001800155b0 f   ConEmuPlugin1900.obj
 0001:000146d0       ?ExecuteSynchroW1900@@YAHXZ 00000001800156d0 f   ConEmuPlugin1900.obj
 0001:00014770       ?WaitEndSynchroW1900@@YAXXZ 0000000180015770 f   ConEmuPlugin1900.obj
 0001:00014780       ?StopWaitEndSynchroW1900@@YAXXZ 0000000180015780 f   ConEmuPlugin1900.obj
 0001:000147c0       ?IsMacroActiveW1900@@YAHXZ 00000001800157c0 f   ConEmuPlugin1900.obj
 0001:00014810       ?GetMacroAreaW1900@@YAHXZ  0000000180015810 f   ConEmuPlugin1900.obj
 0001:00014840       ?RedrawAllW1900@@YAXXZ     0000000180015840 f   ConEmuPlugin1900.obj
 0001:00014880       ?LoadPluginW1900@@YA_NPEA_W@Z 0000000180015880 f   ConEmuPlugin1900.obj
 0001:000148c0       ?RunExternalProgramW1900@@YA_NPEA_W@Z 00000001800158c0 f   ConEmuPlugin1900.obj
 0001:00014c40       ?ProcessCommandLineW1900@@YA_NPEA_W@Z 0000000180015c40 f   ConEmuPlugin1900.obj
 0001:00014ca0       ?LoadFarColorsW1900@@YAXAEAY0BAA@E@Z 0000000180015ca0 f   ConEmuPlugin1900.obj
 0001:00014ed0       ?FarColor_3_2@@YAEAEBUFarColor@@@Z 0000000180015ed0 f i ConEmuPlugin1900.obj
 0001:00014ff0       ?Color2FgIndex@Far3Color@@SAXKAEAG@Z 0000000180015ff0 f i ConEmuPlugin1900.obj
 0001:00015180       ?Max@Far3Color@@SAHHH@Z    0000000180016180 f i ConEmuPlugin1900.obj
 0001:000151b0       ?GetStdIndex@Far3Color@@SAHK@Z 00000001800161b0 f i ConEmuPlugin1900.obj
 0001:00015280       ?Color2BgIndex@Far3Color@@SAXKHAEAG@Z 0000000180016280 f i ConEmuPlugin1900.obj
 0001:00015450       ?ReloadFarInfoW1900@@YAHXZ 0000000180016450 f   ConEmuPlugin1900.obj
 0001:00015920       ?ExecuteQuitFarW1900@@YAXXZ 0000000180016920 f   ConEmuPlugin1900.obj
 0001:00015980       ?CheckBufferEnabledW1900@@YAHXZ 0000000180016980 f   ConEmuPlugin1900.obj
 0001:00015a50       ?FillUpdateBackgroundW1900@@YAXPEAUPaintBackgroundArg@@@Z 0000000180016a50 f   ConEmuPlugin1900.obj
 0001:00016070       ?GetActiveWindowTypeW1900@@YAHXZ 0000000180017070 f   ConEmuPlugin1900.obj
 0001:00016170       ?GuiMacroDlgW1900@@YAXXZ   0000000180017170 f   ConEmuPlugin1900.obj
 0001:00016870       ?OpenW1900@@YAPEAXPEBX@Z   0000000180017870 f   ConEmuPlugin1900.obj
 0001:00016a00       ?ProcessConsoleInputW1900@@YAHPEAX@Z 0000000180017a00 f   ConEmuPlugin1900.obj
 0001:00016a20       ?GetPluginInfoW2800@@YAXPEAX@Z 0000000180017a20 f   ConEmuPlugin2800.obj
 0001:00016ab0       ?ProcessDragFromW2800@@YAXXZ 0000000180017ab0 f   ConEmuPlugin2800.obj
 0001:00017600       ?ProcessDragToW2800@@YAXXZ 0000000180018600 f   ConEmuPlugin2800.obj
 0001:00017c00       ?SetStartupInfoW2800@@YAXPEAX@Z 0000000180018c00 f   ConEmuPlugin2800.obj
 0001:00017dc0       ?GetEditorModifiedStateW2800@@YAKXZ 0000000180018dc0 f   ConEmuPlugin2800.obj
 0001:00017e30       ?ProcessEditorEventW2800@@YA_JPEAX@Z 0000000180018e30 f   ConEmuPlugin2800.obj
 0001:00017e60       ?ProcessViewerEventW2800@@YA_JPEAX@Z 0000000180018e60 f   ConEmuPlugin2800.obj
 0001:00017e90       ?ProcessDialogEventW2800@@YA_JPEAX@Z 0000000180018e90 f   ConEmuPlugin2800.obj
 0001:00017ec0       ?ProcessSynchroEventW2800@@YA_JPEAX@Z 0000000180018ec0 f   ConEmuPlugin2800.obj
 0001:00017ef0       ?ProcessEditorInputW2800@@YAHPEBX@Z 0000000180018ef0 f   ConEmuPlugin2800.obj
 0001:00017f70       ?UpdatePanelDirsW2800@@YA_NXZ 0000000180018f70 f   ConEmuPlugin2800.obj
 0001:00018100       ?UpdateConEmuTabsW2800@@YA_NH_N0PEAX@Z 0000000180019100 f   ConEmuPlugin2800.obj
 0001:00018b40       ?ExitFARW2800@@YAXXZ       0000000180019b40 f   ConEmuPlugin2800.obj
 0001:00018bd0       ?ShowMessageW2800@@YAHPEB_WH_N@Z 0000000180019bd0 f   ConEmuPlugin2800.obj
 0001:00018cd0       ?ShowMessageW2800@@YAHHH@Z 0000000180019cd0 f   ConEmuPlugin2800.obj
 0001:00018d40       ?GetMsgW2800@@YAPEB_WH@Z   0000000180019d40 f   ConEmuPlugin2800.obj
 0001:00018d90       ?SetWindowW2800@@YAXH@Z    0000000180019d90 f   ConEmuPlugin2800.obj
 0001:00018e00       ?BackgroundMacroError@@YAKPEAX@Z 0000000180019e00 f   ConEmuPlugin2800.obj
 0001:00018e50       ?PostMacroW2800@@YAXPEB_WPEAU_INPUT_RECORD@@@Z 0000000180019e50 f   ConEmuPlugin2800.obj
 0001:000194a0       ?ShowPluginMenuW2800@@YAHPEAUConEmuPluginMenuItem@@H@Z 000000018001a4a0 f   ConEmuPlugin2800.obj
 0001:000197d0       ?EditOutputW2800@@YAHPEB_WH@Z 000000018001a7d0 f   ConEmuPlugin2800.obj
 0001:000198f0       ?ExecuteSynchroW2800@@YAHXZ 000000018001a8f0 f   ConEmuPlugin2800.obj
 0001:00019990       ?WaitEndSynchroW2800@@YAXXZ 000000018001a990 f   ConEmuPlugin2800.obj
 0001:000199a0       ?StopWaitEndSynchroW2800@@YAXXZ 000000018001a9a0 f   ConEmuPlugin2800.obj
 0001:000199e0       ?IsMacroActiveW2800@@YAHXZ 000000018001a9e0 f   ConEmuPlugin2800.obj
 0001:00019a30       ?GetMacroAreaW2800@@YAHXZ  000000018001aa30 f   ConEmuPlugin2800.obj
 0001:00019a60       ?RedrawAllW2800@@YAXXZ     000000018001aa60 f   ConEmuPlugin2800.obj
 0001:00019aa0       ?LoadPluginW2800@@YA_NPEA_W@Z 000000018001aaa0 f   ConEmuPlugin2800.obj
 0001:00019ae0       ?RunExternalProgramW2800@@YA_NPEA_W@Z 000000018001aae0 f   ConEmuPlugin2800.obj
 0001:00019e70       ?ProcessCommandLineW2800@@YA_NPEA_W@Z 000000018001ae70 f   ConEmuPlugin2800.obj
 0001:00019ed0       ?LoadFarColorsW2800@@YAXAEAY0BAA@E@Z 000000018001aed0 f   ConEmuPlugin2800.obj
 0001:0001a100       ?ReloadFarInfoW2800@@YAHXZ 000000018001b100 f   ConEmuPlugin2800.obj
 0001:0001a5e0       ?ExecuteQuitFarW2800@@YAXXZ 000000018001b5e0 f   ConEmuPlugin2800.obj
 0001:0001a640       ?CheckBufferEnabledW2800@@YAHXZ 000000018001b640 f   ConEmuPlugin2800.obj
 0001:0001a710       ?FillUpdateBackgroundW2800@@YAXPEAUPaintBackgroundArg@@@Z 000000018001b710 f   ConEmuPlugin2800.obj
 0001:0001ad30       ?GetActiveWindowTypeW2800@@YAHXZ 000000018001bd30 f   ConEmuPlugin2800.obj
 0001:0001ae30       ?GuiMacroDlgW2800@@YAXXZ   000000018001be30 f   ConEmuPlugin2800.obj
 0001:0001b550       GetGlobalInfoW             000000018001c550 f   ConEmuPlugin2800.obj
 0001:0001b770       ?OpenW2800@@YAPEAXPEBX@Z   000000018001c770 f   ConEmuPlugin2800.obj
 0001:0001b920       ?ProcessConsoleInputW2800@@YA_JPEAX@Z 000000018001c920 f   ConEmuPlugin2800.obj
 0001:0001b940       GetMinFarVersionW          000000018001c940 f   ConEmuPlugin995.obj
 0001:0001b950       ?GetPluginInfoW995@@YAXPEAX@Z 000000018001c950 f   ConEmuPlugin995.obj
 0001:0001ba10       ?ProcessDragFromW995@@YAXXZ 000000018001ca10 f   ConEmuPlugin995.obj
 0001:0001c420       ?ProcessDragToW995@@YAXXZ  000000018001d420 f   ConEmuPlugin995.obj
 0001:0001c9c0       ?SetStartupInfoW995@@YAXPEAX@Z 000000018001d9c0 f   ConEmuPlugin995.obj
 0001:0001cc20       ?GetEditorModifiedStateW995@@YAKXZ 000000018001dc20 f   ConEmuPlugin995.obj
 0001:0001cc80       ?ProcessEditorInputW995@@YAHPEBX@Z 000000018001dc80 f   ConEmuPlugin995.obj
 0001:0001cd00       ?UpdatePanelDirsW995@@YA_NXZ 000000018001dd00 f   ConEmuPlugin995.obj
 0001:0001ce80       ?UpdateConEmuTabsW995@@YA_NH_N0PEAX@Z 000000018001de80 f   ConEmuPlugin995.obj
 0001:0001d490       ?ExitFARW995@@YAXXZ        000000018001e490 f   ConEmuPlugin995.obj
 0001:0001d520       ?ShowMessageW995@@YAHPEB_WH_N@Z 000000018001e520 f   ConEmuPlugin995.obj
 0001:0001d5d0       ?ShowMessageW995@@YAHHH@Z  000000018001e5d0 f   ConEmuPlugin995.obj
 0001:0001d640       ?GetMsgW995@@YAPEB_WH@Z    000000018001e640 f   ConEmuPlugin995.obj
 0001:0001d690       ?SetWindowW995@@YAXH@Z     000000018001e690 f   ConEmuPlugin995.obj
 0001:0001d710       ?PostMacroW995@@YAXPEB_WPEAU_INPUT_RECORD@@@Z 000000018001e710 f   ConEmuPlugin995.obj
 0001:0001d810       ?ShowPluginMenuW995@@YAHPEAUConEmuPluginMenuItem@@H@Z 000000018001e810 f   ConEmuPlugin995.obj
 0001:0001da80       ?EditOutputW995@@YAHPEB_WH@Z 000000018001ea80 f   ConEmuPlugin995.obj
 0001:0001dba0       ?ExecuteSynchroW995@@YAHXZ 000000018001eba0 f   ConEmuPlugin995.obj
 0001:0001dc40       ?WaitEndSynchroW995@@YAXXZ 000000018001ec40 f   ConEmuPlugin995.obj
 0001:0001de80       ?StopWaitEndSynchroW995@@YAXXZ 000000018001ee80 f   ConEmuPlugin995.obj
 0001:0001dec0       ?IsMacroActiveW995@@YAHXZ  000000018001eec0 f   ConEmuPlugin995.obj
 0001:0001df30       ?GetMacroAreaW995@@YAHXZ   000000018001ef30 f   ConEmuPlugin995.obj
 0001:0001df80       ?RedrawAllW995@@YAXXZ      000000018001ef80 f   ConEmuPlugin995.obj
 0001:0001dfc0       ?LoadPluginW995@@YA_NPEA_W@Z 000000018001efc0 f   ConEmuPlugin995.obj
 0001:0001e000       ?RunExternalProgramW995@@YA_NPEA_W@Z 000000018001f000 f   ConEmuPlugin995.obj
 0001:0001e390       ?ProcessCommandLineW995@@YA_NPEA_W@Z 000000018001f390 f   ConEmuPlugin995.obj
 0001:0001e3f0       ?LoadFarColorsW995@@YAXAEAY0BAA@E@Z 000000018001f3f0 f   ConEmuPlugin995.obj
 0001:0001e4f0       ?ReloadFarInfoW995@@YAHXZ  000000018001f4f0 f   ConEmuPlugin995.obj
 0001:0001e7a0       ?ExecuteQuitFar995@@YAXXZ  000000018001f7a0 f   ConEmuPlugin995.obj
 0001:0001e800       ?CheckBufferEnabledW995@@YAHXZ 000000018001f800 f   ConEmuPlugin995.obj
 0001:0001e8d0       ?FillUpdateBackgroundW995@@YAXPEAUPaintBackgroundArg@@@Z 000000018001f8d0 f   ConEmuPlugin995.obj
 0001:0001edb0       ?GetActiveWindowTypeW995@@YAHXZ 000000018001fdb0 f   ConEmuPlugin995.obj
 0001:0001eec0       ?GuiMacroDlgW995@@YAXXZ    000000018001fec0 f   ConEmuPlugin995.obj
 0001:0001f540       GetMinFarVersion           0000000180020540 f   ConEmuPluginA.obj
 0001:0001f5b0       OpenPlugin                 00000001800205b0 f   ConEmuPluginA.obj
 0001:0001f640       ?ProcessDragFromA@@YAXXZ   0000000180020640 f   ConEmuPluginA.obj
 0001:0001fe70       ?ProcessDragToA@@YAXXZ     0000000180020e70 f   ConEmuPluginA.obj
 0001:000203a0       SetStartupInfo             00000001800213a0 f   ConEmuPluginA.obj
 0001:00020640       GetPluginInfo              0000000180021640 f   ConEmuPluginA.obj
 0001:00020720       ?GetEditorModifiedStateA@@YAKXZ 0000000180021720 f   ConEmuPluginA.obj
 0001:00020780       ProcessEditorInput         0000000180021780 f   ConEmuPluginA.obj
 0001:000207f0       ProcessEditorEvent         00000001800217f0 f   ConEmuPluginA.obj
 0001:000208a0       ProcessViewerEvent         00000001800218a0 f   ConEmuPluginA.obj
 0001:00020940       ?UpdatePanelDirsA@@YA_NXZ  0000000180021940 f   ConEmuPluginA.obj
 0001:00020ad0       ?UpdateConEmuTabsA@@YA_NH_N0PEAX@Z 0000000180021ad0 f   ConEmuPluginA.obj
 0001:00021080       ProcessDialogEvent         0000000180022080 f   ConEmuPluginA.obj
 0001:00021090       ExitFAR                    0000000180022090 f   ConEmuPluginA.obj
 0001:00021130       ?ShowMessageA@@YAHPEBDH_N@Z 0000000180022130 f   ConEmuPluginA.obj
 0001:000211e0       ?ShowMessageA@@YAHHH@Z     00000001800221e0 f   ConEmuPluginA.obj
 0001:00021250       ?SetWindowA@@YAXH@Z        0000000180022250 f   ConEmuPluginA.obj
 0001:000212d0       ?PostMacroA@@YAXPEADPEAU_INPUT_RECORD@@@Z 00000001800222d0 f   ConEmuPluginA.obj
 0001:000213c0       ?ShowPluginMenuA@@YAHPEAUConEmuPluginMenuItem@@H@Z 00000001800223c0 f   ConEmuPluginA.obj
 0001:000216b0       ?EditOutputA@@YAHPEB_WH@Z  00000001800226b0 f   ConEmuPluginA.obj
 0001:00021840       ?GetMsgA@@YAXHAEAY0BAE@_W@Z 0000000180022840 f   ConEmuPluginA.obj
 0001:00021920       ?IsMacroActiveA@@YAHXZ     0000000180022920 f   ConEmuPluginA.obj
 0001:00021990       ?RedrawAllA@@YAXXZ         0000000180022990 f   ConEmuPluginA.obj
 0001:000219d0       ?RunExternalProgramA@@YA_NPEAD@Z 00000001800229d0 f   ConEmuPluginA.obj
 0001:00021d00       ?ProcessCommandLineA@@YA_NPEAD@Z 0000000180022d00 f   ConEmuPluginA.obj
 0001:00021d60       ?LoadFarColorsA@@YAXAEAY0BAA@E@Z 0000000180022d60 f   ConEmuPluginA.obj
 0001:00021e70       ?ReloadFarInfoA@@YAHXZ     0000000180022e70 f   ConEmuPluginA.obj
 0001:00022030       ?ExecuteQuitFarA@@YAXXZ    0000000180023030 f   ConEmuPluginA.obj
 0001:00022060       ?FillUpdateBackgroundA@@YAXPEAUPaintBackgroundArg@@@Z 0000000180023060 f   ConEmuPluginA.obj
 0001:00022430       ?GetActiveWindowTypeA@@YAHXZ 0000000180023430 f   ConEmuPluginA.obj
 0001:000224b0       ?GuiMacroDlgA@@YAXXZ       00000001800234b0 f   ConEmuPluginA.obj
 0001:00022ca0       ?IsFileBatch@@YA_NPEB_W@Z  0000000180023ca0 f   Execute.obj
 0001:00022d40       ?GetImageSubsystem@@YA_NPEB_WAEAK11@Z 0000000180023d40 f   Execute.obj
 0001:00023150       ?GetImageSubsystem@@YA_NAEAK0@Z 0000000180024150 f   Execute.obj
 0001:00023230       ?GetImageSubsystem@@YA_NU_PROCESS_INFORMATION@@AEAK1@Z 0000000180024230 f   Execute.obj
 0001:00023530       ?GetEnclosingSectionHeader@@YAPEAU_IMAGE_SECTION_HEADER@@KPEAUIMAGE_MAPPING@@@Z 0000000180024530 f   Execute.obj
 0001:000235e0       ?GetPtrFromRVA@@YAPEAXKPEAUIMAGE_MAPPING@@@Z 00000001800245e0 f   Execute.obj
 0001:00023670       ?FindImageSubsystem@@YA_NPEB_WAEAK1PEAK@Z 0000000180024670 f   Execute.obj
 0001:000244e0       ?HeapInitialize@@YA_NXZ    00000001800254e0 f   Memory.obj
 0001:00024530       ?HeapDeinitialize@@YAXXZ   0000000180025530 f   Memory.obj
 0001:00024560       ?xf_malloc@@YAPEAX_K@Z     0000000180025560 f   Memory.obj
 0001:00024590       ?xf_calloc@@YAPEAX_K0@Z    0000000180025590 f   Memory.obj
 0001:000245d0       ?xf_realloc@@YAPEAXPEAX_K@Z 00000001800255d0 f   Memory.obj
 0001:00024610       ?xf_free@@YAXPEAX@Z        0000000180025610 f   Memory.obj
 0001:00024650       ?xf_validate@@YA_NPEAX@Z   0000000180025650 f   Memory.obj
 0001:000246a0       ??2@YAPEAX_K@Z             00000001800256a0 f   Memory.obj
 0001:000246d0       ??_U@YAPEAX_K@Z            00000001800256d0 f   Memory.obj
 0001:00024700       ??3@YAXPEAX@Z              0000000180025700 f   Memory.obj
 0001:00024720       ??_V@YAXPEAX@Z             0000000180025720 f   Memory.obj
 0001:00024740       ?lstrdup@@YAPEADPEBD@Z     0000000180025740 f   Memory.obj
 0001:000247c0       ?StringCchCopyA@@YAJPEAD_KPEBD@Z 00000001800257c0 f i Memory.obj
 0001:00024950       ?lstrdup@@YAPEA_WPEB_W_K@Z 0000000180025950 f   Memory.obj
 0001:00024b10       ?lstrdupW@@YAPEA_WPEBDI@Z  0000000180025b10 f   Memory.obj
 0001:00024bb0       ?lstrmerge@@YAPEA_WPEB_W0000@Z 0000000180025bb0 f   Memory.obj
 0001:00024db0       ?lstrmerge@@YA_NPEAPEA_WPEB_W111@Z 0000000180025db0 f   Memory.obj
 0001:00024e30       ?FindMonitorsWorkspace@@YAHPEAUHMONITOR__@@PEAUHDC__@@PEAUtagRECT@@_J@Z 0000000180025e30 f   Monitors.obj
 0001:00024ee0       ?GetAllMonitorsWorkspace@@YA?AUtagRECT@@XZ 0000000180025ee0 f   Monitors.obj
 0001:00024f70       ?FindPrimaryMonitor@@YAHPEAUHMONITOR__@@PEAUHDC__@@PEAUtagRECT@@_J@Z 0000000180025f70 f   Monitors.obj
 0001:00025000       ?GetMonitorInfoSafe@@YA_NPEAUHMONITOR__@@AEAUtagMONITORINFO@@@Z 0000000180026000 f   Monitors.obj
 0001:00025070       ?GetPrimaryMonitorInfo@@YAPEAUHMONITOR__@@PEAUtagMONITORINFO@@@Z 0000000180026070 f   Monitors.obj
 0001:00025130       ?GetNearestMonitorInfo@@YAPEAUHMONITOR__@@PEAUtagMONITORINFO@@PEAU1@PEBUtagRECT@@PEAUHWND__@@@Z 0000000180026130 f   Monitors.obj
 0001:00025260       ?EnumAllMonitors@@YAHPEAUHMONITOR__@@PEAUHDC__@@PEAUtagRECT@@_J@Z 0000000180026260 f   Monitors.obj
 0001:00025310       ?MonitorSortCallback@@YAHAEAU_FindAllMonitorsItem@@0@Z 0000000180026310 f   Monitors.obj
 0001:00025390       ?GetNextMonitorInfo@@YAPEAUHMONITOR__@@PEAUtagMONITORINFO@@PEBUtagRECT@@_N@Z 0000000180026390 f   Monitors.obj
 0001:00025680       ??0_FindAllMonitors@@QEAA@XZ 0000000180026680 f i Monitors.obj
 0001:000256a0       ??1_FindAllMonitors@@QEAA@XZ 00000001800266a0 f i Monitors.obj
 0001:000256c0       ??0?$MArray@U_FindAllMonitorsItem@@@@QEAA@XZ 00000001800266c0 f i Monitors.obj
 0001:00025720       ??1?$MArray@U_FindAllMonitorsItem@@@@QEAA@XZ 0000000180026720 f i Monitors.obj
 0001:00025740       ??A?$MArray@U_FindAllMonitorsItem@@@@QEAAAEAU_FindAllMonitorsItem@@_J@Z 0000000180026740 f i Monitors.obj
 0001:00025760       ?push_back@?$MArray@U_FindAllMonitorsItem@@@@QEAA_JAEBU_FindAllMonitorsItem@@@Z 0000000180026760 f i Monitors.obj
 0001:00025830       ?size@?$MArray@U_FindAllMonitorsItem@@@@QEBA_JXZ 0000000180026830 f i Monitors.obj
 0001:00025840       ?sort@?$MArray@U_FindAllMonitorsItem@@@@QEAAXP6AHAEAU_FindAllMonitorsItem@@0@Z@Z 0000000180026840 f i Monitors.obj
 0001:00025990       ?clear@?$MArray@U_FindAllMonitorsItem@@@@QEAAXXZ 0000000180026990 f i Monitors.obj
 0001:000259e0       ?addsize@?$MArray@U_FindAllMonitorsItem@@@@QEAAX_J@Z 00000001800269e0 f i Monitors.obj
 0001:00025b20       ??0MSection@@QEAA@XZ       0000000180026b20 f   MSection.obj
 0001:00025c10       ??1MSection@@QEAA@XZ       0000000180026c10 f   MSection.obj
 0001:00025ce0       ?Process_Lock@MSection@@IEAAXXZ 0000000180026ce0 f   MSection.obj
 0001:00025d00       ?Process_Unlock@MSection@@IEAAXXZ 0000000180026d00 f   MSection.obj
 0001:00025d20       ?ThreadTerminated@MSection@@QEAAXK@Z 0000000180026d20 f   MSection.obj
 0001:00025d90       ?AddRef@MSection@@IEAAXK@Z 0000000180026d90 f   MSection.obj
 0001:00025ee0       ?ReleaseRef@MSection@@IEAAHK@Z 0000000180026ee0 f   MSection.obj
 0001:00026000       ?WaitUnlocked@MSection@@IEAAXKK@Z 0000000180027000 f   MSection.obj
 0001:000260d0       ?MyEnterCriticalSection@MSection@@IEAA_NK@Z 00000001800270d0 f   MSection.obj
 0001:000262a0       ?Lock@MSection@@IEAAHHK@Z  00000001800272a0 f   MSection.obj
 0001:00026450       ?Unlock@MSection@@IEAAXH@Z 0000000180027450 f   MSection.obj
 0001:000264e0       ?isLockedExclusive@MSection@@QEAA_NXZ 00000001800274e0 f   MSection.obj
 0001:00026550       ??0MSectionThread@@QEAA@PEAVMSection@@@Z 0000000180027550 f   MSection.obj
 0001:00026590       ??1MSectionThread@@QEAA@XZ 0000000180027590 f   MSection.obj
 0001:000265d0       ??0MSectionLock@@QEAA@XZ   00000001800275d0 f   MSection.obj
 0001:00026600       ??1MSectionLock@@QEAA@XZ   0000000180027600 f   MSection.obj
 0001:00026630       ?Lock@MSectionLock@@QEAAHPEAVMSection@@HK@Z 0000000180027630 f   MSection.obj
 0001:00026700       ?RelockExclusive@MSectionLock@@QEAAHK@Z 0000000180027700 f   MSection.obj
 0001:00026790       ?Unlock@MSectionLock@@QEAAXXZ 0000000180027790 f   MSection.obj
 0001:000267e0       ?isLocked@MSectionLock@@QEAAHH@Z 00000001800277e0 f   MSection.obj
 0001:00026830       ??0MSectionSimple@@QEAA@_N@Z 0000000180027830 f   MSectionSimple.obj
 0001:00026890       ??1MSectionSimple@@QEAA@XZ 0000000180027890 f   MSectionSimple.obj
 0001:000268b0       ?IsInitialized@MSectionSimple@@QEAA_NXZ 00000001800278b0 f   MSectionSimple.obj
 0001:000268f0       ?Init@MSectionSimple@@QEAAXXZ 00000001800278f0 f   MSectionSimple.obj
 0001:00026920       ?Close@MSectionSimple@@QEAAXXZ 0000000180027920 f   MSectionSimple.obj
 0001:00026950       ?Enter@MSectionSimple@@QEAAXXZ 0000000180027950 f   MSectionSimple.obj
 0001:00026970       ?Leave@MSectionSimple@@QEAAXXZ 0000000180027970 f   MSectionSimple.obj
 0001:00026990       ?TryEnter@MSectionSimple@@QEAA_NXZ 0000000180027990 f   MSectionSimple.obj
 0001:000269d0       ?RecreateAndLock@MSectionSimple@@QEAA_NXZ 00000001800279d0 f   MSectionSimple.obj
 0001:00026a70       ??0MSectionLockSimple@@QEAA@XZ 0000000180027a70 f   MSectionSimple.obj
 0001:00026a90       ??1MSectionLockSimple@@QEAA@XZ 0000000180027a90 f   MSectionSimple.obj
 0001:00026ac0       ?Lock@MSectionLockSimple@@QEAAHPEAUMSectionSimple@@K@Z 0000000180027ac0 f   MSectionSimple.obj
 0001:00026b90       ?Unlock@MSectionLockSimple@@QEAAXXZ 0000000180027b90 f   MSectionSimple.obj
 0001:00026bd0       ?isLocked@MSectionLockSimple@@QEAAHXZ 0000000180027bd0 f   MSectionSimple.obj
 0001:00026be0       ?NullSecurity@@YAPEAU_SECURITY_ATTRIBUTES@@XZ 0000000180027be0 f   MSecurity.obj
 0001:00026c40       ??0MNullDesc@@QEAA@XZ      0000000180027c40 f i MSecurity.obj
 0001:00026cc0       ?NullSecurity@MNullDesc@@QEAAPEAU_SECURITY_ATTRIBUTES@@XZ 0000000180027cc0 f i MSecurity.obj
 0001:00026e00       ?LoadAdvApi@MNullDesc@@IEAAHXZ 0000000180027e00 f i MSecurity.obj
 0001:000270c0       ?UnloadAdvApi@MNullDesc@@IEAAXXZ 00000001800280c0 f i MSecurity.obj
 0001:00027100       ?LocalSecurity@@YAPEAU_SECURITY_ATTRIBUTES@@XZ 0000000180028100 f   MSecurity.obj
 0001:00027160       ?LocalSecurity@MNullDesc@@QEAAPEAU_SECURITY_ATTRIBUTES@@XZ 0000000180028160 f i MSecurity.obj
 0001:00027410       ?ShutdownSecurity@@YAXXZ   0000000180028410 f   MSecurity.obj
 0001:00027470       ??_GMNullDesc@@QEAAPEAXI@Z 0000000180028470 f i MSecurity.obj
 0001:000274b0       ??1MNullDesc@@QEAA@XZ      00000001800284b0 f i MSecurity.obj
 0001:00027530       ?msprintf@@YAPEB_WPEA_W_KPEB_WZZ 0000000180028530 f   MStrSafe.obj
 0001:00027ee0       ?msprintf@@YAPEBDPEAD_KPEBDZZ 0000000180028ee0 f   MStrSafe.obj
 0001:00028610       ?lstrcmpni@@YAHPEB_W0H@Z   0000000180029610 f   MStrSafe.obj
 0001:000286c0       ?startswith@@YAHPEB_W0_N@Z 00000001800296c0 f   MStrSafe.obj
 0001:00028770       ??0CPluginBackground@@QEAA@XZ 0000000180029770 f   PluginBackground.obj
 0001:00028a20       ??1CPluginBackground@@QEAA@XZ 0000000180029a20 f   PluginBackground.obj
 0001:00028cd0       ?RegisterSubplugin@CPluginBackground@@QEAAHPEAURegisterBackgroundArg@@@Z 0000000180029cd0 f   PluginBackground.obj
 0001:00029120       ?ReallocItems@CPluginBackground@@IEAAXH@Z 000000018002a120 f   PluginBackground.obj
 0001:000291c0       ?OnMainThreadActivated@CPluginBackground@@QEAAXHH@Z 000000018002a1c0 f   PluginBackground.obj
 0001:00029330       ?SetForceCheck@CPluginBackground@@QEAAXXZ 000000018002a330 f   PluginBackground.obj
 0001:00029360       ?SetForceUpdate@CPluginBackground@@QEAAX_N@Z 000000018002a360 f   PluginBackground.obj
 0001:000293a0       ?SetForceThLoad@CPluginBackground@@QEAAXXZ 000000018002a3a0 f   PluginBackground.obj
 0001:000293e0       ?IsParmChanged@CPluginBackground@@IEAA_NPEAUPaintBackgroundArg@@0@Z 000000018002a3e0 f   PluginBackground.obj
 0001:00029730       ?CheckPanelFolders@CPluginBackground@@IEAAXH@Z 000000018002a730 f   PluginBackground.obj
 0001:000298c0       ?SetDcPanelRect@CPluginBackground@@IEAAXPEAUtagRECT@@PEAUtag_BkPanelInfo@PaintBackgroundArg@@PEAU4@@Z 000000018002a8c0 f   PluginBackground.obj
 0001:00029a60       ?UpdateBackground_Exec@CPluginBackground@@KAXPEAURegisterBackgroundArg@@PEAUPaintBackgroundArg@@@Z 000000018002aa60 f   PluginBackground.obj
 0001:00029ac0       ?UpdateBackground@CPluginBackground@@IEAAXXZ 000000018002aac0 f   PluginBackground.obj
 0001:0002ab80       ?LoadThSet@CPluginBackground@@IEAAHH@Z 000000018002bb80 f   PluginBackground.obj
 0001:0002adf0       ?MonitorBackground@CPluginBackground@@QEAAXXZ 000000018002bdf0 f   PluginBackground.obj
 0001:0002aed0       ?GetTo@?$MFileMapping@UPanelViewSetMapping@@@@QEAA_NPEAUPanelViewSetMapping@@H@Z 000000018002bed0 f i PluginBackground.obj
 0001:0002af30       ?InitName@?$MFileMapping@UPanelViewSetMapping@@@@QEAAPEB_WPEB_WKK@Z 000000018002bf30 f i PluginBackground.obj
 0001:0002af90       ?CloseMap@?$MFileMapping@UPanelViewSetMapping@@@@QEAAXXZ 000000018002bf90 f i PluginBackground.obj
 0001:0002b020       ?Open@?$MFileMapping@UPanelViewSetMapping@@@@QEAAPEAUPanelViewSetMapping@@HH@Z 000000018002c020 f i PluginBackground.obj
 0001:0002b050       ??0?$MFileMapping@UPanelViewSetMapping@@@@QEAA@XZ 000000018002c050 f i PluginBackground.obj
 0001:0002b0c0       ??1?$MFileMapping@UPanelViewSetMapping@@@@QEAA@XZ 000000018002c0c0 f i PluginBackground.obj
 0001:0002b0f0       ?IsValid@?$MFileMapping@UPanelViewSetMapping@@@@QEAA_NXZ 000000018002c0f0 f i PluginBackground.obj
 0001:0002b120       ?ClosePtr@?$MFileMapping@UPanelViewSetMapping@@@@QEAAXXZ 000000018002c120 f i PluginBackground.obj
 0001:0002b160       ?InternalOpenCreate@?$MFileMapping@UPanelViewSetMapping@@@@IEAAPEAUPanelViewSetMapping@@HHH@Z 000000018002c160 f i PluginBackground.obj
 0001:0002b540       ?PlugServerInit@@YAXXZ     000000018002c540 f   PluginSrv.obj
 0001:0002b550       ?PlugServerStart@@YA_NXZ   000000018002c550 f   PluginSrv.obj
 0001:0002b680       ?PlugServerStop@@YAX_N@Z   000000018002c680 f   PluginSrv.obj
 0001:0002b6d0       ?cmd_FarSetChanged@@YAXPEAUFAR_REQ_FARSETCHANGED@@@Z 000000018002c6d0 f   PluginSrv.obj
 0001:0002b750       ?PlugServerCommand@@YAHPEAXPEAUCESERVER_REQ@@AEAPEAU1@AEAK3_J@Z 000000018002c750 f   PluginSrv.obj
 0001:0002c080       ?PlugServerFree@@YAXPEAUCESERVER_REQ@@_J@Z 000000018002d080 f   PluginSrv.obj
 0001:0002c0a0       ?SetOverlapped@?$PipeServer@UCESERVER_REQ@@@@QEAAX_N@Z 000000018002d0a0 f i PluginSrv.obj
 0001:0002c0c0       ?SetLoopCommands@?$PipeServer@UCESERVER_REQ@@@@QEAAX_N@Z 000000018002d0c0 f i PluginSrv.obj
 0001:0002c0e0       ?SetDummyAnswerSize@?$PipeServer@UCESERVER_REQ@@@@QEAAXH@Z 000000018002d0e0 f i PluginSrv.obj
 0001:0002c100       ?SetMaxCount@?$PipeServer@UCESERVER_REQ@@@@QEAAXH@Z 000000018002d100 f i PluginSrv.obj
 0001:0002c150       ?StartPipeServer@?$PipeServer@UCESERVER_REQ@@@@QEAA_NPEB_W_JPEAU_SECURITY_ATTRIBUTES@@P6AHPEAXPEAUCESERVER_REQ@@AEAPEAU3@AEAK61@ZP6AX41@ZP6AH31@Z99@Z 000000018002d150 f i PluginSrv.obj
 0001:0002c3b0       ?StopPipeServer@?$PipeServer@UCESERVER_REQ@@@@QEAAX_N@Z 000000018002d3b0 f i PluginSrv.obj
 0001:0002c9e0       ?BreakConnection@?$PipeServer@UCESERVER_REQ@@@@QEAAXPEAX@Z 000000018002d9e0 f i PluginSrv.obj
 0001:0002ca10       ?DumpError@?$PipeServer@UCESERVER_REQ@@@@IEAAXPEAUPipeInst@1@PEB_WH@Z 000000018002da10 f i PluginSrv.obj
 0001:0002cb40       ?_Disconnect@?$PipeServer@UCESERVER_REQ@@@@IEAAXPEAUPipeInst@1@_N11@Z 000000018002db40 f i PluginSrv.obj
 0001:0002cbf0       ?StartPipeInstance@?$PipeServer@UCESERVER_REQ@@@@IEAA_NPEAUPipeInst@1@@Z 000000018002dbf0 f i PluginSrv.obj
 0001:0002cd50       ?TerminatePipeThread@?$PipeServer@UCESERVER_REQ@@@@KAXPEAX@Z 000000018002dd50 f i PluginSrv.obj
 0001:0002cd70       ?_PipeServerThread@?$PipeServer@UCESERVER_REQ@@@@KAKPEAX@Z 000000018002dd70 f i PluginSrv.obj
 0001:0002ce00       ?PipeServerThread@?$PipeServer@UCESERVER_REQ@@@@IEAAKPEAUPipeInst@1@@Z 000000018002de00 f i PluginSrv.obj
 0001:0002d350       ?PipeServerRead@?$PipeServer@UCESERVER_REQ@@@@IEAAHPEAUPipeInst@1@@Z 000000018002e350 f i PluginSrv.obj
 0001:0002d7c0       ?PipeServerWrite@?$PipeServer@UCESERVER_REQ@@@@IEAAHPEAUPipeInst@1@PEBXKPEAKH@Z 000000018002e7c0 f i PluginSrv.obj
 0001:0002da00       ?WaitForClient@?$PipeServer@UCESERVER_REQ@@@@IEAA_NPEAUPipeInst@1@AEAH1@Z 000000018002ea00 f i PluginSrv.obj
 0001:0002e010       ?WriteDummyAnswer@?$PipeServer@UCESERVER_REQ@@@@IEAAHPEAUPipeInst@1@@Z 000000018002f010 f i PluginSrv.obj
 0001:0002e0b0       ?WaitOverlapped@?$PipeServer@UCESERVER_REQ@@@@IEAAHPEAUPipeInst@1@PEAK@Z 000000018002f0b0 f i PluginSrv.obj
 0001:0002e3a0       ?AllocRequestBuf@PipeInst@?$PipeServer@UCESERVER_REQ@@@@QEAAPEAUCESERVER_REQ@@K@Z 000000018002f3a0 f i PluginSrv.obj
 0001:0002e440       ??$wcscpy_c@$0BAE@@@YAHAEAY0BAE@_WPEB_W@Z 000000018002f440 f i PluginSrv.obj
 0001:0002e5a0       ?SetConEmuEnvHWND@@YAXPEB_WPEAUHWND__@@@Z 000000018002f5a0 f   SetEnvVar.obj
 0001:0002e600       ?SetConEmuEnvVar@@YAXPEAUHWND__@@@Z 000000018002f600 f   SetEnvVar.obj
 0001:0002e680       ?SetConEmuEnvVarChild@@YAXPEAUHWND__@@0@Z 000000018002f680 f   SetEnvVar.obj
 0001:0002e6c0       ?ShutdownConsole@@YAXXZ    000000018002f6c0 f   WinConsole.obj
 0001:0002e710       ?SetConsoleInfo@@YAHPEAUHWND__@@PEAU_CONSOLE_INFO@@@Z 000000018002f710 f   WinConsole.obj
 0001:0002ea40       ?ChangeScreenBufferSize@@YAXAEAU_CONSOLE_SCREEN_BUFFER_INFO@@FFFF@Z 000000018002fa40 f   WinConsole.obj
 0001:0002eba0       ?GetConWindowSize@@YAHAEBU_CONSOLE_SCREEN_BUFFER_INFO@@HHKPEAH1PEAK@Z 000000018002fba0 f   WinConsole.obj
 0001:0002ed40       ?GetConsoleSizeInfo@@YAXPEAU_CONSOLE_INFO@@@Z 000000018002fd40 f   WinConsole.obj
 0001:0002ee10       ?apiGetConsoleScreenBufferInfoEx@@YAHPEAXPEAUMY_CONSOLE_SCREEN_BUFFER_INFOEX@@@Z 000000018002fe10 f   WinConsole.obj
 0001:0002ee90       ?apiSetConsoleScreenBufferInfoEx@@YAHPEAXPEAUMY_CONSOLE_SCREEN_BUFFER_INFOEX@@@Z 000000018002fe90 f   WinConsole.obj
 0001:0002ef30       ?apiGetConsoleFontSize@@YAHPEAXAEAH1AEAY0CA@_W@Z 000000018002ff30 f   WinConsole.obj
 0001:0002f020       ?apiSetConsoleFontSize@@YAHPEAXHHPEB_W@Z 0000000180030020 f   WinConsole.obj
 0001:0002f130       ?apiFixFontSizeForBufferSize@@YAHPEAXU_COORD@@PEADH@Z 0000000180030130 f   WinConsole.obj
 0001:0002f810       ?SetConsoleFontSizeTo@@YAXPEAUHWND__@@HHPEB_WGG@Z 0000000180030810 f   WinConsole.obj
 0001:0002fe90       ?EvaluateDefaultFontWidth@@YAHHPEB_W@Z 0000000180030e90 f   WinConsole.obj
 0001:00030010       ?SetUserFriendlyFont@@YAXPEAUHWND__@@HH@Z 0000000180031010 f   WinConsole.obj
 0001:000305d0       ?CorrectConsolePos@@YAXPEAUHWND__@@@Z 00000001800315d0 f   WinConsole.obj
 0001:000307b0       ?EmergencyShow@@YAXPEAUHWND__@@HH@Z 00000001800317b0 f   WinConsole.obj
 0001:000308c0       ?getWindowInfo@@YAXPEAUHWND__@@AEAY0EAA@_W_NPEAK@Z 00000001800318c0 f   WinObjects.obj
 0001:00030ac0       ?apiSetForegroundWindow@@YAHPEAUHWND__@@@Z 0000000180031ac0 f   WinObjects.obj
 0001:00030af0       ?apiShowWindow@@YAHPEAUHWND__@@H@Z 0000000180031af0 f   WinObjects.obj
 0001:00030b20       ?apiShowWindowAsync@@YAHPEAUHWND__@@H@Z 0000000180031b20 f   WinObjects.obj
 0001:00030b50       ?isWindow@@YAHPEAUHWND__@@@Z 0000000180031b50 f   WinObjects.obj
 0001:00030bd0       ?FileCompare@@YA_NPEB_W0@Z 0000000180031bd0 f   WinObjects.obj
 0001:00030ec0       ?FileExists@@YA_NPEB_WPEAK@Z 0000000180031ec0 f   WinObjects.obj
 0001:000310e0       ?FilesExists@@YA_NPEB_W0_NH@Z 00000001800320e0 f   WinObjects.obj
 0001:00031280       ?DirectoryExists@@YA_NPEB_W@Z 0000000180032280 f   WinObjects.obj
 0001:00031440       ?MyCreateDirectory@@YA_NPEA_W@Z 0000000180032440 f   WinObjects.obj
 0001:00031590       ?IsFilePath@@YA_NPEB_W_N@Z 0000000180032590 f   WinObjects.obj
 0001:00031750       ?IsPathNeedQuot@@YA_NPEB_W@Z 0000000180032750 f   WinObjects.obj
 0001:00031780       ?GetShortFileName@@YAHPEB_WHPEA_WH@Z 0000000180032780 f   WinObjects.obj
 0001:00031a00       ?GetShortFileNameEx@@YAPEA_WPEB_WH@Z 0000000180032a00 f   WinObjects.obj
 0001:00031f20       ?IsUserAdmin@@YA_NXZ       0000000180032f20 f   WinObjects.obj
 0001:00032080       ?GetLogonSID@@YA_NPEAXPEAPEA_W@Z 0000000180033080 f   WinObjects.obj
 0001:000321e0       ?IsWine@@YA_NXZ            00000001800331e0 f   WinObjects.obj
 0001:00032370       ?IsWinPE@@YA_NXZ           0000000180033370 f   WinObjects.obj
 0001:00032420       ?IsDbcs@@YA_NXZ            0000000180033420 f   WinObjects.obj
 0001:00032460       ?IsWindows64@@YA_NXZ       0000000180033460 f   WinObjects.obj
 0001:000324a0       ?IsHwFullScreenAvailable@@YA_NXZ 00000001800334a0 f   WinObjects.obj
 0001:00032530       ?IsVsNetHostExe@@YA_NPEB_W@Z 0000000180033530 f   WinObjects.obj
 0001:000325d0       ?GetProcessBits@@YAHKPEAX@Z 00000001800335d0 f   WinObjects.obj
 0001:000326f0       ?GetProcessInfo@@YA_NKPEAUtagPROCESSENTRY32W@@@Z 00000001800336f0 f   WinObjects.obj
 0001:000327e0       ?isTerminalMode@@YA_NXZ    00000001800337e0 f   WinObjects.obj
 0001:00032b30       ?IsModuleValid@@YA_NPEAUHINSTANCE__@@H@Z 0000000180033b30 f   WinObjects.obj
 0001:00032cd0       ?CheckCallbackPtr@@YA_NPEAUHINSTANCE__@@_KPEAP6A_JXZHHH@Z 0000000180033cd0 f   WinObjects.obj
 0001:00032ec0       ?RemoveOldComSpecC@@YAXXZ  0000000180033ec0 f   WinObjects.obj
 0001:00033010       ?PointToName@@YAPEB_WPEB_W@Z 0000000180034010 f   WinObjects.obj
 0001:000330c0       ?PointToName@@YAPEBDPEBD@Z 00000001800340c0 f   WinObjects.obj
 0001:00033170       ?PointToExt@@YAPEB_WPEB_W@Z 0000000180034170 f   WinObjects.obj
 0001:000331c0       ?Unquote@@YAPEB_WPEA_W_N@Z 00000001800341c0 f   WinObjects.obj
 0001:00033270       ?ExpandMacroValues@@YAPEA_WPEB_WPEAPEB_W_K@Z 0000000180034270 f   WinObjects.obj
 0001:000334c0       ?ExpandEnvStr@@YAPEA_WPEB_W@Z 00000001800344c0 f   WinObjects.obj
 0001:000335d0       ?GetFullPathNameEx@@YAPEA_WPEB_W@Z 00000001800345d0 f   WinObjects.obj
 0001:000336d0       ?JoinPath@@YAPEA_WPEB_W00@Z 00000001800346d0 f   WinObjects.obj
 0001:00033710       ?MyGetLargestConsoleWindowSize@@YA?AU_COORD@@PEAX@Z 0000000180034710 f   WinObjects.obj
 0001:000337a0       ?DuplicateProcessHandle@@YAPEAXK@Z 00000001800347a0 f   WinObjects.obj
 0001:00033830       ?FindComspec@@YAXPEAUConEmuComspec@@_N@Z 0000000180034830 f   WinObjects.obj
 0001:00034390       ?GetEnvVar@@YAPEA_WPEB_W@Z 0000000180035390 f   WinObjects.obj
 0001:00034480       ?UpdateComspec@@YAXPEAUConEmuComspec@@_N@Z 0000000180035480 f   WinObjects.obj
 0001:000348c0       ?SetEnvVarExpanded@@YAXPEB_W0@Z 00000001800358c0 f   WinObjects.obj
 0001:000349e0       ?GetComspecFromEnvVar@@YAPEB_WPEA_WKW4ComSpecBits@@@Z 00000001800359e0 f   WinObjects.obj
 0001:00034d40       ?GetComspec@@YAPEA_WPEBUConEmuComspec@@@Z 0000000180035d40 f   WinObjects.obj
 0001:00035000       ?IsExportEnvVarAllowed@@YA_NPEB_W@Z 0000000180036000 f   WinObjects.obj
 0001:00035080       ?ApplyExportEnvVar@@YAXPEB_W@Z 0000000180036080 f   WinObjects.obj
 0001:00035120       ?ReadTextFile@@YAHPEB_WKAEAPEA_WAEAK2K@Z 0000000180036120 f   WinObjects.obj
 0001:00035720       ?WriteTextFile@@YAHPEB_W0HK_NPEAK@Z 0000000180036720 f   WinObjects.obj
 0001:00035ae0       ??$wcscpy_c@$0EAA@@@YAHAEAY0EAA@_WPEB_W@Z 0000000180036ae0 f i WinObjects.obj
 0001:00035b10       ??$wcscpy_c@$0BAA@@@YAHAEAY0BAA@_WPEB_W@Z 0000000180036b10 f i WinObjects.obj
 0001:00035b40       SetEnvironmentVariableW    0000000180036b40 f   kernel32:KERNEL32.dll
 0001:00035b46       lstrlenW                   0000000180036b46 f   kernel32:KERNEL32.dll
 0001:00035b4c       lstrcmpiW                  0000000180036b4c f   kernel32:KERNEL32.dll
 0001:00035b52       lstrcmpW                   0000000180036b52 f   kernel32:KERNEL32.dll
 0001:00035b58       lstrcpynW                  0000000180036b58 f   kernel32:KERNEL32.dll
 0001:00035b5e       GetCurrentDirectoryW       0000000180036b5e f   kernel32:KERNEL32.dll
 0001:00035b64       SearchPathW                0000000180036b64 f   kernel32:KERNEL32.dll
 0001:00035b6a       GetProcAddress             0000000180036b6a f   kernel32:KERNEL32.dll
 0001:00035b70       GetModuleHandleW           0000000180036b70 f   kernel32:KERNEL32.dll
 0001:00035b76       CloseHandle                0000000180036b76 f   kernel32:KERNEL32.dll
 0001:00035b7c       TerminateThread            0000000180036b7c f   kernel32:KERNEL32.dll
 0001:00035b82       WaitForSingleObject        0000000180036b82 f   kernel32:KERNEL32.dll
 0001:00035b88       CreateThread               0000000180036b88 f   kernel32:KERNEL32.dll
 0001:00035b8e       SetConsoleOutputCP         0000000180036b8e f   kernel32:KERNEL32.dll
 0001:00035b94       SetConsoleCP               0000000180036b94 f   kernel32:KERNEL32.dll
 0001:00035b9a       GetModuleFileNameW         0000000180036b9a f   kernel32:KERNEL32.dll
 0001:00035ba0       SetNamedPipeHandleState    0000000180036ba0 f   kernel32:KERNEL32.dll
 0001:00035ba6       GetCurrentProcessId        0000000180036ba6 f   kernel32:KERNEL32.dll
 0001:00035bac       Sleep                      0000000180036bac f   kernel32:KERNEL32.dll
 0001:00035bb2       SetLastError               0000000180036bb2 f   kernel32:KERNEL32.dll
 0001:00035bb8       WaitNamedPipeW             0000000180036bb8 f   kernel32:KERNEL32.dll
 0001:00035bbe       GetLastError               0000000180036bbe f   kernel32:KERNEL32.dll
 0001:00035bc4       CreateFileW                0000000180036bc4 f   kernel32:KERNEL32.dll
 0001:00035bca       GetTickCount               0000000180036bca f   kernel32:KERNEL32.dll
 0001:00035bd0       IsDebuggerPresent          0000000180036bd0 f   kernel32:KERNEL32.dll
 0001:00035bd6       GetCurrentThreadId         0000000180036bd6 f   kernel32:KERNEL32.dll
 0001:00035bdc       ReadFile                   0000000180036bdc f   kernel32:KERNEL32.dll
 0001:00035be2       TransactNamedPipe          0000000180036be2 f   kernel32:KERNEL32.dll
 0001:00035be8       WriteFile                  0000000180036be8 f   kernel32:KERNEL32.dll
 0001:00035bee       GetConsoleWindow           0000000180036bee f   kernel32:KERNEL32.dll
 0001:00035bf4       UnmapViewOfFile            0000000180036bf4 f   kernel32:KERNEL32.dll
 0001:00035bfa       MapViewOfFile              0000000180036bfa f   kernel32:KERNEL32.dll
 0001:00035c00       OpenFileMappingW           0000000180036c00 f   kernel32:KERNEL32.dll
 0001:00035c06       LoadLibraryW               0000000180036c06 f   kernel32:KERNEL32.dll
 0001:00035c0c       CreateFileMappingW         0000000180036c0c f   kernel32:KERNEL32.dll
 0001:00035c12       SetEvent                   0000000180036c12 f   kernel32:KERNEL32.dll
 0001:00035c18       lstrcpyW                   0000000180036c18 f   kernel32:KERNEL32.dll
 0001:00035c1e       IsBadStringPtrW            0000000180036c1e f   kernel32:KERNEL32.dll
 0001:00035c24       GetNumberOfConsoleInputEvents 0000000180036c24 f   kernel32:KERNEL32.dll
 0001:00035c2a       GetStdHandle               0000000180036c2a f   kernel32:KERNEL32.dll
 0001:00035c30       ReadConsoleInputW          0000000180036c30 f   kernel32:KERNEL32.dll
 0001:00035c36       PeekConsoleInputW          0000000180036c36 f   kernel32:KERNEL32.dll
 0001:00035c3c       lstrcatW                   0000000180036c3c f   kernel32:KERNEL32.dll
 0001:00035c42       WriteConsoleInputW         0000000180036c42 f   kernel32:KERNEL32.dll
 0001:00035c48       ReleaseSemaphore           0000000180036c48 f   kernel32:KERNEL32.dll
 0001:00035c4e       WaitForMultipleObjects     0000000180036c4e f   kernel32:KERNEL32.dll
 0001:00035c54       ResetEvent                 0000000180036c54 f   kernel32:KERNEL32.dll
 0001:00035c5a       GetConsoleScreenBufferInfo 0000000180036c5a f   kernel32:KERNEL32.dll
 0001:00035c60       SuspendThread              0000000180036c60 f   kernel32:KERNEL32.dll
 0001:00035c66       ResumeThread               0000000180036c66 f   kernel32:KERNEL32.dll
 0001:00035c6c       TerminateProcess           0000000180036c6c f   kernel32:KERNEL32.dll
 0001:00035c72       GetCurrentProcess          0000000180036c72 f   kernel32:KERNEL32.dll
 0001:00035c78       Module32NextW              0000000180036c78 f   kernel32:KERNEL32.dll
 0001:00035c7e       Module32FirstW             0000000180036c7e f   kernel32:KERNEL32.dll
 0001:00035c84       CreateToolhelp32Snapshot   0000000180036c84 f   kernel32:KERNEL32.dll
 0001:00035c8a       GetEnvironmentVariableW    0000000180036c8a f   kernel32:KERNEL32.dll
 0001:00035c90       CreateSemaphoreW           0000000180036c90 f   kernel32:KERNEL32.dll
 0001:00035c96       CreateEventW               0000000180036c96 f   kernel32:KERNEL32.dll
 0001:00035c9c       VirtualProtect             0000000180036c9c f   kernel32:KERNEL32.dll
 0001:00035ca2       SetConsoleTitleW           0000000180036ca2 f   kernel32:KERNEL32.dll
 0001:00035ca8       GetConsoleTitleW           0000000180036ca8 f   kernel32:KERNEL32.dll
 0001:00035cae       WideCharToMultiByte        0000000180036cae f   kernel32:KERNEL32.dll
 0001:00035cb4       DeleteFileW                0000000180036cb4 f   kernel32:KERNEL32.dll
 0001:00035cba       CreateProcessW             0000000180036cba f   kernel32:KERNEL32.dll
 0001:00035cc0       GetExitCodeProcess         0000000180036cc0 f   kernel32:KERNEL32.dll
 0001:00035cc6       SetConsoleMode             0000000180036cc6 f   kernel32:KERNEL32.dll
 0001:00035ccc       GetConsoleMode             0000000180036ccc f   kernel32:KERNEL32.dll
 0001:00035cd2       GetConsoleCursorInfo       0000000180036cd2 f   kernel32:KERNEL32.dll
 0001:00035cd8       Thread32Next               0000000180036cd8 f   kernel32:KERNEL32.dll
 0001:00035cde       Thread32First              0000000180036cde f   kernel32:KERNEL32.dll
 0001:00035ce4       ExpandEnvironmentStringsW  0000000180036ce4 f   kernel32:KERNEL32.dll
 0001:00035cea       lstrcmpA                   0000000180036cea f   kernel32:KERNEL32.dll
 0001:00035cf0       MultiByteToWideChar        0000000180036cf0 f   kernel32:KERNEL32.dll
 0001:00035cf6       lstrlenA                   0000000180036cf6 f   kernel32:KERNEL32.dll
 0001:00035cfc       lstrcpynA                  0000000180036cfc f   kernel32:KERNEL32.dll
 0001:00035d02       lstrcpyA                   0000000180036d02 f   kernel32:KERNEL32.dll
 0001:00035d08       SetFilePointer             0000000180036d08 f   kernel32:KERNEL32.dll
 0001:00035d0e       GetFileInformationByHandle 0000000180036d0e f   kernel32:KERNEL32.dll
 0001:00035d14       ReadProcessMemory          0000000180036d14 f   kernel32:KERNEL32.dll
 0001:00035d1a       FreeLibrary                0000000180036d1a f   kernel32:KERNEL32.dll
 0001:00035d20       VerifyVersionInfoW         0000000180036d20 f   kernel32:KERNEL32.dll
 0001:00035d26       VerSetConditionMask        0000000180036d26 f   kernel32:KERNEL32.dll
 0001:00035d2c       DebugBreak                 0000000180036d2c f   kernel32:KERNEL32.dll
 0001:00035d32       HeapCreate                 0000000180036d32 f   kernel32:KERNEL32.dll
 0001:00035d38       HeapDestroy                0000000180036d38 f   kernel32:KERNEL32.dll
 0001:00035d3e       HeapAlloc                  0000000180036d3e f   kernel32:KERNEL32.dll
 0001:00035d44       HeapReAlloc                0000000180036d44 f   kernel32:KERNEL32.dll
 0001:00035d4a       HeapFree                   0000000180036d4a f   kernel32:KERNEL32.dll
 0001:00035d50       HeapValidate               0000000180036d50 f   kernel32:KERNEL32.dll
 0001:00035d56       OpenThread                 0000000180036d56 f   kernel32:KERNEL32.dll
 0001:00035d5c       InitializeCriticalSection  0000000180036d5c f   kernel32:KERNEL32.dll
 0001:00035d62       DeleteCriticalSection      0000000180036d62 f   kernel32:KERNEL32.dll
 0001:00035d68       EnterCriticalSection       0000000180036d68 f   kernel32:KERNEL32.dll
 0001:00035d6e       LeaveCriticalSection       0000000180036d6e f   kernel32:KERNEL32.dll
 0001:00035d74       TryEnterCriticalSection    0000000180036d74 f   kernel32:KERNEL32.dll
 0001:00035d7a       LocalFree                  0000000180036d7a f   kernel32:KERNEL32.dll
 0001:00035d80       LocalAlloc                 0000000180036d80 f   kernel32:KERNEL32.dll
 0001:00035d86       DisconnectNamedPipe        0000000180036d86 f   kernel32:KERNEL32.dll
 0001:00035d8c       SetThreadPriority          0000000180036d8c f   kernel32:KERNEL32.dll
 0001:00035d92       FlushFileBuffers           0000000180036d92 f   kernel32:KERNEL32.dll
 0001:00035d98       GetOverlappedResult        0000000180036d98 f   kernel32:KERNEL32.dll
 0001:00035d9e       ConnectNamedPipe           0000000180036d9e f   kernel32:KERNEL32.dll
 0001:00035da4       CreateNamedPipeW           0000000180036da4 f   kernel32:KERNEL32.dll
 0001:00035daa       SetConsoleWindowInfo       0000000180036daa f   kernel32:KERNEL32.dll
 0001:00035db0       GetConsoleOutputCP         0000000180036db0 f   kernel32:KERNEL32.dll
 0001:00035db6       GetFileSizeEx              0000000180036db6 f   kernel32:KERNEL32.dll
 0001:00035dbc       FindClose                  0000000180036dbc f   kernel32:KERNEL32.dll
 0001:00035dc2       FindNextFileW              0000000180036dc2 f   kernel32:KERNEL32.dll
 0001:00035dc8       FindFirstFileW             0000000180036dc8 f   kernel32:KERNEL32.dll
 0001:00035dce       CreateDirectoryW           0000000180036dce f   kernel32:KERNEL32.dll
 0001:00035dd4       OpenProcess                0000000180036dd4 f   kernel32:KERNEL32.dll
 0001:00035dda       Process32NextW             0000000180036dda f   kernel32:KERNEL32.dll
 0001:00035de0       Process32FirstW            0000000180036de0 f   kernel32:KERNEL32.dll
 0001:00035de6       IsBadReadPtr               0000000180036de6 f   kernel32:KERNEL32.dll
 0001:00035dec       VirtualFree                0000000180036dec f   kernel32:KERNEL32.dll
 0001:00035df2       VirtualAlloc               0000000180036df2 f   kernel32:KERNEL32.dll
 0001:00035df8       GetSystemInfo              0000000180036df8 f   kernel32:KERNEL32.dll
 0001:00035dfe       GetFullPathNameW           0000000180036dfe f   kernel32:KERNEL32.dll
 0001:00035e04       GetLargestConsoleWindowSize 0000000180036e04 f   kernel32:KERNEL32.dll
 0001:00035e0a       DuplicateHandle            0000000180036e0a f   kernel32:KERNEL32.dll
 0001:00035e10       GetWindowsDirectoryW       0000000180036e10 f   kernel32:KERNEL32.dll
 0001:00035e16       GetFileSize                0000000180036e16 f   kernel32:KERNEL32.dll
 0001:00035e1c       CharUpperBuffW             0000000180036e1c f   user32:USER32.dll
 0001:00035e22       MapVirtualKeyW             0000000180036e22 f   user32:USER32.dll
 0001:00035e28       VkKeyScanW                 0000000180036e28 f   user32:USER32.dll
 0001:00035e2e       GetWindowThreadProcessId   0000000180036e2e f   user32:USER32.dll
 0001:00035e34       FindWindowW                0000000180036e34 f   user32:USER32.dll
 0001:00035e3a       MessageBoxW                0000000180036e3a f   user32:USER32.dll
 0001:00035e40       wsprintfW                  0000000180036e40 f   user32:USER32.dll
 0001:00035e46       IsWindow                   0000000180036e46 f   user32:USER32.dll
 0001:00035e4c       GetWindowLongPtrW          0000000180036e4c f   user32:USER32.dll
 0001:00035e52       GetParent                  0000000180036e52 f   user32:USER32.dll
 0001:00035e58       PostMessageW               0000000180036e58 f   user32:USER32.dll
 0001:00035e5e       RegisterWindowMessageW     0000000180036e5e f   user32:USER32.dll
 0001:00035e64       IsWindowVisible            0000000180036e64 f   user32:USER32.dll
 0001:00035e6a       GetSystemMetrics           0000000180036e6a f   user32:USER32.dll
 0001:00035e70       IsRectEmpty                0000000180036e70 f   user32:USER32.dll
 0001:00035e76       EnumDisplayMonitors        0000000180036e76 f   user32:USER32.dll
 0001:00035e7c       GetMonitorInfoW            0000000180036e7c f   user32:USER32.dll
 0001:00035e82       SystemParametersInfoW      0000000180036e82 f   user32:USER32.dll
 0001:00035e88       MonitorFromWindow          0000000180036e88 f   user32:USER32.dll
 0001:00035e8e       MonitorFromRect            0000000180036e8e f   user32:USER32.dll
 0001:00035e94       FillRect                   0000000180036e94 f   user32:USER32.dll
 0001:00035e9a       ReleaseDC                  0000000180036e9a f   user32:USER32.dll
 0001:00035ea0       GetDC                      0000000180036ea0 f   user32:USER32.dll
 0001:00035ea6       ActivateKeyboardLayout     0000000180036ea6 f   user32:USER32.dll
 0001:00035eac       LoadKeyboardLayoutW        0000000180036eac f   user32:USER32.dll
 0001:00035eb2       SetWindowPos               0000000180036eb2 f   user32:USER32.dll
 0001:00035eb8       ShowWindow                 0000000180036eb8 f   user32:USER32.dll
 0001:00035ebe       SendMessageW               0000000180036ebe f   user32:USER32.dll
 0001:00035ec4       GetWindowRect              0000000180036ec4 f   user32:USER32.dll
 0001:00035eca       EnableWindow               0000000180036eca f   user32:USER32.dll
 0001:00035ed0       IsWindowEnabled            0000000180036ed0 f   user32:USER32.dll
 0001:00035ed6       GetWindowTextW             0000000180036ed6 f   user32:USER32.dll
 0001:00035edc       GetClassNameW              0000000180036edc f   user32:USER32.dll
 0001:00035ee2       SetForegroundWindow        0000000180036ee2 f   user32:USER32.dll
 0001:00035ee8       ShowWindowAsync            0000000180036ee8 f   user32:USER32.dll
 0001:00035eee       DeleteEnhMetaFile          0000000180036eee f   gdi32:GDI32.dll
 0001:00035ef4       GetEnhMetaFileBits         0000000180036ef4 f   gdi32:GDI32.dll
 0001:00035efa       CloseEnhMetaFile           0000000180036efa f   gdi32:GDI32.dll
 0001:00035f00       GdiFlush                   0000000180036f00 f   gdi32:GDI32.dll
 0001:00035f06       SelectObject               0000000180036f06 f   gdi32:GDI32.dll
 0001:00035f0c       DeleteDC                   0000000180036f0c f   gdi32:GDI32.dll
 0001:00035f12       DeleteObject               0000000180036f12 f   gdi32:GDI32.dll
 0001:00035f18       CreateSolidBrush           0000000180036f18 f   gdi32:GDI32.dll
 0001:00035f1e       CreateDIBSection           0000000180036f1e f   gdi32:GDI32.dll
 0001:00035f24       CreateCompatibleDC         0000000180036f24 f   gdi32:GDI32.dll
 0001:00035f2a       CreateEnhMetaFileW         0000000180036f2a f   gdi32:GDI32.dll
 0001:00035f30       GetDeviceCaps              0000000180036f30 f   gdi32:GDI32.dll
 0001:00035f36       GetTextMetricsW            0000000180036f36 f   gdi32:GDI32.dll
 0001:00035f3c       CreateFontIndirectW        0000000180036f3c f   gdi32:GDI32.dll
 0001:00035f42       RegCloseKey                0000000180036f42 f   advapi32:ADVAPI32.dll
 0001:00035f48       RegQueryValueExW           0000000180036f48 f   advapi32:ADVAPI32.dll
 0001:00035f4e       RegOpenKeyExW              0000000180036f4e f   advapi32:ADVAPI32.dll
 0001:00035f54       RegCreateKeyExW            0000000180036f54 f   advapi32:ADVAPI32.dll
 0001:00035f5a       FreeSid                    0000000180036f5a f   advapi32:ADVAPI32.dll
 0001:00035f60       CheckTokenMembership       0000000180036f60 f   advapi32:ADVAPI32.dll
 0001:00035f66       AllocateAndInitializeSid   0000000180036f66 f   advapi32:ADVAPI32.dll
 0001:00035f6c       ConvertSidToStringSidW     0000000180036f6c f   advapi32:ADVAPI32.dll
 0001:00035f72       GetTokenInformation        0000000180036f72 f   advapi32:ADVAPI32.dll
 0001:00035f78       OpenProcessToken           0000000180036f78 f   advapi32:ADVAPI32.dll
 0001:00035f7e       RegEnumKeyExW              0000000180036f7e f   advapi32:ADVAPI32.dll
 0001:00035f84       VerQueryValueW             0000000180036f84 f   version:VERSION.dll
 0001:00035f8a       GetFileVersionInfoW        0000000180036f8a f   version:VERSION.dll
 0001:00035f90       GetFileVersionInfoSizeW    0000000180036f90 f   version:VERSION.dll
 0001:00035f98       wcsrchr                    0000000180036f98 f   LIBCMT:wcsrchr.obj
 0001:00035fc4       wcschr                     0000000180036fc4 f   LIBCMT:wcschr.obj
 0001:00035fe4       wcspbrk                    0000000180036fe4 f   LIBCMT:wcspbrk.obj
 0001:0003601c       wcsncmp                    000000018003701c f   LIBCMT:wcsncmp.obj
 0001:0003604c       ??0_LocaleUpdate@@QEAA@PEAUlocaleinfo_struct@@@Z 000000018003704c f i LIBCMT:wcstol.obj
 0001:000360f8       ??1_LocaleUpdate@@QEAA@XZ  00000001800370f8 f i LIBCMT:wcstol.obj
 0001:0003610c       ?GetLocaleT@_LocaleUpdate@@QEAAPEAUlocaleinfo_struct@@XZ 000000018003710c f i LIBCMT:wcstol.obj
 0001:00036358       wcstol                     0000000180037358 f   LIBCMT:wcstol.obj
 0001:00036388       _wcstol_l                  0000000180037388 f   LIBCMT:wcstol.obj
 0001:000363ac       wcstoul                    00000001800373ac f   LIBCMT:wcstol.obj
 0001:000363e0       _wcstoul_l                 00000001800373e0 f   LIBCMT:wcstol.obj
 0001:00036420       memset                     0000000180037420 f   LIBCMT:memset.obj
 0001:00036520       memcpy                     0000000180037520 f   LIBCMT:memcpy.obj
 0001:00036520       memmove                    0000000180037520     LIBCMT:memcpy.obj
 0001:00036870       memcmp                     0000000180037870 f   LIBCMT:memcmp.obj
 0001:00036938       wcsstr                     0000000180037938 f   LIBCMT:wcsstr.obj
 0001:000369a0       strrchr                    00000001800379a0 f   LIBCMT:strrchr.obj
 0001:000369c8       _CRT_INIT                  00000001800379c8 f   LIBCMT:dllcrt0.obj
 0001:00036c1c       _DllMainCRTStartup         0000000180037c1c f   LIBCMT:dllcrt0.obj
 0001:00036f08       __updatetmbcinfo           0000000180037f08 f   LIBCMT:mbctype.obj
 0001:00037054       _setmbcp_nolock            0000000180038054 f   LIBCMT:mbctype.obj
 0001:000372cc       _getmbcp                   00000001800382cc f   LIBCMT:mbctype.obj
 0001:0003731c       _setmbcp                   000000018003831c f   LIBCMT:mbctype.obj
 0001:00037514       __initmbctable             0000000180038514 f   LIBCMT:mbctype.obj
 0001:0003753c       _invoke_watson_if_error    000000018003853c f i LIBCMT:setlocal.obj
 0001:00037574       ___setlc_active_func       0000000180038574 f   LIBCMT:setlocal.obj
 0001:0003757c       ___unguarded_readlc_active_add_func 000000018003857c f   LIBCMT:setlocal.obj
 0001:00037584       __freetlocinfo             0000000180038584 f   LIBCMT:setlocal.obj
 0001:00037700       __addlocaleref             0000000180038700 f   LIBCMT:setlocal.obj
 0001:00037798       __removelocaleref          0000000180038798 f   LIBCMT:setlocal.obj
 0001:000378cc       __updatetlocinfo           00000001800388cc f   LIBCMT:setlocal.obj
 0001:00037944       _configthreadlocale        0000000180038944 f   LIBCMT:setlocal.obj
 0001:00037a1c       _free_locale               0000000180038a1c f   LIBCMT:setlocal.obj
 0001:00037ac4       __free_locale              0000000180038ac4 f   LIBCMT:setlocal.obj
 0001:00037acc       _get_current_locale        0000000180038acc f   LIBCMT:setlocal.obj
 0001:00037b6c       __get_current_locale       0000000180038b6c f   LIBCMT:setlocal.obj
 0001:00037b74       __init_dummy               0000000180038b74 f   LIBCMT:setlocal.obj
 0001:00037b78       _strcats                   0000000180038b78 f   LIBCMT:setlocal.obj
 0001:00037bdc       __lc_strtolc               0000000180038bdc f   LIBCMT:setlocal.obj
 0001:00037d44       __lc_lctostr               0000000180038d44 f   LIBCMT:setlocal.obj
 0001:00037fc4       _expandlocale              0000000180038fc4 f   LIBCMT:setlocal.obj
 0001:00038730       _create_locale             0000000180039730 f   LIBCMT:setlocal.obj
 0001:00038868       __create_locale            0000000180039868 f   LIBCMT:setlocal.obj
 0001:00038870       setlocale                  0000000180039870 f   LIBCMT:setlocal.obj
 0001:00038a90       _encode_pointer            0000000180039a90 f   LIBCMT:tidtable.obj
 0001:00038a98       _encoded_null              0000000180039a98 f   LIBCMT:tidtable.obj
 0001:00038aa4       _decode_pointer            0000000180039aa4 f   LIBCMT:tidtable.obj
 0001:00038aac       __crtTlsAlloc              0000000180039aac f   LIBCMT:tidtable.obj
 0001:00038ab4       __fls_getvalue             0000000180039ab4 f   LIBCMT:tidtable.obj
 0001:00038abc       __get_flsindex             0000000180039abc f   LIBCMT:tidtable.obj
 0001:00038ac4       __set_flsgetvalue          0000000180039ac4 f   LIBCMT:tidtable.obj
 0001:00038ac8       __fls_setvalue             0000000180039ac8 f   LIBCMT:tidtable.obj
 0001:00038ad0       _mtterm                    0000000180039ad0 f   LIBCMT:tidtable.obj
 0001:00038af8       _initptd                   0000000180039af8 f   LIBCMT:tidtable.obj
 0001:00038bac       _getptd_noexit             0000000180039bac f   LIBCMT:tidtable.obj
 0001:00038c30       _getptd                    0000000180039c30 f   LIBCMT:tidtable.obj
 0001:00038c54       _freefls                   0000000180039c54 f   LIBCMT:tidtable.obj
 0001:00038d8c       _freeptd                   0000000180039d8c f   LIBCMT:tidtable.obj
 0001:00038dcc       __threadid                 0000000180039dcc f   LIBCMT:tidtable.obj
 0001:00038dd4       __threadhandle             0000000180039dd4 f   LIBCMT:tidtable.obj
 0001:00038ddc       _mtinit                    0000000180039ddc f   LIBCMT:tidtable.obj
 0001:00038e60       _wchartodigit              0000000180039e60 f   LIBCMT:wchtodig.obj
 0001:00038ff8       _iswctype_l                0000000180039ff8 f   LIBCMT:iswctype.obj
 0001:000390b4       iswctype                   000000018003a0b4 f   LIBCMT:iswctype.obj
 0001:00039144       is_wctype                  000000018003a144 f   LIBCMT:iswctype.obj
 0001:0003914c       _initp_misc_invarg         000000018003a14c f   LIBCMT:invarg.obj
 0001:00039154       _invoke_watson             000000018003a154 f   LIBCMT:invarg.obj
 0001:0003927c       _set_invalid_parameter_handler 000000018003a27c f   LIBCMT:invarg.obj
 0001:000392b8       _get_invalid_parameter_handler 000000018003a2b8 f   LIBCMT:invarg.obj
 0001:000392c4       ?_invoke_watson@@YAXPEBG00I_K@Z 000000018003a2c4 f   LIBCMT:invarg.obj
 0001:000392dc       _invalid_parameter         000000018003a2dc f   LIBCMT:invarg.obj
 0001:00039364       _invalid_parameter_noinfo  000000018003a364 f   LIBCMT:invarg.obj
 0001:00039384       ?_invalid_parameter@@YAXPEBG00I_K@Z 000000018003a384 f   LIBCMT:invarg.obj
 0001:0003939c       _get_errno_from_oserr      000000018003a39c f   LIBCMT:dosmap.obj
 0001:000393e4       _errno                     000000018003a3e4 f   LIBCMT:dosmap.obj
 0001:00039404       __doserrno                 000000018003a404 f   LIBCMT:dosmap.obj
 0001:00039424       _dosmaperr                 000000018003a424 f   LIBCMT:dosmap.obj
 0001:0003946c       _set_errno                 000000018003a46c f   LIBCMT:dosmap.obj
[...]
 0003:00002bc0       ?InfoW2800@@3PEAUPluginStartupInfo@@EA 0000000180054bc0     ConEmuPlugin2800.obj
 0003:00002bc8       ?FSFW2800@@3PEAUFarStandardFunctions@@EA 0000000180054bc8     ConEmuPlugin2800.obj
 0003:00002e30       ?InfoW995@@3PEAUPluginStartupInfo@@EA 0000000180054e30     ConEmuPlugin995.obj
 0003:00002e38       ?FSFW995@@3PEAUFarStandardFunctions@@EA 0000000180054e38     ConEmuPlugin995.obj
 0003:00003058       ?InfoA@@3PEAUPluginStartupInfo@@EA 0000000180055058     ConEmuPluginA.obj
 0003:00003060       ?FSFA@@3PEAUFarStandardFunctions@@EA 0000000180055060     ConEmuPluginA.obj
 0003:00003178       ?AssertMsgBox@@3P6AHPEB_WI0PEAUHWND__@@_N@ZEA 0000000180055178     MAssert.obj
 0003:00003180       ?ghHeap@@3PEAXEA           0000000180055180     Memory.obj
 0003:00003188       ?gNullDesc@@3PEAVMNullDesc@@EA 0000000180055188     MSecurity.obj
 0003:00003190       ?gbNeedBgActivate@@3HA     0000000180055190     PluginBackground.obj
 0003:00003194       ?gbBgPluginsAllowed@@3HA   0000000180055194     PluginBackground.obj
 0003:00003198       ?gpBgPlugin@@3PEAVCPluginBackground@@EA 0000000180055198     PluginBackground.obj
 0003:000031a0       ?gszPluginServerPipe@@3PA_WA 00000001800551a0     PluginSrv.obj
 0003:000033a8       ?gpPlugServer@@3PEAU?$PipeServer@UCESERVER_REQ@@@@EA 00000001800553a8     PluginSrv.obj
 0003:000033b0       ?ghServerTerminateEvent@@3PEAXEA 00000001800553b0     PluginSrv.obj
 0003:000033b8       ?gpConsoleInfoStr@@3PEAU_CONSOLE_INFO@@EA 00000001800553b8     WinConsole.obj
 0003:000033c0       ?ghConsoleSection@@3PEAXEA 00000001800553c0     WinConsole.obj
 0003:000033e8       ?Is_Window@@3P6AHPEAUHWND__@@@ZEA 00000001800553e8     WinObjects.obj
 0003:0000344c       __error_mode               000000018005544c     LIBCMT:dllcrt0.obj
 0003:00003450       _aenvptr                   0000000180055450     LIBCMT:dllcrt0.obj
 0003:00003458       _wenvptr                   0000000180055458     LIBCMT:dllcrt0.obj
 0003:00003460       __app_type                 0000000180055460     LIBCMT:dllcrt0.obj
 0003:00003470       __mbulinfo                 0000000180055470     LIBCMT:mbctype.obj
 0003:0000347c       __mbcodepage               000000018005547c     LIBCMT:mbctype.obj
 0003:00003480       __ismbcodepage             0000000180055480     LIBCMT:mbctype.obj
 0003:00003484       __mblcid                   0000000180055484     LIBCMT:mbctype.obj
 0003:00003488       __locale_changed           0000000180055488     LIBCMT:setlocal.obj
 0003:00003490       __lc_handle                0000000180055490     LIBCMT:nlsdata2.obj
 0003:000034a8       __lc_codepage              00000001800554a8     LIBCMT:nlsdata2.obj
 0003:000034ac       __lc_collate_cp            00000001800554ac     LIBCMT:nlsdata2.obj
 0003:000034b0       __pInvalidArgHandler       00000001800554b0     LIBCMT:invarg.obj
 0003:000034b8       _maxwait                   00000001800554b8     LIBCMT:crtheap.obj
 0003:000034c0       _umaskval                  00000001800554c0     LIBCMT:crt0dat.obj
 0003:000034c4       __argc                     00000001800554c4     LIBCMT:crt0dat.obj
 0003:000034c8       __argv                     00000001800554c8     LIBCMT:crt0dat.obj
 0003:000034d0       __wargv                    00000001800554d0     LIBCMT:crt0dat.obj
 0003:000034d8       _environ                   00000001800554d8     LIBCMT:crt0dat.obj
 0003:000034e0       __initenv                  00000001800554e0     LIBCMT:crt0dat.obj
 0003:000034e8       _wenviron                  00000001800554e8     LIBCMT:crt0dat.obj
 0003:000034f0       __winitenv                 00000001800554f0     LIBCMT:crt0dat.obj
 0003:000034f8       _pgmptr                    00000001800554f8     LIBCMT:crt0dat.obj
 0003:00003500       _wpgmptr                   0000000180055500     LIBCMT:crt0dat.obj
 0003:00003508       _exitflag                  0000000180055508     LIBCMT:crt0dat.obj
 0003:0000350c       _C_Termination_Done        000000018005550c     LIBCMT:crt0dat.obj
 0003:00003510       _C_Exit_Done               0000000180055510     LIBCMT:crt0dat.obj
 0003:00003630       _crtheap                   0000000180055630     LIBCMT:heapinit.obj
 0003:00003870       __lconv_static_null        0000000180055870     LIBCMT:lconv.obj
 0003:00003b98       ?__pInconsistency@@3P6AXXZEA 0000000180055b98     LIBCMT:hooks.obj
 0003:00003bd8       __pPurecall                0000000180055bd8     LIBCMT:inithelp.obj
 0003:00003be8       ?_pnhHeap@@3P6AH_K@ZEA     0000000180055be8     LIBCMT:handler.obj
 0003:0000421c       _newmode                   000000018005621c     LIBCMT:_newmode.obj
 0003:00004250       _debugger_hook_dummy       0000000180056250     <common>
 0003:00004258       _pDestructExceptionObject  0000000180056258     <common>
 0003:00004260       _nhandle                   0000000180056260     <common>
 0003:00004280       __pioinfo                  0000000180056280     <common>
 0003:00004480       __env_initialized          0000000180056480     <common>
 0003:00004488       __onexitend                0000000180056488     <common>
 0003:00004490       __onexitbegin              0000000180056490     <common>
 0003:00004498       __mbctype_initialized      0000000180056498     <common>
 0003:000044a0       _FPinit                    00000001800564a0     <common>
 0003:000044a8       __dyn_tls_init_callback    00000001800564a8     <common>
 0003:000044b0       __setlc_active             00000001800564b0     <common>
 0003:000044b4       __unguarded_readlc_active  00000001800564b4     <common>
 0003:000044b8       _acmdln                    00000001800564b8     <common>

 entry point at        0001:00036c1c

 Static symbols

 0001:00000460       ?StringValidateDestW@@YAJPEB_W_K_K@Z 0000000180001460 f   CmdLine.obj
 0001:000004a0       ?StringCopyWorkerW@@YAJPEA_W_KPEA_KPEB_W1@Z 00000001800014a0 f   CmdLine.obj
 0001:000028f0       ?OurSetConsoleCPThread@@YAKPEAX@Z 00000001800038f0 f   CmdLine.obj
 0001:000049e0       ?StringValidateDestW@@YAJPEB_W_K_K@Z 00000001800059e0 f   ConEmuCheck.obj
 0001:00004a20       ?StringCopyWorkerW@@YAJPEA_W_KPEA_KPEB_W1@Z 0000000180005a20 f   ConEmuCheck.obj
 0001:00006a10       ?StringValidateDestW@@YAJPEB_W_K_K@Z 0000000180007a10 f   ConEmuCheckEx.obj
 0001:00006a50       ?StringCopyWorkerW@@YAJPEA_W_KPEA_KPEB_W1@Z 0000000180007a50 f   ConEmuCheckEx.obj
 0001:00006c60       ?StringValidateDestAndLengthW@@YAJPEB_W_KPEA_K_K@Z 0000000180007c60 f   ConEmuCheckEx.obj
 0001:00006cd0       ?StringLengthWorkerW@@YAJPEB_W_KPEA_K@Z 0000000180007cd0 f   ConEmuCheckEx.obj
 0001:00007530       ?StringValidateDestW@@YAJPEB_W_K_K@Z 0000000180008530 f   ConEmuInjects.obj
 0001:00007570       ?StringCopyWorkerW@@YAJPEA_W_KPEA_KPEB_W1@Z 0000000180008570 f   ConEmuInjects.obj
 0001:00009390       ?LoadFarVersion@@YA_NAEAUFarVersion@@AEAY0CAA@_W@Z 000000018000a390 f   ConEmuPlugin.obj
 0001:0000ad50       ?StringValidateDestW@@YAJPEB_W_K_K@Z 000000018000bd50 f   ConEmuPlugin.obj
 0001:0000ad90       ?StringValidateDestAndLengthW@@YAJPEB_W_KPEA_K_K@Z 000000018000bd90 f   ConEmuPlugin.obj
 0001:0000ae00       ?StringLengthWorkerW@@YAJPEB_W_KPEA_K@Z 000000018000be00 f   ConEmuPlugin.obj
 0001:0000aea0       ?StringCopyWorkerW@@YAJPEA_W_KPEA_KPEB_W1@Z 000000018000bea0 f   ConEmuPlugin.obj
 0001:0000af90       ?ActivatePlugin@@YAHKPEAXK@Z 000000018000bf90 f   ConEmuPlugin.obj
 0001:0000b2b0       ?WaitPluginActivateion@@YAKKPEAPEAXHK@Z 000000018000c2b0 f   ConEmuPlugin.obj
 0001:0000c380       ?ChangeExports@@YA_NPEBUExportFunc@@PEAUHINSTANCE__@@@Z 000000018000d380 f   ConEmuPlugin.obj
 0001:00011e20       ?GetPanelDir@@YAPEA_WPEAX@Z 0000000180012e20 f   ConEmuPlugin1900.obj
 0001:00015680       ?LoadFarSettingsW1900@@YAXPEAUCEFarInterfaceSettings@@PEAUCEFarPanelSettings@@@Z 0000000180016680 f   ConEmuPlugin1900.obj
 0001:00015890       ?GetFarSetting@@YAHPEAX_KPEB_W@Z 0000000180016890 f   ConEmuPlugin1900.obj
 0001:00015de0       ?CopyPanelInfoW@@YAXPEAUPanelInfo@@PEAUtag_BkPanelInfo@PaintBackgroundArg@@@Z 0000000180016de0 f   ConEmuPlugin1900.obj
 0001:00016180       ?CallGuiMacroProc@@YAXXZ   0000000180017180 f   ConEmuPlugin1900.obj
 0001:00016590       ?CallGuiMacroDlg@@YA_JPEAXHH0@Z 0000000180017590 f   ConEmuPlugin1900.obj
 0001:000174e0       ?GetPanelDir@@YAPEA_WPEAX@Z 00000001800184e0 f   ConEmuPlugin2800.obj
 0001:0001a330       ?LoadFarSettingsW2800@@YAXPEAUCEFarInterfaceSettings@@PEAUCEFarPanelSettings@@@Z 000000018001b330 f   ConEmuPlugin2800.obj
 0001:0001a540       ?GetFarSetting@@YAHPEAX_KPEB_W@Z 000000018001b540 f   ConEmuPlugin2800.obj
 0001:0001aaa0       ?CopyPanelInfoW@@YAXPEAUPanelInfo@@PEAUtag_BkPanelInfo@PaintBackgroundArg@@@Z 000000018001baa0 f   ConEmuPlugin2800.obj
 0001:0001ae40       ?CallGuiMacroProc@@YAXXZ   000000018001be40 f   ConEmuPlugin2800.obj
 0001:0001b250       ?CallGuiMacroDlg@@YA_JPEAX_J10@Z 000000018001c250 f   ConEmuPlugin2800.obj
 0001:0001b710       ?MAKEFARVERSION@@YA?AUVersionInfo@@KKKKW4VERSION_STAGE@@@Z 000000018001c710 f   ConEmuPlugin2800.obj
 0001:0001c390       ?GetPanelDir@@YAPEA_WPEAX@Z 000000018001d390 f   ConEmuPlugin995.obj
 0001:0001e710       ?LoadFarSettingsW995@@YAXPEAUCEFarInterfaceSettings@@PEAUCEFarPanelSettings@@@Z 000000018001f710 f   ConEmuPlugin995.obj
 0001:0001ec40       ?CopyPanelInfoW@@YAXPEAUPanelInfo@@PEAUtag_BkPanelInfo@PaintBackgroundArg@@@Z 000000018001fc40 f   ConEmuPlugin995.obj
 0001:0001eed0       ?CallGuiMacroProc@@YAXXZ   000000018001fed0 f   ConEmuPlugin995.obj
 0001:0001f280       ?CallGuiMacroDlg@@YA_JPEAXHH_J@Z 0000000180020280 f   ConEmuPlugin995.obj
 0001:00021fa0       ?LoadFarSettingsA@@YAXPEAUCEFarInterfaceSettings@@PEAUCEFarPanelSettings@@@Z 0000000180022fa0 f   ConEmuPluginA.obj
 0001:00022330       ?CopyPanelInfo@@YAXPEAUPanelInfo@@PEAUtag_BkPanelInfo@PaintBackgroundArg@@@Z 0000000180023330 f   ConEmuPluginA.obj
 0001:000224c0       ?CallGuiMacroProc@@YAXXZ   00000001800234c0 f   ConEmuPluginA.obj
 0001:000228e0       ?CallGuiMacroDlg@@YA_JPEAXHH_J@Z 00000001800238e0 f   ConEmuPluginA.obj
 0001:000243b0       ?StringValidateDestW@@YAJPEB_W_K_K@Z 00000001800253b0 f   Execute.obj
 0001:000243f0       ?StringCopyWorkerW@@YAJPEA_W_KPEA_KPEB_W1@Z 00000001800253f0 f   Execute.obj
 0001:00024820       ?StringValidateDestA@@YAJPEBD_K_K@Z 0000000180025820 f   Memory.obj
 0001:00024860       ?StringCopyWorkerA@@YAJPEAD_KPEA_KPEBD1@Z 0000000180025860 f   Memory.obj
 0001:000249e0       ?StringValidateDestW@@YAJPEB_W_K_K@Z 00000001800259e0 f   Memory.obj
 0001:00024a20       ?StringCopyWorkerW@@YAJPEA_W_KPEA_KPEB_W1@Z 0000000180025a20 f   Memory.obj
 0001:0002b410       ?StringValidateDestW@@YAJPEB_W_K_K@Z 000000018002c410 f   PluginBackground.obj
 0001:0002b450       ?StringCopyWorkerW@@YAJPEA_W_KPEA_KPEB_W1@Z 000000018002c450 f   PluginBackground.obj
 0001:0002e470       ?StringValidateDestW@@YAJPEB_W_K_K@Z 000000018002f470 f   PluginSrv.obj
 0001:0002e4b0       ?StringCopyWorkerW@@YAJPEA_W_KPEA_KPEB_W1@Z 000000018002f4b0 f   PluginSrv.obj
 0001:000318d0       ?StringValidateDestW@@YAJPEB_W_K_K@Z 00000001800328d0 f   WinObjects.obj
 0001:00031910       ?StringCopyWorkerW@@YAJPEA_W_KPEA_KPEB_W1@Z 0000000180032910 f   WinObjects.obj
 0001:00032290       ?CheckRegKeyExist@@YA_NPEAURegKeyExistArg@@@Z 0000000180033290 f   WinObjects.obj
 0001:00034c30       ?StringValidateDestAndLengthW@@YAJPEB_W_KPEA_K_K@Z 0000000180035c30 f   WinObjects.obj
 0001:00034ca0       ?StringLengthWorkerW@@YAJPEB_W_KPEA_K@Z 0000000180035ca0 f   WinObjects.obj
 0001:00036110       ?wcstoxl@@YAKPEAUlocaleinfo_struct@@PEB_WPEAPEB_WHH@Z 0000000180037110 f   LIBCMT:wcstol.obj
 0001:00036b04       __DllMainCRTStartup        0000000180037b04 f   LIBCMT:dllcrt0.obj
 0001:00036c5c       ?CPtoLCID@@YAHH@Z          0000000180037c5c f   LIBCMT:mbctype.obj
 0001:00036c90       ?setSBCS@@YAXPEAUthreadmbcinfostruct@@@Z 0000000180037c90 f   LIBCMT:mbctype.obj
 0001:00036d24       ?setSBUpLow@@YAXPEAUthreadmbcinfostruct@@@Z 0000000180037d24 f   LIBCMT:mbctype.obj
 0001:00036fc4       ?getSystemCP@@YAHH@Z       0000000180037fc4 f   LIBCMT:mbctype.obj
 0001:00037840       _copytlocinfo_nolock       0000000180038840 f   LIBCMT:setlocal.obj
 0001:00037874       _updatetlocinfoEx_nolock   0000000180038874 f   LIBCMT:setlocal.obj
 0001:000379c0       sync_legacy_variables_lk   00000001800389c0 f   LIBCMT:setlocal.obj
 0001:00037ddc       _setlocale_get_all         0000000180038ddc f   LIBCMT:setlocal.obj
 0001:00038204       _setlocale_set_cat         0000000180039204 f   LIBCMT:setlocal.obj
 0001:0003850c       _setlocale_nolock          000000018003950c f   LIBCMT:setlocal.obj
 0001:000398cc       _initterm                  000000018003a8cc f   LIBCMT:crt0dat.obj
 0001:00039a7c       doexit                     000000018003aa7c f   LIBCMT:crt0dat.obj
 0001:0003a13c       parse_cmdline              000000018003b13c f   LIBCMT:stdargv.obj
 0001:0003a844       xcptlookup                 000000018003b844 f   LIBCMT:winxfltr.obj
 0001:0003abd8       ?strncnt@@YAHPEBDH@Z       000000018003bbd8 f   LIBCMT:a_map.obj
 0001:0003abf4       ?__crtLCMapStringA_stat@@YAHPEAUlocaleinfo_struct@@KKPEBDHPEADHHH@Z 000000018003bbf4 f   LIBCMT:a_map.obj
 0001:0003b1cc       ?__crtGetStringTypeA_stat@@YAHPEAUlocaleinfo_struct@@KPEBDHPEAGHHH@Z 000000018003c1cc f   LIBCMT:a_str.obj
 0001:0003b7b8       _get_lc_time               000000018003c7b8 f   LIBCMT:inittime.obj
 0001:0003c074       fix_grouping               000000018003d074 f   LIBCMT:initnum.obj
 0001:0003c304       fix_grouping               000000018003d304 f   LIBCMT:initmon.obj
 0001:0003d354       ?_store_str@@YAXPEADPEAPEADPEA_K@Z 000000018003e354 f   LIBCMT:strftime.obj
 0001:0003d378       ?_store_number@@YAXHPEAPEADPEA_K@Z 000000018003e378 f   LIBCMT:strftime.obj
 0001:0003d3dc       ?_store_num@@YAXHHPEAPEADPEA_KI@Z 000000018003e3dc f   LIBCMT:strftime.obj
 0001:0003d4b8       ?_expandtime@@YAHPEAUlocaleinfo_struct@@DPEBUtm@@PEAPEADPEA_KPEAU__lc_time_data@@I@Z 000000018003e4b8 f   LIBCMT:strftime.obj
 0001:0003db14       ?_store_winword@@YAHPEAUlocaleinfo_struct@@HPEBUtm@@PEAPEADPEA_KPEAU__lc_time_data@@@Z 000000018003eb14 f   LIBCMT:strftime.obj
 0001:0003e670       TranslateName              000000018003f670 f   LIBCMT:getqloc.obj
 0001:0003e708       GetLcidFromDefault         000000018003f708 f   LIBCMT:getqloc.obj
 0001:0003e72c       ProcessCodePage            000000018003f72c f   LIBCMT:getqloc.obj
 0001:0003e7f4       TestDefaultCountry         000000018003f7f4 f   LIBCMT:getqloc.obj
 0001:0003e81c       LcidFromHexString          000000018003f81c f   LIBCMT:getqloc.obj
 0001:0003e858       GetPrimaryLen              000000018003f858 f   LIBCMT:getqloc.obj
 0001:0003e874       CountryEnumProc            000000018003f874 f   LIBCMT:getqloc.obj
 0001:0003e95c       TestDefaultLanguage        000000018003f95c f   LIBCMT:getqloc.obj
 0001:0003ea10       LangCountryEnumProc        000000018003fa10 f   LIBCMT:getqloc.obj
 0001:0003eca4       LanguageEnumProc           000000018003fca4 f   LIBCMT:getqloc.obj
 0001:0003edb4       GetLcidFromCountry         000000018003fdb4 f   LIBCMT:getqloc.obj
 0001:0003edf4       GetLcidFromLangCountry     000000018003fdf4 f   LIBCMT:getqloc.obj
 0001:0003ee88       GetLcidFromLanguage        000000018003fe88 f   LIBCMT:getqloc.obj
 0001:0003f384       ?__crtGetStringTypeW_stat@@YAHPEAUlocaleinfo_struct@@KPEB_WHPEAGHH@Z 0000000180040384 f   LIBCMT:w_str.obj
 0001:0003f9e0       _onexit_nolock             00000001800409e0 f   LIBCMT:onexit.obj
 0001:0003fdd8       ctrlevent_capture          0000000180040dd8 f   LIBCMT:winsig.obj
 0001:0003fe70       siglookup                  0000000180040e70 f   LIBCMT:winsig.obj
 0001:000407fc       ?x_ismbbtype_l@@YAHPEAUlocaleinfo_struct@@IHH@Z 00000001800417fc f   LIBCMT:ismbbyte.obj
 0001:0004115c       _tzset_nolock              000000018004215c f   LIBCMT:tzset.obj
 0001:000415fc       cvtdate                    00000001800425fc f   LIBCMT:tzset.obj
 0001:000418b4       _isindst_nolock            00000001800428b4 f   LIBCMT:tzset.obj
 0001:000421f4       xtoa_s                     00000001800431f4 f   LIBCMT:xtoas.obj
 0001:00042358       x64toa_s                   0000000180043358 f   LIBCMT:xtoas.obj
 0001:00043348       ?__crtGetLocaleInfoW_stat@@YAHPEAUlocaleinfo_struct@@KKPEA_WHH@Z 0000000180044348 f   LIBCMT:w_loc.obj
 0001:000433c0       ?__crtGetLocaleInfoA_stat@@YAHPEAUlocaleinfo_struct@@KKPEADHH@Z 00000001800443c0 f   LIBCMT:a_loc.obj
 0001:000436b4       _getenv_s_helper           00000001800446b4 f   LIBCMT:getenv.obj
 0001:00043788       _dupenv_s_helper           0000000180044788 f   LIBCMT:getenv.obj
 0001:00043d10       ?strtoxl@@YAKPEAUlocaleinfo_struct@@PEBDPEAPEBDHH@Z 0000000180044d10 f   LIBCMT:strtol.obj
 0001:00044044       ?strtoxq@@YA_KPEAUlocaleinfo_struct@@PEBDPEAPEBDHH@Z 0000000180045044 f   LIBCMT:strtoq.obj
 0001:00044710       ?strncnt@@YAHPEBDH@Z       0000000180045710 f   LIBCMT:a_cmp.obj
 0001:0004472c       ?__crtCompareStringA_stat@@YAHPEAUlocaleinfo_struct@@KKPEBDH1HH@Z 000000018004572c f   LIBCMT:a_cmp.obj
 0001:00044dd0       findenv                    0000000180045dd0 f   LIBCMT:setenv.obj
 0001:00044e54       copy_environ               0000000180045e54 f   LIBCMT:setenv.obj
 0001:000455a0       __DllMainCRTStartup$filt$0 00000001800465a0 f   LIBCMT:dllcrt0.obj
 0001:000455bc       __updatetmbcinfo$fin$0     00000001800465bc f   LIBCMT:mbctype.obj
 0001:000455d5       _setmbcp$fin$0             00000001800465d5 f   LIBCMT:mbctype.obj
 0001:000455ee       __updatetlocinfo$fin$0     00000001800465ee f   LIBCMT:setlocal.obj
 0001:00045607       _free_locale$fin$1         0000000180046607 f   LIBCMT:setlocal.obj
 0001:00045627       _free_locale$fin$0         0000000180046627 f   LIBCMT:setlocal.obj
 0001:00045640       _get_current_locale$fin$1  0000000180046640 f   LIBCMT:setlocal.obj
 0001:00045660       _get_current_locale$fin$0  0000000180046660 f   LIBCMT:setlocal.obj
 0001:00045679       setlocale$fin$1            0000000180046679 f   LIBCMT:setlocal.obj
 0001:00045699       setlocale$fin$0            0000000180046699 f   LIBCMT:setlocal.obj
 0001:000456b9       setlocale$fin$2            00000001800466b9 f   LIBCMT:setlocal.obj
 0001:000456d3       _initptd$fin$1             00000001800466d3 f   LIBCMT:tidtable.obj
 0001:000456f3       _initptd$fin$0             00000001800466f3 f   LIBCMT:tidtable.obj
 0001:0004570c       _freefls$fin$1             000000018004670c f   LIBCMT:tidtable.obj
 0001:0004572c       _freefls$fin$0             000000018004672c f   LIBCMT:tidtable.obj
 0001:00045745       doexit$fin$0               0000000180046745 f   LIBCMT:crt0dat.obj
 0001:00045767       _mtinitlocknum$fin$0       0000000180046767 f   LIBCMT:mlock.obj
 0001:00045783       _onexit$fin$0              0000000180046783 f   LIBCMT:onexit.obj
 0001:000457a0       _IsNonwritableInCurrentImage$filt$0 00000001800467a0 f   LIBCMT:pesect.obj
 0001:000457c1       ctrlevent_capture$fin$0    00000001800467c1 f   LIBCMT:winsig.obj
 0001:000457d7       signal$fin$0               00000001800467d7 f   LIBCMT:winsig.obj
 0001:000457ed       raise$fin$0                00000001800467ed f   LIBCMT:winsig.obj
 0001:00045809       __crtInitCritSecAndSpinCount$filt$0 0000000180046809 f   LIBCMT:initcrit.obj
 0001:0004582b       _tzset_nolock$fin$0        000000018004682b f   LIBCMT:tzset.obj
 0001:00045844       __tzset$fin$0              0000000180046844 f   LIBCMT:tzset.obj
 0001:0004585d       _tzset$fin$0               000000018004685d f   LIBCMT:tzset.obj
 0001:00045876       _isindst$fin$0             0000000180046876 f   LIBCMT:tzset.obj
 0001:0004588f       getenv$fin$0               000000018004688f f   LIBCMT:getenv.obj
 0001:000458a8       getenv_s$fin$0             00000001800468a8 f   LIBCMT:getenv.obj
 0001:000458c1       _dupenv_s$fin$0            00000001800468c1 f   LIBCMT:getenv.obj
