 ConEmu

 Timestamp is 541612b4 (Mon Sep 15 02:12:04 2014)

 Preferred load address is 10000000

 Start         Length     Name                   Class
 0001:00000000 0003b90cH .text                   CODE
 0002:00000000 000003b4H .idata$5                DATA
 0002:000003b4 00000004H .CRT$XCA                DATA
 0002:000003b8 00000004H .CRT$XCZ                DATA
 0002:000003bc 00000004H .CRT$XIA                DATA
 0002:000003c0 0000000cH .CRT$XIC                DATA
 0002:000003cc 00000004H .CRT$XIZ                DATA
 0002:000003d0 00000004H .CRT$XPA                DATA
 0002:000003d4 00000004H .CRT$XPZ                DATA
 0002:000003d8 00000004H .CRT$XTA                DATA
 0002:000003dc 00000004H .CRT$XTZ                DATA
 0002:000003e0 00005510H .rdata                  DATA
 0002:000058f0 0000006fH .rdata$debug            DATA
 0002:00005960 0000000cH .rdata$sxdata           DATA
 0002:0000596c 00000004H .rtc$IAA                DATA
 0002:00005970 00000004H .rtc$IZZ                DATA
 0002:00005974 00000004H .rtc$TAA                DATA
 0002:00005978 00000004H .rtc$TZZ                DATA
 0002:00005980 00000454H .xdata$x                DATA
 0002:00005dd4 00000064H .idata$2                DATA
 0002:00005e38 00000014H .idata$3                DATA
 0002:00005e4c 000003b4H .idata$4                DATA
 0002:00006200 00001110H .idata$6                DATA
 0002:00007310 00000337H .edata                  DATA
 0003:00000000 00000dc0H .data                   DATA
 0003:00000dc0 00002c68H .bss                    DATA
 0004:00000000 00000058H .rsrc$01                DATA
 0004:00000060 00000298H .rsrc$02                DATA

  Address         Publics by Value              Rva+Base       Lib:Object

 0000:00000000       __except_list              00000000     <absolute>
 0000:00000003       ___safe_se_handler_count   00000003     <absolute>
 0000:00000000       ___ImageBase               10000000     <linker-defined>
 0001:00000000       ??0CmdArg@@QAE@XZ          10001000 f   CmdLine.obj
 0001:00000030       ??1CmdArg@@QAE@XZ          10001030 f   CmdLine.obj
 0001:00000090       ?GetBuffer@CmdArg@@QAEPA_WH@Z 10001090 f   CmdLine.obj
 0001:00000150       ?Detach@CmdArg@@QAEPA_WXZ  10001150 f   CmdLine.obj
 0001:00000180       ?Attach@CmdArg@@QAEPB_WPA_W@Z 10001180 f   CmdLine.obj
 0001:000001e0       ?Empty@CmdArg@@QAEXXZ      100011e0 f   CmdLine.obj
 0001:00000230       ?IsEmpty@CmdArg@@QAE_NXZ   10001230 f   CmdLine.obj
 0001:00000270       ?Set@CmdArg@@QAEPB_WPB_WH@Z 10001270 f   CmdLine.obj
 0001:00000310       ?StringCchCopyNW@@YGJPA_WIPB_WI@Z 10001310 f i CmdLine.obj
 0001:00000450       ?SavePathVar@CmdArg@@QAEXPB_W@Z 10001450 f   CmdLine.obj
 0001:00000480       ?SetAt@CmdArg@@QAEXH_W@Z   10001480 f   CmdLine.obj
 0001:000004c0       ?GetPosFrom@CmdArg@@QAEXABU1@@Z 100014c0 f   CmdLine.obj
 0001:00000500       ?IsNeedDequote@@YI_NPB_W_NPAPB_W@Z 10001500 f   CmdLine.obj
 0001:000006d0       ??BCmdArg@@QBEPB_WXZ       100016d0 f i CmdLine.obj
 0001:000006f0       ?NextArg@@YIHPAPB_WAAUCmdArg@@0@Z 100016f0 f   CmdLine.obj
 0001:00000b40       ?AddEndSlash@@YIHPA_WH@Z   10001b40 f   CmdLine.obj
 0001:00000bc0       ?SkipNonPrintable@@YIPB_WPB_W@Z 10001bc0 f   CmdLine.obj
 0001:00000c20       ?CompareFileMask@@YI_NPB_W0@Z 10001c20 f   CmdLine.obj
 0001:00000df0       ?wcschr@@YAPA_WPA_W_W@Z    10001df0 f i CmdLine.obj
 0001:00000e10       ?GetDrive@@YIPB_WPB_WPA_WH@Z 10001e10 f   CmdLine.obj
 0001:00001010       ?GetDirectory@@YIHAAUCmdArg@@@Z 10002010 f   CmdLine.obj
 0001:000010a0       ?IsNeedCmd@@YI_NHPB_WAAUCmdArg@@PAPB_WPAH333@Z 100020a0 f   CmdLine.obj
 0001:000017c0       ?Disable@MWow64Disable@@QAEXXZ 100027c0 f i CmdLine.obj
 0001:000017f0       ??0MWow64Disable@@QAE@XZ   100027f0 f i CmdLine.obj
 0001:00001870       ??1MWow64Disable@@QAE@XZ   10002870 f i CmdLine.obj
 0001:00001890       ?Restore@MWow64Disable@@QAEXXZ 10002890 f i CmdLine.obj
 0001:000018d0       ?IsExecutable@@YI_NPB_WPAPA_W@Z 100028d0 f   CmdLine.obj
 0001:000019c0       ?IsFarExe@@YI_NPB_W@Z      100029c0 f   CmdLine.obj
 0001:00001a40       ?IsQuotationNeeded@@YI_NPB_W@Z 10002a40 f   CmdLine.obj
 0001:00001a80       ?ProcessSetEnvCmd@@YI_NAAPB_W_NPAUCmdArg@@@Z 10002a80 f   CmdLine.obj
 0001:00001ed0       ?FileSearchInDir@@YI_NPB_WAAUCmdArg@@@Z 10002ed0 f   CmdLine.obj
 0001:00002090       ?FileExistsSearch@@YI_NPB_WAAUCmdArg@@_N2@Z 10003090 f   CmdLine.obj
 0001:00002190       ?SearchAppPaths@@YI_NPB_WAAUCmdArg@@_NPAU1@@Z 10003190 f   CmdLine.obj
 0001:000026c0       ?MergeCmdLine@@YIPA_WPB_W0@Z 100036c0 f   CmdLine.obj
 0001:00002750       ?PackInputRecord@@YIHPBU_INPUT_RECORD@@PAUMsgStr@MSG64@@@Z 10003750 f   Common.obj
 0001:00002960       ?UnpackInputRecord@@YIHPBUMsgStr@MSG64@@PAU_INPUT_RECORD@@@Z 10003960 f   Common.obj
 0001:00002bc0       ?TranslateKeyPress@@YIXGK_WHPAU_INPUT_RECORD@@1@Z 10003bc0 f   Common.obj
 0001:00002d30       ?CommonShutdown@@YIXXZ     10003d30 f   Common.obj
 0001:00002d60       ?ModuleName@@YIPB_WPB_W@Z  10003d60 f   ConEmuCheck.obj
 0001:00002e40       ?wcsrchr@@YAPA_WPA_W_W@Z   10003e40 f i ConEmuCheck.obj
 0001:00002e60       ?ExecuteOpenPipe@@YIPAXPB_WAAY0CAI@_W0KKHPAX@Z 10003e60 f   ConEmuCheck.obj
 0001:00003080       ?ExecutePrepareCmd@@YIXPAUCESERVER_REQ@@KI@Z 10004080 f   ConEmuCheck.obj
 0001:000030d0       ?ExecutePrepareCmd@@YIXPAUCESERVER_REQ_HDR@@KI@Z 100040d0 f   ConEmuCheck.obj
 0001:00003170       ?ExecuteNewCmd@@YIPAUCESERVER_REQ@@KI@Z 10004170 f   ConEmuCheck.obj
 0001:000031d0       ?ExecuteNewCmd@@YI_NAAPAUCESERVER_REQ@@AAKKI@Z 100041d0 f   ConEmuCheck.obj
 0001:00003250       ?LoadSrvMapping@@YIHPAUHWND__@@AAUCESERVER_CONSOLE_MAPPING_HDR@@@Z 10004250 f   ConEmuCheck.obj
 0001:00003370       ?LoadGuiMapping@@YIHKAAUConEmuGuiMapping@@@Z 10004370 f   ConEmuCheck.obj
 0001:00003490       ?ExecuteNewCmdOnCreate@@YIPAUCESERVER_REQ@@PAUCESERVER_CONSOLE_MAPPING_HDR@@PAUHWND__@@W4CmdOnCreateType@@PB_W33PAK444HHPAX55@Z 10004490 f   ConEmuCheck.obj
 0001:00003820       ?StringCchCopyW@@YGJPA_WIPB_W@Z 10004820 f i ConEmuCheck.obj
 0001:00003950       ?ExecuteGuiCmd@@YIPAUCESERVER_REQ@@PAUHWND__@@PAU1@0H@Z 10004950 f   ConEmuCheck.obj
 0001:000039e0       ?ExecuteSrvCmd@@YIPAUCESERVER_REQ@@KPAU1@PAUHWND__@@HK@Z 100049e0 f   ConEmuCheck.obj
 0001:00003a80       ?ExecuteHkCmd@@YIPAUCESERVER_REQ@@KPAU1@PAUHWND__@@H@Z 10004a80 f   ConEmuCheck.obj
 0001:00003b20       ?ExecuteCmd@@YIPAUCESERVER_REQ@@PB_WPAU1@KPAUHWND__@@HK@Z 10004b20 f   ConEmuCheck.obj
 0001:00003e40       ?ExecuteFreeResult@@YIXAAPAUCESERVER_REQ@@@Z 10004e40 f   ConEmuCheck.obj
 0001:00003e80       ?AllocateSendCurrentDirectory@@YI_NAAPAUCESERVER_REQ@@AAKPB_W2@Z 10004e80 f   ConEmuCheck.obj
 0001:00003f90       ?SendCurrentDirectory@@YIXPAUHWND__@@PB_W1@Z 10004f90 f   ConEmuCheck.obj
 0001:00004000       ?myGetConsoleWindow@@YIPAUHWND__@@XZ 10005000 f   ConEmuCheck.obj
 0001:00004080       ?GetConEmuHWND@@YIPAUHWND__@@H@Z 10005080 f   ConEmuCheck.obj
 0001:00004230       ??BHWND2@@QBEPAUHWND__@@XZ 10005230 f i ConEmuCheck.obj
 0001:00004240       ??BHWND2@@QBEKXZ           10005240 f i ConEmuCheck.obj
 0001:00004250       ?ConEmuCheck@@YIHPAPAUHWND__@@@Z 10005250 f   ConEmuCheck.obj
 0001:00004290       ?GuiMessageBox@@YIHPAUHWND__@@PB_W1H@Z 10005290 f   ConEmuCheck.obj
 0001:00004450       ?InitName@?$MFileMapping@UCESERVER_CONSOLE_MAPPING_HDR@@@@QAEPB_WPB_WKK@Z 10005450 f i ConEmuCheck.obj
 0001:000044a0       ?CloseMap@?$MFileMapping@UCESERVER_CONSOLE_MAPPING_HDR@@@@QAEXXZ 100054a0 f i ConEmuCheck.obj
 0001:00004510       ?Open@?$MFileMapping@UCESERVER_CONSOLE_MAPPING_HDR@@@@QAEPAUCESERVER_CONSOLE_MAPPING_HDR@@HH@Z 10005510 f i ConEmuCheck.obj
 0001:00004530       ??0?$MFileMapping@UCESERVER_CONSOLE_MAPPING_HDR@@@@QAE@XZ 10005530 f i ConEmuCheck.obj
 0001:00004590       ??1?$MFileMapping@UCESERVER_CONSOLE_MAPPING_HDR@@@@QAE@XZ 10005590 f i ConEmuCheck.obj
 0001:000045b0       ?InitName@?$MFileMapping@UConEmuGuiMapping@@@@QAEPB_WPB_WKK@Z 100055b0 f i ConEmuCheck.obj
 0001:00004600       ?CloseMap@?$MFileMapping@UConEmuGuiMapping@@@@QAEXXZ 10005600 f i ConEmuCheck.obj
 0001:00004670       ?Open@?$MFileMapping@UConEmuGuiMapping@@@@QAEPAUConEmuGuiMapping@@HH@Z 10005670 f i ConEmuCheck.obj
 0001:00004690       ??0?$MFileMapping@UConEmuGuiMapping@@@@QAE@XZ 10005690 f i ConEmuCheck.obj
 0001:000046f0       ??1?$MFileMapping@UConEmuGuiMapping@@@@QAE@XZ 100056f0 f i ConEmuCheck.obj
 0001:00004710       ?ClosePtr@?$MFileMapping@UCESERVER_CONSOLE_MAPPING_HDR@@@@QAEXXZ 10005710 f i ConEmuCheck.obj
 0001:00004740       ?InternalOpenCreate@?$MFileMapping@UCESERVER_CONSOLE_MAPPING_HDR@@@@IAEPAUCESERVER_CONSOLE_MAPPING_HDR@@HHH@Z 10005740 f i ConEmuCheck.obj
 0001:00004930       ?ClosePtr@?$MFileMapping@UConEmuGuiMapping@@@@QAEXXZ 10005930 f i ConEmuCheck.obj
 0001:00004960       ?InternalOpenCreate@?$MFileMapping@UConEmuGuiMapping@@@@IAEPAUConEmuGuiMapping@@HHH@Z 10005960 f i ConEmuCheck.obj
 0001:00004b50       ??$wcscpy_c@$0CA@@@YIHAAY0CA@_WPB_W@Z 10005b50 f i ConEmuCheck.obj
 0001:00004b80       ??$wcscpy_c@$0CAI@@@YIHAAY0CAI@_WPB_W@Z 10005b80 f i ConEmuCheck.obj
 0001:00004bb0       ?LoadGuiMapping@@YIHPAUHWND__@@AAUConEmuGuiMapping@@@Z 10005bb0 f   ConEmuCheckEx.obj
 0001:00004bf0       ?IsConEmuExeExist@@YIHPB_WAAY0BAF@_W@Z 10005bf0 f   ConEmuCheckEx.obj
 0001:00004ca0       ?FindConEmuBaseDir@@YIHAAY0BAF@_W0PAUHINSTANCE__@@@Z 10005ca0 f   ConEmuCheckEx.obj
 0001:00005240       ??$wcscpy_c@$0BAF@@@YIHAAY0BAF@_WPB_W@Z 10006240 f i ConEmuCheckEx.obj
 0001:00005350       ??$wcscpy_add@$0BAF@@@YIHPA_WAAY0BAF@_WPB_W@Z 10006350 f i ConEmuCheckEx.obj
 0001:000053a0       ??$wcscat_c@$0BAF@@@YIHAAY0BAF@_WPB_W@Z 100063a0 f i ConEmuCheckEx.obj
 0001:000053d0       ?StringCchCatW@@YGJPA_WIPB_W@Z 100063d0 f i ConEmuCheckEx.obj
 0001:000054f0       ?StartupHooks@@YIHPAUHINSTANCE__@@@Z 100064f0 f   ConEmuInjects.obj
 0001:000058c0       ?ShutdownHooks@@YIXXZ      100068c0 f   ConEmuInjects.obj
 0001:00005a70       ??$wcscpy_c@$0EA@@@YIHAAY0EA@_WPB_W@Z 10006a70 f i ConEmuInjects.obj
 0001:00005b80       ?pcc_Selected@@YI_NW4PluginMenuCommands@@@Z 10006b80 f   ConEmuPlugin.obj
 0001:00005bf0       ?pcc_Disabled@@YI_NW4PluginMenuCommands@@@Z 10006bf0 f   ConEmuPlugin.obj
 0001:00005ca0       ?GetPluginInfoWcmn@@YGXPAX@Z 10006ca0 f   ConEmuPlugin.obj
 0001:00005ce0       ?CheckConEmuDetached@@YIXXZ 10006ce0 f   ConEmuPlugin.obj
 0001:00005d80       ?OpenPluginWcmn@@YIPAXHH_N@Z 10006d80 f   ConEmuPlugin.obj
 0001:00006010       _OpenPluginW@8             10007010 f   ConEmuPlugin.obj
 0001:00006050       ?TouchReadPeekConsoleInputs@@YIXH@Z 10007050 f   ConEmuPlugin.obj
 0001:00006090       ?OnMainThreadActivated@@YIXXZ 10007090 f   ConEmuPlugin.obj
 0001:00006340       ?IsFarLua@FarVersion@@QBE_NXZ 10007340 f i ConEmuPlugin.obj
 0001:00006390       ?OnConsolePeekReadInput@@YIXH@Z 10007390 f   ConEmuPlugin.obj
 0001:00006580       ?ActiveServerPID@CESERVER_CONSOLE_MAPPING_HDR@@QBEKXZ 10007580 f i ConEmuPlugin.obj
 0001:000065c0       ?OnPanelViewCallbacks@@YIHPAUHookCallbackArg@@P6GHPAXPAU_INPUT_RECORD@@KPAKPAH@Z5@Z 100075c0 f   ConEmuPlugin.obj
 0001:000066a0       ?OnShellExecuteExW_Except@@YGXPAUHookCallbackArg@@@Z 100076a0 f   ConEmuPlugin.obj
 0001:000066e0       ?OnGetNumberOfConsoleInputEventsPost@@YGXPAUHookCallbackArg@@@Z 100076e0 f   ConEmuPlugin.obj
 0001:00006720       ?UngetDummyMouseEvent@@YIHHPAUHookCallbackArg@@@Z 10007720 f   ConEmuPlugin.obj
 0001:00006950       ??4HANDLE2@@QAEAAU0@PAX@Z  10007950 f i ConEmuPlugin.obj
 0001:00006970       ?OnConsolePeekInput@@YGHPAUHookCallbackArg@@@Z 10007970 f   ConEmuPlugin.obj
 0001:000069f0       ?OnConsolePeekInputPost@@YGXPAUHookCallbackArg@@@Z 100079f0 f   ConEmuPlugin.obj
 0001:00006a30       ?OnConsoleReadInputWork@@YIHPAUHookCallbackArg@@@Z 10007a30 f   ConEmuPlugin.obj
 0001:00006ac0       ?OnConsoleReadInput@@YGHPAUHookCallbackArg@@@Z 10007ac0 f   ConEmuPlugin.obj
 0001:00006ad0       ?OnConsoleReadInputPost@@YGXPAUHookCallbackArg@@@Z 10007ad0 f   ConEmuPlugin.obj
 0001:00006d10       ?OnWriteConsoleOutput@@YGHPAUHookCallbackArg@@@Z 10007d10 f   ConEmuPlugin.obj
 0001:00006df0       _ProcessSynchroEventW@8    10007df0 f   ConEmuPlugin.obj
 0001:00006ea0       ?ShutdownPluginStep@@YIXPB_WHHHH@Z 10007ea0 f   ConEmuPlugin.obj
 0001:00006ec0       _DllMain@12                10007ec0 f   ConEmuPlugin.obj
 0001:00007190       ??_GMSection@@QAEPAXI@Z    10008190 f i ConEmuPlugin.obj
 0001:000071c0       ??_GCPluginBackground@@QAEPAXI@Z 100081c0 f i ConEmuPlugin.obj
 0001:000071f0       ?IsConsoleActive@@YGHXZ    100081f0 f   ConEmuPlugin.obj
 0001:00007250       ?GetFarHWND2@@YGPAUHWND__@@H@Z 10008250 f   ConEmuPlugin.obj
 0001:000072c0       ?GetFarHWND@@YGPAUHWND__@@XZ 100082c0 f   ConEmuPlugin.obj
 0001:000072d0       ?IsTerminalMode@@YGHXZ     100082d0 f   ConEmuPlugin.obj
 0001:000072e0       ?GetFarVersion@@YGXPAUFarVersion@@@Z 100082e0 f   ConEmuPlugin.obj
 0001:00007310       ?LoadFarVersion@@YIHXZ     10008310 f   ConEmuPlugin.obj
 0001:000076a0       ?RegisterPanelView@@YGHPAUPanelViewInit@@@Z 100086a0 f   ConEmuPlugin.obj
 0001:00007890       ?RegisterBackground@@YGHPAURegisterBackgroundArg@@@Z 10008890 f   ConEmuPlugin.obj
 0001:00007920       ?SyncExecute@@YGHPAUHINSTANCE__@@P6GXJ@ZJ@Z 10008920 f   ConEmuPlugin.obj
 0001:00007970       ?ActivateConsole@@YGHXZ    10008970 f   ConEmuPlugin.obj
 0001:00007a00       ??4HWND2@@QAEAAU0@PAUHWND__@@@Z 10008a00 f i ConEmuPlugin.obj
 0001:00007a20       ?ExecuteSynchro@@YIXXZ     10008a20 f   ConEmuPlugin.obj
 0001:00007ae0       ?ProcessCommand@@YIHKHPAXPAPAUCESERVER_REQ@@_N@Z 10008ae0 f   ConEmuPlugin.obj
 0001:00008de0       ?FarSetConsoleSize@@YIHFF@Z 10009de0 f   ConEmuPlugin.obj
 0001:00008ef0       ?OnConsoleDetaching@@YGHPAUHookCallbackArg@@@Z 10009ef0 f   ConEmuPlugin.obj
 0001:00009020       ?OnConsoleWasAttached@@YGXPAUHookCallbackArg@@@Z 1000a020 f   ConEmuPlugin.obj
 0001:00009080       ?MonitorThreadProcW@@YGKPAX@Z 1000a080 f   ConEmuPlugin.obj
 0001:000094b0       ?CommonPluginStartup@@YIXXZ 1000a4b0 f   ConEmuPlugin.obj
 0001:000095c0       _SetStartupInfoW@4         1000a5c0 f   ConEmuPlugin.obj
 0001:00009620       ?CloseMapHeader@@YIXXZ     1000a620 f   ConEmuPlugin.obj
 0001:00009650       ?OpenMapHeader@@YIHXZ      1000a650 f   ConEmuPlugin.obj
 0001:00009770       ?InitRootKey@@YIXXZ        1000a770 f   ConEmuPlugin.obj
 0001:00009830       ?InitHWND@@YIXXZ           1000a830 f   ConEmuPlugin.obj
 0001:00009d30       ?ReloadFarInfo@@YIHH@Z     1000ad30 f   ConEmuPlugin.obj
 0001:0000a190       ?UpdateConEmuTabsW@@YI_NH_N0PAX@Z 1000b190 f   ConEmuPlugin.obj
 0001:0000a280       ?OnCurDirChanged@@YGXXZ    1000b280 f   ConEmuPlugin.obj
 0001:0000a2f0       ?UpdatePanelDirs@@YIXXZ    1000b2f0 f   ConEmuPlugin.obj
 0001:0000a370       ?UpdateConEmuTabs@@YI_N_N@Z 1000b370 f   ConEmuPlugin.obj
 0001:0000a5a0       ?CreateTabs@@YIHH@Z        1000b5a0 f   ConEmuPlugin.obj
 0001:0000a680       ?AddTab@@YIHAAHH_N1HPB_W2HHHH@Z 1000b680 f   ConEmuPlugin.obj
 0001:0000aaf0       _wmemcmp                   1000baf0 f i ConEmuPlugin.obj
 0001:0000ab50       ?SendTabs@@YIXHH@Z         1000bb50 f   ConEmuPlugin.obj
 0001:0000ad20       _ProcessEditorInputW@4     1000bd20 f   ConEmuPlugin.obj
 0001:0000ad60       _ProcessEditorEventW@8     1000bd60 f   ConEmuPlugin.obj
 0001:0000adf0       _ProcessViewerEventW@8     1000bdf0 f   ConEmuPlugin.obj
 0001:0000ae70       ?FillLoadedParm@@YIXPAUConEmuLoadedArg@@PAUHINSTANCE__@@H@Z 1000be70 f   ConEmuPlugin.obj
 0001:0000af50       ?NotifyConEmuUnloaded@@YIXXZ 1000bf50 f   ConEmuPlugin.obj
 0001:0000b090       ?StopThread@@YIXXZ         1000c090 f   ConEmuPlugin.obj
 0001:0000b3f0       ??_G?$MFileMapping@UCESERVER_CONSOLE_MAPPING_HDR@@@@QAEPAXI@Z 1000c3f0 f i ConEmuPlugin.obj
 0001:0000b420       _ProcessDialogEventW@8     1000c420 f   ConEmuPlugin.obj
 0001:0000b430       ?OpenW@@YGPAXPBX@Z         1000c430 f   ConEmuPlugin.obj
 0001:0000b480       ?ProcessConsoleInputW@@YGHPAX@Z 1000c480 f   ConEmuPlugin.obj
 0001:0000b4b0       ?ProcessEditorEventW3@@YGHPAX@Z 1000c4b0 f   ConEmuPlugin.obj
 0001:0000b4e0       ?ProcessViewerEventW3@@YGHPAX@Z 1000c4e0 f   ConEmuPlugin.obj
 0001:0000b510       ?ProcessDialogEventW3@@YGHPAX@Z 1000c510 f   ConEmuPlugin.obj
 0001:0000b540       ?ProcessSynchroEventW3@@YGHPAX@Z 1000c540 f   ConEmuPlugin.obj
 0001:0000b570       ?ExitFarCmn@@YIXXZ         1000c570 f   ConEmuPlugin.obj
 0001:0000b5b0       _ExitFARW@0                1000c5b0 f   ConEmuPlugin.obj
 0001:0000b620       ?ExitFARW3@@YGXPAX@Z       1000c620 f   ConEmuPlugin.obj
 0001:0000b670       ?CheckResources@@YIXH@Z    1000c670 f   ConEmuPlugin.obj
 0001:0000b7d0       ?InitResources@@YIXXZ      1000c7d0 f   ConEmuPlugin.obj
 0001:0000bac0       ?DataSize@CESERVER_REQ@@QAEKXZ 1000cac0 f i ConEmuPlugin.obj
 0001:0000baf0       ?CloseTabs@@YIXXZ          1000caf0 f   ConEmuPlugin.obj
 0001:0000bb70       ?OutDataAlloc@@YIHK@Z      1000cb70 f   ConEmuPlugin.obj
 0001:0000bbe0       ?OutDataRealloc@@YIHK@Z    1000cbe0 f   ConEmuPlugin.obj
 0001:0000bcc0       ?OutDataWrite@@YIHPAXK@Z   1000ccc0 f   ConEmuPlugin.obj
 0001:0000bd90       ?ShowMessage@@YIHHH@Z      1000cd90 f   ConEmuPlugin.obj
 0001:0000be00       ?ShowMessage@@YIHPB_WH_N@Z 1000ce00 f   ConEmuPlugin.obj
 0001:0000bef0       ?ShowMessageGui@@YIHHH@Z   1000cef0 f   ConEmuPlugin.obj
 0001:0000bfd0       ?GetMsgW@@YIPB_WH@Z        1000cfd0 f   ConEmuPlugin.obj
 0001:0000c030       ?PostMacro@@YIXPB_WPAU_INPUT_RECORD@@@Z 1000d030 f   ConEmuPlugin.obj
 0001:0000c190       ?ShowPluginMenu@@YIXW4PluginCallCommands@@@Z 1000d190 f   ConEmuPlugin.obj
 0001:0000cbc0       ?FindServerCmd@@YIHKAAK_N@Z 1000dbc0 f   ConEmuPlugin.obj
 0001:0000ccc0       ?Attach2Gui@@YIHXZ         1000dcc0 f   ConEmuPlugin.obj
 0001:0000d160       ?StartDebugger@@YIHXZ      1000e160 f   ConEmuPlugin.obj
 0001:0000d480       ?isMacroActive@@YI_NAAH@Z  1000e480 f   ConEmuPlugin.obj
 0001:0000d4b0       ?IsMacroActive@@YIHXZ      1000e4b0 f   ConEmuPlugin.obj
 0001:0000d520       ?GetMacroArea@@YIHXZ       1000e520 f   ConEmuPlugin.obj
 0001:0000d580       ?RedrawAll@@YIXXZ          1000e580 f   ConEmuPlugin.obj
 0001:0000d5e0       ?GetEditorModifiedState@@YIKXZ 1000e5e0 f   ConEmuPlugin.obj
 0001:0000d630       ?GetActiveWindowType@@YIHXZ 1000e630 f   ConEmuPlugin.obj
 0001:0000d680       ?RunExternalProgramW@@YI_NPA_W0_N@Z 1000e680 f   ConEmuPlugin.obj
 0001:0000d8b0       ?ShowConsoleInfo@@YIXXZ    1000e8b0 f   ConEmuPlugin.obj
 0001:0000da20       ?GetMainThreadId@@YIKXZ    1000ea20 f   ConEmuPlugin.obj
 0001:0000dac0       ?OnLibraryLoaded@@YGXPAUHINSTANCE__@@@Z 1000eac0 f   ConEmuPlugin.obj
 0001:0000db40       ?_calloc@@YIPAXII@Z        1000eb40 f   ConEmuPlugin.obj
 0001:0000db60       ?_malloc@@YIPAXI@Z         1000eb60 f   ConEmuPlugin.obj
 0001:0000db80       ?_free@@YIXPAX@Z           1000eb80 f   ConEmuPlugin.obj
 0001:0000dba0       ?Ptr@?$MFileMapping@UCESERVER_CONSOLE_MAPPING_HDR@@@@QAEPAUCESERVER_CONSOLE_MAPPING_HDR@@XZ 1000eba0 f i ConEmuPlugin.obj
 0001:0000dbc0       ??$wcscpy_c@$0BBE@@@YIHAAY0BBE@_WPB_W@Z 1000ebc0 f i ConEmuPlugin.obj
 0001:0000dbf0       ??$wcscat_c@$0BBE@@@YIHAAY0BBE@_WPB_W@Z 1000ebf0 f i ConEmuPlugin.obj
 0001:0000dc20       ??$wcscat_c@$0CAE@@@YIHAAY0CAE@_WPB_W@Z 1000ec20 f i ConEmuPlugin.obj
 0001:0000dc50       ?GetPluginInfoW1900@@YIXPAX@Z 1000ec50 f   ConEmuPlugin1900.obj
 0001:0000dcc0       ?ProcessDragFromW1900@@YIXXZ 1000ecc0 f   ConEmuPlugin1900.obj
 0001:0000e5f0       ?ProcessDragToW1900@@YIXXZ 1000f5f0 f   ConEmuPlugin1900.obj
 0001:0000eb80       ?SetStartupInfoW1900@@YIXPAX@Z 1000fb80 f   ConEmuPlugin1900.obj
 0001:0000ecf0       ?GetEditorModifiedStateW1900@@YIKXZ 1000fcf0 f   ConEmuPlugin1900.obj
 0001:0000ed30       ?ProcessEditorEventW1900@@YGHPAX@Z 1000fd30 f   ConEmuPlugin1900.obj
 0001:0000ed60       ?ProcessViewerEventW1900@@YGHPAX@Z 1000fd60 f   ConEmuPlugin1900.obj
 0001:0000ed90       ?ProcessDialogEventW1900@@YGHPAX@Z 1000fd90 f   ConEmuPlugin1900.obj
 0001:0000edc0       ?ProcessSynchroEventW1900@@YGHPAX@Z 1000fdc0 f   ConEmuPlugin1900.obj
 0001:0000edf0       ?ProcessEditorInputW1900@@YIHPBX@Z 1000fdf0 f   ConEmuPlugin1900.obj
 0001:0000ee70       ?UpdatePanelDirsW1900@@YI_NXZ 1000fe70 f   ConEmuPlugin1900.obj
 0001:0000efb0       ?UpdateConEmuTabsW1900@@YI_NH_N0PAX@Z 1000ffb0 f   ConEmuPlugin1900.obj
 0001:0000f730       ?ExitFARW1900@@YIXXZ       10010730 f   ConEmuPlugin1900.obj
 0001:0000f7b0       ?ShowMessageW1900@@YIHPB_WH_N@Z 100107b0 f   ConEmuPlugin1900.obj
 0001:0000f8a0       ?ShowMessageW1900@@YIHHH@Z 100108a0 f   ConEmuPlugin1900.obj
 0001:0000f900       ?GetMsgW1900@@YIPB_WH@Z    10010900 f   ConEmuPlugin1900.obj
 0001:0000f940       ?SetWindowW1900@@YIXH@Z    10010940 f   ConEmuPlugin1900.obj
 0001:0000f9a0       ?PostMacroW1900@@YIXPB_WPAU_INPUT_RECORD@@@Z 100109a0 f   ConEmuPlugin1900.obj
 0001:000100e0       ?wcsstr@@YAPA_WPA_WPB_W@Z  100110e0 f i ConEmuPlugin1900.obj
 0001:00010100       ?ShowPluginMenuW1900@@YIHPAUConEmuPluginMenuItem@@H@Z 10011100 f   ConEmuPlugin1900.obj
 0001:00010320       ?EditOutputW1900@@YIHPB_WH@Z 10011320 f   ConEmuPlugin1900.obj
 0001:000103e0       ?ExecuteSynchroW1900@@YIHXZ 100113e0 f   ConEmuPlugin1900.obj
 0001:00010470       ?WaitEndSynchroW1900@@YIXXZ 10011470 f   ConEmuPlugin1900.obj
 0001:00010480       ?StopWaitEndSynchroW1900@@YIXXZ 10011480 f   ConEmuPlugin1900.obj
 0001:000104b0       ?IsMacroActiveW1900@@YIHXZ 100114b0 f   ConEmuPlugin1900.obj
 0001:000104f0       ?GetMacroAreaW1900@@YIHXZ  100114f0 f   ConEmuPlugin1900.obj
 0001:00010520       ?RedrawAllW1900@@YIXXZ     10011520 f   ConEmuPlugin1900.obj
 0001:00010550       ?LoadPluginW1900@@YI_NPA_W@Z 10011550 f   ConEmuPlugin1900.obj
 0001:00010580       ?RunExternalProgramW1900@@YI_NPA_W@Z 10011580 f   ConEmuPlugin1900.obj
 0001:00010860       ?ProcessCommandLineW1900@@YI_NPA_W@Z 10011860 f   ConEmuPlugin1900.obj
 0001:000108b0       ?LoadFarColorsW1900@@YIXAAY0BAA@E@Z 100118b0 f   ConEmuPlugin1900.obj
 0001:00010a40       ?FarColor_3_2@@YIEABUFarColor@@@Z 10011a40 f i ConEmuPlugin1900.obj
 0001:00010b40       ?Color2FgIndex@Far3Color@@SIXKAAG@Z 10011b40 f i ConEmuPlugin1900.obj
 0001:00010c80       ?Max@Far3Color@@SIHHH@Z    10011c80 f i ConEmuPlugin1900.obj
 0001:00010cb0       ?GetStdIndex@Far3Color@@SIHK@Z 10011cb0 f i ConEmuPlugin1900.obj
 0001:00010d60       ?Color2BgIndex@Far3Color@@SIXKHAAG@Z 10011d60 f i ConEmuPlugin1900.obj
 0001:00010ed0       ?ReloadFarInfoW1900@@YIHXZ 10011ed0 f   ConEmuPlugin1900.obj
 0001:00011290       ?ExecuteQuitFarW1900@@YIXXZ 10012290 f   ConEmuPlugin1900.obj
 0001:000112e0       ?CheckBufferEnabledW1900@@YIHXZ 100122e0 f   ConEmuPlugin1900.obj
 0001:00011380       ?FillUpdateBackgroundW1900@@YIXPAUPaintBackgroundArg@@@Z 10012380 f   ConEmuPlugin1900.obj
 0001:000118a0       ?GetActiveWindowTypeW1900@@YIHXZ 100128a0 f   ConEmuPlugin1900.obj
 0001:00011960       ?GuiMacroDlgW1900@@YIXXZ   10012960 f   ConEmuPlugin1900.obj
 0001:00011f20       ?OpenW1900@@YGPAXPBX@Z     10012f20 f   ConEmuPlugin1900.obj
 0001:00012040       ?ProcessConsoleInputW1900@@YGHPAX@Z 10013040 f   ConEmuPlugin1900.obj
 0001:00012060       ?GetPluginInfoW2800@@YIXPAX@Z 10013060 f   ConEmuPlugin2800.obj
 0001:000120d0       ?ProcessDragFromW2800@@YIXXZ 100130d0 f   ConEmuPlugin2800.obj
 0001:00012a10       ?ProcessDragToW2800@@YIXXZ 10013a10 f   ConEmuPlugin2800.obj
 0001:00012fa0       ?SetStartupInfoW2800@@YIXPAX@Z 10013fa0 f   ConEmuPlugin2800.obj
 0001:00013110       ?GetEditorModifiedStateW2800@@YIKXZ 10014110 f   ConEmuPlugin2800.obj
 0001:00013150       ?ProcessEditorEventW2800@@YGHPAX@Z 10014150 f   ConEmuPlugin2800.obj
 0001:00013180       ?ProcessViewerEventW2800@@YGHPAX@Z 10014180 f   ConEmuPlugin2800.obj
 0001:000131b0       ?ProcessDialogEventW2800@@YGHPAX@Z 100141b0 f   ConEmuPlugin2800.obj
 0001:000131e0       ?ProcessSynchroEventW2800@@YGHPAX@Z 100141e0 f   ConEmuPlugin2800.obj
 0001:00013210       ?ProcessEditorInputW2800@@YIHPBX@Z 10014210 f   ConEmuPlugin2800.obj
 0001:00013290       ?UpdatePanelDirsW2800@@YI_NXZ 10014290 f   ConEmuPlugin2800.obj
 0001:000133d0       ?UpdateConEmuTabsW2800@@YI_NH_N0PAX@Z 100143d0 f   ConEmuPlugin2800.obj
 0001:00013c10       ?ExitFARW2800@@YIXXZ       10014c10 f   ConEmuPlugin2800.obj
 0001:00013c90       ?ShowMessageW2800@@YIHPB_WH_N@Z 10014c90 f   ConEmuPlugin2800.obj
 0001:00013d80       ?ShowMessageW2800@@YIHHH@Z 10014d80 f   ConEmuPlugin2800.obj
 0001:00013de0       ?GetMsgW2800@@YIPB_WH@Z    10014de0 f   ConEmuPlugin2800.obj
 0001:00013e20       ?SetWindowW2800@@YIXH@Z    10014e20 f   ConEmuPlugin2800.obj
 0001:00013e80       ?BackgroundMacroError@@YGKPAX@Z 10014e80 f   ConEmuPlugin2800.obj
 0001:00013ed0       ?PostMacroW2800@@YIXPB_WPAU_INPUT_RECORD@@@Z 10014ed0 f   ConEmuPlugin2800.obj
 0001:00014290       ?ShowPluginMenuW2800@@YIHPAUConEmuPluginMenuItem@@H@Z 10015290 f   ConEmuPlugin2800.obj
 0001:000144b0       ?EditOutputW2800@@YIHPB_WH@Z 100154b0 f   ConEmuPlugin2800.obj
 0001:00014570       ?ExecuteSynchroW2800@@YIHXZ 10015570 f   ConEmuPlugin2800.obj
 0001:00014600       ?WaitEndSynchroW2800@@YIXXZ 10015600 f   ConEmuPlugin2800.obj
 0001:00014610       ?StopWaitEndSynchroW2800@@YIXXZ 10015610 f   ConEmuPlugin2800.obj
 0001:00014640       ?IsMacroActiveW2800@@YIHXZ 10015640 f   ConEmuPlugin2800.obj
 0001:00014680       ?GetMacroAreaW2800@@YIHXZ  10015680 f   ConEmuPlugin2800.obj
 0001:000146b0       ?RedrawAllW2800@@YIXXZ     100156b0 f   ConEmuPlugin2800.obj
 0001:000146e0       ?LoadPluginW2800@@YI_NPA_W@Z 100156e0 f   ConEmuPlugin2800.obj
 0001:00014710       ?RunExternalProgramW2800@@YI_NPA_W@Z 10015710 f   ConEmuPlugin2800.obj
 0001:000149f0       ?ProcessCommandLineW2800@@YI_NPA_W@Z 100159f0 f   ConEmuPlugin2800.obj
 0001:00014a40       ?LoadFarColorsW2800@@YIXAAY0BAA@E@Z 10015a40 f   ConEmuPlugin2800.obj
 0001:00014bd0       ?ReloadFarInfoW2800@@YIHXZ 10015bd0 f   ConEmuPlugin2800.obj
 0001:00014f90       ?ExecuteQuitFarW2800@@YIXXZ 10015f90 f   ConEmuPlugin2800.obj
 0001:00014fe0       ?CheckBufferEnabledW2800@@YIHXZ 10015fe0 f   ConEmuPlugin2800.obj
 0001:00015080       ?FillUpdateBackgroundW2800@@YIXPAUPaintBackgroundArg@@@Z 10016080 f   ConEmuPlugin2800.obj
 0001:000155a0       ?GetActiveWindowTypeW2800@@YIHXZ 100165a0 f   ConEmuPlugin2800.obj
 0001:00015660       ?GuiMacroDlgW2800@@YIXXZ   10016660 f   ConEmuPlugin2800.obj
 0001:00015bb0       _GetGlobalInfoW@4          10016bb0 f   ConEmuPlugin2800.obj
 0001:00015d90       ?OpenW2800@@YGPAXPBX@Z     10016d90 f   ConEmuPlugin2800.obj
 0001:00015ed0       ?ProcessConsoleInputW2800@@YGHPAX@Z 10016ed0 f   ConEmuPlugin2800.obj
 0001:00015ef0       _GetMinFarVersionW@0       10016ef0 f   ConEmuPlugin995.obj
 0001:00015f00       ?GetPluginInfoW995@@YIXPAX@Z 10016f00 f   ConEmuPlugin995.obj
 0001:00015f90       ?ProcessDragFromW995@@YIXXZ 10016f90 f   ConEmuPlugin995.obj
 0001:00016790       ?ProcessDragToW995@@YIXXZ  10017790 f   ConEmuPlugin995.obj
 0001:00016c50       ?SetStartupInfoW995@@YIXPAX@Z 10017c50 f   ConEmuPlugin995.obj
 0001:00016e50       ?GetEditorModifiedStateW995@@YIKXZ 10017e50 f   ConEmuPlugin995.obj
 0001:00016e90       ?ProcessEditorInputW995@@YIHPBX@Z 10017e90 f   ConEmuPlugin995.obj
 0001:00016f00       ?UpdatePanelDirsW995@@YI_NXZ 10017f00 f   ConEmuPlugin995.obj
 0001:00017020       ?UpdateConEmuTabsW995@@YI_NH_N0PAX@Z 10018020 f   ConEmuPlugin995.obj
 0001:00017470       ?ExitFARW995@@YIXXZ        10018470 f   ConEmuPlugin995.obj
 0001:000174f0       ?ShowMessageW995@@YIHPB_WH_N@Z 100184f0 f   ConEmuPlugin995.obj
 0001:00017570       ?ShowMessageW995@@YIHHH@Z  10018570 f   ConEmuPlugin995.obj
 0001:000175d0       ?GetMsgW995@@YIPB_WH@Z     100185d0 f   ConEmuPlugin995.obj
 0001:00017610       ?SetWindowW995@@YIXH@Z     10018610 f   ConEmuPlugin995.obj
 0001:00017670       ?PostMacroW995@@YIXPB_WPAU_INPUT_RECORD@@@Z 10018670 f   ConEmuPlugin995.obj
 0001:00017740       ?ShowPluginMenuW995@@YIHPAUConEmuPluginMenuItem@@H@Z 10018740 f   ConEmuPlugin995.obj
 0001:000178d0       ?EditOutputW995@@YIHPB_WH@Z 100188d0 f   ConEmuPlugin995.obj
 0001:00017990       ?ExecuteSynchroW995@@YIHXZ 10018990 f   ConEmuPlugin995.obj
 0001:00017a20       ?WaitEndSynchroW995@@YIXXZ 10018a20 f   ConEmuPlugin995.obj
 0001:00017bb0       ?StopWaitEndSynchroW995@@YIXXZ 10018bb0 f   ConEmuPlugin995.obj
 0001:00017be0       ?IsMacroActiveW995@@YIHXZ  10018be0 f   ConEmuPlugin995.obj
 0001:00017c40       ?GetMacroAreaW995@@YIHXZ   10018c40 f   ConEmuPlugin995.obj
 0001:00017c80       ?RedrawAllW995@@YIXXZ      10018c80 f   ConEmuPlugin995.obj
 0001:00017cb0       ?LoadPluginW995@@YI_NPA_W@Z 10018cb0 f   ConEmuPlugin995.obj
 0001:00017ce0       ?RunExternalProgramW995@@YI_NPA_W@Z 10018ce0 f   ConEmuPlugin995.obj
 0001:00017fd0       ?ProcessCommandLineW995@@YI_NPA_W@Z 10018fd0 f   ConEmuPlugin995.obj
 0001:00018020       ?LoadFarColorsW995@@YIXAAY0BAA@E@Z 10019020 f   ConEmuPlugin995.obj
 0001:00018110       ?ReloadFarInfoW995@@YIHXZ  10019110 f   ConEmuPlugin995.obj
 0001:00018340       ?ExecuteQuitFar995@@YIXXZ  10019340 f   ConEmuPlugin995.obj
 0001:00018390       ?CheckBufferEnabledW995@@YIHXZ 10019390 f   ConEmuPlugin995.obj
 0001:00018430       ?FillUpdateBackgroundW995@@YIXPAUPaintBackgroundArg@@@Z 10019430 f   ConEmuPlugin995.obj
 0001:00018800       ?GetActiveWindowTypeW995@@YIHXZ 10019800 f   ConEmuPlugin995.obj
 0001:000188d0       ?GuiMacroDlgW995@@YIXXZ    100198d0 f   ConEmuPlugin995.obj
 0001:00018de0       _GetMinFarVersion@0        10019de0 f   ConEmuPluginA.obj
 0001:00018e30       _OpenPlugin@8              10019e30 f   ConEmuPluginA.obj
 0001:00018ea0       ?ProcessDragFromA@@YIXXZ   10019ea0 f   ConEmuPluginA.obj
 0001:00019590       ?ProcessDragToA@@YIXXZ     1001a590 f   ConEmuPluginA.obj
 0001:00019a40       _SetStartupInfo@4          1001aa40 f   ConEmuPluginA.obj
 0001:00019c80       _GetPluginInfo@4           1001ac80 f   ConEmuPluginA.obj
 0001:00019d30       ?GetEditorModifiedStateA@@YIKXZ 1001ad30 f   ConEmuPluginA.obj
 0001:00019d70       _ProcessEditorInput@4      1001ad70 f   ConEmuPluginA.obj
 0001:00019de0       _ProcessEditorEvent@8      1001ade0 f   ConEmuPluginA.obj
 0001:00019e70       _ProcessViewerEvent@8      1001ae70 f   ConEmuPluginA.obj
 0001:00019ef0       ?UpdatePanelDirsA@@YI_NXZ  1001aef0 f   ConEmuPluginA.obj
 0001:0001a040       ?UpdateConEmuTabsA@@YI_NH_N0PAX@Z 1001b040 f   ConEmuPluginA.obj
 0001:0001a420       _ProcessDialogEvent@8      1001b420 f   ConEmuPluginA.obj
 0001:0001a430       _ExitFAR@0                 1001b430 f   ConEmuPluginA.obj
 0001:0001a4b0       ?ShowMessageA@@YIHPBDH_N@Z 1001b4b0 f   ConEmuPluginA.obj
 0001:0001a530       ?ShowMessageA@@YIHHH@Z     1001b530 f   ConEmuPluginA.obj
 0001:0001a590       ?SetWindowA@@YIXH@Z        1001b590 f   ConEmuPluginA.obj
 0001:0001a600       ?PostMacroA@@YIXPADPAU_INPUT_RECORD@@@Z 1001b600 f   ConEmuPluginA.obj
 0001:0001a6d0       ?ShowPluginMenuA@@YIHPAUConEmuPluginMenuItem@@H@Z 1001b6d0 f   ConEmuPluginA.obj
 0001:0001a8c0       ?EditOutputA@@YIHPB_WH@Z   1001b8c0 f   ConEmuPluginA.obj
 0001:0001a9e0       ?GetMsgA@@YIXHAAY0BAE@_W@Z 1001b9e0 f   ConEmuPluginA.obj
 0001:0001aa90       ?IsMacroActiveA@@YIHXZ     1001ba90 f   ConEmuPluginA.obj
 0001:0001aaf0       ?RedrawAllA@@YIXXZ         1001baf0 f   ConEmuPluginA.obj
 0001:0001ab20       ?RunExternalProgramA@@YI_NPAD@Z 1001bb20 f   ConEmuPluginA.obj
 0001:0001adc0       ?ProcessCommandLineA@@YI_NPAD@Z 1001bdc0 f   ConEmuPluginA.obj
 0001:0001ae10       ?LoadFarColorsA@@YIXAAY0BAA@E@Z 1001be10 f   ConEmuPluginA.obj
 0001:0001af00       ?ReloadFarInfoA@@YIHXZ     1001bf00 f   ConEmuPluginA.obj
 0001:0001b070       ?ExecuteQuitFarA@@YIXXZ    1001c070 f   ConEmuPluginA.obj
 0001:0001b090       ?FillUpdateBackgroundA@@YIXPAUPaintBackgroundArg@@@Z 1001c090 f   ConEmuPluginA.obj
 0001:0001b3a0       ?GetActiveWindowTypeA@@YIHXZ 1001c3a0 f   ConEmuPluginA.obj
 0001:0001b420       ?GuiMacroDlgA@@YIXXZ       1001c420 f   ConEmuPluginA.obj
 0001:0001ba70       ?IsFileBatch@@YI_NPB_W@Z   1001ca70 f   Execute.obj
 0001:0001baf0       ?GetImageSubsystem@@YI_NPB_WAAK11@Z 1001caf0 f   Execute.obj
 0001:0001be10       ?GetImageSubsystem@@YI_NAAK0@Z 1001ce10 f   Execute.obj
 0001:0001bec0       ?GetImageSubsystem@@YI_NU_PROCESS_INFORMATION@@AAK1@Z 1001cec0 f   Execute.obj
 0001:0001c0b0       ?GetEnclosingSectionHeader@@YIPAU_IMAGE_SECTION_HEADER@@KPAUIMAGE_MAPPING@@@Z 1001d0b0 f   Execute.obj
 0001:0001c140       ?GetPtrFromRVA@@YIPAXKPAUIMAGE_MAPPING@@@Z 1001d140 f   Execute.obj
 0001:0001c1a0       ?FindImageSubsystem@@YI_NPB_WAAK1PAK@Z 1001d1a0 f   Execute.obj
 0001:0001cb80       ?HeapInitialize@@YI_NXZ    1001db80 f   Memory.obj
 0001:0001cbb0       ?HeapDeinitialize@@YIXXZ   1001dbb0 f   Memory.obj
 0001:0001cbe0       ?xf_malloc@@YAPAXI@Z       1001dbe0 f   Memory.obj
 0001:0001cc10       ?xf_calloc@@YAPAXII@Z      1001dc10 f   Memory.obj
 0001:0001cc40       ?xf_realloc@@YAPAXPAXI@Z   1001dc40 f   Memory.obj
 0001:0001cc70       ?xf_free@@YAXPAX@Z         1001dc70 f   Memory.obj
 0001:0001cca0       ?xf_validate@@YA_NPAX@Z    1001dca0 f   Memory.obj
 0001:0001ccd0       ??2@YAPAXI@Z               1001dcd0 f   Memory.obj
 0001:0001ccf0       ??_U@YAPAXI@Z              1001dcf0 f   Memory.obj
 0001:0001cd10       ??3@YAXPAX@Z               1001dd10 f   Memory.obj
 0001:0001cd30       ??_V@YAXPAX@Z              1001dd30 f   Memory.obj
 0001:0001cd50       ?lstrdup@@YIPADPBD@Z       1001dd50 f   Memory.obj
 0001:0001cdc0       ?StringCchCopyA@@YGJPADIPBD@Z 1001ddc0 f i Memory.obj
 0001:0001cee0       ?lstrdup@@YIPA_WPB_WI@Z    1001dee0 f   Memory.obj
 0001:0001d040       ?lstrdupW@@YIPA_WPBDI@Z    1001e040 f   Memory.obj
 0001:0001d0c0       ?lstrmerge@@YIPA_WPB_W0000@Z 1001e0c0 f   Memory.obj
 0001:0001d1f0       ?lstrmerge@@YI_NPAPA_WPB_W111@Z 1001e1f0 f   Memory.obj
 0001:0001d250       ?FindMonitorsWorkspace@@YGHPAUHMONITOR__@@PAUHDC__@@PAUtagRECT@@J@Z 1001e250 f   Monitors.obj
 0001:0001d2d0       ?GetAllMonitorsWorkspace@@YI?AUtagRECT@@XZ 1001e2d0 f   Monitors.obj
 0001:0001d350       ?FindPrimaryMonitor@@YGHPAUHMONITOR__@@PAUHDC__@@PAUtagRECT@@J@Z 1001e350 f   Monitors.obj
 0001:0001d3d0       ?GetMonitorInfoSafe@@YI_NPAUHMONITOR__@@AAUtagMONITORINFO@@@Z 1001e3d0 f   Monitors.obj
 0001:0001d420       ?GetPrimaryMonitorInfo@@YIPAUHMONITOR__@@PAUtagMONITORINFO@@@Z 1001e420 f   Monitors.obj
 0001:0001d4d0       ?GetNearestMonitorInfo@@YIPAUHMONITOR__@@PAUtagMONITORINFO@@PAU1@PBUtagRECT@@PAUHWND__@@@Z 1001e4d0 f   Monitors.obj
 0001:0001d5c0       ?EnumAllMonitors@@YGHPAUHMONITOR__@@PAUHDC__@@PAUtagRECT@@J@Z 1001e5c0 f   Monitors.obj
 0001:0001d630       ?MonitorSortCallback@@YIHAAU_FindAllMonitorsItem@@0@Z 1001e630 f   Monitors.obj
 0001:0001d6a0       ?GetNextMonitorInfo@@YIPAUHMONITOR__@@PAUtagMONITORINFO@@PBUtagRECT@@_N@Z 1001e6a0 f   Monitors.obj
 0001:0001d8b0       ??0_FindAllMonitors@@QAE@XZ 1001e8b0 f i Monitors.obj
 0001:0001d8d0       ??1_FindAllMonitors@@QAE@XZ 1001e8d0 f i Monitors.obj
 0001:0001d8f0       ??0?$MArray@U_FindAllMonitorsItem@@@@QAE@XZ 1001e8f0 f i Monitors.obj
 0001:0001d930       ??1?$MArray@U_FindAllMonitorsItem@@@@QAE@XZ 1001e930 f i Monitors.obj
 0001:0001d950       ??A?$MArray@U_FindAllMonitorsItem@@@@QAEAAU_FindAllMonitorsItem@@H@Z 1001e950 f i Monitors.obj
 0001:0001d970       ?push_back@?$MArray@U_FindAllMonitorsItem@@@@QAEHABU_FindAllMonitorsItem@@@Z 1001e970 f i Monitors.obj
 0001:0001da00       ?size@?$MArray@U_FindAllMonitorsItem@@@@QBEHXZ 1001ea00 f i Monitors.obj
 0001:0001da20       ?sort@?$MArray@U_FindAllMonitorsItem@@@@QAEXP6IHAAU_FindAllMonitorsItem@@0@Z@Z 1001ea20 f i Monitors.obj
 0001:0001db10       ?clear@?$MArray@U_FindAllMonitorsItem@@@@QAEXXZ 1001eb10 f i Monitors.obj
 0001:0001db60       ?addsize@?$MArray@U_FindAllMonitorsItem@@@@QAEXH@Z 1001eb60 f i Monitors.obj
 0001:0001dc50       ??0MSection@@QAE@XZ        1001ec50 f   MSection.obj
 0001:0001dd00       ??1MSection@@QAE@XZ        1001ed00 f   MSection.obj
 0001:0001dda0       ?Process_Lock@MSection@@IAEXXZ 1001eda0 f   MSection.obj
 0001:0001ddc0       ?Process_Unlock@MSection@@IAEXXZ 1001edc0 f   MSection.obj
 0001:0001dde0       ?ThreadTerminated@MSection@@QAEXK@Z 1001ede0 f   MSection.obj
 0001:0001de30       ?AddRef@MSection@@IAEXK@Z  1001ee30 f   MSection.obj
 0001:0001df20       ?ReleaseRef@MSection@@IAEHK@Z 1001ef20 f   MSection.obj
 0001:0001dff0       ?WaitUnlocked@MSection@@IAEXKK@Z 1001eff0 f   MSection.obj
 0001:0001e090       ?MyEnterCriticalSection@MSection@@IAE_NK@Z 1001f090 f   MSection.obj
 0001:0001e200       ?Lock@MSection@@IAEHHK@Z   1001f200 f   MSection.obj
 0001:0001e350       ?Unlock@MSection@@IAEXH@Z  1001f350 f   MSection.obj
 0001:0001e3c0       ?isLockedExclusive@MSection@@QAE_NXZ 1001f3c0 f   MSection.obj
 0001:0001e410       ??0MSectionThread@@QAE@PAVMSection@@@Z 1001f410 f   MSection.obj
 0001:0001e440       ??1MSectionThread@@QAE@XZ  1001f440 f   MSection.obj
 0001:0001e470       ??0MSectionLock@@QAE@XZ    1001f470 f   MSection.obj
 0001:0001e4a0       ??1MSectionLock@@QAE@XZ    1001f4a0 f   MSection.obj
 0001:0001e4d0       ?Lock@MSectionLock@@QAEHPAVMSection@@HK@Z 1001f4d0 f   MSection.obj
 0001:0001e550       ?RelockExclusive@MSectionLock@@QAEHK@Z 1001f550 f   MSection.obj
 0001:0001e5c0       ?Unlock@MSectionLock@@QAEXXZ 1001f5c0 f   MSection.obj
 0001:0001e600       ?isLocked@MSectionLock@@QAEHH@Z 1001f600 f   MSection.obj
 0001:0001e650       ??0MSectionSimple@@QAE@_N@Z 1001f650 f   MSectionSimple.obj
 0001:0001e6a0       ??1MSectionSimple@@QAE@XZ  1001f6a0 f   MSectionSimple.obj
 0001:0001e6c0       ?IsInitialized@MSectionSimple@@QAE_NXZ 1001f6c0 f   MSectionSimple.obj
 0001:0001e700       ?Init@MSectionSimple@@QAEXXZ 1001f700 f   MSectionSimple.obj
 0001:0001e730       ?Close@MSectionSimple@@QAEXXZ 1001f730 f   MSectionSimple.obj
 0001:0001e760       ?Enter@MSectionSimple@@QAEXXZ 1001f760 f   MSectionSimple.obj
 0001:0001e780       ?Leave@MSectionSimple@@QAEXXZ 1001f780 f   MSectionSimple.obj
 0001:0001e7a0       ?TryEnter@MSectionSimple@@QAE_NXZ 1001f7a0 f   MSectionSimple.obj
 0001:0001e7e0       ?RecreateAndLock@MSectionSimple@@QAE_NXZ 1001f7e0 f   MSectionSimple.obj
 0001:0001e870       ??0MSectionLockSimple@@QAE@XZ 1001f870 f   MSectionSimple.obj
 0001:0001e890       ??1MSectionLockSimple@@QAE@XZ 1001f890 f   MSectionSimple.obj
 0001:0001e8b0       ?Lock@MSectionLockSimple@@QAEHPAUMSectionSimple@@K@Z 1001f8b0 f   MSectionSimple.obj
 0001:0001e950       ?Unlock@MSectionLockSimple@@QAEXXZ 1001f950 f   MSectionSimple.obj
 0001:0001e980       ?isLocked@MSectionLockSimple@@QAEHXZ 1001f980 f   MSectionSimple.obj
 0001:0001e9a0       ?NullSecurity@@YIPAU_SECURITY_ATTRIBUTES@@XZ 1001f9a0 f   MSecurity.obj
 0001:0001e9f0       ??0MNullDesc@@QAE@XZ       1001f9f0 f i MSecurity.obj
 0001:0001ea50       ?NullSecurity@MNullDesc@@QAEPAU_SECURITY_ATTRIBUTES@@XZ 1001fa50 f i MSecurity.obj
 0001:0001eb50       ?LoadAdvApi@MNullDesc@@IAEHXZ 1001fb50 f i MSecurity.obj
 0001:0001eda0       ?UnloadAdvApi@MNullDesc@@IAEXXZ 1001fda0 f i MSecurity.obj
 0001:0001edd0       ?LocalSecurity@@YIPAU_SECURITY_ATTRIBUTES@@XZ 1001fdd0 f   MSecurity.obj
 0001:0001ee20       ?LocalSecurity@MNullDesc@@QAEPAU_SECURITY_ATTRIBUTES@@XZ 1001fe20 f i MSecurity.obj
 0001:0001f040       ?ShutdownSecurity@@YIXXZ   10020040 f   MSecurity.obj
 0001:0001f090       ??_GMNullDesc@@QAEPAXI@Z   10020090 f i MSecurity.obj
 0001:0001f0c0       ??1MNullDesc@@QAE@XZ       100200c0 f i MSecurity.obj
 0001:0001f120       ?msprintf@@YAPB_WPA_WIPB_WZZ 10020120 f   MStrSafe.obj
 0001:0001f730       ?msprintf@@YAPBDPADIPBDZZ  10020730 f   MStrSafe.obj
 0001:0001fb90       ?lstrcmpni@@YIHPB_W0H@Z    10020b90 f   MStrSafe.obj
 0001:0001fc30       ?startswith@@YIHPB_W0_N@Z  10020c30 f   MStrSafe.obj
 0001:0001fcc0       ??0CPluginBackground@@QAE@XZ 10020cc0 f   PluginBackground.obj
 0001:0001ff00       ??1CPluginBackground@@QAE@XZ 10020f00 f   PluginBackground.obj
 0001:00020150       ?RegisterSubplugin@CPluginBackground@@QAEHPAURegisterBackgroundArg@@@Z 10021150 f   PluginBackground.obj
 0001:00020440       ?ReallocItems@CPluginBackground@@IAEXH@Z 10021440 f   PluginBackground.obj
 0001:000204c0       ?OnMainThreadActivated@CPluginBackground@@QAEXHH@Z 100214c0 f   PluginBackground.obj
 0001:000205e0       ?SetForceCheck@CPluginBackground@@QAEXXZ 100215e0 f   PluginBackground.obj
 0001:00020610       ?SetForceUpdate@CPluginBackground@@QAEX_N@Z 10021610 f   PluginBackground.obj
 0001:00020650       ?SetForceThLoad@CPluginBackground@@QAEXXZ 10021650 f   PluginBackground.obj
 0001:00020690       ?IsParmChanged@CPluginBackground@@IAE_NPAUPaintBackgroundArg@@0@Z 10021690 f   PluginBackground.obj
 0001:00020970       ?CheckPanelFolders@CPluginBackground@@IAEXH@Z 10021970 f   PluginBackground.obj
 0001:00020ad0       ?SetDcPanelRect@CPluginBackground@@IAEXPAUtagRECT@@PAUtag_BkPanelInfo@PaintBackgroundArg@@PAU4@@Z 10021ad0 f   PluginBackground.obj
 0001:00020c10       ?UpdateBackground_Exec@CPluginBackground@@KIXPAURegisterBackgroundArg@@PAUPaintBackgroundArg@@@Z 10021c10 f   PluginBackground.obj
 0001:00020c60       ?UpdateBackground@CPluginBackground@@IAEXXZ 10021c60 f   PluginBackground.obj
 0001:00021ac0       ?LoadThSet@CPluginBackground@@IAEHH@Z 10022ac0 f   PluginBackground.obj
 0001:00021ce0       ?MonitorBackground@CPluginBackground@@QAEXXZ 10022ce0 f   PluginBackground.obj
 0001:00021d90       ?GetTo@?$MFileMapping@UPanelViewSetMapping@@@@QAE_NPAUPanelViewSetMapping@@H@Z 10022d90 f i PluginBackground.obj
 0001:00021de0       ?InitName@?$MFileMapping@UPanelViewSetMapping@@@@QAEPB_WPB_WKK@Z 10022de0 f i PluginBackground.obj
 0001:00021e30       ?CloseMap@?$MFileMapping@UPanelViewSetMapping@@@@QAEXXZ 10022e30 f i PluginBackground.obj
 0001:00021ea0       ?Open@?$MFileMapping@UPanelViewSetMapping@@@@QAEPAUPanelViewSetMapping@@HH@Z 10022ea0 f i PluginBackground.obj
 0001:00021ec0       ??0?$MFileMapping@UPanelViewSetMapping@@@@QAE@XZ 10022ec0 f i PluginBackground.obj
 0001:00021f20       ??1?$MFileMapping@UPanelViewSetMapping@@@@QAE@XZ 10022f20 f i PluginBackground.obj
 0001:00021f40       ?IsValid@?$MFileMapping@UPanelViewSetMapping@@@@QAE_NXZ 10022f40 f i PluginBackground.obj
 0001:00021f60       ?ClosePtr@?$MFileMapping@UPanelViewSetMapping@@@@QAEXXZ 10022f60 f i PluginBackground.obj
 0001:00021f90       ?InternalOpenCreate@?$MFileMapping@UPanelViewSetMapping@@@@IAEPAUPanelViewSetMapping@@HHH@Z 10022f90 f i PluginBackground.obj
 0001:00022260       ?PlugServerInit@@YIXXZ     10023260 f   PluginSrv.obj
 0001:00022270       ?PlugServerStart@@YI_NXZ   10023270 f   PluginSrv.obj
 0001:00022360       ?PlugServerStop@@YIX_N@Z   10023360 f   PluginSrv.obj
 0001:000223b0       ?cmd_FarSetChanged@@YIXPAUFAR_REQ_FARSETCHANGED@@@Z 100233b0 f   PluginSrv.obj
 0001:00022420       ?PlugServerCommand@@YGHPAXPAUCESERVER_REQ@@AAPAU1@AAK3J@Z 10023420 f   PluginSrv.obj
 0001:00022aa0       ?PlugServerFree@@YGXPAUCESERVER_REQ@@J@Z 10023aa0 f   PluginSrv.obj
 0001:00022ab0       ?SetOverlapped@?$PipeServer@UCESERVER_REQ@@@@QAEX_N@Z 10023ab0 f i PluginSrv.obj
 0001:00022ad0       ?SetLoopCommands@?$PipeServer@UCESERVER_REQ@@@@QAEX_N@Z 10023ad0 f i PluginSrv.obj
 0001:00022af0       ?SetDummyAnswerSize@?$PipeServer@UCESERVER_REQ@@@@QAEXH@Z 10023af0 f i PluginSrv.obj
 0001:00022b10       ?SetMaxCount@?$PipeServer@UCESERVER_REQ@@@@QAEXH@Z 10023b10 f i PluginSrv.obj
 0001:00022b50       ?StartPipeServer@?$PipeServer@UCESERVER_REQ@@@@QAE_NPB_WJPAU_SECURITY_ATTRIBUTES@@P6GHPAXPAUCESERVER_REQ@@AAPAU3@AAK5J@ZP6GX3J@ZP6GH2J@Z88@Z 10023b50 f i PluginSrv.obj
 0001:00022d30       ?StopPipeServer@?$PipeServer@UCESERVER_REQ@@@@QAEX_N@Z 10023d30 f i PluginSrv.obj
 0001:00023240       ?BreakConnection@?$PipeServer@UCESERVER_REQ@@@@QAEXPAX@Z 10024240 f i PluginSrv.obj
 0001:00023260       ?DumpError@?$PipeServer@UCESERVER_REQ@@@@IAEXPAUPipeInst@1@PB_WH@Z 10024260 f i PluginSrv.obj
 0001:00023350       ?_Disconnect@?$PipeServer@UCESERVER_REQ@@@@IAEXPAUPipeInst@1@_N11@Z 10024350 f i PluginSrv.obj
 0001:000233d0       ?StartPipeInstance@?$PipeServer@UCESERVER_REQ@@@@IAE_NPAUPipeInst@1@@Z 100243d0 f i PluginSrv.obj
 0001:000234d0       ?TerminatePipeThread@?$PipeServer@UCESERVER_REQ@@@@KIXPAX@Z 100244d0 f i PluginSrv.obj
 0001:000234f0       ?_PipeServerThread@?$PipeServer@UCESERVER_REQ@@@@KGKPAX@Z 100244f0 f i PluginSrv.obj
 0001:00023570       ?PipeServerThread@?$PipeServer@UCESERVER_REQ@@@@IAEKPAUPipeInst@1@@Z 10024570 f i PluginSrv.obj
 0001:00023900       ?PipeServerRead@?$PipeServer@UCESERVER_REQ@@@@IAEHPAUPipeInst@1@@Z 10024900 f i PluginSrv.obj
 0001:00023c90       ?PipeServerWrite@?$PipeServer@UCESERVER_REQ@@@@IAEHPAUPipeInst@1@PBXKPAKH@Z 10024c90 f i PluginSrv.obj
 0001:00023e30       ?WaitForClient@?$PipeServer@UCESERVER_REQ@@@@IAE_NPAUPipeInst@1@AAH1@Z 10024e30 f i PluginSrv.obj
 0001:00024210       ?WriteDummyAnswer@?$PipeServer@UCESERVER_REQ@@@@IAEHPAUPipeInst@1@@Z 10025210 f i PluginSrv.obj
 0001:00024290       ?WaitOverlapped@?$PipeServer@UCESERVER_REQ@@@@IAEHPAUPipeInst@1@PAK@Z 10025290 f i PluginSrv.obj
 0001:000244c0       ?AllocRequestBuf@PipeInst@?$PipeServer@UCESERVER_REQ@@@@QAEPAUCESERVER_REQ@@K@Z 100254c0 f i PluginSrv.obj
 0001:00024540       ??$wcscpy_c@$0BAE@@@YIHAAY0BAE@_WPB_W@Z 10025540 f i PluginSrv.obj
 0001:00024650       ?SetConEmuEnvHWND@@YIXPB_WPAUHWND__@@@Z 10025650 f   SetEnvVar.obj
 0001:000246a0       ?SetConEmuEnvVar@@YIXPAUHWND__@@@Z 100256a0 f   SetEnvVar.obj
 0001:00024710       ?SetConEmuEnvVarChild@@YIXPAUHWND__@@0@Z 10025710 f   SetEnvVar.obj
 0001:00024740       ?ShutdownConsole@@YGXXZ    10025740 f   WinConsole.obj
 0001:00024790       ?SetConsoleInfo@@YIHPAUHWND__@@PAU_CONSOLE_INFO@@@Z 10025790 f   WinConsole.obj
 0001:00024a70       ?ChangeScreenBufferSize@@YIXAAU_CONSOLE_SCREEN_BUFFER_INFO@@FFFF@Z 10025a70 f   WinConsole.obj
 0001:00024b80       ?GetConWindowSize@@YIHABU_CONSOLE_SCREEN_BUFFER_INFO@@HHKPAH1PAK@Z 10025b80 f   WinConsole.obj
 0001:00024cd0       ?GetConsoleSizeInfo@@YIXPAU_CONSOLE_INFO@@@Z 10025cd0 f   WinConsole.obj
 0001:00024d80       ?apiGetConsoleScreenBufferInfoEx@@YIHPAXPAUMY_CONSOLE_SCREEN_BUFFER_INFOEX@@@Z 10025d80 f   WinConsole.obj
 0001:00024df0       ?apiSetConsoleScreenBufferInfoEx@@YIHPAXPAUMY_CONSOLE_SCREEN_BUFFER_INFOEX@@@Z 10025df0 f   WinConsole.obj
 0001:00024e70       ?apiGetConsoleFontSize@@YIHPAXAAH1AAY0CA@_W@Z 10025e70 f   WinConsole.obj
 0001:00024f10       ?apiSetConsoleFontSize@@YIHPAXHHPB_W@Z 10025f10 f   WinConsole.obj
 0001:00024fc0       ?apiFixFontSizeForBufferSize@@YIHPAXU_COORD@@PADH@Z 10025fc0 f   WinConsole.obj
 0001:000254d0       ?SetConsoleFontSizeTo@@YIXPAUHWND__@@HHPB_WGG@Z 100264d0 f   WinConsole.obj
 0001:00025a50       ?EvaluateDefaultFontWidth@@YIHHPB_W@Z 10026a50 f   WinConsole.obj
 0001:00025b90       ?SetUserFriendlyFont@@YIXPAUHWND__@@HH@Z 10026b90 f   WinConsole.obj
 0001:00026080       ?CorrectConsolePos@@YIXPAUHWND__@@@Z 10027080 f   WinConsole.obj
 0001:000261c0       ?EmergencyShow@@YIXPAUHWND__@@HH@Z 100271c0 f   WinConsole.obj
 0001:00026280       ?getWindowInfo@@YIXPAUHWND__@@AAY0EAA@_W_NPAK@Z 10027280 f   WinObjects.obj
 0001:00026430       ?apiSetForegroundWindow@@YIHPAUHWND__@@@Z 10027430 f   WinObjects.obj
 0001:00026450       ?apiShowWindow@@YIHPAUHWND__@@H@Z 10027450 f   WinObjects.obj
 0001:00026480       ?apiShowWindowAsync@@YIHPAUHWND__@@H@Z 10027480 f   WinObjects.obj
 0001:000264b0       ?isWindow@@YIHPAUHWND__@@@Z 100274b0 f   WinObjects.obj
 0001:00026520       ?FileCompare@@YI_NPB_W0@Z  10027520 f   WinObjects.obj
 0001:00026740       ?FileExists@@YI_NPB_WPAK@Z 10027740 f   WinObjects.obj
 0001:00026920       ?FilesExists@@YI_NPB_W0_NH@Z 10027920 f   WinObjects.obj
 0001:00026a60       ?DirectoryExists@@YI_NPB_W@Z 10027a60 f   WinObjects.obj
 0001:00026be0       ?MyCreateDirectory@@YI_NPA_W@Z 10027be0 f   WinObjects.obj
 0001:00026cf0       ?IsFilePath@@YI_NPB_W_N@Z  10027cf0 f   WinObjects.obj
 0001:00026e80       ?IsPathNeedQuot@@YI_NPB_W@Z 10027e80 f   WinObjects.obj
 0001:00026eb0       ?GetShortFileName@@YIHPB_WHPA_WH@Z 10027eb0 f   WinObjects.obj
 0001:000270c0       ?GetShortFileNameEx@@YIPA_WPB_WH@Z 100280c0 f   WinObjects.obj
 0001:000274d0       ?IsUserAdmin@@YI_NXZ       100284d0 f   WinObjects.obj
 0001:000275d0       ?GetLogonSID@@YI_NPAXPAPA_W@Z 100285d0 f   WinObjects.obj
 0001:000276f0       ?IsWine@@YI_NXZ            100286f0 f   WinObjects.obj
 0001:00027810       ?IsWinPE@@YI_NXZ           10028810 f   WinObjects.obj
 0001:00027880       ?IsDbcs@@YI_NXZ            10028880 f   WinObjects.obj
 0001:000278a0       ?IsWindows64@@YI_NXZ       100288a0 f   WinObjects.obj
 0001:00027930       ?IsHwFullScreenAvailable@@YI_NXZ 10028930 f   WinObjects.obj
 0001:000279d0       ?IsVsNetHostExe@@YI_NPB_W@Z 100289d0 f   WinObjects.obj
 0001:00027a50       ?GetProcessBits@@YIHKPAX@Z 10028a50 f   WinObjects.obj
 0001:00027b30       ?GetProcessInfo@@YI_NKPAUtagPROCESSENTRY32W@@@Z 10028b30 f   WinObjects.obj
 0001:00027c20       ?isTerminalMode@@YI_NXZ    10028c20 f   WinObjects.obj
 0001:00027f40       ?IsModuleValid@@YI_NPAUHINSTANCE__@@H@Z 10028f40 f   WinObjects.obj
 0001:00028080       ?CheckCallbackPtr@@YI_NPAUHINSTANCE__@@IPAP6GHXZHHH@Z 10029080 f   WinObjects.obj
 0001:000281d0       ?RemoveOldComSpecC@@YIXXZ  100291d0 f   WinObjects.obj
 0001:00028300       ?PointToName@@YIPB_WPB_W@Z 10029300 f   WinObjects.obj
 0001:00028390       ?PointToName@@YIPBDPBD@Z   10029390 f   WinObjects.obj
 0001:00028410       ?PointToExt@@YIPB_WPB_W@Z  10029410 f   WinObjects.obj
 0001:00028450       ?Unquote@@YIPB_WPA_W_N@Z   10029450 f   WinObjects.obj
 0001:000284e0       ?ExpandMacroValues@@YIPA_WPB_WPAPB_WI@Z 100294e0 f   WinObjects.obj
 0001:000286a0       ?ExpandEnvStr@@YIPA_WPB_W@Z 100296a0 f   WinObjects.obj
 0001:00028780       ?GetFullPathNameEx@@YIPA_WPB_W@Z 10029780 f   WinObjects.obj
 0001:00028860       ?JoinPath@@YIPA_WPB_W00@Z  10029860 f   WinObjects.obj
 0001:00028890       ?MyGetLargestConsoleWindowSize@@YI?AU_COORD@@PAX@Z 10029890 f   WinObjects.obj
 0001:00028910       ?DuplicateProcessHandle@@YIPAXK@Z 10029910 f   WinObjects.obj
 0001:00028980       ?FindComspec@@YIXPAUConEmuComspec@@_N@Z 10029980 f   WinObjects.obj
 0001:000292e0       ?GetEnvVar@@YIPA_WPB_W@Z   1002a2e0 f   WinObjects.obj
 0001:000293b0       ?UpdateComspec@@YIXPAUConEmuComspec@@_N@Z 1002a3b0 f   WinObjects.obj
 0001:000296f0       ?SetEnvVarExpanded@@YIXPB_W0@Z 1002a6f0 f   WinObjects.obj
 0001:000297f0       ?GetComspecFromEnvVar@@YIPB_WPA_WKW4ComSpecBits@@@Z 1002a7f0 f   WinObjects.obj
 0001:00029a70       ?GetComspec@@YIPA_WPBUConEmuComspec@@@Z 1002aa70 f   WinObjects.obj
 0001:00029cb0       ?IsExportEnvVarAllowed@@YI_NPB_W@Z 1002acb0 f   WinObjects.obj
 0001:00029d20       ?ApplyExportEnvVar@@YIXPB_W@Z 1002ad20 f   WinObjects.obj
 0001:00029da0       ?ReadTextFile@@YIHPB_WKAAPA_WAAK2K@Z 1002ada0 f   WinObjects.obj
 0001:0002a1d0       ?WriteTextFile@@YIHPB_W0HK_NPAK@Z 1002b1d0 f   WinObjects.obj
 0001:0002a450       ??$wcscpy_c@$0EAA@@@YIHAAY0EAA@_WPB_W@Z 1002b450 f i WinObjects.obj
 0001:0002a480       ??$wcscpy_c@$0BAA@@@YIHAAY0BAA@_WPB_W@Z 1002b480 f i WinObjects.obj
 0001:0002a4a8       _SetEnvironmentVariableW@8 1002b4a8 f   kernel32:KERNEL32.dll
 0001:0002a4ae       _lstrlenW@4                1002b4ae f   kernel32:KERNEL32.dll
 0001:0002a4b4       _lstrcmpiW@8               1002b4b4 f   kernel32:KERNEL32.dll
 0001:0002a4ba       _lstrcmpW@8                1002b4ba f   kernel32:KERNEL32.dll
 0001:0002a4c0       _lstrcpynW@12              1002b4c0 f   kernel32:KERNEL32.dll
 0001:0002a4c6       _GetCurrentDirectoryW@8    1002b4c6 f   kernel32:KERNEL32.dll
 0001:0002a4cc       _SearchPathW@24            1002b4cc f   kernel32:KERNEL32.dll
 0001:0002a4d2       _GetProcAddress@8          1002b4d2 f   kernel32:KERNEL32.dll
 0001:0002a4d8       _GetModuleHandleW@4        1002b4d8 f   kernel32:KERNEL32.dll
 0001:0002a4de       _CloseHandle@4             1002b4de f   kernel32:KERNEL32.dll
 0001:0002a4e4       _TerminateThread@8         1002b4e4 f   kernel32:KERNEL32.dll
 0001:0002a4ea       _WaitForSingleObject@8     1002b4ea f   kernel32:KERNEL32.dll
 0001:0002a4f0       _CreateThread@24           1002b4f0 f   kernel32:KERNEL32.dll
 0001:0002a4f6       _SetConsoleOutputCP@4      1002b4f6 f   kernel32:KERNEL32.dll
 0001:0002a4fc       _SetConsoleCP@4            1002b4fc f   kernel32:KERNEL32.dll
 0001:0002a502       _GetModuleFileNameW@12     1002b502 f   kernel32:KERNEL32.dll
 0001:0002a508       _SetNamedPipeHandleState@16 1002b508 f   kernel32:KERNEL32.dll
 0001:0002a50e       _GetCurrentProcessId@0     1002b50e f   kernel32:KERNEL32.dll
 0001:0002a514       _Sleep@4                   1002b514 f   kernel32:KERNEL32.dll
 0001:0002a51a       _SetLastError@4            1002b51a f   kernel32:KERNEL32.dll
 0001:0002a520       _WaitNamedPipeW@8          1002b520 f   kernel32:KERNEL32.dll
 0001:0002a526       _GetLastError@0            1002b526 f   kernel32:KERNEL32.dll
 0001:0002a52c       _CreateFileW@28            1002b52c f   kernel32:KERNEL32.dll
 0001:0002a532       _GetTickCount@0            1002b532 f   kernel32:KERNEL32.dll
 0001:0002a538       _IsDebuggerPresent@0       1002b538 f   kernel32:KERNEL32.dll
 0001:0002a53e       _GetCurrentThreadId@0      1002b53e f   kernel32:KERNEL32.dll
 0001:0002a544       _ReadFile@20               1002b544 f   kernel32:KERNEL32.dll
 0001:0002a54a       _TransactNamedPipe@28      1002b54a f   kernel32:KERNEL32.dll
 0001:0002a550       _WriteFile@20              1002b550 f   kernel32:KERNEL32.dll
 0001:0002a556       _GetConsoleWindow@0        1002b556 f   kernel32:KERNEL32.dll
 0001:0002a55c       _UnmapViewOfFile@4         1002b55c f   kernel32:KERNEL32.dll
 0001:0002a562       _MapViewOfFile@20          1002b562 f   kernel32:KERNEL32.dll
 0001:0002a568       _OpenFileMappingW@12       1002b568 f   kernel32:KERNEL32.dll
 0001:0002a56e       _LoadLibraryW@4            1002b56e f   kernel32:KERNEL32.dll
 0001:0002a574       _CreateFileMappingW@24     1002b574 f   kernel32:KERNEL32.dll
 0001:0002a57a       _SetEvent@4                1002b57a f   kernel32:KERNEL32.dll
 0001:0002a580       _lstrcpyW@8                1002b580 f   kernel32:KERNEL32.dll
 0001:0002a586       _IsBadStringPtrW@8         1002b586 f   kernel32:KERNEL32.dll
 0001:0002a58c       _GetNumberOfConsoleInputEvents@8 1002b58c f   kernel32:KERNEL32.dll
 0001:0002a592       _GetStdHandle@4            1002b592 f   kernel32:KERNEL32.dll
 0001:0002a598       _ReadConsoleInputW@16      1002b598 f   kernel32:KERNEL32.dll
 0001:0002a59e       _PeekConsoleInputW@16      1002b59e f   kernel32:KERNEL32.dll
 0001:0002a5a4       _lstrcatW@8                1002b5a4 f   kernel32:KERNEL32.dll
 0001:0002a5aa       _WriteConsoleInputW@16     1002b5aa f   kernel32:KERNEL32.dll
 0001:0002a5b0       _ReleaseSemaphore@12       1002b5b0 f   kernel32:KERNEL32.dll
 0001:0002a5b6       _WaitForMultipleObjects@16 1002b5b6 f   kernel32:KERNEL32.dll
 0001:0002a5bc       _ResetEvent@4              1002b5bc f   kernel32:KERNEL32.dll
 0001:0002a5c2       _InterlockedDecrement@4    1002b5c2 f   kernel32:KERNEL32.dll
 0001:0002a5c8       _InterlockedIncrement@4    1002b5c8 f   kernel32:KERNEL32.dll
 0001:0002a5ce       _GetConsoleScreenBufferInfo@8 1002b5ce f   kernel32:KERNEL32.dll
 0001:0002a5d4       _SuspendThread@4           1002b5d4 f   kernel32:KERNEL32.dll
 0001:0002a5da       _ResumeThread@4            1002b5da f   kernel32:KERNEL32.dll
 0001:0002a5e0       _TerminateProcess@8        1002b5e0 f   kernel32:KERNEL32.dll
 0001:0002a5e6       _GetCurrentProcess@0       1002b5e6 f   kernel32:KERNEL32.dll
 0001:0002a5ec       _Module32NextW@8           1002b5ec f   kernel32:KERNEL32.dll
 0001:0002a5f2       _Module32FirstW@8          1002b5f2 f   kernel32:KERNEL32.dll
 0001:0002a5f8       _CreateToolhelp32Snapshot@8 1002b5f8 f   kernel32:KERNEL32.dll
 0001:0002a5fe       _GetEnvironmentVariableW@12 1002b5fe f   kernel32:KERNEL32.dll
 0001:0002a604       _CreateSemaphoreW@16       1002b604 f   kernel32:KERNEL32.dll
 0001:0002a60a       _CreateEventW@16           1002b60a f   kernel32:KERNEL32.dll
 0001:0002a610       _VirtualProtect@16         1002b610 f   kernel32:KERNEL32.dll
 0001:0002a616       _SetConsoleTitleW@4        1002b616 f   kernel32:KERNEL32.dll
 0001:0002a61c       _GetConsoleTitleW@8        1002b61c f   kernel32:KERNEL32.dll
 0001:0002a622       _WideCharToMultiByte@32    1002b622 f   kernel32:KERNEL32.dll
 0001:0002a628       _DeleteFileW@4             1002b628 f   kernel32:KERNEL32.dll
 0001:0002a62e       _CreateProcessW@40         1002b62e f   kernel32:KERNEL32.dll
 0001:0002a634       _GetExitCodeProcess@8      1002b634 f   kernel32:KERNEL32.dll
 0001:0002a63a       _SetConsoleMode@8          1002b63a f   kernel32:KERNEL32.dll
 0001:0002a640       _GetConsoleMode@8          1002b640 f   kernel32:KERNEL32.dll
 0001:0002a646       _GetConsoleCursorInfo@8    1002b646 f   kernel32:KERNEL32.dll
 0001:0002a64c       _Thread32Next@8            1002b64c f   kernel32:KERNEL32.dll
 0001:0002a652       _Thread32First@8           1002b652 f   kernel32:KERNEL32.dll
 0001:0002a658       _ExpandEnvironmentStringsW@12 1002b658 f   kernel32:KERNEL32.dll
 0001:0002a65e       _lstrcmpA@8                1002b65e f   kernel32:KERNEL32.dll
 0001:0002a664       _MultiByteToWideChar@24    1002b664 f   kernel32:KERNEL32.dll
 0001:0002a66a       _lstrlenA@4                1002b66a f   kernel32:KERNEL32.dll
 0001:0002a670       _lstrcpynA@12              1002b670 f   kernel32:KERNEL32.dll
 0001:0002a676       _lstrcpyA@8                1002b676 f   kernel32:KERNEL32.dll
 0001:0002a67c       _SetFilePointer@16         1002b67c f   kernel32:KERNEL32.dll
 0001:0002a682       _GetFileInformationByHandle@8 1002b682 f   kernel32:KERNEL32.dll
 0001:0002a688       _ReadProcessMemory@20      1002b688 f   kernel32:KERNEL32.dll
 0001:0002a68e       _FreeLibrary@4             1002b68e f   kernel32:KERNEL32.dll
 0001:0002a694       _VerifyVersionInfoW@16     1002b694 f   kernel32:KERNEL32.dll
 0001:0002a69a       _VerSetConditionMask@16    1002b69a f   kernel32:KERNEL32.dll
 0001:0002a6a0       _DebugBreak@0              1002b6a0 f   kernel32:KERNEL32.dll
 0001:0002a6a6       _HeapCreate@12             1002b6a6 f   kernel32:KERNEL32.dll
 0001:0002a6ac       _HeapDestroy@4             1002b6ac f   kernel32:KERNEL32.dll
 0001:0002a6b2       _HeapAlloc@12              1002b6b2 f   kernel32:KERNEL32.dll
 0001:0002a6b8       _HeapReAlloc@16            1002b6b8 f   kernel32:KERNEL32.dll
 0001:0002a6be       _HeapFree@12               1002b6be f   kernel32:KERNEL32.dll
 0001:0002a6c4       _HeapValidate@12           1002b6c4 f   kernel32:KERNEL32.dll
 0001:0002a6ca       _OpenThread@12             1002b6ca f   kernel32:KERNEL32.dll
 0001:0002a6d0       _InitializeCriticalSection@4 1002b6d0 f   kernel32:KERNEL32.dll
 0001:0002a6d6       _DeleteCriticalSection@4   1002b6d6 f   kernel32:KERNEL32.dll
 0001:0002a6dc       _EnterCriticalSection@4    1002b6dc f   kernel32:KERNEL32.dll
 0001:0002a6e2       _LeaveCriticalSection@4    1002b6e2 f   kernel32:KERNEL32.dll
 0001:0002a6e8       _TryEnterCriticalSection@4 1002b6e8 f   kernel32:KERNEL32.dll
 0001:0002a6ee       _LocalFree@4               1002b6ee f   kernel32:KERNEL32.dll
 0001:0002a6f4       _LocalAlloc@8              1002b6f4 f   kernel32:KERNEL32.dll
 0001:0002a6fa       _DisconnectNamedPipe@4     1002b6fa f   kernel32:KERNEL32.dll
 0001:0002a700       _SetThreadPriority@8       1002b700 f   kernel32:KERNEL32.dll
 0001:0002a706       _FlushFileBuffers@4        1002b706 f   kernel32:KERNEL32.dll
 0001:0002a70c       _GetOverlappedResult@16    1002b70c f   kernel32:KERNEL32.dll
 0001:0002a712       _ConnectNamedPipe@8        1002b712 f   kernel32:KERNEL32.dll
 0001:0002a718       _CreateNamedPipeW@32       1002b718 f   kernel32:KERNEL32.dll
 0001:0002a71e       _SetConsoleWindowInfo@12   1002b71e f   kernel32:KERNEL32.dll
 0001:0002a724       _GetConsoleOutputCP@0      1002b724 f   kernel32:KERNEL32.dll
 0001:0002a72a       _GetFileSizeEx@8           1002b72a f   kernel32:KERNEL32.dll
 0001:0002a730       _FindClose@4               1002b730 f   kernel32:KERNEL32.dll
 0001:0002a736       _FindNextFileW@8           1002b736 f   kernel32:KERNEL32.dll
 0001:0002a73c       _FindFirstFileW@8          1002b73c f   kernel32:KERNEL32.dll
 0001:0002a742       _CreateDirectoryW@8        1002b742 f   kernel32:KERNEL32.dll
 0001:0002a748       _OpenProcess@12            1002b748 f   kernel32:KERNEL32.dll
 0001:0002a74e       _Process32NextW@8          1002b74e f   kernel32:KERNEL32.dll
 0001:0002a754       _Process32FirstW@8         1002b754 f   kernel32:KERNEL32.dll
 0001:0002a75a       _IsBadReadPtr@8            1002b75a f   kernel32:KERNEL32.dll
 0001:0002a760       _VirtualFree@12            1002b760 f   kernel32:KERNEL32.dll
 0001:0002a766       _VirtualAlloc@16           1002b766 f   kernel32:KERNEL32.dll
 0001:0002a76c       _GetSystemInfo@4           1002b76c f   kernel32:KERNEL32.dll
 0001:0002a772       _GetFullPathNameW@16       1002b772 f   kernel32:KERNEL32.dll
 0001:0002a778       _GetLargestConsoleWindowSize@4 1002b778 f   kernel32:KERNEL32.dll
 0001:0002a77e       _DuplicateHandle@28        1002b77e f   kernel32:KERNEL32.dll
 0001:0002a784       _GetWindowsDirectoryW@8    1002b784 f   kernel32:KERNEL32.dll
 0001:0002a78a       _GetFileSize@8             1002b78a f   kernel32:KERNEL32.dll
 0001:0002a790       _CharUpperBuffW@8          1002b790 f   user32:USER32.dll
 0001:0002a796       _MapVirtualKeyW@8          1002b796 f   user32:USER32.dll
 0001:0002a79c       _VkKeyScanW@4              1002b79c f   user32:USER32.dll
 0001:0002a7a2       _GetWindowThreadProcessId@8 1002b7a2 f   user32:USER32.dll
 0001:0002a7a8       _FindWindowW@8             1002b7a8 f   user32:USER32.dll
 0001:0002a7ae       _MessageBoxW@16            1002b7ae f   user32:USER32.dll
 0001:0002a7b4       _wsprintfW                 1002b7b4 f   user32:USER32.dll
 0001:0002a7ba       _IsWindow@4                1002b7ba f   user32:USER32.dll
 0001:0002a7c0       _GetWindowLongW@8          1002b7c0 f   user32:USER32.dll
 0001:0002a7c6       _GetParent@4               1002b7c6 f   user32:USER32.dll
 0001:0002a7cc       _PostMessageW@16           1002b7cc f   user32:USER32.dll
 0001:0002a7d2       _RegisterWindowMessageW@4  1002b7d2 f   user32:USER32.dll
 0001:0002a7d8       _IsWindowVisible@4         1002b7d8 f   user32:USER32.dll
 0001:0002a7de       _GetSystemMetrics@4        1002b7de f   user32:USER32.dll
 0001:0002a7e4       _IsRectEmpty@4             1002b7e4 f   user32:USER32.dll
 0001:0002a7ea       _EnumDisplayMonitors@16    1002b7ea f   user32:USER32.dll
 0001:0002a7f0       _GetMonitorInfoW@8         1002b7f0 f   user32:USER32.dll
 0001:0002a7f6       _SystemParametersInfoW@16  1002b7f6 f   user32:USER32.dll
 0001:0002a7fc       _MonitorFromWindow@8       1002b7fc f   user32:USER32.dll
 0001:0002a802       _MonitorFromRect@8         1002b802 f   user32:USER32.dll
 0001:0002a808       _FillRect@12               1002b808 f   user32:USER32.dll
 0001:0002a80e       _ReleaseDC@8               1002b80e f   user32:USER32.dll
 0001:0002a814       _GetDC@4                   1002b814 f   user32:USER32.dll
 0001:0002a81a       _ActivateKeyboardLayout@8  1002b81a f   user32:USER32.dll
 0001:0002a820       _LoadKeyboardLayoutW@8     1002b820 f   user32:USER32.dll
 0001:0002a826       _SetWindowPos@28           1002b826 f   user32:USER32.dll
 0001:0002a82c       _ShowWindow@8              1002b82c f   user32:USER32.dll
 0001:0002a832       _SendMessageW@16           1002b832 f   user32:USER32.dll
 0001:0002a838       _GetWindowRect@8           1002b838 f   user32:USER32.dll
 0001:0002a83e       _EnableWindow@8            1002b83e f   user32:USER32.dll
 0001:0002a844       _IsWindowEnabled@4         1002b844 f   user32:USER32.dll
 0001:0002a84a       _GetWindowTextW@12         1002b84a f   user32:USER32.dll
 0001:0002a850       _GetClassNameW@12          1002b850 f   user32:USER32.dll
 0001:0002a856       _SetForegroundWindow@4     1002b856 f   user32:USER32.dll
 0001:0002a85c       _ShowWindowAsync@8         1002b85c f   user32:USER32.dll
 0001:0002a862       _DeleteEnhMetaFile@4       1002b862 f   gdi32:GDI32.dll
 0001:0002a868       _GetEnhMetaFileBits@12     1002b868 f   gdi32:GDI32.dll
 0001:0002a86e       _CloseEnhMetaFile@4        1002b86e f   gdi32:GDI32.dll
 0001:0002a874       _GdiFlush@0                1002b874 f   gdi32:GDI32.dll
 0001:0002a87a       _SelectObject@8            1002b87a f   gdi32:GDI32.dll
 0001:0002a880       _DeleteDC@4                1002b880 f   gdi32:GDI32.dll
 0001:0002a886       _DeleteObject@4            1002b886 f   gdi32:GDI32.dll
 0001:0002a88c       _CreateSolidBrush@4        1002b88c f   gdi32:GDI32.dll
 0001:0002a892       _CreateDIBSection@24       1002b892 f   gdi32:GDI32.dll
 0001:0002a898       _CreateCompatibleDC@4      1002b898 f   gdi32:GDI32.dll
 0001:0002a89e       _CreateEnhMetaFileW@16     1002b89e f   gdi32:GDI32.dll
 0001:0002a8a4       _GetDeviceCaps@8           1002b8a4 f   gdi32:GDI32.dll
 0001:0002a8aa       _GetTextMetricsW@8         1002b8aa f   gdi32:GDI32.dll
 0001:0002a8b0       _CreateFontIndirectW@4     1002b8b0 f   gdi32:GDI32.dll
 0001:0002a8b6       _RegCloseKey@4             1002b8b6 f   advapi32:ADVAPI32.dll
 0001:0002a8bc       _RegQueryValueExW@24       1002b8bc f   advapi32:ADVAPI32.dll
 0001:0002a8c2       _RegOpenKeyExW@20          1002b8c2 f   advapi32:ADVAPI32.dll
 0001:0002a8c8       _RegCreateKeyExW@36        1002b8c8 f   advapi32:ADVAPI32.dll
 0001:0002a8ce       _FreeSid@4                 1002b8ce f   advapi32:ADVAPI32.dll
 0001:0002a8d4       _CheckTokenMembership@12   1002b8d4 f   advapi32:ADVAPI32.dll
 0001:0002a8da       _AllocateAndInitializeSid@44 1002b8da f   advapi32:ADVAPI32.dll
 0001:0002a8e0       _ConvertSidToStringSidW@8  1002b8e0 f   advapi32:ADVAPI32.dll
 0001:0002a8e6       _GetTokenInformation@20    1002b8e6 f   advapi32:ADVAPI32.dll
 0001:0002a8ec       _OpenProcessToken@12       1002b8ec f   advapi32:ADVAPI32.dll
 0001:0002a8f2       _RegEnumKeyExW@32          1002b8f2 f   advapi32:ADVAPI32.dll
 0001:0002a8f8       _VerQueryValueW@16         1002b8f8 f   version:VERSION.dll
 0001:0002a8fe       _GetFileVersionInfoW@16    1002b8fe f   version:VERSION.dll
 0001:0002a904       _GetFileVersionInfoSizeW@8 1002b904 f   version:VERSION.dll
 0001:0002a90a       _wcsrchr                   1002b90a f   LIBCMT:wcsrchr.obj
 0001:0002a936       _wcschr                    1002b936 f   LIBCMT:wcschr.obj
 0001:0002a95c       _wcspbrk                   1002b95c f   LIBCMT:wcspbrk.obj
 0001:0002a99f       _wcsncmp                   1002b99f f   LIBCMT:wcsncmp.obj
 0001:0002a9d6       ??0_LocaleUpdate@@QAE@PAUlocaleinfo_struct@@@Z 1002b9d6 f i LIBCMT:wcstol.obj
 0001:0002aa5d       ??1_LocaleUpdate@@QAE@XZ   1002ba5d f i LIBCMT:wcstol.obj
 0001:0002aa6b       ?GetLocaleT@_LocaleUpdate@@QAEPAUlocaleinfo_struct@@XZ 1002ba6b f i LIBCMT:wcstol.obj
 0001:0002ac68       _wcstol                    1002bc68 f   LIBCMT:wcstol.obj
 0001:0002ac93       __wcstol_l                 1002bc93 f   LIBCMT:wcstol.obj
 0001:0002acb0       _wcstoul                   1002bcb0 f   LIBCMT:wcstol.obj
 0001:0002acdc       __wcstoul_l                1002bcdc f   LIBCMT:wcstol.obj
 0001:0002ad00       _memset                    1002bd00 f   LIBCMT:memset.obj
 0001:0002ad80       _memmove                   1002bd80 f   LIBCMT:memmove.obj
 0001:0002b0f0       __chkstk                   1002c0f0 f   LIBCMT:chkstk.obj
 0001:0002b0f0       __alloca_probe             1002c0f0     LIBCMT:chkstk.obj
 0001:0002c691       _memcmp                    1002d691 f   LIBCMT:memcmp.obj
 0001:0002dd20       _memcpy                    1002ed20 f   LIBCMT:memcpy.obj
 0001:0002e085       _wcsstr                    1002f085 f   LIBCMT:wcsstr.obj
 0001:0002e0f0       __ftol2_sse                1002f0f0 f   LIBCMT:ftol2.obj
 0001:0002e0f9       __ftol2_pentium4           1002f0f9 f   LIBCMT:ftol2.obj
 0001:0002e10c       __ftol2_sse_excpt          1002f10c f   LIBCMT:ftol2.obj
 0001:0002e126       __ftol2                    1002f126 f   LIBCMT:ftol2.obj
 0001:0002e1a0       _strrchr                   1002f1a0 f   LIBCMT:strrchr.obj
 0001:0002e1cd       __CRT_INIT@12              1002f1cd f   LIBCMT:dllcrt0.obj
 0001:0002e3f8       __DllMainCRTStartup@12     1002f3f8 f   LIBCMT:dllcrt0.obj
 0001:0002e641       ___updatetmbcinfo          1002f641 f   LIBCMT:mbctype.obj
 0001:0002e761       __setmbcp_nolock           1002f761 f   LIBCMT:mbctype.obj
 0001:0002e946       __getmbcp                  1002f946 f   LIBCMT:mbctype.obj
 0001:0002e984       __setmbcp                  1002f984 f   LIBCMT:mbctype.obj
 0001:0002eb1e       ___initmbctable            1002fb1e f   LIBCMT:mbctype.obj
 0001:0002eb3c       __invoke_watson_if_error   1002fb3c f i LIBCMT:setlocal.obj
 0001:0002eb60       ____setlc_active_func      1002fb60 f   LIBCMT:setlocal.obj
 0001:0002eb66       ____unguarded_readlc_active_add_func 1002fb66 f   LIBCMT:setlocal.obj
 0001:0002eb6c       ___freetlocinfo            1002fb6c f   LIBCMT:setlocal.obj
 0001:0002ecb5       ___addlocaleref            1002fcb5 f   LIBCMT:setlocal.obj
 0001:0002ed44       ___removelocaleref         1002fd44 f   LIBCMT:setlocal.obj
 0001:0002ee41       ___updatetlocinfo          1002fe41 f   LIBCMT:setlocal.obj
 0001:0002eeb7       __configthreadlocale       1002feb7 f   LIBCMT:setlocal.obj
 0001:0002ef74       __free_locale              1002ff74 f   LIBCMT:setlocal.obj
 0001:0002f036       ___free_locale             10030036 f   LIBCMT:setlocal.obj
 0001:0002f041       __get_current_locale       10030041 f   LIBCMT:setlocal.obj
 0001:0002f0f0       ___get_current_locale      100300f0 f   LIBCMT:setlocal.obj
 0001:0002f0f5       ___init_dummy              100300f5 f   LIBCMT:setlocal.obj
 0001:0002f0f8       __strcats                  100300f8 f   LIBCMT:setlocal.obj
 0001:0002f138       ___lc_strtolc              10030138 f   LIBCMT:setlocal.obj
 0001:0002f261       ___lc_lctostr              10030261 f   LIBCMT:setlocal.obj
 0001:0002f44b       __expandlocale             1003044b f   LIBCMT:setlocal.obj
 0001:0002fb99       __create_locale            10030b99 f   LIBCMT:setlocal.obj
 0001:0002fc8e       ___create_locale           10030c8e f   LIBCMT:setlocal.obj
 0001:0002fc99       _setlocale                 10030c99 f   LIBCMT:setlocal.obj
 0001:0002fe09       __crt_wait_module_handle   10030e09 f i LIBCMT:tidtable.obj
 0001:0002fe23       __encode_pointer           10030e23 f   LIBCMT:tidtable.obj
 0001:0002fe95       __encoded_null             10030e95 f   LIBCMT:tidtable.obj
 0001:0002fe9e       __decode_pointer           10030e9e f   LIBCMT:tidtable.obj
 0001:0002ff10       ___crtTlsAlloc@4           10030f10 f   LIBCMT:tidtable.obj
 0001:0002ff19       ___fls_getvalue@4          10030f19 f   LIBCMT:tidtable.obj
 0001:0002ff33       ___get_flsindex            10030f33 f   LIBCMT:tidtable.obj
 0001:0002ff39       ___set_flsgetvalue         10030f39 f   LIBCMT:tidtable.obj
 0001:0002ff6d       ___fls_setvalue@8          10030f6d f   LIBCMT:tidtable.obj
 0001:0002ff8a       __mtterm                   10030f8a f   LIBCMT:tidtable.obj
 0001:0002ffc7       __initptd                  10030fc7 f   LIBCMT:tidtable.obj
 0001:000300ae       __getptd_noexit            100310ae f   LIBCMT:tidtable.obj
 0001:00030127       __getptd                   10031127 f   LIBCMT:tidtable.obj
 0001:00030141       __freefls@4                10031141 f   LIBCMT:tidtable.obj
 0001:00030270       __freeptd                  10031270 f   LIBCMT:tidtable.obj
 0001:000302de       ___threadid                100312de f   LIBCMT:tidtable.obj
 0001:000302e4       ___threadhandle            100312e4 f   LIBCMT:tidtable.obj
 0001:000302ea       __mtinit                   100312ea f   LIBCMT:tidtable.obj
 0001:00030477       __wchartodigit             10031477 f   LIBCMT:wchtodig.obj
 0001:00030652       __iswctype_l               10031652 f   LIBCMT:iswctype.obj
 0001:000306dc       _iswctype                  100316dc f   LIBCMT:iswctype.obj
 0001:00030752       _is_wctype                 10031752 f   LIBCMT:iswctype.obj
 0001:0003075d       __initp_misc_invarg        1003175d f   LIBCMT:invarg.obj
 0001:0003076c       __invoke_watson            1003176c f   LIBCMT:invarg.obj
 0001:00030894       __set_invalid_parameter_handler 10031894 f   LIBCMT:invarg.obj
 0001:000308bb       __get_invalid_parameter_handler 100318bb f   LIBCMT:invarg.obj
 0001:000308c8       ?_invoke_watson@@YAXPBG00II@Z 100318c8 f   LIBCMT:invarg.obj
 0001:000308d3       __invalid_parameter        100318d3 f   LIBCMT:invarg.obj
 0001:000308f9       __invalid_parameter_noinfo 100318f9 f   LIBCMT:invarg.obj
 0001:00030909       ?_invalid_parameter@@YAXPBG00II@Z 10031909 f   LIBCMT:invarg.obj
 0001:00030914       __get_errno_from_oserr     10031914 f   LIBCMT:dosmap.obj
 0001:00030956       __errno                    10031956 f   LIBCMT:dosmap.obj
 0001:00030969       ___doserrno                10031969 f   LIBCMT:dosmap.obj
 0001:0003097c       __dosmaperr                1003197c f   LIBCMT:dosmap.obj
 0001:0003099f       __set_errno                1003199f f   LIBCMT:dosmap.obj
 0001:000309c0       __get_errno                100319c0 f   LIBCMT:dosmap.obj
 0001:000309ef       __set_doserrno             100319ef f   LIBCMT:dosmap.obj
 0001:00030a10       __get_doserrno             10031a10 f   LIBCMT:dosmap.obj
 0001:00030a96       __VEC_memzero              10031a96 f   LIBCMT:p4_memset.obj
 0001:00030b75       __get_sse2_info            10031b75 f   LIBCMT:cpu_disp.obj
 0001:00030bd7       ___sse2_available_init     10031bd7 f   LIBCMT:cpu_disp.obj
 0001:00030c6b       __VEC_memcpy               10031c6b f   LIBCMT:p4_memcpy.obj
 0001:00030d4e       _free                      10031d4e f   LIBCMT:free.obj
 0001:00030ddc       _wait_a_bit                10031ddc f i LIBCMT:crtheap.obj
 0001:00030e02       __set_malloc_crt_max_wait  10031e02 f   LIBCMT:crtheap.obj
 0001:00030e17       __malloc_crt               10031e17 f   LIBCMT:crtheap.obj
 0001:00030e5c       __calloc_crt               10031e5c f   LIBCMT:crtheap.obj
 0001:00030ea8       __realloc_crt              10031ea8 f   LIBCMT:crtheap.obj
 0001:00030ef6       __recalloc_crt             10031ef6 f   LIBCMT:crtheap.obj
 0001:00030f48       __crt_waiting_on_module_handle 10031f48 f   LIBCMT:crt0dat.obj
 0001:00030f78       __amsg_exit                10031f78 f   LIBCMT:crt0dat.obj
 0001:00030fa1       ___crtCorExitProcess       10031fa1 f   LIBCMT:crt0dat.obj
 0001:00030fcc       ___crtExitProcess          10031fcc f   LIBCMT:crt0dat.obj
 0001:00030fe4       __lockexit                 10031fe4 f   LIBCMT:crt0dat.obj
 0001:00030fed       __unlockexit               10031fed f   LIBCMT:crt0dat.obj
 0001:00031013       __initterm_e               10032013 f   LIBCMT:crt0dat.obj
 0001:00031037       __get_wpgmptr              10032037 f   LIBCMT:crt0dat.obj
 0001:00031073       __get_pgmptr               10032073 f   LIBCMT:crt0dat.obj
 0001:000310af       __cinit                    100320af f   LIBCMT:crt0dat.obj
 0001:00031260       _exit                      10032260 f   LIBCMT:crt0dat.obj
 0001:00031276       __exit                     10032276 f   LIBCMT:crt0dat.obj
 0001:0003128c       __cexit                    1003228c f   LIBCMT:crt0dat.obj
 0001:0003129b       __c_exit                   1003229b f   LIBCMT:crt0dat.obj
 0001:000312aa       __init_pointers            100322aa f   LIBCMT:crt0dat.obj
 0001:000312f8       __ioinit                   100322f8 f   LIBCMT:ioinit.obj
 0001:0003154c       __ioterm                   1003254c f   LIBCMT:ioinit.obj
 0001:0003159a       __setenvp                  1003259a f   LIBCMT:stdenvp.obj
 0001:00031678       __set_pgmptr               10032678 f i LIBCMT:stdargv.obj
 0001:00031821       __setargv                  10032821 f   LIBCMT:stdargv.obj
 0001:000318dc       ___crtGetEnvironmentStringsA 100328dc f   LIBCMT:a_env.obj
 0001:00031a13       __RTC_Initialize           10032a13 f   LIBCMT:_initsect_.obj
 0001:00031a39       __RTC_Terminate            10032a39 f   LIBCMT:_initsect_.obj
 0001:00031a5f       ___heap_select             10032a5f f   LIBCMT:heapinit.obj
 0001:00031a63       __heap_init                10032a63 f   LIBCMT:heapinit.obj
 0001:00031a93       __heap_term                10032a93 f   LIBCMT:heapinit.obj
 0001:00031b07       __get_heap_handle          10032b07 f   LIBCMT:heapinit.obj
 0001:00031b0d       __initp_misc_winxfltr      10032b0d f   LIBCMT:winxfltr.obj
 0001:00031b43       __XcptFilter               10032b43 f   LIBCMT:winxfltr.obj
 0001:00031ca3       ___CppXcptFilter           10032ca3 f   LIBCMT:winxfltr.obj
 0001:00031cc4       __SEH_prolog4              10032cc4 f   LIBCMT:sehprolg4.obj
 0001:00031d09       __SEH_epilog4              10032d09 f   LIBCMT:sehprolg4.obj
 0001:00031d50       __except_handler4          10032d50 f   LIBCMT:chandler4.obj
 0001:00031edc       ___security_init_cookie    10032edc f   LIBCMT:gs_support.obj
 0001:00031f72       __MarkAllocaS              10032f72 f i LIBCMT:a_map.obj
 0001:00031f88       __freea                    10032f88 f i LIBCMT:a_map.obj
 0001:0003236b       ___crtLCMapStringA         1003336b f   LIBCMT:a_map.obj
 0001:0003256a       ___crtGetStringTypeA       1003356a f   LIBCMT:a_str.obj
 0001:000325ac       @__security_check_cookie@4 100335ac f   LIBCMT:secchk.obj
 0001:000325bb       __mtinitlocks              100335bb f   LIBCMT:mlock.obj
 0001:00032606       __mtdeletelocks            10033606 f   LIBCMT:mlock.obj
 0001:0003265d       __unlock                   1003365d f   LIBCMT:mlock.obj
 0001:00032674       __lockerr_exit             10033674 f   LIBCMT:mlock.obj
 0001:0003268c       __mtinitlocknum            1003368c f   LIBCMT:mlock.obj
 0001:0003274f       __lock                     1003374f f   LIBCMT:mlock.obj
 0001:00032782       ___pwctype_func            10033782 f   LIBCMT:ctype.obj
 0001:00032788       ___pctype_func             10033788 f   LIBCMT:ctype.obj
 0001:00032bcc       ___free_lc_time            10033bcc f   LIBCMT:inittime.obj
 0001:00032d61       ___init_time               10033d61 f   LIBCMT:inittime.obj
 0001:00032e0d       ___free_lconv_num          10033e0d f   LIBCMT:initnum.obj
 0001:00032e52       ___init_numeric            10033e52 f   LIBCMT:initnum.obj
 0001:0003304f       ___free_lconv_mon          1003404f f   LIBCMT:initmon.obj
 0001:000330dd       ___init_monetary           100340dd f   LIBCMT:initmon.obj
 0001:000333a3       ___init_ctype              100343a3 f   LIBCMT:initctyp.obj
 0001:00033745       ____mb_cur_max_func        10034745 f   LIBCMT:initctyp.obj
 0001:0003376e       ____mb_cur_max_l_func      1003476e f   LIBCMT:initctyp.obj
 0001:0003378a       ____lc_codepage_func       1003478a f   LIBCMT:initctyp.obj
 0001:000337b0       ____lc_collate_cp_func     100347b0 f   LIBCMT:initctyp.obj
 0001:000337d6       ____lc_handle_func         100347d6 f   LIBCMT:initctyp.obj
 0001:000337fc       ___init_collate            100347fc f   LIBCMT:initcoll.obj
 0001:000337ff       __Getdays_l                100347ff f   LIBCMT:strftime.obj
 0001:000338ff       __Getdays                  100348ff f   LIBCMT:strftime.obj
 0001:00033908       __Getmonths_l              10034908 f   LIBCMT:strftime.obj
 0001:00033a08       __Getmonths                10034a08 f   LIBCMT:strftime.obj
 0001:00033a11       __Gettnames_l              10034a11 f   LIBCMT:strftime.obj
 0001:00033d68       __Gettnames                10034d68 f   LIBCMT:strftime.obj
 0001:0003468b       __Strftime_l               1003568b f   LIBCMT:strftime.obj
[...]
 0003:000023b4       ?gpConMapInfo@@3PBUCESERVER_CONSOLE_MAPPING_HDR@@B 100473b4     ConEmuPlugin.obj
 0003:000023b8       ?gbStartedUnderConsole2@@3HA 100473b8     ConEmuPlugin.obj
 0003:000023bc       ?gnSelfPID@@3KA            100473bc     ConEmuPlugin.obj
 0003:000023c0       ?ghFarInfoMapping@@3PAXA   100473c0     ConEmuPlugin.obj
 0003:000023c4       ?gpFarInfo@@3PAUCEFAR_INFO_MAPPING@@A 100473c4     ConEmuPlugin.obj
 0003:000023c8       ?gpFarInfoMapping@@3PAUCEFAR_INFO_MAPPING@@A 100473c8     ConEmuPlugin.obj
 0003:000023cc       ?ghFarAliveEvent@@3PAXA    100473cc     ConEmuPlugin.obj
 0003:000023d0       ?gPanelRegLeft@@3Utag_PanelViewRegInfo@@A 100473d0     ConEmuPlugin.obj
 0003:000023e8       ?gPanelRegRight@@3Utag_PanelViewRegInfo@@A 100473e8     ConEmuPlugin.obj
 0003:00002400       ?ghConEmuCtrlPressed@@3PAXA 10047400     ConEmuPlugin.obj
 0003:00002404       ?ghConEmuShiftPressed@@3PAXA 10047404     ConEmuPlugin.obj
 0003:00002408       ?gbWaitConsoleInputEmpty@@3HA 10047408     ConEmuPlugin.obj
 0003:0000240c       ?gbWaitConsoleWrite@@3HA   1004740c     ConEmuPlugin.obj
 0003:00002410       ?ghConsoleInputEmpty@@3PAXA 10047410     ConEmuPlugin.obj
 0003:00002414       ?ghConsoleWrite@@3PAXA     10047414     ConEmuPlugin.obj
 0003:00002418       ?gnSynchroCount@@3HA       10047418     ConEmuPlugin.obj
 0003:0000241c       ?gbSynchroProhibited@@3_NA 1004741c     ConEmuPlugin.obj
 0003:0000241d       ?gbInputSynchroPending@@3_NA 1004741d     ConEmuPlugin.obj
 0003:00002420       ?gbInfoW_OK@@3HA           10047420     ConEmuPlugin.obj
 0003:00002424       ?gnPeekReadCount@@3KA      10047424     ConEmuPlugin.obj
 0003:00002428       ?gbExitFarCalled@@3HA      10047428     ConEmuPlugin.obj
 0003:00002434       ?gbWasDetached@@3HA        10047434     ConEmuPlugin.obj
 0003:00002444       ?InfoW1900@@3PAUPluginStartupInfo@@A 10047444     ConEmuPlugin1900.obj
 0003:00002448       ?FSFW1900@@3PAUFarStandardFunctions@@A 10047448     ConEmuPlugin1900.obj
 0003:00002680       ?LastIndex@?1??Color2FgIndex@Far3Color@@SIXKAAG@Z@4HA 10047680     ConEmuPlugin1900.obj
 0003:00002684       ?LastColor@?1??Color2FgIndex@Far3Color@@SIXKAAG@Z@4KA 10047684     ConEmuPlugin1900.obj
 0003:00002688       ?LastIndex@?1??Color2BgIndex@Far3Color@@SIXKHAAG@Z@4HA 10047688     ConEmuPlugin1900.obj
 0003:0000268c       ?LastColor@?1??Color2BgIndex@Far3Color@@SIXKHAAG@Z@4KA 1004768c     ConEmuPlugin1900.obj
 0003:00002694       ?InfoW2800@@3PAUPluginStartupInfo@@A 10047694     ConEmuPlugin2800.obj
 0003:00002698       ?FSFW2800@@3PAUFarStandardFunctions@@A 10047698     ConEmuPlugin2800.obj
 0003:000028d4       ?InfoW995@@3PAUPluginStartupInfo@@A 100478d4     ConEmuPlugin995.obj
 0003:000028d8       ?FSFW995@@3PAUFarStandardFunctions@@A 100478d8     ConEmuPlugin995.obj
 0003:00002ae8       ?InfoA@@3PAUPluginStartupInfo@@A 10047ae8     ConEmuPluginA.obj
 0003:00002aec       ?FSFA@@3PAUFarStandardFunctions@@A 10047aec     ConEmuPluginA.obj
 0003:00002bf8       ?AssertMsgBox@@3P6IHPB_WI0PAUHWND__@@_N@ZA 10047bf8     MAssert.obj
 0003:00002bfc       ?ghHeap@@3PAXA             10047bfc     Memory.obj
 0003:00002c00       ?gNullDesc@@3PAVMNullDesc@@A 10047c00     MSecurity.obj
 0003:00002c04       ?gbNeedBgActivate@@3HA     10047c04     PluginBackground.obj
 0003:00002c08       ?gbBgPluginsAllowed@@3HA   10047c08     PluginBackground.obj
 0003:00002c0c       ?gpBgPlugin@@3PAVCPluginBackground@@A 10047c0c     PluginBackground.obj
 0003:00002c10       ?gszPluginServerPipe@@3PA_WA 10047c10     PluginSrv.obj
 0003:00002e18       ?gpPlugServer@@3PAU?$PipeServer@UCESERVER_REQ@@@@A 10047e18     PluginSrv.obj
 0003:00002e1c       ?ghServerTerminateEvent@@3PAXA 10047e1c     PluginSrv.obj
 0003:00002e20       ?gpConsoleInfoStr@@3PAU_CONSOLE_INFO@@A 10047e20     WinConsole.obj
 0003:00002e24       ?ghConsoleSection@@3PAXA   10047e24     WinConsole.obj
 0003:00002e38       ?Is_Window@@3P6GHPAUHWND__@@@ZA 10047e38     WinObjects.obj
 0003:00002e7c       __aenvptr                  10047e7c     LIBCMT:dllcrt0.obj
 0003:00002e80       __wenvptr                  10047e80     LIBCMT:dllcrt0.obj
 0003:00002e84       ___error_mode              10047e84     LIBCMT:dllcrt0.obj
 0003:00002e88       ___app_type                10047e88     LIBCMT:dllcrt0.obj
 0003:00002e90       ___mbulinfo                10047e90     LIBCMT:mbctype.obj
 0003:00002e9c       ___mbcodepage              10047e9c     LIBCMT:mbctype.obj
 0003:00002ea0       ___ismbcodepage            10047ea0     LIBCMT:mbctype.obj
 0003:00002ea4       ___mblcid                  10047ea4     LIBCMT:mbctype.obj
 0003:00002ea8       ___locale_changed          10047ea8     LIBCMT:setlocal.obj
 0003:00002eac       ___lc_handle               10047eac     LIBCMT:nlsdata2.obj
 0003:00002ec4       ___lc_codepage             10047ec4     LIBCMT:nlsdata2.obj
 0003:00002ec8       ___lc_collate_cp           10047ec8     LIBCMT:nlsdata2.obj
 0003:00002ecc       _gpFlsAlloc                10047ecc     LIBCMT:tidtable.obj
 0003:00002ed0       _gpFlsGetValue             10047ed0     LIBCMT:tidtable.obj
 0003:00002ed4       _gpFlsSetValue             10047ed4     LIBCMT:tidtable.obj
 0003:00002ed8       _gpFlsFree                 10047ed8     LIBCMT:tidtable.obj
 0003:00002edc       ___pInvalidArgHandler      10047edc     LIBCMT:invarg.obj
 0003:00002ee0       __maxwait                  10047ee0     LIBCMT:crtheap.obj
 0003:00002ee4       __umaskval                 10047ee4     LIBCMT:crt0dat.obj
 0003:00002ee8       ___argc                    10047ee8     LIBCMT:crt0dat.obj
 0003:00002eec       ___argv                    10047eec     LIBCMT:crt0dat.obj
 0003:00002ef0       ___wargv                   10047ef0     LIBCMT:crt0dat.obj
 0003:00002ef4       __environ                  10047ef4     LIBCMT:crt0dat.obj
 0003:00002ef8       ___initenv                 10047ef8     LIBCMT:crt0dat.obj
 0003:00002efc       __wenviron                 10047efc     LIBCMT:crt0dat.obj
 0003:00002f00       ___winitenv                10047f00     LIBCMT:crt0dat.obj
 0003:00002f04       __pgmptr                   10047f04     LIBCMT:crt0dat.obj
 0003:00002f08       __wpgmptr                  10047f08     LIBCMT:crt0dat.obj
 0003:00002f0c       __exitflag                 10047f0c     LIBCMT:crt0dat.obj
 0003:00002f10       __C_Termination_Done       10047f10     LIBCMT:crt0dat.obj
 0003:00002f14       __C_Exit_Done              10047f14     LIBCMT:crt0dat.obj
 0003:00003024       __crtheap                  10048024     LIBCMT:heapinit.obj
 0003:00003180       ___lconv_static_null       10048180     LIBCMT:lconv.obj
 0003:00003184       ___sbh_pHeaderDefer        10048184     LIBCMT:sbheap.obj
 0003:0000349c       ?__pInconsistency@@3P6AXXZA 1004849c     LIBCMT:hooks.obj
 0003:000034c0       ___pPurecall               100484c0     LIBCMT:inithelp.obj
 0003:000034c8       ?_pnhHeap@@3P6AHI@ZA       100484c8     LIBCMT:handler.obj
 0003:000038b0       __newmode                  100488b0     LIBCMT:_newmode.obj
 0003:000038d0       ___sbh_initialized         100488d0     <common>
 0003:000038d4       ___sbh_cntHeaderList       100488d4     <common>
 0003:000038d8       ___sbh_pHeaderList         100488d8     <common>
 0003:000038dc       ___sbh_threshold           100488dc     <common>
 0003:000038e0       ___sbh_pHeaderScan         100488e0     <common>
 0003:000038e4       ___sbh_sizeHeaderList      100488e4     <common>
 0003:000038e8       ___sbh_indGroupDefer       100488e8     <common>
 0003:000038ec       __debugger_hook_dummy      100488ec     <common>
 0003:000038f0       __pDestructExceptionObject 100488f0     <common>
 0003:000038f4       ___active_heap             100488f4     <common>
 0003:000038f8       __nhandle                  100488f8     <common>
 0003:00003900       ___pioinfo                 10048900     <common>
 0003:00003a00       ___env_initialized         10048a00     <common>
 0003:00003a04       ___onexitend               10048a04     <common>
 0003:00003a08       ___onexitbegin             10048a08     <common>
 0003:00003a0c       ___mbctype_initialized     10048a0c     <common>
 0003:00003a10       __FPinit                   10048a10     <common>
 0003:00003a14       ___dyn_tls_init_callback   10048a14     <common>
 0003:00003a18       ___sse2_available          10048a18     <common>
 0003:00003a1c       ___setlc_active            10048a1c     <common>
 0003:00003a20       ___unguarded_readlc_active 10048a20     <common>
 0003:00003a24       __acmdln                   10048a24     <common>

 entry point at        0001:0002e3f8

 Static symbols

 0001:00000370       ?StringValidateDestW@@YGJPB_WII@Z 10001370 f   CmdLine.obj
 0001:000003a0       ?StringCopyWorkerW@@YGJPA_WIPAIPB_WI@Z 100013a0 f   CmdLine.obj
 0001:00001e90       ?OurSetConsoleCPThread@@YGKPAX@Z 10002e90 f   CmdLine.obj
 0001:00003870       ?StringValidateDestW@@YGJPB_WII@Z 10004870 f   ConEmuCheck.obj
 0001:000038a0       ?StringCopyWorkerW@@YGJPA_WIPAIPB_WI@Z 100048a0 f   ConEmuCheck.obj
 0001:00005270       ?StringValidateDestW@@YGJPB_WII@Z 10006270 f   ConEmuCheckEx.obj
 0001:000052a0       ?StringCopyWorkerW@@YGJPA_WIPAIPB_WI@Z 100062a0 f   ConEmuCheckEx.obj
 0001:00005430       ?StringValidateDestAndLengthW@@YGJPB_WIPAII@Z 10006430 f   ConEmuCheckEx.obj
 0001:00005480       ?StringLengthWorkerW@@YGJPB_WIPAI@Z 10006480 f   ConEmuCheckEx.obj
 0001:00005aa0       ?StringValidateDestW@@YGJPB_WII@Z 10006aa0 f   ConEmuInjects.obj
 0001:00005ad0       ?StringCopyWorkerW@@YGJPA_WIPAIPB_WI@Z 10006ad0 f   ConEmuInjects.obj
 0001:000073b0       ?LoadFarVersion@@YI_NAAUFarVersion@@AAY0CAA@_W@Z 100083b0 f   ConEmuPlugin.obj
 0001:00008870       ?StringValidateDestW@@YGJPB_WII@Z 10009870 f   ConEmuPlugin.obj
 0001:000088a0       ?StringValidateDestAndLengthW@@YGJPB_WIPAII@Z 100098a0 f   ConEmuPlugin.obj
 0001:000088f0       ?StringLengthWorkerW@@YGJPB_WIPAI@Z 100098f0 f   ConEmuPlugin.obj
 0001:00008960       ?StringCopyWorkerW@@YGJPA_WIPAIPB_WI@Z 10009960 f   ConEmuPlugin.obj
 0001:00008a10       ?ActivatePlugin@@YIHKPAXK@Z 10009a10 f   ConEmuPlugin.obj
 0001:00008ca0       ?WaitPluginActivateion@@YIKKPAPAXHK@Z 10009ca0 f   ConEmuPlugin.obj
 0001:00009b30       ?ChangeExports@@YI_NPBUExportFunc@@PAUHINSTANCE__@@@Z 1000ab30 f   ConEmuPlugin.obj
 0001:0000e530       ?GetPanelDir@@YIPA_WPAX@Z  1000f530 f   ConEmuPlugin1900.obj
 0001:00011080       ?LoadFarSettingsW1900@@YIXPAUCEFarInterfaceSettings@@PAUCEFarPanelSettings@@@Z 10012080 f   ConEmuPlugin1900.obj
 0001:00011210       ?GetFarSetting@@YIHPAXIPB_W@Z 10012210 f   ConEmuPlugin1900.obj
 0001:00011690       ?CopyPanelInfoW@@YIXPAUPanelInfo@@PAUtag_BkPanelInfo@PaintBackgroundArg@@@Z 10012690 f   ConEmuPlugin1900.obj
 0001:00011970       ?CallGuiMacroProc@@YIXXZ   10012970 f   ConEmuPlugin1900.obj
 0001:00011d20       ?CallGuiMacroDlg@@YGHPAXHH0@Z 10012d20 f   ConEmuPlugin1900.obj
 0001:00012950       ?GetPanelDir@@YIPA_WPAX@Z  10013950 f   ConEmuPlugin2800.obj
 0001:00014d80       ?LoadFarSettingsW2800@@YIXPAUCEFarInterfaceSettings@@PAUCEFarPanelSettings@@@Z 10015d80 f   ConEmuPlugin2800.obj
 0001:00014f10       ?GetFarSetting@@YIHPAXIPB_W@Z 10015f10 f   ConEmuPlugin2800.obj
 0001:00015390       ?CopyPanelInfoW@@YIXPAUPanelInfo@@PAUtag_BkPanelInfo@PaintBackgroundArg@@@Z 10016390 f   ConEmuPlugin2800.obj
 0001:00015670       ?CallGuiMacroProc@@YIXXZ   10016670 f   ConEmuPlugin2800.obj
 0001:000159b0       ?CallGuiMacroDlg@@YGHPAXHH0@Z 100169b0 f   ConEmuPlugin2800.obj
 0001:00015d30       ?MAKEFARVERSION@@YI?AUVersionInfo@@KKKKW4VERSION_STAGE@@@Z 10016d30 f   ConEmuPlugin2800.obj
 0001:00016720       ?GetPanelDir@@YIPA_WPAX@Z  10017720 f   ConEmuPlugin995.obj
 0001:000182d0       ?LoadFarSettingsW995@@YIXPAUCEFarInterfaceSettings@@PAUCEFarPanelSettings@@@Z 100192d0 f   ConEmuPlugin995.obj
 0001:000186f0       ?CopyPanelInfoW@@YIXPAUPanelInfo@@PAUtag_BkPanelInfo@PaintBackgroundArg@@@Z 100196f0 f   ConEmuPlugin995.obj
 0001:000188e0       ?CallGuiMacroProc@@YIXXZ   100198e0 f   ConEmuPlugin995.obj
 0001:00018c00       ?CallGuiMacroDlg@@YGJPAXHHJ@Z 10019c00 f   ConEmuPlugin995.obj
 0001:0001b000       ?LoadFarSettingsA@@YIXPAUCEFarInterfaceSettings@@PAUCEFarPanelSettings@@@Z 1001c000 f   ConEmuPluginA.obj
 0001:0001b2e0       ?CopyPanelInfo@@YIXPAUPanelInfo@@PAUtag_BkPanelInfo@PaintBackgroundArg@@@Z 1001c2e0 f   ConEmuPluginA.obj
 0001:0001b430       ?CallGuiMacroProc@@YIXXZ   1001c430 f   ConEmuPluginA.obj
 0001:0001b7e0       ?CallGuiMacroDlg@@YGJPAXHHJ@Z 1001c7e0 f   ConEmuPluginA.obj
 0001:0001caa0       ?StringValidateDestW@@YGJPB_WII@Z 1001daa0 f   Execute.obj
 0001:0001cad0       ?StringCopyWorkerW@@YGJPA_WIPAIPB_WI@Z 1001dad0 f   Execute.obj
 0001:0001ce10       ?StringValidateDestA@@YGJPBDII@Z 1001de10 f   Memory.obj
 0001:0001ce40       ?StringCopyWorkerA@@YGJPADIPAIPBDI@Z 1001de40 f   Memory.obj
 0001:0001cf60       ?StringValidateDestW@@YGJPB_WII@Z 1001df60 f   Memory.obj
 0001:0001cf90       ?StringCopyWorkerW@@YGJPA_WIPAIPB_WI@Z 1001df90 f   Memory.obj
 0001:00022180       ?StringValidateDestW@@YGJPB_WII@Z 10023180 f   PluginBackground.obj
 0001:000221b0       ?StringCopyWorkerW@@YGJPA_WIPAIPB_WI@Z 100231b0 f   PluginBackground.obj
 0001:00024570       ?StringValidateDestW@@YGJPB_WII@Z 10025570 f   PluginSrv.obj
 0001:000245a0       ?StringCopyWorkerW@@YGJPA_WIPAIPB_WI@Z 100255a0 f   PluginSrv.obj
 0001:00026fe0       ?StringValidateDestW@@YGJPB_WII@Z 10027fe0 f   WinObjects.obj
 0001:00027010       ?StringCopyWorkerW@@YGJPA_WIPAIPB_WI@Z 10028010 f   WinObjects.obj
 0001:00027760       ?CheckRegKeyExist@@YI_NPAURegKeyExistArg@@@Z 10028760 f   WinObjects.obj
 0001:000299b0       ?StringValidateDestAndLengthW@@YGJPB_WIPAII@Z 1002a9b0 f   WinObjects.obj
 0001:00029a00       ?StringLengthWorkerW@@YGJPB_WIPAI@Z 1002aa00 f   WinObjects.obj
 0001:0002aa6e       ?wcstoxl@@YAKPAUlocaleinfo_struct@@PB_WPAPB_WHH@Z 1002ba6e f   LIBCMT:wcstol.obj
 0001:0002b11b       _cmpResult                 1002c11b f   LIBCMT:memcmp.obj
 0001:0002b12d       _cmpBYTE                   1002c12d f   LIBCMT:memcmp.obj
 0001:0002b145       _cmpWORD                   1002c145 f   LIBCMT:memcmp.obj
 0001:0002b185       _cmpDWORD                  1002c185 f   LIBCMT:memcmp.obj
 0001:0002b1fd       _unaligned_memcmp          1002c1fd f   LIBCMT:memcmp.obj
 0001:0002e302       ___DllMainCRTStartup       1002f302 f   LIBCMT:dllcrt0.obj
 0001:0002e41b       ?CPtoLCID@@YAHH@Z          1002f41b f   LIBCMT:mbctype.obj
 0001:0002e44a       ?setSBCS@@YAXPAUthreadmbcinfostruct@@@Z 1002f44a f   LIBCMT:mbctype.obj
 0001:0002e4ae       ?setSBUpLow@@YAXPAUthreadmbcinfostruct@@@Z 1002f4ae f   LIBCMT:mbctype.obj
 0001:0002e6e5       ?getSystemCP@@YAHH@Z       1002f6e5 f   LIBCMT:mbctype.obj
 0001:0002eddd       __copytlocinfo_nolock      1002fddd f   LIBCMT:setlocal.obj
 0001:0002ee03       __updatetlocinfoEx_nolock  1002fe03 f   LIBCMT:setlocal.obj
 0001:0002ef21       _sync_legacy_variables_lk  1002ff21 f   LIBCMT:setlocal.obj
 0001:0002f2ce       __setlocale_get_all        100302ce f   LIBCMT:setlocal.obj
 0001:0002f67c       __setlocale_set_cat        1003067c f   LIBCMT:setlocal.obj
 0001:0002f97e       __setlocale_nolock         1003097e f   LIBCMT:setlocal.obj
 0001:00030a3f       _fastzero_I                10031a3f f   LIBCMT:p4_memset.obj
 0001:00030b25       _has_osfxsr_set            10031b25 f   LIBCMT:cpu_disp.obj
 0001:00030be4       _fastcopy_I                10031be4 f   LIBCMT:p4_memcpy.obj
 0001:00030ff6       __initterm                 10031ff6 f   LIBCMT:crt0dat.obj
 0001:00031134       _doexit                    10032134 f   LIBCMT:crt0dat.obj
 0001:00031687       _parse_cmdline             10032687 f   LIBCMT:stdargv.obj
 0001:00031b0e       _xcptlookup                10032b0e f   LIBCMT:winxfltr.obj
 0001:00031d20       _ValidateLocalCookies      10032d20 f   LIBCMT:chandler4.obj
 0001:00031fa8       ?strncnt@@YAHPBDH@Z        10032fa8 f   LIBCMT:a_map.obj
 0001:00031fc6       ?__crtLCMapStringA_stat@@YAHPAUlocaleinfo_struct@@KKPBDHPADHHH@Z 10032fc6 f   LIBCMT:a_map.obj
 0001:000323b0       ?__crtGetStringTypeA_stat@@YAHPAUlocaleinfo_struct@@KPBDHPAGHHH@Z 100333b0 f   LIBCMT:a_str.obj
 0001:000327b1       __get_lc_time              100337b1 f   LIBCMT:inittime.obj
 0001:00032dda       _fix_grouping              10033dda f   LIBCMT:initnum.obj
 0001:0003301c       _fix_grouping              1003401c f   LIBCMT:initmon.obj
 0001:00033d71       ?_store_str@@YAXPADPAPADPAI@Z 10034d71 f   LIBCMT:strftime.obj
 0001:00033d91       ?_store_number@@YAXHPAPADPAI@Z 10034d91 f   LIBCMT:strftime.obj
 0001:00033dc7       ?_store_num@@YAXHHPAPADPAII@Z 10034dc7 f   LIBCMT:strftime.obj
 0001:00033e42       ?_expandtime@@YAHPAUlocaleinfo_struct@@DPBUtm@@PAPADPAIPAU__lc_time_data@@I@Z 10034e42 f   LIBCMT:strftime.obj
 0001:0003422a       ?_store_winword@@YAHPAUlocaleinfo_struct@@HPBUtm@@PAPADPAIPAU__lc_time_data@@@Z 1003522a f   LIBCMT:strftime.obj
 0001:00034b28       _TranslateName             10035b28 f   LIBCMT:getqloc.obj
 0001:00034b8a       _GetLcidFromDefault        10035b8a f   LIBCMT:getqloc.obj
 0001:00034b9e       _ProcessCodePage           10035b9e f   LIBCMT:getqloc.obj
 0001:00034c42       _TestDefaultCountry        10035c42 f   LIBCMT:getqloc.obj
 0001:00034c66       _LcidFromHexString         10035c66 f   LIBCMT:getqloc.obj
 0001:00034c9a       _GetPrimaryLen             10035c9a f   LIBCMT:getqloc.obj
 0001:00034cb5       _CountryEnumProc@4         10035cb5 f   LIBCMT:getqloc.obj
 0001:00034d4d       _TestDefaultLanguage       10035d4d f   LIBCMT:getqloc.obj
 0001:00034dc1       _LangCountryEnumProc@4     10035dc1 f   LIBCMT:getqloc.obj
 0001:00034f93       _LanguageEnumProc@4        10035f93 f   LIBCMT:getqloc.obj
 0001:00035054       _GetLcidFromCountry        10036054 f   LIBCMT:getqloc.obj
 0001:00035080       _GetLcidFromLangCountry    10036080 f   LIBCMT:getqloc.obj
 0001:000350e7       _GetLcidFromLanguage       100360e7 f   LIBCMT:getqloc.obj
 0001:000354b0       ?__crtGetStringTypeW_stat@@YAHPAUlocaleinfo_struct@@KPB_WHPAGHH@Z 100364b0 f   LIBCMT:w_str.obj
 0001:00036c89       __onexit_nolock            10037c89 f   LIBCMT:onexit.obj
 0001:00036ff0       _ctrlevent_capture@4       10037ff0 f   LIBCMT:winsig.obj
 0001:0003708b       _siglookup                 1003808b f   LIBCMT:winsig.obj
 0001:00037865       ?x_ismbbtype_l@@YAHPAUlocaleinfo_struct@@IHH@Z 10038865 f   LIBCMT:ismbbyte.obj
 0001:00037bb4       __unwind_handler4          10038bb4 f   LIBCMT:exsup4.obj
 0001:0003814c       __tzset_nolock             1003914c f   LIBCMT:tzset.obj
 0001:00038492       _cvtdate                   10039492 f   LIBCMT:tzset.obj
 0001:00038689       __isindst_nolock           10039689 f   LIBCMT:tzset.obj
 0001:00038f38       _xtoa_s@20                 10039f38 f   LIBCMT:xtoas.obj
 0001:00039080       @x64toa_s@24               1003a080 f   LIBCMT:xtoas.obj
 0001:00039bb6       ?__crtGetLocaleInfoW_stat@@YAHPAUlocaleinfo_struct@@KKPA_WHH@Z 1003abb6 f   LIBCMT:w_loc.obj
 0001:00039c03       ?__crtGetLocaleInfoA_stat@@YAHPAUlocaleinfo_struct@@KKPADHH@Z 1003ac03 f   LIBCMT:a_loc.obj
 0001:00039da0       __unwind_handler           1003ada0 f   LIBCMT:exsup.obj
 0001:00039f3e       __getenv_s_helper          1003af3e f   LIBCMT:getenv.obj
 0001:00039fd3       __dupenv_s_helper          1003afd3 f   LIBCMT:getenv.obj
 0001:0003a406       ?strtoxl@@YAKPAUlocaleinfo_struct@@PBDPAPBDHH@Z 1003b406 f   LIBCMT:strtol.obj
 0001:0003a6c6       ?strtoxq@@YA_KPAUlocaleinfo_struct@@PBDPAPBDHH@Z 1003b6c6 f   LIBCMT:strtoq.obj
 0001:0003ae14       ?strncnt@@YAHPBDH@Z        1003be14 f   LIBCMT:a_cmp.obj
 0001:0003ae32       ?__crtCompareStringA_stat@@YAHPAUlocaleinfo_struct@@KKPBDH1HH@Z 1003be32 f   LIBCMT:a_cmp.obj
 0001:0003b307       _findenv                   1003c307 f   LIBCMT:setenv.obj
 0001:0003b359       _copy_environ              1003c359 f   LIBCMT:setenv.obj
